Archive member included because of file (symbol)

/opt/ti-sdk-am335x-evm-07.00.00.00/linux-devkit/sysroots/i686-arago-linux/usr/bin/../lib/gcc/arm-linux-gnueabihf/4.7.3/libgcc.a(_udivsi3.o)
                              release/libaiff.o (__aeabi_uidiv)
/opt/ti-sdk-am335x-evm-07.00.00.00/linux-devkit/sysroots/i686-arago-linux/usr/bin/../lib/gcc/arm-linux-gnueabihf/4.7.3/libgcc.a(_divsi3.o)
                              release/main.o (__aeabi_idiv)
/opt/ti-sdk-am335x-evm-07.00.00.00/linux-devkit/sysroots/i686-arago-linux/usr/bin/../lib/gcc/arm-linux-gnueabihf/4.7.3/libgcc.a(_dvmd_lnx.o)
                              /opt/ti-sdk-am335x-evm-07.00.00.00/linux-devkit/sysroots/i686-arago-linux/usr/bin/../lib/gcc/arm-linux-gnueabihf/4.7.3/libgcc.a(_udivsi3.o) (__aeabi_idiv0)
/opt/ti-sdk-am335x-evm-07.00.00.00/linux-devkit/sysroots/i686-arago-linux/usr/bin/../arm-linux-gnueabihf/libc/usr/lib/arm-linux-gnueabihf/4.7.3/./libc_nonshared.a(elf-init.oS)
                              /opt/ti-sdk-am335x-evm-07.00.00.00/linux-devkit/sysroots/i686-arago-linux/usr/bin/../arm-linux-gnueabihf/libc/usr/lib/arm-linux-gnueabihf/4.7.3/crt1.o (__libc_csu_init)

Discarded input sections

 .note.GNU-stack
                0x00000000        0x0 /opt/ti-sdk-am335x-evm-07.00.00.00/linux-devkit/sysroots/i686-arago-linux/usr/bin/../arm-linux-gnueabihf/libc/usr/lib/arm-linux-gnueabihf/4.7.3/crt1.o
 .gnu_debuglink
                0x00000000        0xc /opt/ti-sdk-am335x-evm-07.00.00.00/linux-devkit/sysroots/i686-arago-linux/usr/bin/../arm-linux-gnueabihf/libc/usr/lib/arm-linux-gnueabihf/4.7.3/crt1.o
 .note.GNU-stack
                0x00000000        0x0 /opt/ti-sdk-am335x-evm-07.00.00.00/linux-devkit/sysroots/i686-arago-linux/usr/bin/../arm-linux-gnueabihf/libc/usr/lib/arm-linux-gnueabihf/4.7.3/crti.o
 .gnu_debuglink
                0x00000000        0xc /opt/ti-sdk-am335x-evm-07.00.00.00/linux-devkit/sysroots/i686-arago-linux/usr/bin/../arm-linux-gnueabihf/libc/usr/lib/arm-linux-gnueabihf/4.7.3/crti.o
 .note.GNU-stack
                0x00000000        0x0 /opt/ti-sdk-am335x-evm-07.00.00.00/linux-devkit/sysroots/i686-arago-linux/usr/bin/../lib/gcc/arm-linux-gnueabihf/4.7.3/crtbegin.o
 .note.GNU-stack
                0x00000000        0x0 release/tests/testRecorder.o
 .note.GNU-stack
                0x00000000        0x0 release/main.o
 .note.GNU-stack
                0x00000000        0x0 release/dt78xx_aio.o
 .note.GNU-stack
                0x00000000        0x0 release/dt78xx_misc.o
 .note.GNU-stack
                0x00000000        0x0 release/libaiff.o
 .note.GNU-stack
                0x00000000        0x0 release/aifx.o
 .note.GNU-stack
                0x00000000        0x0 release/extended.o
 .note.GNU-stack
                0x00000000        0x0 release/float32.o
 .note.GNU-stack
                0x00000000        0x0 release/g711.o
 .note.GNU-stack
                0x00000000        0x0 release/iff.o
 .note.GNU-stack
                0x00000000        0x0 release/lpcm.o
 .note.GNU-stack
                0x00000000        0x0 release/pascal.o
 .note.GNU-stack
                0x00000000        0x0 release/RingBuf.o
 .note.GNU-stack
                0x00000000        0x0 release/sunriset.o
 .note.GNU-stack
                0x00000000        0x0 release/recorder_helpers.o
 .note.GNU-stack
                0x00000000        0x0 /opt/ti-sdk-am335x-evm-07.00.00.00/linux-devkit/sysroots/i686-arago-linux/usr/bin/../lib/gcc/arm-linux-gnueabihf/4.7.3/libgcc.a(_udivsi3.o)
 .note.GNU-stack
                0x00000000        0x0 /opt/ti-sdk-am335x-evm-07.00.00.00/linux-devkit/sysroots/i686-arago-linux/usr/bin/../lib/gcc/arm-linux-gnueabihf/4.7.3/libgcc.a(_divsi3.o)
 .note.GNU-stack
                0x00000000        0x0 /opt/ti-sdk-am335x-evm-07.00.00.00/linux-devkit/sysroots/i686-arago-linux/usr/bin/../lib/gcc/arm-linux-gnueabihf/4.7.3/libgcc.a(_dvmd_lnx.o)
 .note.GNU-stack
                0x00000000        0x0 /opt/ti-sdk-am335x-evm-07.00.00.00/linux-devkit/sysroots/i686-arago-linux/usr/bin/../arm-linux-gnueabihf/libc/usr/lib/arm-linux-gnueabihf/4.7.3/./libc_nonshared.a(elf-init.oS)
 .note.GNU-stack
                0x00000000        0x0 /opt/ti-sdk-am335x-evm-07.00.00.00/linux-devkit/sysroots/i686-arago-linux/usr/bin/../lib/gcc/arm-linux-gnueabihf/4.7.3/crtend.o
 .note.GNU-stack
                0x00000000        0x0 /opt/ti-sdk-am335x-evm-07.00.00.00/linux-devkit/sysroots/i686-arago-linux/usr/bin/../arm-linux-gnueabihf/libc/usr/lib/arm-linux-gnueabihf/4.7.3/crtn.o
 .gnu_debuglink
                0x00000000        0xc /opt/ti-sdk-am335x-evm-07.00.00.00/linux-devkit/sysroots/i686-arago-linux/usr/bin/../arm-linux-gnueabihf/libc/usr/lib/arm-linux-gnueabihf/4.7.3/crtn.o

Memory Configuration

Name             Origin             Length             Attributes
*default*        0x00000000         0xffffffff

Linker script and memory map

LOAD /opt/ti-sdk-am335x-evm-07.00.00.00/linux-devkit/sysroots/i686-arago-linux/usr/bin/../arm-linux-gnueabihf/libc/usr/lib/arm-linux-gnueabihf/4.7.3/crt1.o
LOAD /opt/ti-sdk-am335x-evm-07.00.00.00/linux-devkit/sysroots/i686-arago-linux/usr/bin/../arm-linux-gnueabihf/libc/usr/lib/arm-linux-gnueabihf/4.7.3/crti.o
LOAD /opt/ti-sdk-am335x-evm-07.00.00.00/linux-devkit/sysroots/i686-arago-linux/usr/bin/../lib/gcc/arm-linux-gnueabihf/4.7.3/crtbegin.o
LOAD release/tests/testRecorder.o
LOAD release/main.o
LOAD release/dt78xx_aio.o
LOAD release/dt78xx_misc.o
LOAD release/libaiff.o
LOAD release/aifx.o
LOAD release/extended.o
LOAD release/float32.o
LOAD release/g711.o
LOAD release/iff.o
LOAD release/lpcm.o
LOAD release/pascal.o
LOAD release/RingBuf.o
LOAD release/sunriset.o
LOAD release/recorder_helpers.o
LOAD /opt/ti-sdk-am335x-evm-07.00.00.00/linux-devkit/sysroots/i686-arago-linux/usr/bin/../arm-linux-gnueabihf/libc/usr/lib/arm-linux-gnueabihf/4.7.3/libpthread.so
START GROUP
LOAD /opt/ti-sdk-am335x-evm-07.00.00.00/linux-devkit/sysroots/i686-arago-linux/usr/bin/../arm-linux-gnueabihf/libc/usr/lib/arm-linux-gnueabihf/4.7.3/../../lib/libpthread.so.0
LOAD /opt/ti-sdk-am335x-evm-07.00.00.00/linux-devkit/sysroots/i686-arago-linux/usr/bin/../arm-linux-gnueabihf/libc/usr/lib/arm-linux-gnueabihf/4.7.3/./libpthread_nonshared.a
END GROUP
LOAD /opt/ti-sdk-am335x-evm-07.00.00.00/linux-devkit/sysroots/i686-arago-linux/usr/bin/../arm-linux-gnueabihf/libc/usr/lib/arm-linux-gnueabihf/4.7.3/libm.so
LOAD /opt/ti-sdk-am335x-evm-07.00.00.00/linux-devkit/sysroots/i686-arago-linux/usr/bin/../lib/gcc/arm-linux-gnueabihf/4.7.3/libgcc.a
LOAD /opt/ti-sdk-am335x-evm-07.00.00.00/linux-devkit/sysroots/i686-arago-linux/usr/bin/../lib/gcc/arm-linux-gnueabihf/4.7.3/../../../../arm-linux-gnueabihf/lib/libgcc_s.so
START GROUP
LOAD /opt/ti-sdk-am335x-evm-07.00.00.00/linux-devkit/sysroots/i686-arago-linux/usr/bin/../lib/gcc/arm-linux-gnueabihf/4.7.3/../../../../arm-linux-gnueabihf/lib/libgcc_s.so.1
LOAD /opt/ti-sdk-am335x-evm-07.00.00.00/linux-devkit/sysroots/i686-arago-linux/usr/bin/../lib/gcc/arm-linux-gnueabihf/4.7.3/libgcc.a
END GROUP
LOAD /opt/ti-sdk-am335x-evm-07.00.00.00/linux-devkit/sysroots/i686-arago-linux/usr/bin/../arm-linux-gnueabihf/libc/usr/lib/arm-linux-gnueabihf/4.7.3/libc.so
START GROUP
LOAD /opt/ti-sdk-am335x-evm-07.00.00.00/linux-devkit/sysroots/i686-arago-linux/usr/bin/../arm-linux-gnueabihf/libc/usr/lib/arm-linux-gnueabihf/4.7.3/../../lib/libc.so.6
LOAD /opt/ti-sdk-am335x-evm-07.00.00.00/linux-devkit/sysroots/i686-arago-linux/usr/bin/../arm-linux-gnueabihf/libc/usr/lib/arm-linux-gnueabihf/4.7.3/./libc_nonshared.a
LOAD /opt/ti-sdk-am335x-evm-07.00.00.00/linux-devkit/sysroots/i686-arago-linux/usr/bin/../arm-linux-gnueabihf/libc/usr/lib/arm-linux-gnueabihf/4.7.3/../../lib/ld-linux-armhf.so.3
END GROUP
LOAD /opt/ti-sdk-am335x-evm-07.00.00.00/linux-devkit/sysroots/i686-arago-linux/usr/bin/../lib/gcc/arm-linux-gnueabihf/4.7.3/libgcc.a
LOAD /opt/ti-sdk-am335x-evm-07.00.00.00/linux-devkit/sysroots/i686-arago-linux/usr/bin/../lib/gcc/arm-linux-gnueabihf/4.7.3/../../../../arm-linux-gnueabihf/lib/libgcc_s.so
START GROUP
LOAD /opt/ti-sdk-am335x-evm-07.00.00.00/linux-devkit/sysroots/i686-arago-linux/usr/bin/../lib/gcc/arm-linux-gnueabihf/4.7.3/../../../../arm-linux-gnueabihf/lib/libgcc_s.so.1
LOAD /opt/ti-sdk-am335x-evm-07.00.00.00/linux-devkit/sysroots/i686-arago-linux/usr/bin/../lib/gcc/arm-linux-gnueabihf/4.7.3/libgcc.a
END GROUP
LOAD /opt/ti-sdk-am335x-evm-07.00.00.00/linux-devkit/sysroots/i686-arago-linux/usr/bin/../lib/gcc/arm-linux-gnueabihf/4.7.3/crtend.o
LOAD /opt/ti-sdk-am335x-evm-07.00.00.00/linux-devkit/sysroots/i686-arago-linux/usr/bin/../arm-linux-gnueabihf/libc/usr/lib/arm-linux-gnueabihf/4.7.3/crtn.o
                0x00008000                PROVIDE (__executable_start, 0x8000)
                0x00008134                . = (0x8000 + SIZEOF_HEADERS)

.interp         0x00008134       0x19
 *(.interp)
 .interp        0x00008134       0x19 /opt/ti-sdk-am335x-evm-07.00.00.00/linux-devkit/sysroots/i686-arago-linux/usr/bin/../arm-linux-gnueabihf/libc/usr/lib/arm-linux-gnueabihf/4.7.3/crt1.o

.note.ABI-tag   0x00008150       0x20
 .note.ABI-tag  0x00008150       0x20 /opt/ti-sdk-am335x-evm-07.00.00.00/linux-devkit/sysroots/i686-arago-linux/usr/bin/../arm-linux-gnueabihf/libc/usr/lib/arm-linux-gnueabihf/4.7.3/crt1.o

.note.gnu.build-id
                0x00008170       0x24
 *(.note.gnu.build-id)
 .note.gnu.build-id
                0x00008170       0x24 linker stubs

.hash
 *(.hash)

.gnu.hash       0x00008194      0x2f8
 *(.gnu.hash)
 .gnu.hash      0x00008194      0x2f8 /opt/ti-sdk-am335x-evm-07.00.00.00/linux-devkit/sysroots/i686-arago-linux/usr/bin/../arm-linux-gnueabihf/libc/usr/lib/arm-linux-gnueabihf/4.7.3/crt1.o

.dynsym         0x0000848c      0x440
 *(.dynsym)
 .dynsym        0x0000848c      0x440 /opt/ti-sdk-am335x-evm-07.00.00.00/linux-devkit/sysroots/i686-arago-linux/usr/bin/../arm-linux-gnueabihf/libc/usr/lib/arm-linux-gnueabihf/4.7.3/crt1.o

.dynstr         0x000088cc      0x277
 *(.dynstr)
 .dynstr        0x000088cc      0x277 /opt/ti-sdk-am335x-evm-07.00.00.00/linux-devkit/sysroots/i686-arago-linux/usr/bin/../arm-linux-gnueabihf/libc/usr/lib/arm-linux-gnueabihf/4.7.3/crt1.o

.gnu.version    0x00008b44       0x88
 *(.gnu.version)
 .gnu.version   0x00008b44       0x88 /opt/ti-sdk-am335x-evm-07.00.00.00/linux-devkit/sysroots/i686-arago-linux/usr/bin/../arm-linux-gnueabihf/libc/usr/lib/arm-linux-gnueabihf/4.7.3/crt1.o

.gnu.version_d  0x00008bcc        0x0
 *(.gnu.version_d)
 .gnu.version_d
                0x00000000        0x0 /opt/ti-sdk-am335x-evm-07.00.00.00/linux-devkit/sysroots/i686-arago-linux/usr/bin/../arm-linux-gnueabihf/libc/usr/lib/arm-linux-gnueabihf/4.7.3/crt1.o

.gnu.version_r  0x00008bcc       0x60
 *(.gnu.version_r)
 .gnu.version_r
                0x00008bcc       0x60 /opt/ti-sdk-am335x-evm-07.00.00.00/linux-devkit/sysroots/i686-arago-linux/usr/bin/../arm-linux-gnueabihf/libc/usr/lib/arm-linux-gnueabihf/4.7.3/crt1.o

.rel.dyn        0x00008c2c       0x30
 *(.rel.init)
 *(.rel.text .rel.text.* .rel.gnu.linkonce.t.*)
 *(.rel.fini)
 *(.rel.rodata .rel.rodata.* .rel.gnu.linkonce.r.*)
 *(.rel.data.rel.ro .rel.data.rel.ro.* .rel.gnu.linkonce.d.rel.ro.*)
 *(.rel.data .rel.data.* .rel.gnu.linkonce.d.*)
 *(.rel.tdata .rel.tdata.* .rel.gnu.linkonce.td.*)
 *(.rel.tbss .rel.tbss.* .rel.gnu.linkonce.tb.*)
 *(.rel.ctors)
 *(.rel.dtors)
 *(.rel.got)
 .rel.got       0x00008c2c        0x8 /opt/ti-sdk-am335x-evm-07.00.00.00/linux-devkit/sysroots/i686-arago-linux/usr/bin/../arm-linux-gnueabihf/libc/usr/lib/arm-linux-gnueabihf/4.7.3/crt1.o
 *(.rel.bss .rel.bss.* .rel.gnu.linkonce.b.*)
 .rel.bss       0x00008c34       0x28 /opt/ti-sdk-am335x-evm-07.00.00.00/linux-devkit/sysroots/i686-arago-linux/usr/bin/../arm-linux-gnueabihf/libc/usr/lib/arm-linux-gnueabihf/4.7.3/crt1.o
                0x00008c5c                PROVIDE (__rel_iplt_start, .)
 *(.rel.iplt)
 .rel.iplt      0x00000000        0x0 /opt/ti-sdk-am335x-evm-07.00.00.00/linux-devkit/sysroots/i686-arago-linux/usr/bin/../arm-linux-gnueabihf/libc/usr/lib/arm-linux-gnueabihf/4.7.3/crt1.o
                0x00008c5c                PROVIDE (__rel_iplt_end, .)
                0x00008c5c                PROVIDE (__rela_iplt_start, .)
                0x00008c5c                PROVIDE (__rela_iplt_end, .)

.rela.dyn       0x00008c5c        0x0
 *(.rela.init)
 *(.rela.text .rela.text.* .rela.gnu.linkonce.t.*)
 *(.rela.fini)
 *(.rela.rodata .rela.rodata.* .rela.gnu.linkonce.r.*)
 *(.rela.data .rela.data.* .rela.gnu.linkonce.d.*)
 *(.rela.tdata .rela.tdata.* .rela.gnu.linkonce.td.*)
 *(.rela.tbss .rela.tbss.* .rela.gnu.linkonce.tb.*)
 *(.rela.ctors)
 *(.rela.dtors)
 *(.rela.got)
 *(.rela.bss .rela.bss.* .rela.gnu.linkonce.b.*)
                0x00008c5c                PROVIDE (__rel_iplt_start, .)
                0x00008c5c                PROVIDE (__rel_iplt_end, .)
                0x00008c5c                PROVIDE (__rela_iplt_start, .)
 *(.rela.iplt)
                0x00008c5c                PROVIDE (__rela_iplt_end, .)

.rel.plt        0x00008c5c      0x1e8
 *(.rel.plt)
 .rel.plt       0x00008c5c      0x1e8 /opt/ti-sdk-am335x-evm-07.00.00.00/linux-devkit/sysroots/i686-arago-linux/usr/bin/../arm-linux-gnueabihf/libc/usr/lib/arm-linux-gnueabihf/4.7.3/crt1.o

.rela.plt
 *(.rela.plt)

.init           0x00008e44        0xa
 *(SORT(.init))
 .init          0x00008e44        0x8 /opt/ti-sdk-am335x-evm-07.00.00.00/linux-devkit/sysroots/i686-arago-linux/usr/bin/../arm-linux-gnueabihf/libc/usr/lib/arm-linux-gnueabihf/4.7.3/crti.o
                0x00008e44                _init
 .init          0x00008e4c        0x2 /opt/ti-sdk-am335x-evm-07.00.00.00/linux-devkit/sysroots/i686-arago-linux/usr/bin/../arm-linux-gnueabihf/libc/usr/lib/arm-linux-gnueabihf/4.7.3/crtn.o

.plt            0x00008e50      0x2f4
 *(.plt)
 .plt           0x00008e50      0x2f4 /opt/ti-sdk-am335x-evm-07.00.00.00/linux-devkit/sysroots/i686-arago-linux/usr/bin/../arm-linux-gnueabihf/libc/usr/lib/arm-linux-gnueabihf/4.7.3/crt1.o
                0x00008e70                raise@@GLIBC_2.4
                0x00008e88                setbuf@@GLIBC_2.4
                0x00008e94                strtol@@GLIBC_2.4
                0x00008ea0                memalign@@GLIBC_2.4
                0x00008eac                printf@@GLIBC_2.4
                0x00008eb8                fopen@@GLIBC_2.4
                0x00008ec4                memmove@@GLIBC_2.4
                0x00008edc                free@@GLIBC_2.4
                0x00008ef4                memcpy@@GLIBC_2.4
                0x00008f0c                _IO_getc@@GLIBC_2.4
                0x00008f18                sincos@@GLIBC_2.4
                0x00008f24                stpcpy@@GLIBC_2.4
                0x00008f3c                perror@@GLIBC_2.4
                0x00008f48                sigaction@@GLIBC_2.4
                0x00008f54                fwrite@@GLIBC_2.4
                0x00008f60                ioctl@@GLIBC_2.4
                0x00008f6c                tcsetattr@@GLIBC_2.4
                0x00008f78                gettimeofday@@GLIBC_2.4
                0x00008f84                fread@@GLIBC_2.4
                0x00008f90                floor@@GLIBC_2.4
                0x00008f9c                acos@@GLIBC_2.4
                0x00008fa8                malloc@@GLIBC_2.4
                0x00008fb4                __libc_start_main@@GLIBC_2.4
                0x00008fc0                strerror@@GLIBC_2.4
                0x00008fe8                open@@GLIBC_2.4
                0x00008ff4                getpid@@GLIBC_2.4
                0x00009000                syscall@@GLIBC_2.4
                0x0000900c                sin@@GLIBC_2.4
                0x00009018                strtoul@@GLIBC_2.4
                0x00009024                strlen@@GLIBC_2.4
                0x00009030                getopt@@GLIBC_2.4
                0x0000903c                fprintf@@GLIBC_2.4
                0x00009048                fcntl@@GLIBC_2.4
                0x00009054                sqrt@@GLIBC_2.4
                0x00009060                __errno_location@@GLIBC_2.4
                0x0000906c                memset@@GLIBC_2.4
                0x00009078                gmtime@@GLIBC_2.4
                0x00009084                fgetc@@GLIBC_2.4
                0x00009090                strtod@@GLIBC_2.4
                0x0000909c                fileno@@GLIBC_2.4
                0x000090b4                fclose@@GLIBC_2.4
                0x000090c0                frexp@@GLIBC_2.4
                0x000090cc                sigemptyset@@GLIBC_2.4
                0x000090d8                fputc@@GLIBC_2.4
                0x000090e4                sprintf@@GLIBC_2.4
                0x000090f0                timegm@@GLIBC_2.4
                0x000090fc                ldexp@@GLIBC_2.4
                0x00009108                fseek@@GLIBC_2.4
                0x00009114                abort@@GLIBC_2.4
                0x00009120                close@@GLIBC_2.4
                0x0000912c                atan2@@GLIBC_2.4
                0x00009138                tcgetattr@@GLIBC_2.4

.iplt           0x00009144        0x0
 *(.iplt)
 .iplt          0x00000000        0x0 /opt/ti-sdk-am335x-evm-07.00.00.00/linux-devkit/sysroots/i686-arago-linux/usr/bin/../arm-linux-gnueabihf/libc/usr/lib/arm-linux-gnueabihf/4.7.3/crt1.o

.text           0x00009148     0x77d4
 *(.text.unlikely .text.*_unlikely)
 *(.text.exit .text.exit.*)
 *(.text.startup .text.startup.*)
 .text.startup  0x00009148      0xb60 release/main.o
                0x00009148                main
 *(.text.hot .text.hot.*)
 *(.text .stub .text.* .gnu.linkonce.t.*)
 .text          0x00009ca8       0x38 /opt/ti-sdk-am335x-evm-07.00.00.00/linux-devkit/sysroots/i686-arago-linux/usr/bin/../arm-linux-gnueabihf/libc/usr/lib/arm-linux-gnueabihf/4.7.3/crt1.o
                0x00009ca8                _start
 .text          0x00009ce0       0x18 /opt/ti-sdk-am335x-evm-07.00.00.00/linux-devkit/sysroots/i686-arago-linux/usr/bin/../arm-linux-gnueabihf/libc/usr/lib/arm-linux-gnueabihf/4.7.3/crti.o
 .text          0x00009cf8       0x88 /opt/ti-sdk-am335x-evm-07.00.00.00/linux-devkit/sysroots/i686-arago-linux/usr/bin/../lib/gcc/arm-linux-gnueabihf/4.7.3/crtbegin.o
 .text          0x00009d80      0x4b0 release/tests/testRecorder.o
                0x00009d80                init_suite
                0x00009d88                clean_suite
                0x00009d90                testCalcSunUpDown
                0x00009df8                testInitTrig
                0x00009e40                testConfigChan
                0x00009e88                testCreateChanMask
                0x00009ed8                testCheckFatal
                0x00009f20                testGetPresentTime
                0x00009f64                testTimestamp
                0x00009fb4                testGetTimeEpoch
                0x0000a010                testGetTime
                0x0000a05c                testLedIndicators
                0x0000a0a8                testMain
 .text          0x0000a230       0x14 release/main.o
 *fill*         0x0000a244        0x4 
 .text          0x0000a248      0x9d8 release/dt78xx_aio.o
                0x0000a248                aio_wait
                0x0000a450                aio_start
                0x0000a4f0                aio_stop
                0x0000a5d8                aio_buff_free
                0x0000a674                aio_buff_alloc
                0x0000a984                aio_create
                0x0000aa44                aio_destroy
                0x0000aaf8                aio_buff_size
 .text          0x0000ac20      0x228 release/dt78xx_misc.o
                0x0000ac20                sigaction_register
                0x0000ac7c                file_sigaction_register
                0x0000ad58                kbhit
                0x0000ae08                kbfini
 .text          0x0000ae48     0x1e48 release/libaiff.o
                0x0000ae48                AIFF_OpenFile
                0x0000b0c8                AIFF_CloseFile
                0x0000b228                AIFF_GetAttribute
                0x0000b2b8                AIFF_ReadMarker
                0x0000b35c                AIFF_GetInstrumentData
                0x0000b3f0                AIFF_GetAudioFormat
                0x0000b46c                AIFF_ReadSamples
                0x0000b564                AIFF_ReadSamplesFloat
                0x0000b674                AIFF_Seek
                0x0000b7a0                AIFF_ReadSamples32Bit
                0x0000bcd0                AIFF_SetAttribute
                0x0000bcf0                AIFF_SetAudioFormat
                0x0000beb4                AIFF_StartWritingSamples
                0x0000bf78                AIFF_WriteSamples
                0x0000c0bc                AIFF_WriteSamples32Bit
                0x0000c500                AIFF_EndWritingSamples
                0x0000c790                AIFF_StartWritingMarkers
                0x0000c850                AIFF_WriteMarker
                0x0000c96c                AIFF_EndWritingMarkers
                0x0000ca7c                AIFF_CloneAttributes
                0x0000cc34                AIFFAssertionFailed
 .text          0x0000cc90      0x828 release/aifx.o
                0x0000cc90                init_aifx
                0x0000cfb0                read_aifx_marker
                0x0000d148                get_aifx_instrument
                0x0000d344                do_aifx_prepare
                0x0000d434                get_aifx_enc_name
 .text          0x0000d4b8      0x2b0 release/extended.o
                0x0000d4b8                ieee754_write_extended
                0x0000d650                ieee754_read_extended
 .text          0x0000d768      0x440 release/float32.o
 .text          0x0000dba8      0x2ec release/g711.o
 .text          0x0000de94      0x4b4 release/iff.o
                0x0000de94                find_iff_chunk
                0x0000dfc4                get_iff_attribute
                0x0000e04c                set_iff_attribute
                0x0000e118                clone_iff_attributes
 .text          0x0000e348      0x5b4 release/lpcm.o
                0x0000e3a8                lpcm_swap_samples
                0x0000e6dc                lpcm_dequant
 .text          0x0000e8fc      0x134 release/pascal.o
                0x0000e8fc                PASCALInGetLength
                0x0000e91c                PASCALInRead
                0x0000e9ac                PASCALOutGetLength
                0x0000e9d0                PASCALOutWrite
 .text          0x0000ea30      0x3c8 release/RingBuf.o
                0x0000ea30                RingBufNextEndIndex
                0x0000ea7c                RingBufIncrEnd
                0x0000eaa0                RingBufIncrStart
                0x0000eac4                RingBufPeek
                0x0000eb18                RingBufNumElements
                0x0000eb20                RingBufIsFull
                0x0000eb38                RingBufIsEmpty
                0x0000eb48                RingBufPull
                0x0000ebc0                RingBufAdd
                0x0000ec2c                RingBuf_new
                0x0000ed14                RingBuf_init
                0x0000edd8                RingBuf_delete
 .text          0x0000edf8      0x850 release/sunriset.o
                0x0000edf8                sunpos
                0x0000ef70                __daylen__
                0x0000f150                day_astronomical_twilight_length
                0x0000f15c                day_nautical_twilight_length
                0x0000f168                day_civil_twilight_length
                0x0000f174                day_length
                0x0000f188                sun_RA_dec
                0x0000f288                __sunriset__
                0x0000f4c0                astronomical_twilight
                0x0000f4e8                nautical_twilight
                0x0000f510                civil_twilight
                0x0000f538                sun_rise_set
                0x0000f568                revolution
                0x0000f5a8                rev180
                0x0000f5f0                GMST0
 .text          0x0000f648      0xd58 release/recorder_helpers.o
                0x0000f648                ledIndicators
                0x0000f678                getTime
                0x0000f6a0                getTimeEpoch
                0x0000f6e8                timestamp
                0x0000f7b8                getPresentTime
                0x0000f7e0                checkFatal
                0x0000f834                createChanMask
                0x0000fa34                configChan
                0x0000fb98                initTrig
                0x0000fc78                configTrig
                0x0000fcc8                calcSunUpDown
                0x0000feb0                writeBuffer
                0x000100b0                checkID
                0x000100e8                checkRate
                0x0001012c                openStream
                0x000101c4                openAIN
                0x00010268                waitBuffering
                0x000102d8                setMetadata
 .text          0x000103a0      0x278 /opt/ti-sdk-am335x-evm-07.00.00.00/linux-devkit/sysroots/i686-arago-linux/usr/bin/../lib/gcc/arm-linux-gnueabihf/4.7.3/libgcc.a(_udivsi3.o)
                0x000103a0                __aeabi_uidiv
                0x000103a0                __udivsi3
                0x000105fc                __aeabi_uidivmod
 .text          0x00010618      0x2b0 /opt/ti-sdk-am335x-evm-07.00.00.00/linux-devkit/sysroots/i686-arago-linux/usr/bin/../lib/gcc/arm-linux-gnueabihf/4.7.3/libgcc.a(_divsi3.o)
                0x00010618                __divsi3
                0x00010618                __aeabi_idiv
                0x000108ac                __aeabi_idivmod
 .text          0x000108c8        0xc /opt/ti-sdk-am335x-evm-07.00.00.00/linux-devkit/sysroots/i686-arago-linux/usr/bin/../lib/gcc/arm-linux-gnueabihf/4.7.3/libgcc.a(_dvmd_lnx.o)
                0x000108c8                __aeabi_ldiv0
                0x000108c8                __aeabi_idiv0
 .text          0x000108d4       0x48 /opt/ti-sdk-am335x-evm-07.00.00.00/linux-devkit/sysroots/i686-arago-linux/usr/bin/../arm-linux-gnueabihf/libc/usr/lib/arm-linux-gnueabihf/4.7.3/./libc_nonshared.a(elf-init.oS)
                0x000108d4                __libc_csu_init
                0x00010918                __libc_csu_fini
 .text          0x0001091c        0x0 /opt/ti-sdk-am335x-evm-07.00.00.00/linux-devkit/sysroots/i686-arago-linux/usr/bin/../lib/gcc/arm-linux-gnueabihf/4.7.3/crtend.o
 .text          0x0001091c        0x0 /opt/ti-sdk-am335x-evm-07.00.00.00/linux-devkit/sysroots/i686-arago-linux/usr/bin/../arm-linux-gnueabihf/libc/usr/lib/arm-linux-gnueabihf/4.7.3/crtn.o
 *(.gnu.warning)
 *(.glue_7t)
 .glue_7t       0x00000000        0x0 linker stubs
 *(.glue_7)
 .glue_7        0x00000000        0x0 linker stubs
 *(.vfp11_veneer)
 .vfp11_veneer  0x00000000        0x0 linker stubs
 *(.v4_bx)
 .v4_bx         0x00000000        0x0 linker stubs

.fini           0x0001091c        0x6
 *(SORT(.fini))
 .fini          0x0001091c        0x4 /opt/ti-sdk-am335x-evm-07.00.00.00/linux-devkit/sysroots/i686-arago-linux/usr/bin/../arm-linux-gnueabihf/libc/usr/lib/arm-linux-gnueabihf/4.7.3/crti.o
                0x0001091c                _fini
 .fini          0x00010920        0x2 /opt/ti-sdk-am335x-evm-07.00.00.00/linux-devkit/sysroots/i686-arago-linux/usr/bin/../arm-linux-gnueabihf/libc/usr/lib/arm-linux-gnueabihf/4.7.3/crtn.o
                0x00010922                PROVIDE (__etext, .)
                0x00010922                PROVIDE (_etext, .)
                0x00010922                PROVIDE (etext, .)

.rodata         0x00010928     0x18ac
 *(.rodata .rodata.* .gnu.linkonce.r.*)
 .rodata.cst4   0x00010928        0x4 /opt/ti-sdk-am335x-evm-07.00.00.00/linux-devkit/sysroots/i686-arago-linux/usr/bin/../arm-linux-gnueabihf/libc/usr/lib/arm-linux-gnueabihf/4.7.3/crt1.o
                0x00010928                _IO_stdin_used
 .rodata.str1.4
                0x0001092c       0xda release/tests/testRecorder.o
                                 0xe0 (size before relaxing)
 *fill*         0x00010a06        0x2 
 .rodata        0x00010a08      0x8b0 release/main.o
 .rodata.str1.4
                0x000112b8      0x30f release/main.o
                                0x310 (size before relaxing)
 *fill*         0x000115c7        0x1 
 .rodata        0x000115c8       0x10 release/dt78xx_aio.o
 .rodata.str1.4
                0x000115d8       0x85 release/dt78xx_aio.o
                                 0x88 (size before relaxing)
 *fill*         0x0001165d        0x3 
 .rodata.str1.4
                0x00011660       0x20 release/dt78xx_misc.o
 .rodata        0x00011680        0x4 release/libaiff.o
 .rodata.str1.4
                0x00011684       0x6e release/libaiff.o
                                 0x70 (size before relaxing)
 *fill*         0x000116f2        0x2 
 .rodata.str1.4
                0x000116f4       0xe6 release/aifx.o
                                 0xe8 (size before relaxing)
 *fill*         0x000117da        0x6 
 .rodata        0x000117e0       0x10 release/iff.o
 .rodata        0x000117f0      0x8b0 release/recorder_helpers.o
 .rodata.str1.4
                0x000120a0      0x134 release/recorder_helpers.o

.rodata1
 *(.rodata1)

.ARM.extab      0x000121d4        0x0
 *(.ARM.extab* .gnu.linkonce.armextab.*)
 .ARM.extab     0x000121d4        0x0 /opt/ti-sdk-am335x-evm-07.00.00.00/linux-devkit/sysroots/i686-arago-linux/usr/bin/../arm-linux-gnueabihf/libc/usr/lib/arm-linux-gnueabihf/4.7.3/crt1.o
                0x000121d4                PROVIDE (__exidx_start, .)

.ARM.exidx      0x000121d4        0x8
 *(.ARM.exidx* .gnu.linkonce.armexidx.*)
 .ARM.exidx     0x000121d4        0x8 /opt/ti-sdk-am335x-evm-07.00.00.00/linux-devkit/sysroots/i686-arago-linux/usr/bin/../arm-linux-gnueabihf/libc/usr/lib/arm-linux-gnueabihf/4.7.3/crt1.o
                0x000121dc                PROVIDE (__exidx_end, .)

.eh_frame_hdr   0x000121dc        0x0
 *(.eh_frame_hdr)
 .eh_frame_hdr  0x00000000        0x0 /opt/ti-sdk-am335x-evm-07.00.00.00/linux-devkit/sysroots/i686-arago-linux/usr/bin/../arm-linux-gnueabihf/libc/usr/lib/arm-linux-gnueabihf/4.7.3/crtn.o

.eh_frame       0x000121dc        0x4
 *(.eh_frame)
 .eh_frame      0x000121dc        0x4 /opt/ti-sdk-am335x-evm-07.00.00.00/linux-devkit/sysroots/i686-arago-linux/usr/bin/../lib/gcc/arm-linux-gnueabihf/4.7.3/crtend.o

.gcc_except_table
 *(.gcc_except_table .gcc_except_table.*)

.exception_ranges
 *(.exception_ranges .exception_ranges*)
                0x000121e0                . = (ALIGN (0x8000) - ((0x8000 - .) & 0x7fff))
                0x0001a1e0                . = DATA_SEGMENT_ALIGN (0x8000, 0x1000)

.eh_frame
 *(.eh_frame)

.gcc_except_table
 *(.gcc_except_table .gcc_except_table.*)

.exception_ranges
 *(.exception_ranges .exception_ranges*)

.tdata
 *(.tdata .tdata.* .gnu.linkonce.td.*)

.tbss
 *(.tbss .tbss.* .gnu.linkonce.tb.*)
 *(.tcommon)

.preinit_array  0x0001a1e0        0x0
                0x0001a1e0                PROVIDE (__preinit_array_start, .)
 *(.preinit_array)
                0x0001a1e0                PROVIDE (__preinit_array_end, .)

.init_array     0x0001a1e0        0x4
                0x0001a1e0                PROVIDE (__init_array_start, .)
 *(SORT(.init_array.*))
 *(.init_array)
 .init_array    0x0001a1e0        0x4 /opt/ti-sdk-am335x-evm-07.00.00.00/linux-devkit/sysroots/i686-arago-linux/usr/bin/../lib/gcc/arm-linux-gnueabihf/4.7.3/crtbegin.o
                0x0001a1e4                PROVIDE (__init_array_end, .)

.fini_array     0x0001a1e4        0x4
                0x0001a1e4                PROVIDE (__fini_array_start, .)
 *(SORT(.fini_array.*))
 *(.fini_array)
 .fini_array    0x0001a1e4        0x4 /opt/ti-sdk-am335x-evm-07.00.00.00/linux-devkit/sysroots/i686-arago-linux/usr/bin/../lib/gcc/arm-linux-gnueabihf/4.7.3/crtbegin.o
                0x0001a1e8                PROVIDE (__fini_array_end, .)

.ctors
 *crtbegin.o(.ctors)
 *crtbegin?.o(.ctors)
 *(EXCLUDE_FILE(*crtend?.o *crtend.o) .ctors)
 *(SORT(.ctors.*))
 *(.ctors)

.dtors
 *crtbegin.o(.dtors)
 *crtbegin?.o(.dtors)
 *(EXCLUDE_FILE(*crtend?.o *crtend.o) .dtors)
 *(SORT(.dtors.*))
 *(.dtors)

.jcr            0x0001a1e8        0x4
 *(.jcr)
 .jcr           0x0001a1e8        0x0 /opt/ti-sdk-am335x-evm-07.00.00.00/linux-devkit/sysroots/i686-arago-linux/usr/bin/../lib/gcc/arm-linux-gnueabihf/4.7.3/crtbegin.o
 .jcr           0x0001a1e8        0x4 /opt/ti-sdk-am335x-evm-07.00.00.00/linux-devkit/sysroots/i686-arago-linux/usr/bin/../lib/gcc/arm-linux-gnueabihf/4.7.3/crtend.o

.data.rel.ro
 *(.data.rel.ro.local* .gnu.linkonce.d.rel.ro.local.*)
 *(.data.rel.ro .data.rel.ro.* .gnu.linkonce.d.rel.ro.*)

.dynamic        0x0001a1ec       0xf8
 *(.dynamic)
 .dynamic       0x0001a1ec       0xf8 /opt/ti-sdk-am335x-evm-07.00.00.00/linux-devkit/sysroots/i686-arago-linux/usr/bin/../arm-linux-gnueabihf/libc/usr/lib/arm-linux-gnueabihf/4.7.3/crt1.o
                0x0001a1ec                _DYNAMIC
                0x0001a2e4                . = DATA_SEGMENT_RELRO_END (., 0x0)

.got            0x0001a2e4      0x104
 *(.got.plt)
 .got.plt       0x0001a2e4      0x100 /opt/ti-sdk-am335x-evm-07.00.00.00/linux-devkit/sysroots/i686-arago-linux/usr/bin/../arm-linux-gnueabihf/libc/usr/lib/arm-linux-gnueabihf/4.7.3/crt1.o
                0x0001a2e4                _GLOBAL_OFFSET_TABLE_
 *(.igot.plt)
 .igot.plt      0x00000000        0x0 /opt/ti-sdk-am335x-evm-07.00.00.00/linux-devkit/sysroots/i686-arago-linux/usr/bin/../arm-linux-gnueabihf/libc/usr/lib/arm-linux-gnueabihf/4.7.3/crt1.o
 *(.got)
 .got           0x0001a3e4        0x4 /opt/ti-sdk-am335x-evm-07.00.00.00/linux-devkit/sysroots/i686-arago-linux/usr/bin/../arm-linux-gnueabihf/libc/usr/lib/arm-linux-gnueabihf/4.7.3/crt1.o
 *(.igot)

.data           0x0001a3e8       0xb0
                0x0001a3e8                PROVIDE (__data_start, .)
 *(.data .data.* .gnu.linkonce.d.*)
 .data          0x0001a3e8        0x4 /opt/ti-sdk-am335x-evm-07.00.00.00/linux-devkit/sysroots/i686-arago-linux/usr/bin/../arm-linux-gnueabihf/libc/usr/lib/arm-linux-gnueabihf/4.7.3/crt1.o
                0x0001a3e8                data_start
                0x0001a3e8                __data_start
 .data          0x0001a3ec        0x0 /opt/ti-sdk-am335x-evm-07.00.00.00/linux-devkit/sysroots/i686-arago-linux/usr/bin/../arm-linux-gnueabihf/libc/usr/lib/arm-linux-gnueabihf/4.7.3/crti.o
 .data          0x0001a3ec        0x4 /opt/ti-sdk-am335x-evm-07.00.00.00/linux-devkit/sysroots/i686-arago-linux/usr/bin/../lib/gcc/arm-linux-gnueabihf/4.7.3/crtbegin.o
                0x0001a3ec                __dso_handle
 .data          0x0001a3f0        0x0 release/tests/testRecorder.o
 .data          0x0001a3f0        0x0 release/main.o
 .data          0x0001a3f0        0x0 release/dt78xx_aio.o
 .data          0x0001a3f0        0x0 release/dt78xx_misc.o
 .data          0x0001a3f0       0x18 release/libaiff.o
 .data          0x0001a408       0x30 release/aifx.o
 .data          0x0001a438        0x0 release/extended.o
 .data          0x0001a438       0x18 release/float32.o
                0x0001a438                float32
 .data          0x0001a450       0x30 release/g711.o
                0x0001a450                alaw
                0x0001a468                ulaw
 .data          0x0001a480        0x0 release/iff.o
 .data          0x0001a480       0x18 release/lpcm.o
                0x0001a480                lpcm
 .data          0x0001a498        0x0 release/pascal.o
 .data          0x0001a498        0x0 release/RingBuf.o
 .data          0x0001a498        0x0 release/sunriset.o
 .data          0x0001a498        0x0 release/recorder_helpers.o
 .data          0x0001a498        0x0 /opt/ti-sdk-am335x-evm-07.00.00.00/linux-devkit/sysroots/i686-arago-linux/usr/bin/../lib/gcc/arm-linux-gnueabihf/4.7.3/libgcc.a(_udivsi3.o)
 .data          0x0001a498        0x0 /opt/ti-sdk-am335x-evm-07.00.00.00/linux-devkit/sysroots/i686-arago-linux/usr/bin/../lib/gcc/arm-linux-gnueabihf/4.7.3/libgcc.a(_divsi3.o)
 .data          0x0001a498        0x0 /opt/ti-sdk-am335x-evm-07.00.00.00/linux-devkit/sysroots/i686-arago-linux/usr/bin/../lib/gcc/arm-linux-gnueabihf/4.7.3/libgcc.a(_dvmd_lnx.o)
 .data          0x0001a498        0x0 /opt/ti-sdk-am335x-evm-07.00.00.00/linux-devkit/sysroots/i686-arago-linux/usr/bin/../arm-linux-gnueabihf/libc/usr/lib/arm-linux-gnueabihf/4.7.3/./libc_nonshared.a(elf-init.oS)
 .data          0x0001a498        0x0 /opt/ti-sdk-am335x-evm-07.00.00.00/linux-devkit/sysroots/i686-arago-linux/usr/bin/../lib/gcc/arm-linux-gnueabihf/4.7.3/crtend.o
 .data          0x0001a498        0x0 /opt/ti-sdk-am335x-evm-07.00.00.00/linux-devkit/sysroots/i686-arago-linux/usr/bin/../arm-linux-gnueabihf/libc/usr/lib/arm-linux-gnueabihf/4.7.3/crtn.o

.tm_clone_table
                0x0001a498        0x0
 .tm_clone_table
                0x0001a498        0x0 /opt/ti-sdk-am335x-evm-07.00.00.00/linux-devkit/sysroots/i686-arago-linux/usr/bin/../lib/gcc/arm-linux-gnueabihf/4.7.3/crtbegin.o
 .tm_clone_table
                0x0001a498        0x0 /opt/ti-sdk-am335x-evm-07.00.00.00/linux-devkit/sysroots/i686-arago-linux/usr/bin/../lib/gcc/arm-linux-gnueabihf/4.7.3/crtend.o

.data1
 *(.data1)
                0x0001a498                _edata = .
                0x0001a498                PROVIDE (edata, .)
                0x0001a498                . = .
                0x0001a498                __bss_start = .
                0x0001a498                __bss_start__ = .

.bss            0x0001a498       0x64
 *(.dynbss)
 .dynbss        0x0001a498       0x1c /opt/ti-sdk-am335x-evm-07.00.00.00/linux-devkit/sysroots/i686-arago-linux/usr/bin/../arm-linux-gnueabihf/libc/usr/lib/arm-linux-gnueabihf/4.7.3/crt1.o
                0x0001a498                optind@@GLIBC_2.4
                0x0001a4a0                stderr@@GLIBC_2.4
                0x0001a4a8                stdin@@GLIBC_2.4
                0x0001a4ac                stdout@@GLIBC_2.4
                0x0001a4b0                optarg@@GLIBC_2.4
 *(.bss .bss.* .gnu.linkonce.b.*)
 .bss           0x0001a4b4        0x0 /opt/ti-sdk-am335x-evm-07.00.00.00/linux-devkit/sysroots/i686-arago-linux/usr/bin/../arm-linux-gnueabihf/libc/usr/lib/arm-linux-gnueabihf/4.7.3/crt1.o
 .bss           0x0001a4b4        0x0 /opt/ti-sdk-am335x-evm-07.00.00.00/linux-devkit/sysroots/i686-arago-linux/usr/bin/../arm-linux-gnueabihf/libc/usr/lib/arm-linux-gnueabihf/4.7.3/crti.o
 .bss           0x0001a4b4        0x1 /opt/ti-sdk-am335x-evm-07.00.00.00/linux-devkit/sysroots/i686-arago-linux/usr/bin/../lib/gcc/arm-linux-gnueabihf/4.7.3/crtbegin.o
 .bss           0x0001a4b5        0x0 release/tests/testRecorder.o
 *fill*         0x0001a4b5        0x3 
 .bss           0x0001a4b8        0x4 release/main.o
 .bss           0x0001a4bc        0x0 release/dt78xx_aio.o
 .bss           0x0001a4bc       0x40 release/dt78xx_misc.o
 .bss           0x0001a4fc        0x0 release/libaiff.o
 .bss           0x0001a4fc        0x0 release/aifx.o
 .bss           0x0001a4fc        0x0 release/extended.o
 .bss           0x0001a4fc        0x0 release/float32.o
 .bss           0x0001a4fc        0x0 release/g711.o
 .bss           0x0001a4fc        0x0 release/iff.o
 .bss           0x0001a4fc        0x0 release/lpcm.o
 .bss           0x0001a4fc        0x0 release/pascal.o
 .bss           0x0001a4fc        0x0 release/RingBuf.o
 .bss           0x0001a4fc        0x0 release/sunriset.o
 .bss           0x0001a4fc        0x0 release/recorder_helpers.o
 .bss           0x0001a4fc        0x0 /opt/ti-sdk-am335x-evm-07.00.00.00/linux-devkit/sysroots/i686-arago-linux/usr/bin/../lib/gcc/arm-linux-gnueabihf/4.7.3/libgcc.a(_udivsi3.o)
 .bss           0x0001a4fc        0x0 /opt/ti-sdk-am335x-evm-07.00.00.00/linux-devkit/sysroots/i686-arago-linux/usr/bin/../lib/gcc/arm-linux-gnueabihf/4.7.3/libgcc.a(_divsi3.o)
 .bss           0x0001a4fc        0x0 /opt/ti-sdk-am335x-evm-07.00.00.00/linux-devkit/sysroots/i686-arago-linux/usr/bin/../lib/gcc/arm-linux-gnueabihf/4.7.3/libgcc.a(_dvmd_lnx.o)
 .bss           0x0001a4fc        0x0 /opt/ti-sdk-am335x-evm-07.00.00.00/linux-devkit/sysroots/i686-arago-linux/usr/bin/../arm-linux-gnueabihf/libc/usr/lib/arm-linux-gnueabihf/4.7.3/./libc_nonshared.a(elf-init.oS)
 .bss           0x0001a4fc        0x0 /opt/ti-sdk-am335x-evm-07.00.00.00/linux-devkit/sysroots/i686-arago-linux/usr/bin/../lib/gcc/arm-linux-gnueabihf/4.7.3/crtend.o
 .bss           0x0001a4fc        0x0 /opt/ti-sdk-am335x-evm-07.00.00.00/linux-devkit/sysroots/i686-arago-linux/usr/bin/../arm-linux-gnueabihf/libc/usr/lib/arm-linux-gnueabihf/4.7.3/crtn.o
 *(COMMON)
                0x0001a4fc                . = ALIGN ((. != 0x0)?0x4:0x1)
                0x0001a4fc                _bss_end__ = .
                0x0001a4fc                __bss_end__ = .
                0x0001a4fc                . = ALIGN (0x4)
                0x0001a4fc                . = ALIGN (0x4)
                0x0001a4fc                __end__ = .
                0x0001a4fc                _end = .
                0x0001a4fc                PROVIDE (end, .)
                0x0001a4fc                . = DATA_SEGMENT_END (.)

.stab
 *(.stab)

.stabstr
 *(.stabstr)

.stab.excl
 *(.stab.excl)

.stab.exclstr
 *(.stab.exclstr)

.stab.index
 *(.stab.index)

.stab.indexstr
 *(.stab.indexstr)

.comment        0x00000000       0x68
 *(.comment)
 .comment       0x00000000       0x68 release/tests/testRecorder.o
                                 0x69 (size before relaxing)
 .comment       0x00000000       0x69 release/main.o
 .comment       0x00000000       0x69 release/dt78xx_aio.o
 .comment       0x00000000       0x69 release/dt78xx_misc.o
 .comment       0x00000000       0x69 release/libaiff.o
 .comment       0x00000000       0x69 release/aifx.o
 .comment       0x00000000       0x69 release/extended.o
 .comment       0x00000000       0x69 release/float32.o
 .comment       0x00000000       0x69 release/g711.o
 .comment       0x00000000       0x69 release/iff.o
 .comment       0x00000000       0x69 release/lpcm.o
 .comment       0x00000000       0x69 release/pascal.o
 .comment       0x00000000       0x69 release/RingBuf.o
 .comment       0x00000000       0x69 release/sunriset.o
 .comment       0x00000000       0x69 release/recorder_helpers.o

.ARM.attributes
                0x00000000       0x37
 .ARM.attributes
                0x00000000       0x35 /opt/ti-sdk-am335x-evm-07.00.00.00/linux-devkit/sysroots/i686-arago-linux/usr/bin/../arm-linux-gnueabihf/libc/usr/lib/arm-linux-gnueabihf/4.7.3/crt1.o
 .ARM.attributes
                0x00000035       0x37 /opt/ti-sdk-am335x-evm-07.00.00.00/linux-devkit/sysroots/i686-arago-linux/usr/bin/../arm-linux-gnueabihf/libc/usr/lib/arm-linux-gnueabihf/4.7.3/crti.o
 .ARM.attributes
                0x0000006c       0x35 /opt/ti-sdk-am335x-evm-07.00.00.00/linux-devkit/sysroots/i686-arago-linux/usr/bin/../lib/gcc/arm-linux-gnueabihf/4.7.3/crtbegin.o
 .ARM.attributes
                0x000000a1       0x37 release/tests/testRecorder.o
 .ARM.attributes
                0x000000d8       0x37 release/main.o
 .ARM.attributes
                0x0000010f       0x37 release/dt78xx_aio.o
 .ARM.attributes
                0x00000146       0x37 release/dt78xx_misc.o
 .ARM.attributes
                0x0000017d       0x37 release/libaiff.o
 .ARM.attributes
                0x000001b4       0x37 release/aifx.o
 .ARM.attributes
                0x000001eb       0x37 release/extended.o
 .ARM.attributes
                0x00000222       0x37 release/float32.o
 .ARM.attributes
                0x00000259       0x37 release/g711.o
 .ARM.attributes
                0x00000290       0x37 release/iff.o
 .ARM.attributes
                0x000002c7       0x37 release/lpcm.o
 .ARM.attributes
                0x000002fe       0x37 release/pascal.o
 .ARM.attributes
                0x00000335       0x37 release/RingBuf.o
 .ARM.attributes
                0x0000036c       0x37 release/sunriset.o
 .ARM.attributes
                0x000003a3       0x37 release/recorder_helpers.o
 .ARM.attributes
                0x000003da       0x21 /opt/ti-sdk-am335x-evm-07.00.00.00/linux-devkit/sysroots/i686-arago-linux/usr/bin/../lib/gcc/arm-linux-gnueabihf/4.7.3/libgcc.a(_udivsi3.o)
 .ARM.attributes
                0x000003fb       0x21 /opt/ti-sdk-am335x-evm-07.00.00.00/linux-devkit/sysroots/i686-arago-linux/usr/bin/../lib/gcc/arm-linux-gnueabihf/4.7.3/libgcc.a(_divsi3.o)
 .ARM.attributes
                0x0000041c       0x21 /opt/ti-sdk-am335x-evm-07.00.00.00/linux-devkit/sysroots/i686-arago-linux/usr/bin/../lib/gcc/arm-linux-gnueabihf/4.7.3/libgcc.a(_dvmd_lnx.o)
 .ARM.attributes
                0x0000043d       0x37 /opt/ti-sdk-am335x-evm-07.00.00.00/linux-devkit/sysroots/i686-arago-linux/usr/bin/../arm-linux-gnueabihf/libc/usr/lib/arm-linux-gnueabihf/4.7.3/./libc_nonshared.a(elf-init.oS)
 .ARM.attributes
                0x00000474       0x35 /opt/ti-sdk-am335x-evm-07.00.00.00/linux-devkit/sysroots/i686-arago-linux/usr/bin/../lib/gcc/arm-linux-gnueabihf/4.7.3/crtend.o
 .ARM.attributes
                0x000004a9       0x37 /opt/ti-sdk-am335x-evm-07.00.00.00/linux-devkit/sysroots/i686-arago-linux/usr/bin/../arm-linux-gnueabihf/libc/usr/lib/arm-linux-gnueabihf/4.7.3/crtn.o

.debug
 *(.debug)

.line
 *(.line)

.debug_srcinfo
 *(.debug_srcinfo)

.debug_sfnames
 *(.debug_sfnames)

.debug_aranges
 *(.debug_aranges)

.debug_pubnames
 *(.debug_pubnames)

.debug_info
 *(.debug_info .gnu.linkonce.wi.*)

.debug_abbrev
 *(.debug_abbrev)

.debug_line
 *(.debug_line)

.debug_frame    0x00000000       0x40
 *(.debug_frame)
 .debug_frame   0x00000000       0x20 /opt/ti-sdk-am335x-evm-07.00.00.00/linux-devkit/sysroots/i686-arago-linux/usr/bin/../lib/gcc/arm-linux-gnueabihf/4.7.3/libgcc.a(_udivsi3.o)
 .debug_frame   0x00000020       0x20 /opt/ti-sdk-am335x-evm-07.00.00.00/linux-devkit/sysroots/i686-arago-linux/usr/bin/../lib/gcc/arm-linux-gnueabihf/4.7.3/libgcc.a(_divsi3.o)

.debug_str
 *(.debug_str)

.debug_loc
 *(.debug_loc)

.debug_macinfo
 *(.debug_macinfo)

.debug_weaknames
 *(.debug_weaknames)

.debug_funcnames
 *(.debug_funcnames)

.debug_typenames
 *(.debug_typenames)

.debug_varnames
 *(.debug_varnames)

.debug_pubtypes
 *(.debug_pubtypes)

.debug_ranges
 *(.debug_ranges)

.debug_macro
 *(.debug_macro)

.gnu.attributes
 *(.gnu.attributes)

.note.gnu.arm.ident
 *(.note.gnu.arm.ident)

/DISCARD/
 *(.note.GNU-stack)
 *(.gnu_debuglink)
 *(.gnu.lto_*)
OUTPUT(release/recorder elf32-littlearm)
