Archive member included because of file (symbol)

/opt/ti-sdk-am335x-evm-07.00.00.00/linux-devkit/sysroots/i686-arago-linux/usr/bin/../lib/gcc/arm-linux-gnueabihf/4.7.3/libgcc.a(_divsi3.o)
                              release/main.o (__aeabi_idiv)
/opt/ti-sdk-am335x-evm-07.00.00.00/linux-devkit/sysroots/i686-arago-linux/usr/bin/../lib/gcc/arm-linux-gnueabihf/4.7.3/libgcc.a(_dvmd_lnx.o)
                              /opt/ti-sdk-am335x-evm-07.00.00.00/linux-devkit/sysroots/i686-arago-linux/usr/bin/../lib/gcc/arm-linux-gnueabihf/4.7.3/libgcc.a(_divsi3.o) (__aeabi_idiv0)
/opt/ti-sdk-am335x-evm-07.00.00.00/linux-devkit/sysroots/i686-arago-linux/usr/bin/../arm-linux-gnueabihf/libc/usr/lib/arm-linux-gnueabihf/4.7.3/./libc_nonshared.a(elf-init.oS)
                              /opt/ti-sdk-am335x-evm-07.00.00.00/linux-devkit/sysroots/i686-arago-linux/usr/bin/../arm-linux-gnueabihf/libc/usr/lib/arm-linux-gnueabihf/4.7.3/crt1.o (__libc_csu_init)

Discarded input sections

 .note.GNU-stack
                0x00000000        0x0 /opt/ti-sdk-am335x-evm-07.00.00.00/linux-devkit/sysroots/i686-arago-linux/usr/bin/../arm-linux-gnueabihf/libc/usr/lib/arm-linux-gnueabihf/4.7.3/crt1.o
 .gnu_debuglink
                0x00000000        0xc /opt/ti-sdk-am335x-evm-07.00.00.00/linux-devkit/sysroots/i686-arago-linux/usr/bin/../arm-linux-gnueabihf/libc/usr/lib/arm-linux-gnueabihf/4.7.3/crt1.o
 .note.GNU-stack
                0x00000000        0x0 /opt/ti-sdk-am335x-evm-07.00.00.00/linux-devkit/sysroots/i686-arago-linux/usr/bin/../arm-linux-gnueabihf/libc/usr/lib/arm-linux-gnueabihf/4.7.3/crti.o
 .gnu_debuglink
                0x00000000        0xc /opt/ti-sdk-am335x-evm-07.00.00.00/linux-devkit/sysroots/i686-arago-linux/usr/bin/../arm-linux-gnueabihf/libc/usr/lib/arm-linux-gnueabihf/4.7.3/crti.o
 .note.GNU-stack
                0x00000000        0x0 /opt/ti-sdk-am335x-evm-07.00.00.00/linux-devkit/sysroots/i686-arago-linux/usr/bin/../lib/gcc/arm-linux-gnueabihf/4.7.3/crtbegin.o
 .note.GNU-stack
                0x00000000        0x0 release/main.o
 .note.GNU-stack
                0x00000000        0x0 release/dt78xx_aio.o
 .note.GNU-stack
                0x00000000        0x0 release/dt78xx_misc.o
 .note.GNU-stack
                0x00000000        0x0 /opt/ti-sdk-am335x-evm-07.00.00.00/linux-devkit/sysroots/i686-arago-linux/usr/bin/../lib/gcc/arm-linux-gnueabihf/4.7.3/libgcc.a(_divsi3.o)
 .note.GNU-stack
                0x00000000        0x0 /opt/ti-sdk-am335x-evm-07.00.00.00/linux-devkit/sysroots/i686-arago-linux/usr/bin/../lib/gcc/arm-linux-gnueabihf/4.7.3/libgcc.a(_dvmd_lnx.o)
 .note.GNU-stack
                0x00000000        0x0 /opt/ti-sdk-am335x-evm-07.00.00.00/linux-devkit/sysroots/i686-arago-linux/usr/bin/../arm-linux-gnueabihf/libc/usr/lib/arm-linux-gnueabihf/4.7.3/./libc_nonshared.a(elf-init.oS)
 .note.GNU-stack
                0x00000000        0x0 /opt/ti-sdk-am335x-evm-07.00.00.00/linux-devkit/sysroots/i686-arago-linux/usr/bin/../lib/gcc/arm-linux-gnueabihf/4.7.3/crtend.o
 .note.GNU-stack
                0x00000000        0x0 /opt/ti-sdk-am335x-evm-07.00.00.00/linux-devkit/sysroots/i686-arago-linux/usr/bin/../arm-linux-gnueabihf/libc/usr/lib/arm-linux-gnueabihf/4.7.3/crtn.o
 .gnu_debuglink
                0x00000000        0xc /opt/ti-sdk-am335x-evm-07.00.00.00/linux-devkit/sysroots/i686-arago-linux/usr/bin/../arm-linux-gnueabihf/libc/usr/lib/arm-linux-gnueabihf/4.7.3/crtn.o

Memory Configuration

Name             Origin             Length             Attributes
*default*        0x00000000         0xffffffff

Linker script and memory map

LOAD /opt/ti-sdk-am335x-evm-07.00.00.00/linux-devkit/sysroots/i686-arago-linux/usr/bin/../arm-linux-gnueabihf/libc/usr/lib/arm-linux-gnueabihf/4.7.3/crt1.o
LOAD /opt/ti-sdk-am335x-evm-07.00.00.00/linux-devkit/sysroots/i686-arago-linux/usr/bin/../arm-linux-gnueabihf/libc/usr/lib/arm-linux-gnueabihf/4.7.3/crti.o
LOAD /opt/ti-sdk-am335x-evm-07.00.00.00/linux-devkit/sysroots/i686-arago-linux/usr/bin/../lib/gcc/arm-linux-gnueabihf/4.7.3/crtbegin.o
LOAD release/main.o
LOAD release/dt78xx_aio.o
LOAD release/dt78xx_misc.o
LOAD /opt/ti-sdk-am335x-evm-07.00.00.00/linux-devkit/sysroots/i686-arago-linux/usr/bin/../arm-linux-gnueabihf/libc/usr/lib/arm-linux-gnueabihf/4.7.3/libpthread.so
START GROUP
LOAD /opt/ti-sdk-am335x-evm-07.00.00.00/linux-devkit/sysroots/i686-arago-linux/usr/bin/../arm-linux-gnueabihf/libc/usr/lib/arm-linux-gnueabihf/4.7.3/../../lib/libpthread.so.0
LOAD /opt/ti-sdk-am335x-evm-07.00.00.00/linux-devkit/sysroots/i686-arago-linux/usr/bin/../arm-linux-gnueabihf/libc/usr/lib/arm-linux-gnueabihf/4.7.3/./libpthread_nonshared.a
END GROUP
LOAD /opt/ti-sdk-am335x-evm-07.00.00.00/linux-devkit/sysroots/i686-arago-linux/usr/bin/../lib/gcc/arm-linux-gnueabihf/4.7.3/libgcc.a
LOAD /opt/ti-sdk-am335x-evm-07.00.00.00/linux-devkit/sysroots/i686-arago-linux/usr/bin/../lib/gcc/arm-linux-gnueabihf/4.7.3/../../../../arm-linux-gnueabihf/lib/libgcc_s.so
START GROUP
LOAD /opt/ti-sdk-am335x-evm-07.00.00.00/linux-devkit/sysroots/i686-arago-linux/usr/bin/../lib/gcc/arm-linux-gnueabihf/4.7.3/../../../../arm-linux-gnueabihf/lib/libgcc_s.so.1
LOAD /opt/ti-sdk-am335x-evm-07.00.00.00/linux-devkit/sysroots/i686-arago-linux/usr/bin/../lib/gcc/arm-linux-gnueabihf/4.7.3/libgcc.a
END GROUP
LOAD /opt/ti-sdk-am335x-evm-07.00.00.00/linux-devkit/sysroots/i686-arago-linux/usr/bin/../arm-linux-gnueabihf/libc/usr/lib/arm-linux-gnueabihf/4.7.3/libc.so
START GROUP
LOAD /opt/ti-sdk-am335x-evm-07.00.00.00/linux-devkit/sysroots/i686-arago-linux/usr/bin/../arm-linux-gnueabihf/libc/usr/lib/arm-linux-gnueabihf/4.7.3/../../lib/libc.so.6
LOAD /opt/ti-sdk-am335x-evm-07.00.00.00/linux-devkit/sysroots/i686-arago-linux/usr/bin/../arm-linux-gnueabihf/libc/usr/lib/arm-linux-gnueabihf/4.7.3/./libc_nonshared.a
LOAD /opt/ti-sdk-am335x-evm-07.00.00.00/linux-devkit/sysroots/i686-arago-linux/usr/bin/../arm-linux-gnueabihf/libc/usr/lib/arm-linux-gnueabihf/4.7.3/../../lib/ld-linux-armhf.so.3
END GROUP
LOAD /opt/ti-sdk-am335x-evm-07.00.00.00/linux-devkit/sysroots/i686-arago-linux/usr/bin/../lib/gcc/arm-linux-gnueabihf/4.7.3/libgcc.a
LOAD /opt/ti-sdk-am335x-evm-07.00.00.00/linux-devkit/sysroots/i686-arago-linux/usr/bin/../lib/gcc/arm-linux-gnueabihf/4.7.3/../../../../arm-linux-gnueabihf/lib/libgcc_s.so
START GROUP
LOAD /opt/ti-sdk-am335x-evm-07.00.00.00/linux-devkit/sysroots/i686-arago-linux/usr/bin/../lib/gcc/arm-linux-gnueabihf/4.7.3/../../../../arm-linux-gnueabihf/lib/libgcc_s.so.1
LOAD /opt/ti-sdk-am335x-evm-07.00.00.00/linux-devkit/sysroots/i686-arago-linux/usr/bin/../lib/gcc/arm-linux-gnueabihf/4.7.3/libgcc.a
END GROUP
LOAD /opt/ti-sdk-am335x-evm-07.00.00.00/linux-devkit/sysroots/i686-arago-linux/usr/bin/../lib/gcc/arm-linux-gnueabihf/4.7.3/crtend.o
LOAD /opt/ti-sdk-am335x-evm-07.00.00.00/linux-devkit/sysroots/i686-arago-linux/usr/bin/../arm-linux-gnueabihf/libc/usr/lib/arm-linux-gnueabihf/4.7.3/crtn.o
                0x00008000                PROVIDE (__executable_start, 0x8000)
                0x00008134                . = (0x8000 + SIZEOF_HEADERS)

.interp         0x00008134       0x19
 *(.interp)
 .interp        0x00008134       0x19 /opt/ti-sdk-am335x-evm-07.00.00.00/linux-devkit/sysroots/i686-arago-linux/usr/bin/../arm-linux-gnueabihf/libc/usr/lib/arm-linux-gnueabihf/4.7.3/crt1.o

.note.ABI-tag   0x00008150       0x20
 .note.ABI-tag  0x00008150       0x20 /opt/ti-sdk-am335x-evm-07.00.00.00/linux-devkit/sysroots/i686-arago-linux/usr/bin/../arm-linux-gnueabihf/libc/usr/lib/arm-linux-gnueabihf/4.7.3/crt1.o

.note.gnu.build-id
                0x00008170       0x24
 *(.note.gnu.build-id)
 .note.gnu.build-id
                0x00008170       0x24 linker stubs

.hash
 *(.hash)

.gnu.hash       0x00008194      0x1a8
 *(.gnu.hash)
 .gnu.hash      0x00008194      0x1a8 /opt/ti-sdk-am335x-evm-07.00.00.00/linux-devkit/sysroots/i686-arago-linux/usr/bin/../arm-linux-gnueabihf/libc/usr/lib/arm-linux-gnueabihf/4.7.3/crt1.o

.dynsym         0x0000833c      0x270
 *(.dynsym)
 .dynsym        0x0000833c      0x270 /opt/ti-sdk-am335x-evm-07.00.00.00/linux-devkit/sysroots/i686-arago-linux/usr/bin/../arm-linux-gnueabihf/libc/usr/lib/arm-linux-gnueabihf/4.7.3/crt1.o

.dynstr         0x000085ac      0x156
 *(.dynstr)
 .dynstr        0x000085ac      0x156 /opt/ti-sdk-am335x-evm-07.00.00.00/linux-devkit/sysroots/i686-arago-linux/usr/bin/../arm-linux-gnueabihf/libc/usr/lib/arm-linux-gnueabihf/4.7.3/crt1.o

.gnu.version    0x00008702       0x4e
 *(.gnu.version)
 .gnu.version   0x00008702       0x4e /opt/ti-sdk-am335x-evm-07.00.00.00/linux-devkit/sysroots/i686-arago-linux/usr/bin/../arm-linux-gnueabihf/libc/usr/lib/arm-linux-gnueabihf/4.7.3/crt1.o

.gnu.version_d  0x00008750        0x0
 *(.gnu.version_d)
 .gnu.version_d
                0x00000000        0x0 /opt/ti-sdk-am335x-evm-07.00.00.00/linux-devkit/sysroots/i686-arago-linux/usr/bin/../arm-linux-gnueabihf/libc/usr/lib/arm-linux-gnueabihf/4.7.3/crt1.o

.gnu.version_r  0x00008750       0x40
 *(.gnu.version_r)
 .gnu.version_r
                0x00008750       0x40 /opt/ti-sdk-am335x-evm-07.00.00.00/linux-devkit/sysroots/i686-arago-linux/usr/bin/../arm-linux-gnueabihf/libc/usr/lib/arm-linux-gnueabihf/4.7.3/crt1.o

.rel.dyn        0x00008790       0x28
 *(.rel.init)
 *(.rel.text .rel.text.* .rel.gnu.linkonce.t.*)
 *(.rel.fini)
 *(.rel.rodata .rel.rodata.* .rel.gnu.linkonce.r.*)
 *(.rel.data.rel.ro .rel.data.rel.ro.* .rel.gnu.linkonce.d.rel.ro.*)
 *(.rel.data .rel.data.* .rel.gnu.linkonce.d.*)
 *(.rel.tdata .rel.tdata.* .rel.gnu.linkonce.td.*)
 *(.rel.tbss .rel.tbss.* .rel.gnu.linkonce.tb.*)
 *(.rel.ctors)
 *(.rel.dtors)
 *(.rel.got)
 .rel.got       0x00008790        0x8 /opt/ti-sdk-am335x-evm-07.00.00.00/linux-devkit/sysroots/i686-arago-linux/usr/bin/../arm-linux-gnueabihf/libc/usr/lib/arm-linux-gnueabihf/4.7.3/crt1.o
 *(.rel.bss .rel.bss.* .rel.gnu.linkonce.b.*)
 .rel.bss       0x00008798       0x20 /opt/ti-sdk-am335x-evm-07.00.00.00/linux-devkit/sysroots/i686-arago-linux/usr/bin/../arm-linux-gnueabihf/libc/usr/lib/arm-linux-gnueabihf/4.7.3/crt1.o
                0x000087b8                PROVIDE (__rel_iplt_start, .)
 *(.rel.iplt)
 .rel.iplt      0x00000000        0x0 /opt/ti-sdk-am335x-evm-07.00.00.00/linux-devkit/sysroots/i686-arago-linux/usr/bin/../arm-linux-gnueabihf/libc/usr/lib/arm-linux-gnueabihf/4.7.3/crt1.o
                0x000087b8                PROVIDE (__rel_iplt_end, .)
                0x000087b8                PROVIDE (__rela_iplt_start, .)
                0x000087b8                PROVIDE (__rela_iplt_end, .)

.rela.dyn       0x000087b8        0x0
 *(.rela.init)
 *(.rela.text .rela.text.* .rela.gnu.linkonce.t.*)
 *(.rela.fini)
 *(.rela.rodata .rela.rodata.* .rela.gnu.linkonce.r.*)
 *(.rela.data .rela.data.* .rela.gnu.linkonce.d.*)
 *(.rela.tdata .rela.tdata.* .rela.gnu.linkonce.td.*)
 *(.rela.tbss .rela.tbss.* .rela.gnu.linkonce.tb.*)
 *(.rela.ctors)
 *(.rela.dtors)
 *(.rela.got)
 *(.rela.bss .rela.bss.* .rela.gnu.linkonce.b.*)
                0x000087b8                PROVIDE (__rel_iplt_start, .)
                0x000087b8                PROVIDE (__rel_iplt_end, .)
                0x000087b8                PROVIDE (__rela_iplt_start, .)
 *(.rela.iplt)
                0x000087b8                PROVIDE (__rela_iplt_end, .)

.rel.plt        0x000087b8      0x108
 *(.rel.plt)
 .rel.plt       0x000087b8      0x108 /opt/ti-sdk-am335x-evm-07.00.00.00/linux-devkit/sysroots/i686-arago-linux/usr/bin/../arm-linux-gnueabihf/libc/usr/lib/arm-linux-gnueabihf/4.7.3/crt1.o

.rela.plt
 *(.rela.plt)

.init           0x000088c0        0xa
 *(SORT(.init))
 .init          0x000088c0        0x8 /opt/ti-sdk-am335x-evm-07.00.00.00/linux-devkit/sysroots/i686-arago-linux/usr/bin/../arm-linux-gnueabihf/libc/usr/lib/arm-linux-gnueabihf/4.7.3/crti.o
                0x000088c0                _init
 .init          0x000088c8        0x2 /opt/ti-sdk-am335x-evm-07.00.00.00/linux-devkit/sysroots/i686-arago-linux/usr/bin/../arm-linux-gnueabihf/libc/usr/lib/arm-linux-gnueabihf/4.7.3/crtn.o

.plt            0x000088cc      0x1a4
 *(.plt)
 .plt           0x000088cc      0x1a4 /opt/ti-sdk-am335x-evm-07.00.00.00/linux-devkit/sysroots/i686-arago-linux/usr/bin/../arm-linux-gnueabihf/libc/usr/lib/arm-linux-gnueabihf/4.7.3/crt1.o
                0x000088e0                strstr@@GLIBC_2.4
                0x000088ec                raise@@GLIBC_2.4
                0x000088f8                setbuf@@GLIBC_2.4
                0x00008904                memalign@@GLIBC_2.4
                0x00008910                printf@@GLIBC_2.4
                0x0000891c                fflush@@GLIBC_2.4
                0x00008928                free@@GLIBC_2.4
                0x00008934                _IO_getc@@GLIBC_2.4
                0x00008940                perror@@GLIBC_2.4
                0x0000894c                sigaction@@GLIBC_2.4
                0x00008958                fwrite@@GLIBC_2.4
                0x00008964                ioctl@@GLIBC_2.4
                0x00008970                usleep@@GLIBC_2.4
                0x0000897c                tcsetattr@@GLIBC_2.4
                0x00008988                malloc@@GLIBC_2.4
                0x00008994                __libc_start_main@@GLIBC_2.4
                0x000089a0                strerror@@GLIBC_2.4
                0x000089bc                open@@GLIBC_2.4
                0x000089c8                getpid@@GLIBC_2.4
                0x000089d4                syscall@@GLIBC_2.4
                0x000089e0                getopt@@GLIBC_2.4
                0x000089ec                fprintf@@GLIBC_2.4
                0x000089f8                fcntl@@GLIBC_2.4
                0x00008a04                __errno_location@@GLIBC_2.4
                0x00008a10                memset@@GLIBC_2.4
                0x00008a1c                fgetc@@GLIBC_2.4
                0x00008a28                write@@GLIBC_2.4
                0x00008a34                fileno@@GLIBC_2.4
                0x00008a40                sigemptyset@@GLIBC_2.4
                0x00008a4c                abort@@GLIBC_2.4
                0x00008a58                close@@GLIBC_2.4
                0x00008a64                tcgetattr@@GLIBC_2.4

.iplt           0x00008a70        0x0
 *(.iplt)
 .iplt          0x00000000        0x0 /opt/ti-sdk-am335x-evm-07.00.00.00/linux-devkit/sysroots/i686-arago-linux/usr/bin/../arm-linux-gnueabihf/libc/usr/lib/arm-linux-gnueabihf/4.7.3/crt1.o

.text           0x00008a70     0x21ac
 *(.text.unlikely .text.*_unlikely)
 *(.text.exit .text.exit.*)
 *(.text.startup .text.startup.*)
 .text.startup  0x00008a70      0xcbc release/main.o
                0x00008a70                main
 *(.text.hot .text.hot.*)
 *(.text .stub .text.* .gnu.linkonce.t.*)
 .text          0x0000972c       0x38 /opt/ti-sdk-am335x-evm-07.00.00.00/linux-devkit/sysroots/i686-arago-linux/usr/bin/../arm-linux-gnueabihf/libc/usr/lib/arm-linux-gnueabihf/4.7.3/crt1.o
                0x0000972c                _start
 .text          0x00009764       0x18 /opt/ti-sdk-am335x-evm-07.00.00.00/linux-devkit/sysroots/i686-arago-linux/usr/bin/../arm-linux-gnueabihf/libc/usr/lib/arm-linux-gnueabihf/4.7.3/crti.o
 .text          0x0000977c       0x88 /opt/ti-sdk-am335x-evm-07.00.00.00/linux-devkit/sysroots/i686-arago-linux/usr/bin/../lib/gcc/arm-linux-gnueabihf/4.7.3/crtbegin.o
 .text          0x00009804      0x514 release/main.o
                0x00009cb0                _getc
 .text          0x00009d18      0x9d8 release/dt78xx_aio.o
                0x00009d18                aio_wait
                0x00009f20                aio_start
                0x00009fc0                aio_stop
                0x0000a0a8                aio_buff_free
                0x0000a144                aio_buff_alloc
                0x0000a454                aio_create
                0x0000a514                aio_destroy
                0x0000a5c8                aio_buff_size
 .text          0x0000a6f0      0x228 release/dt78xx_misc.o
                0x0000a6f0                sigaction_register
                0x0000a74c                file_sigaction_register
                0x0000a828                kbhit
                0x0000a8d8                kbfini
 .text          0x0000a918      0x2b0 /opt/ti-sdk-am335x-evm-07.00.00.00/linux-devkit/sysroots/i686-arago-linux/usr/bin/../lib/gcc/arm-linux-gnueabihf/4.7.3/libgcc.a(_divsi3.o)
                0x0000a918                __divsi3
                0x0000a918                __aeabi_idiv
                0x0000abac                __aeabi_idivmod
 .text          0x0000abc8        0xc /opt/ti-sdk-am335x-evm-07.00.00.00/linux-devkit/sysroots/i686-arago-linux/usr/bin/../lib/gcc/arm-linux-gnueabihf/4.7.3/libgcc.a(_dvmd_lnx.o)
                0x0000abc8                __aeabi_ldiv0
                0x0000abc8                __aeabi_idiv0
 .text          0x0000abd4       0x48 /opt/ti-sdk-am335x-evm-07.00.00.00/linux-devkit/sysroots/i686-arago-linux/usr/bin/../arm-linux-gnueabihf/libc/usr/lib/arm-linux-gnueabihf/4.7.3/./libc_nonshared.a(elf-init.oS)
                0x0000abd4                __libc_csu_init
                0x0000ac18                __libc_csu_fini
 .text          0x0000ac1c        0x0 /opt/ti-sdk-am335x-evm-07.00.00.00/linux-devkit/sysroots/i686-arago-linux/usr/bin/../lib/gcc/arm-linux-gnueabihf/4.7.3/crtend.o
 .text          0x0000ac1c        0x0 /opt/ti-sdk-am335x-evm-07.00.00.00/linux-devkit/sysroots/i686-arago-linux/usr/bin/../arm-linux-gnueabihf/libc/usr/lib/arm-linux-gnueabihf/4.7.3/crtn.o
 *(.gnu.warning)
 *(.glue_7t)
 .glue_7t       0x00000000        0x0 linker stubs
 *(.glue_7)
 .glue_7        0x00000000        0x0 linker stubs
 *(.vfp11_veneer)
 .vfp11_veneer  0x00000000        0x0 linker stubs
 *(.v4_bx)
 .v4_bx         0x00000000        0x0 linker stubs

.fini           0x0000ac1c        0x6
 *(SORT(.fini))
 .fini          0x0000ac1c        0x4 /opt/ti-sdk-am335x-evm-07.00.00.00/linux-devkit/sysroots/i686-arago-linux/usr/bin/../arm-linux-gnueabihf/libc/usr/lib/arm-linux-gnueabihf/4.7.3/crti.o
                0x0000ac1c                _fini
 .fini          0x0000ac20        0x2 /opt/ti-sdk-am335x-evm-07.00.00.00/linux-devkit/sysroots/i686-arago-linux/usr/bin/../arm-linux-gnueabihf/libc/usr/lib/arm-linux-gnueabihf/4.7.3/crtn.o
                0x0000ac22                PROVIDE (__etext, .)
                0x0000ac22                PROVIDE (_etext, .)
                0x0000ac22                PROVIDE (etext, .)

.rodata         0x0000ac28      0x700
 *(.rodata .rodata.* .gnu.linkonce.r.*)
 .rodata.cst4   0x0000ac28        0x4 /opt/ti-sdk-am335x-evm-07.00.00.00/linux-devkit/sysroots/i686-arago-linux/usr/bin/../arm-linux-gnueabihf/libc/usr/lib/arm-linux-gnueabihf/4.7.3/crt1.o
                0x0000ac28                _IO_stdin_used
 *fill*         0x0000ac2c        0x4 
 .rodata        0x0000ac30       0xd8 release/main.o
 .rodata.str1.4
                0x0000ad08      0x567 release/main.o
                                0x574 (size before relaxing)
 *fill*         0x0000b26f        0x1 
 .rodata        0x0000b270       0x10 release/dt78xx_aio.o
 .rodata.str1.4
                0x0000b280       0x85 release/dt78xx_aio.o
                                 0x88 (size before relaxing)
 *fill*         0x0000b305        0x3 
 .rodata.str1.4
                0x0000b308       0x20 release/dt78xx_misc.o

.rodata1
 *(.rodata1)

.ARM.extab      0x0000b328        0x0
 *(.ARM.extab* .gnu.linkonce.armextab.*)
 .ARM.extab     0x0000b328        0x0 /opt/ti-sdk-am335x-evm-07.00.00.00/linux-devkit/sysroots/i686-arago-linux/usr/bin/../arm-linux-gnueabihf/libc/usr/lib/arm-linux-gnueabihf/4.7.3/crt1.o
                0x0000b328                PROVIDE (__exidx_start, .)

.ARM.exidx      0x0000b328        0x8
 *(.ARM.exidx* .gnu.linkonce.armexidx.*)
 .ARM.exidx     0x0000b328        0x8 /opt/ti-sdk-am335x-evm-07.00.00.00/linux-devkit/sysroots/i686-arago-linux/usr/bin/../arm-linux-gnueabihf/libc/usr/lib/arm-linux-gnueabihf/4.7.3/crt1.o
                0x0000b330                PROVIDE (__exidx_end, .)

.eh_frame_hdr   0x0000b330        0x0
 *(.eh_frame_hdr)
 .eh_frame_hdr  0x00000000        0x0 /opt/ti-sdk-am335x-evm-07.00.00.00/linux-devkit/sysroots/i686-arago-linux/usr/bin/../arm-linux-gnueabihf/libc/usr/lib/arm-linux-gnueabihf/4.7.3/crtn.o

.eh_frame       0x0000b330        0x4
 *(.eh_frame)
 .eh_frame      0x0000b330        0x4 /opt/ti-sdk-am335x-evm-07.00.00.00/linux-devkit/sysroots/i686-arago-linux/usr/bin/../lib/gcc/arm-linux-gnueabihf/4.7.3/crtend.o

.gcc_except_table
 *(.gcc_except_table .gcc_except_table.*)

.exception_ranges
 *(.exception_ranges .exception_ranges*)
                0x0000b334                . = (ALIGN (0x8000) - ((0x8000 - .) & 0x7fff))
                0x00013334                . = DATA_SEGMENT_ALIGN (0x8000, 0x1000)

.eh_frame
 *(.eh_frame)

.gcc_except_table
 *(.gcc_except_table .gcc_except_table.*)

.exception_ranges
 *(.exception_ranges .exception_ranges*)

.tdata
 *(.tdata .tdata.* .gnu.linkonce.td.*)

.tbss
 *(.tbss .tbss.* .gnu.linkonce.tb.*)
 *(.tcommon)

.preinit_array  0x00013334        0x0
                0x00013334                PROVIDE (__preinit_array_start, .)
 *(.preinit_array)
                0x00013334                PROVIDE (__preinit_array_end, .)

.init_array     0x00013334        0x4
                0x00013334                PROVIDE (__init_array_start, .)
 *(SORT(.init_array.*))
 *(.init_array)
 .init_array    0x00013334        0x4 /opt/ti-sdk-am335x-evm-07.00.00.00/linux-devkit/sysroots/i686-arago-linux/usr/bin/../lib/gcc/arm-linux-gnueabihf/4.7.3/crtbegin.o
                0x00013338                PROVIDE (__init_array_end, .)

.fini_array     0x00013338        0x4
                0x00013338                PROVIDE (__fini_array_start, .)
 *(SORT(.fini_array.*))
 *(.fini_array)
 .fini_array    0x00013338        0x4 /opt/ti-sdk-am335x-evm-07.00.00.00/linux-devkit/sysroots/i686-arago-linux/usr/bin/../lib/gcc/arm-linux-gnueabihf/4.7.3/crtbegin.o
                0x0001333c                PROVIDE (__fini_array_end, .)

.ctors
 *crtbegin.o(.ctors)
 *crtbegin?.o(.ctors)
 *(EXCLUDE_FILE(*crtend?.o *crtend.o) .ctors)
 *(SORT(.ctors.*))
 *(.ctors)

.dtors
 *crtbegin.o(.dtors)
 *crtbegin?.o(.dtors)
 *(EXCLUDE_FILE(*crtend?.o *crtend.o) .dtors)
 *(SORT(.dtors.*))
 *(.dtors)

.jcr            0x0001333c        0x4
 *(.jcr)
 .jcr           0x0001333c        0x0 /opt/ti-sdk-am335x-evm-07.00.00.00/linux-devkit/sysroots/i686-arago-linux/usr/bin/../lib/gcc/arm-linux-gnueabihf/4.7.3/crtbegin.o
 .jcr           0x0001333c        0x4 /opt/ti-sdk-am335x-evm-07.00.00.00/linux-devkit/sysroots/i686-arago-linux/usr/bin/../lib/gcc/arm-linux-gnueabihf/4.7.3/crtend.o

.data.rel.ro
 *(.data.rel.ro.local* .gnu.linkonce.d.rel.ro.local.*)
 *(.data.rel.ro .data.rel.ro.* .gnu.linkonce.d.rel.ro.*)

.dynamic        0x00013340       0xf0
 *(.dynamic)
 .dynamic       0x00013340       0xf0 /opt/ti-sdk-am335x-evm-07.00.00.00/linux-devkit/sysroots/i686-arago-linux/usr/bin/../arm-linux-gnueabihf/libc/usr/lib/arm-linux-gnueabihf/4.7.3/crt1.o
                0x00013340                _DYNAMIC
                0x00013430                . = DATA_SEGMENT_RELRO_END (., 0x0)

.got            0x00013430       0x94
 *(.got.plt)
 .got.plt       0x00013430       0x90 /opt/ti-sdk-am335x-evm-07.00.00.00/linux-devkit/sysroots/i686-arago-linux/usr/bin/../arm-linux-gnueabihf/libc/usr/lib/arm-linux-gnueabihf/4.7.3/crt1.o
                0x00013430                _GLOBAL_OFFSET_TABLE_
 *(.igot.plt)
 .igot.plt      0x00000000        0x0 /opt/ti-sdk-am335x-evm-07.00.00.00/linux-devkit/sysroots/i686-arago-linux/usr/bin/../arm-linux-gnueabihf/libc/usr/lib/arm-linux-gnueabihf/4.7.3/crt1.o
 *(.got)
 .got           0x000134c0        0x4 /opt/ti-sdk-am335x-evm-07.00.00.00/linux-devkit/sysroots/i686-arago-linux/usr/bin/../arm-linux-gnueabihf/libc/usr/lib/arm-linux-gnueabihf/4.7.3/crt1.o
 *(.igot)

.data           0x000134c4        0x8
                0x000134c4                PROVIDE (__data_start, .)
 *(.data .data.* .gnu.linkonce.d.*)
 .data          0x000134c4        0x4 /opt/ti-sdk-am335x-evm-07.00.00.00/linux-devkit/sysroots/i686-arago-linux/usr/bin/../arm-linux-gnueabihf/libc/usr/lib/arm-linux-gnueabihf/4.7.3/crt1.o
                0x000134c4                data_start
                0x000134c4                __data_start
 .data          0x000134c8        0x0 /opt/ti-sdk-am335x-evm-07.00.00.00/linux-devkit/sysroots/i686-arago-linux/usr/bin/../arm-linux-gnueabihf/libc/usr/lib/arm-linux-gnueabihf/4.7.3/crti.o
 .data          0x000134c8        0x4 /opt/ti-sdk-am335x-evm-07.00.00.00/linux-devkit/sysroots/i686-arago-linux/usr/bin/../lib/gcc/arm-linux-gnueabihf/4.7.3/crtbegin.o
                0x000134c8                __dso_handle
 .data          0x000134cc        0x0 release/main.o
 .data          0x000134cc        0x0 release/dt78xx_aio.o
 .data          0x000134cc        0x0 release/dt78xx_misc.o
 .data          0x000134cc        0x0 /opt/ti-sdk-am335x-evm-07.00.00.00/linux-devkit/sysroots/i686-arago-linux/usr/bin/../lib/gcc/arm-linux-gnueabihf/4.7.3/libgcc.a(_divsi3.o)
 .data          0x000134cc        0x0 /opt/ti-sdk-am335x-evm-07.00.00.00/linux-devkit/sysroots/i686-arago-linux/usr/bin/../lib/gcc/arm-linux-gnueabihf/4.7.3/libgcc.a(_dvmd_lnx.o)
 .data          0x000134cc        0x0 /opt/ti-sdk-am335x-evm-07.00.00.00/linux-devkit/sysroots/i686-arago-linux/usr/bin/../arm-linux-gnueabihf/libc/usr/lib/arm-linux-gnueabihf/4.7.3/./libc_nonshared.a(elf-init.oS)
 .data          0x000134cc        0x0 /opt/ti-sdk-am335x-evm-07.00.00.00/linux-devkit/sysroots/i686-arago-linux/usr/bin/../lib/gcc/arm-linux-gnueabihf/4.7.3/crtend.o
 .data          0x000134cc        0x0 /opt/ti-sdk-am335x-evm-07.00.00.00/linux-devkit/sysroots/i686-arago-linux/usr/bin/../arm-linux-gnueabihf/libc/usr/lib/arm-linux-gnueabihf/4.7.3/crtn.o

.tm_clone_table
                0x000134cc        0x0
 .tm_clone_table
                0x000134cc        0x0 /opt/ti-sdk-am335x-evm-07.00.00.00/linux-devkit/sysroots/i686-arago-linux/usr/bin/../lib/gcc/arm-linux-gnueabihf/4.7.3/crtbegin.o
 .tm_clone_table
                0x000134cc        0x0 /opt/ti-sdk-am335x-evm-07.00.00.00/linux-devkit/sysroots/i686-arago-linux/usr/bin/../lib/gcc/arm-linux-gnueabihf/4.7.3/crtend.o

.data1
 *(.data1)
                0x000134cc                _edata = .
                0x000134cc                PROVIDE (edata, .)
                0x000134cc                . = .
                0x000134cc                __bss_start = .
                0x000134cc                __bss_start__ = .

.bss            0x000134d0       0x60
 *(.dynbss)
 *fill*         0x000134d0        0x0 
 .dynbss        0x000134d0       0x18 /opt/ti-sdk-am335x-evm-07.00.00.00/linux-devkit/sysroots/i686-arago-linux/usr/bin/../arm-linux-gnueabihf/libc/usr/lib/arm-linux-gnueabihf/4.7.3/crt1.o
                0x000134d0                optind@@GLIBC_2.4
                0x000134d8                stderr@@GLIBC_2.4
                0x000134e0                stdin@@GLIBC_2.4
                0x000134e4                stdout@@GLIBC_2.4
 *(.bss .bss.* .gnu.linkonce.b.*)
 .bss           0x000134e8        0x0 /opt/ti-sdk-am335x-evm-07.00.00.00/linux-devkit/sysroots/i686-arago-linux/usr/bin/../arm-linux-gnueabihf/libc/usr/lib/arm-linux-gnueabihf/4.7.3/crt1.o
 .bss           0x000134e8        0x0 /opt/ti-sdk-am335x-evm-07.00.00.00/linux-devkit/sysroots/i686-arago-linux/usr/bin/../arm-linux-gnueabihf/libc/usr/lib/arm-linux-gnueabihf/4.7.3/crti.o
 .bss           0x000134e8        0x1 /opt/ti-sdk-am335x-evm-07.00.00.00/linux-devkit/sysroots/i686-arago-linux/usr/bin/../lib/gcc/arm-linux-gnueabihf/4.7.3/crtbegin.o
 *fill*         0x000134e9        0x3 
 .bss           0x000134ec        0x4 release/main.o
 .bss           0x000134f0        0x0 release/dt78xx_aio.o
 .bss           0x000134f0       0x40 release/dt78xx_misc.o
 .bss           0x00013530        0x0 /opt/ti-sdk-am335x-evm-07.00.00.00/linux-devkit/sysroots/i686-arago-linux/usr/bin/../lib/gcc/arm-linux-gnueabihf/4.7.3/libgcc.a(_divsi3.o)
 .bss           0x00013530        0x0 /opt/ti-sdk-am335x-evm-07.00.00.00/linux-devkit/sysroots/i686-arago-linux/usr/bin/../lib/gcc/arm-linux-gnueabihf/4.7.3/libgcc.a(_dvmd_lnx.o)
 .bss           0x00013530        0x0 /opt/ti-sdk-am335x-evm-07.00.00.00/linux-devkit/sysroots/i686-arago-linux/usr/bin/../arm-linux-gnueabihf/libc/usr/lib/arm-linux-gnueabihf/4.7.3/./libc_nonshared.a(elf-init.oS)
 .bss           0x00013530        0x0 /opt/ti-sdk-am335x-evm-07.00.00.00/linux-devkit/sysroots/i686-arago-linux/usr/bin/../lib/gcc/arm-linux-gnueabihf/4.7.3/crtend.o
 .bss           0x00013530        0x0 /opt/ti-sdk-am335x-evm-07.00.00.00/linux-devkit/sysroots/i686-arago-linux/usr/bin/../arm-linux-gnueabihf/libc/usr/lib/arm-linux-gnueabihf/4.7.3/crtn.o
 *(COMMON)
                0x00013530                . = ALIGN ((. != 0x0)?0x4:0x1)
                0x00013530                _bss_end__ = .
                0x00013530                __bss_end__ = .
                0x00013530                . = ALIGN (0x4)
                0x00013530                . = ALIGN (0x4)
                0x00013530                __end__ = .
                0x00013530                _end = .
                0x00013530                PROVIDE (end, .)
                0x00013530                . = DATA_SEGMENT_END (.)

.stab
 *(.stab)

.stabstr
 *(.stabstr)

.stab.excl
 *(.stab.excl)

.stab.exclstr
 *(.stab.exclstr)

.stab.index
 *(.stab.index)

.stab.indexstr
 *(.stab.indexstr)

.comment        0x00000000       0x68
 *(.comment)
 .comment       0x00000000       0x68 release/main.o
                                 0x69 (size before relaxing)
 .comment       0x00000000       0x69 release/dt78xx_aio.o
 .comment       0x00000000       0x69 release/dt78xx_misc.o

.ARM.attributes
                0x00000000       0x37
 .ARM.attributes
                0x00000000       0x35 /opt/ti-sdk-am335x-evm-07.00.00.00/linux-devkit/sysroots/i686-arago-linux/usr/bin/../arm-linux-gnueabihf/libc/usr/lib/arm-linux-gnueabihf/4.7.3/crt1.o
 .ARM.attributes
                0x00000035       0x37 /opt/ti-sdk-am335x-evm-07.00.00.00/linux-devkit/sysroots/i686-arago-linux/usr/bin/../arm-linux-gnueabihf/libc/usr/lib/arm-linux-gnueabihf/4.7.3/crti.o
 .ARM.attributes
                0x0000006c       0x35 /opt/ti-sdk-am335x-evm-07.00.00.00/linux-devkit/sysroots/i686-arago-linux/usr/bin/../lib/gcc/arm-linux-gnueabihf/4.7.3/crtbegin.o
 .ARM.attributes
                0x000000a1       0x37 release/main.o
 .ARM.attributes
                0x000000d8       0x37 release/dt78xx_aio.o
 .ARM.attributes
                0x0000010f       0x37 release/dt78xx_misc.o
 .ARM.attributes
                0x00000146       0x21 /opt/ti-sdk-am335x-evm-07.00.00.00/linux-devkit/sysroots/i686-arago-linux/usr/bin/../lib/gcc/arm-linux-gnueabihf/4.7.3/libgcc.a(_divsi3.o)
 .ARM.attributes
                0x00000167       0x21 /opt/ti-sdk-am335x-evm-07.00.00.00/linux-devkit/sysroots/i686-arago-linux/usr/bin/../lib/gcc/arm-linux-gnueabihf/4.7.3/libgcc.a(_dvmd_lnx.o)
 .ARM.attributes
                0x00000188       0x37 /opt/ti-sdk-am335x-evm-07.00.00.00/linux-devkit/sysroots/i686-arago-linux/usr/bin/../arm-linux-gnueabihf/libc/usr/lib/arm-linux-gnueabihf/4.7.3/./libc_nonshared.a(elf-init.oS)
 .ARM.attributes
                0x000001bf       0x35 /opt/ti-sdk-am335x-evm-07.00.00.00/linux-devkit/sysroots/i686-arago-linux/usr/bin/../lib/gcc/arm-linux-gnueabihf/4.7.3/crtend.o
 .ARM.attributes
                0x000001f4       0x37 /opt/ti-sdk-am335x-evm-07.00.00.00/linux-devkit/sysroots/i686-arago-linux/usr/bin/../arm-linux-gnueabihf/libc/usr/lib/arm-linux-gnueabihf/4.7.3/crtn.o

.debug
 *(.debug)

.line
 *(.line)

.debug_srcinfo
 *(.debug_srcinfo)

.debug_sfnames
 *(.debug_sfnames)

.debug_aranges
 *(.debug_aranges)

.debug_pubnames
 *(.debug_pubnames)

.debug_info
 *(.debug_info .gnu.linkonce.wi.*)

.debug_abbrev
 *(.debug_abbrev)

.debug_line
 *(.debug_line)

.debug_frame    0x00000000       0x20
 *(.debug_frame)
 .debug_frame   0x00000000       0x20 /opt/ti-sdk-am335x-evm-07.00.00.00/linux-devkit/sysroots/i686-arago-linux/usr/bin/../lib/gcc/arm-linux-gnueabihf/4.7.3/libgcc.a(_divsi3.o)

.debug_str
 *(.debug_str)

.debug_loc
 *(.debug_loc)

.debug_macinfo
 *(.debug_macinfo)

.debug_weaknames
 *(.debug_weaknames)

.debug_funcnames
 *(.debug_funcnames)

.debug_typenames
 *(.debug_typenames)

.debug_varnames
 *(.debug_varnames)

.debug_pubtypes
 *(.debug_pubtypes)

.debug_ranges
 *(.debug_ranges)

.debug_macro
 *(.debug_macro)

.gnu.attributes
 *(.gnu.attributes)

.note.gnu.arm.ident
 *(.note.gnu.arm.ident)

/DISCARD/
 *(.note.GNU-stack)
 *(.gnu_debuglink)
 *(.gnu.lto_*)
OUTPUT(release/dt7816cal elf32-littlearm)
