Archive member included because of file (symbol)

../../fftw-3.3.4/.libs//libfftw3f.a(apiplan.o)
                              release/main.o (fftwf_destroy_plan)
../../fftw-3.3.4/.libs//libfftw3f.a(execute.o)
                              release/main.o (fftwf_execute)
../../fftw-3.3.4/.libs//libfftw3f.a(malloc.o)
                              release/main.o (fftwf_malloc)
../../fftw-3.3.4/.libs//libfftw3f.a(mapflags.o)
                              ../../fftw-3.3.4/.libs//libfftw3f.a(apiplan.o) (fftwf_mapflags)
../../fftw-3.3.4/.libs//libfftw3f.a(plan-dft-r2c-1d.o)
                              release/main.o (fftwf_plan_dft_r2c_1d)
../../fftw-3.3.4/.libs//libfftw3f.a(plan-dft-r2c.o)
                              ../../fftw-3.3.4/.libs//libfftw3f.a(plan-dft-r2c-1d.o) (fftwf_plan_dft_r2c)
../../fftw-3.3.4/.libs//libfftw3f.a(plan-many-dft-r2c.o)
                              ../../fftw-3.3.4/.libs//libfftw3f.a(plan-dft-r2c.o) (fftwf_plan_many_dft_r2c)
../../fftw-3.3.4/.libs//libfftw3f.a(rdft2-pad.o)
                              ../../fftw-3.3.4/.libs//libfftw3f.a(plan-many-dft-r2c.o) (fftwf_rdft2_pad)
../../fftw-3.3.4/.libs//libfftw3f.a(the-planner.o)
                              ../../fftw-3.3.4/.libs//libfftw3f.a(apiplan.o) (fftwf_the_planner)
../../fftw-3.3.4/.libs//libfftw3f.a(alloc.o)
                              ../../fftw-3.3.4/.libs//libfftw3f.a(apiplan.o) (fftwf_malloc_plain)
../../fftw-3.3.4/.libs//libfftw3f.a(assert.o)
                              ../../fftw-3.3.4/.libs//libfftw3f.a(alloc.o) (fftwf_assertion_failed)
../../fftw-3.3.4/.libs//libfftw3f.a(extract-reim.o)
                              ../../fftw-3.3.4/.libs//libfftw3f.a(plan-many-dft-r2c.o) (fftwf_extract_reim)
../../fftw-3.3.4/.libs//libfftw3f.a(kalloc.o)
                              ../../fftw-3.3.4/.libs//libfftw3f.a(malloc.o) (fftwf_kernel_malloc)
../../fftw-3.3.4/.libs//libfftw3f.a(plan.o)
                              ../../fftw-3.3.4/.libs//libfftw3f.a(apiplan.o) (fftwf_plan_destroy_internal)
../../fftw-3.3.4/.libs//libfftw3f.a(planner.o)
                              ../../fftw-3.3.4/.libs//libfftw3f.a(the-planner.o) (fftwf_mkplanner)
../../fftw-3.3.4/.libs//libfftw3f.a(primes.o)
                              ../../fftw-3.3.4/.libs//libfftw3f.a(planner.o) (fftwf_next_prime)
../../fftw-3.3.4/.libs//libfftw3f.a(problem.o)
                              ../../fftw-3.3.4/.libs//libfftw3f.a(apiplan.o) (fftwf_problem_destroy)
../../fftw-3.3.4/.libs//libfftw3f.a(solver.o)
                              ../../fftw-3.3.4/.libs//libfftw3f.a(planner.o) (fftwf_solver_use)
../../fftw-3.3.4/.libs//libfftw3f.a(tensor1.o)
                              ../../fftw-3.3.4/.libs//libfftw3f.a(plan-many-dft-r2c.o) (fftwf_mktensor_1d)
../../fftw-3.3.4/.libs//libfftw3f.a(timer.o)
                              ../../fftw-3.3.4/.libs//libfftw3f.a(apiplan.o) (fftwf_get_crude_time)
../../fftw-3.3.4/.libs//libfftw3f.a(problem2.o)
                              ../../fftw-3.3.4/.libs//libfftw3f.a(plan-many-dft-r2c.o) (fftwf_mkproblem_rdft2_d_3pointers)
../../fftw-3.3.4/.libs//libfftw3f.a(configure.o)
                              ../../fftw-3.3.4/.libs//libfftw3f.a(the-planner.o) (fftwf_configure_planner)
../../fftw-3.3.4/.libs//libfftw3f.a(mktensor-rowmajor.o)
                              ../../fftw-3.3.4/.libs//libfftw3f.a(plan-many-dft-r2c.o) (fftwf_mktensor_rowmajor)
../../fftw-3.3.4/.libs//libfftw3f.a(align.o)
                              ../../fftw-3.3.4/.libs//libfftw3f.a(problem2.o) (fftwf_alignment_of)
../../fftw-3.3.4/.libs//libfftw3f.a(hash.o)
                              ../../fftw-3.3.4/.libs//libfftw3f.a(planner.o) (fftwf_hash)
../../fftw-3.3.4/.libs//libfftw3f.a(md5-1.o)
                              ../../fftw-3.3.4/.libs//libfftw3f.a(planner.o) (fftwf_md5puts)
../../fftw-3.3.4/.libs//libfftw3f.a(md5.o)
                              ../../fftw-3.3.4/.libs//libfftw3f.a(planner.o) (fftwf_md5begin)
../../fftw-3.3.4/.libs//libfftw3f.a(ops.o)
                              ../../fftw-3.3.4/.libs//libfftw3f.a(plan.o) (fftwf_ops_zero)
../../fftw-3.3.4/.libs//libfftw3f.a(tensor.o)
                              ../../fftw-3.3.4/.libs//libfftw3f.a(tensor1.o) (fftwf_mktensor)
../../fftw-3.3.4/.libs//libfftw3f.a(tensor5.o)
                              ../../fftw-3.3.4/.libs//libfftw3f.a(problem2.o) (fftwf_tensor_copy)
../../fftw-3.3.4/.libs//libfftw3f.a(tensor7.o)
                              ../../fftw-3.3.4/.libs//libfftw3f.a(problem2.o) (fftwf_tensor_compress)
../../fftw-3.3.4/.libs//libfftw3f.a(tensor8.o)
                              ../../fftw-3.3.4/.libs//libfftw3f.a(problem2.o) (fftwf_tensor_destroy2)
../../fftw-3.3.4/.libs//libfftw3f.a(conf.o)
                              ../../fftw-3.3.4/.libs//libfftw3f.a(configure.o) (fftwf_dft_conf_standard)
../../fftw-3.3.4/.libs//libfftw3f.a(dftw-generic.o)
                              ../../fftw-3.3.4/.libs//libfftw3f.a(conf.o) (fftwf_ct_generic_register)
[...]
Memory Configuration

Name             Origin             Length             Attributes
*default*        0x00000000         0xffffffff

Linker script and memory map

LOAD /opt/ti-sdk-am335x-evm-07.00.00.00/linux-devkit/sysroots/i686-arago-linux/usr/bin/../arm-linux-gnueabihf/libc/usr/lib/arm-linux-gnueabihf/4.7.3/crt1.o
LOAD /opt/ti-sdk-am335x-evm-07.00.00.00/linux-devkit/sysroots/i686-arago-linux/usr/bin/../arm-linux-gnueabihf/libc/usr/lib/arm-linux-gnueabihf/4.7.3/crti.o
LOAD /opt/ti-sdk-am335x-evm-07.00.00.00/linux-devkit/sysroots/i686-arago-linux/usr/bin/../lib/gcc/arm-linux-gnueabihf/4.7.3/crtbegin.o
LOAD release/main.o
LOAD release/mongoose.o
LOAD release/dt78xx_aio.o
LOAD release/dt78xx_misc.o
LOAD /opt/ti-sdk-am335x-evm-07.00.00.00/linux-devkit/sysroots/i686-arago-linux/usr/bin/../arm-linux-gnueabihf/libc/usr/lib/arm-linux-gnueabihf/4.7.3/libpthread.so
START GROUP
LOAD /opt/ti-sdk-am335x-evm-07.00.00.00/linux-devkit/sysroots/i686-arago-linux/usr/bin/../arm-linux-gnueabihf/libc/usr/lib/arm-linux-gnueabihf/4.7.3/../../lib/libpthread.so.0
LOAD /opt/ti-sdk-am335x-evm-07.00.00.00/linux-devkit/sysroots/i686-arago-linux/usr/bin/../arm-linux-gnueabihf/libc/usr/lib/arm-linux-gnueabihf/4.7.3/./libpthread_nonshared.a
END GROUP
LOAD /opt/ti-sdk-am335x-evm-07.00.00.00/linux-devkit/sysroots/i686-arago-linux/usr/bin/../arm-linux-gnueabihf/libc/usr/lib/arm-linux-gnueabihf/4.7.3/libm.so
LOAD ../../fftw-3.3.4/.libs//libfftw3f.a
LOAD /opt/ti-sdk-am335x-evm-07.00.00.00/linux-devkit/sysroots/i686-arago-linux/usr/bin/../lib/gcc/arm-linux-gnueabihf/4.7.3/libgcc.a
LOAD /opt/ti-sdk-am335x-evm-07.00.00.00/linux-devkit/sysroots/i686-arago-linux/usr/bin/../lib/gcc/arm-linux-gnueabihf/4.7.3/../../../../arm-linux-gnueabihf/lib/libgcc_s.so
START GROUP
LOAD /opt/ti-sdk-am335x-evm-07.00.00.00/linux-devkit/sysroots/i686-arago-linux/usr/bin/../lib/gcc/arm-linux-gnueabihf/4.7.3/../../../../arm-linux-gnueabihf/lib/libgcc_s.so.1
LOAD /opt/ti-sdk-am335x-evm-07.00.00.00/linux-devkit/sysroots/i686-arago-linux/usr/bin/../lib/gcc/arm-linux-gnueabihf/4.7.3/libgcc.a
END GROUP
LOAD /opt/ti-sdk-am335x-evm-07.00.00.00/linux-devkit/sysroots/i686-arago-linux/usr/bin/../arm-linux-gnueabihf/libc/usr/lib/arm-linux-gnueabihf/4.7.3/libc.so
START GROUP
LOAD /opt/ti-sdk-am335x-evm-07.00.00.00/linux-devkit/sysroots/i686-arago-linux/usr/bin/../arm-linux-gnueabihf/libc/usr/lib/arm-linux-gnueabihf/4.7.3/../../lib/libc.so.6
LOAD /opt/ti-sdk-am335x-evm-07.00.00.00/linux-devkit/sysroots/i686-arago-linux/usr/bin/../arm-linux-gnueabihf/libc/usr/lib/arm-linux-gnueabihf/4.7.3/./libc_nonshared.a
LOAD /opt/ti-sdk-am335x-evm-07.00.00.00/linux-devkit/sysroots/i686-arago-linux/usr/bin/../arm-linux-gnueabihf/libc/usr/lib/arm-linux-gnueabihf/4.7.3/../../lib/ld-linux-armhf.so.3
END GROUP
LOAD /opt/ti-sdk-am335x-evm-07.00.00.00/linux-devkit/sysroots/i686-arago-linux/usr/bin/../lib/gcc/arm-linux-gnueabihf/4.7.3/libgcc.a
LOAD /opt/ti-sdk-am335x-evm-07.00.00.00/linux-devkit/sysroots/i686-arago-linux/usr/bin/../lib/gcc/arm-linux-gnueabihf/4.7.3/../../../../arm-linux-gnueabihf/lib/libgcc_s.so
START GROUP
LOAD /opt/ti-sdk-am335x-evm-07.00.00.00/linux-devkit/sysroots/i686-arago-linux/usr/bin/../lib/gcc/arm-linux-gnueabihf/4.7.3/../../../../arm-linux-gnueabihf/lib/libgcc_s.so.1
LOAD /opt/ti-sdk-am335x-evm-07.00.00.00/linux-devkit/sysroots/i686-arago-linux/usr/bin/../lib/gcc/arm-linux-gnueabihf/4.7.3/libgcc.a
END GROUP
LOAD /opt/ti-sdk-am335x-evm-07.00.00.00/linux-devkit/sysroots/i686-arago-linux/usr/bin/../lib/gcc/arm-linux-gnueabihf/4.7.3/crtend.o
LOAD /opt/ti-sdk-am335x-evm-07.00.00.00/linux-devkit/sysroots/i686-arago-linux/usr/bin/../arm-linux-gnueabihf/libc/usr/lib/arm-linux-gnueabihf/4.7.3/crtn.o
                0x00008000                PROVIDE (__executable_start, 0x8000)
                0x00008134                . = (0x8000 + SIZEOF_HEADERS)

.interp         0x00008134       0x19
 *(.interp)
 .interp        0x00008134       0x19 /opt/ti-sdk-am335x-evm-07.00.00.00/linux-devkit/sysroots/i686-arago-linux/usr/bin/../arm-linux-gnueabihf/libc/usr/lib/arm-linux-gnueabihf/4.7.3/crt1.o

.note.ABI-tag   0x00008150       0x20
 .note.ABI-tag  0x00008150       0x20 /opt/ti-sdk-am335x-evm-07.00.00.00/linux-devkit/sysroots/i686-arago-linux/usr/bin/../arm-linux-gnueabihf/libc/usr/lib/arm-linux-gnueabihf/4.7.3/crt1.o

.note.gnu.build-id
                0x00008170       0x24
 *(.note.gnu.build-id)
 .note.gnu.build-id
                0x00008170       0x24 linker stubs

.hash
 *(.hash)

.gnu.hash       0x00008194      0x618
 *(.gnu.hash)
 .gnu.hash      0x00008194      0x618 /opt/ti-sdk-am335x-evm-07.00.00.00/linux-devkit/sysroots/i686-arago-linux/usr/bin/../arm-linux-gnueabihf/libc/usr/lib/arm-linux-gnueabihf/4.7.3/crt1.o

.dynsym         0x000087ac      0x7c0
 *(.dynsym)
 .dynsym        0x000087ac      0x7c0 /opt/ti-sdk-am335x-evm-07.00.00.00/linux-devkit/sysroots/i686-arago-linux/usr/bin/../arm-linux-gnueabihf/libc/usr/lib/arm-linux-gnueabihf/4.7.3/crt1.o

.dynstr         0x00008f6c      0x428
 *(.dynstr)
 .dynstr        0x00008f6c      0x428 /opt/ti-sdk-am335x-evm-07.00.00.00/linux-devkit/sysroots/i686-arago-linux/usr/bin/../arm-linux-gnueabihf/libc/usr/lib/arm-linux-gnueabihf/4.7.3/crt1.o

.gnu.version    0x00009394       0xf8
 *(.gnu.version)
 .gnu.version   0x00009394       0xf8 /opt/ti-sdk-am335x-evm-07.00.00.00/linux-devkit/sysroots/i686-arago-linux/usr/bin/../arm-linux-gnueabihf/libc/usr/lib/arm-linux-gnueabihf/4.7.3/crt1.o

.gnu.version_d  0x0000948c        0x0
 *(.gnu.version_d)
 .gnu.version_d
                0x00000000        0x0 /opt/ti-sdk-am335x-evm-07.00.00.00/linux-devkit/sysroots/i686-arago-linux/usr/bin/../arm-linux-gnueabihf/libc/usr/lib/arm-linux-gnueabihf/4.7.3/crt1.o

.gnu.version_r  0x0000948c       0x70
 *(.gnu.version_r)
 .gnu.version_r
                0x0000948c       0x70 /opt/ti-sdk-am335x-evm-07.00.00.00/linux-devkit/sysroots/i686-arago-linux/usr/bin/../arm-linux-gnueabihf/libc/usr/lib/arm-linux-gnueabihf/4.7.3/crt1.o

.rel.dyn        0x000094fc       0x30
 *(.rel.init)
 *(.rel.text .rel.text.* .rel.gnu.linkonce.t.*)
 *(.rel.fini)
 *(.rel.rodata .rel.rodata.* .rel.gnu.linkonce.r.*)
 *(.rel.data.rel.ro .rel.data.rel.ro.* .rel.gnu.linkonce.d.rel.ro.*)
 *(.rel.data .rel.data.* .rel.gnu.linkonce.d.*)
 *(.rel.tdata .rel.tdata.* .rel.gnu.linkonce.td.*)
 *(.rel.tbss .rel.tbss.* .rel.gnu.linkonce.tb.*)
 *(.rel.ctors)
 *(.rel.dtors)
 *(.rel.got)
 .rel.got       0x000094fc        0x8 /opt/ti-sdk-am335x-evm-07.00.00.00/linux-devkit/sysroots/i686-arago-linux/usr/bin/../arm-linux-gnueabihf/libc/usr/lib/arm-linux-gnueabihf/4.7.3/crt1.o
 *(.rel.bss .rel.bss.* .rel.gnu.linkonce.b.*)
 .rel.bss       0x00009504       0x28 /opt/ti-sdk-am335x-evm-07.00.00.00/linux-devkit/sysroots/i686-arago-linux/usr/bin/../arm-linux-gnueabihf/libc/usr/lib/arm-linux-gnueabihf/4.7.3/crt1.o
                0x0000952c                PROVIDE (__rel_iplt_start, .)
 *(.rel.iplt)
 .rel.iplt      0x00000000        0x0 /opt/ti-sdk-am335x-evm-07.00.00.00/linux-devkit/sysroots/i686-arago-linux/usr/bin/../arm-linux-gnueabihf/libc/usr/lib/arm-linux-gnueabihf/4.7.3/crt1.o
                0x0000952c                PROVIDE (__rel_iplt_end, .)
                0x0000952c                PROVIDE (__rela_iplt_start, .)
                0x0000952c                PROVIDE (__rela_iplt_end, .)

.rela.dyn       0x0000952c        0x0
 *(.rela.init)
 *(.rela.text .rela.text.* .rela.gnu.linkonce.t.*)
 *(.rela.fini)
 *(.rela.rodata .rela.rodata.* .rela.gnu.linkonce.r.*)
 *(.rela.data .rela.data.* .rela.gnu.linkonce.d.*)
 *(.rela.tdata .rela.tdata.* .rela.gnu.linkonce.td.*)
 *(.rela.tbss .rela.tbss.* .rela.gnu.linkonce.tb.*)
 *(.rela.ctors)
 *(.rela.dtors)
 *(.rela.got)
 *(.rela.bss .rela.bss.* .rela.gnu.linkonce.b.*)
                0x0000952c                PROVIDE (__rel_iplt_start, .)
                0x0000952c                PROVIDE (__rel_iplt_end, .)
                0x0000952c                PROVIDE (__rela_iplt_start, .)
 *(.rela.iplt)
                0x0000952c                PROVIDE (__rela_iplt_end, .)

.rel.plt        0x0000952c      0x3a8
 *(.rel.plt)
 .rel.plt       0x0000952c      0x3a8 /opt/ti-sdk-am335x-evm-07.00.00.00/linux-devkit/sysroots/i686-arago-linux/usr/bin/../arm-linux-gnueabihf/libc/usr/lib/arm-linux-gnueabihf/4.7.3/crt1.o

.rela.plt
 *(.rela.plt)

.init           0x000098d4        0xa
 *(SORT(.init))
 .init          0x000098d4        0x8 /opt/ti-sdk-am335x-evm-07.00.00.00/linux-devkit/sysroots/i686-arago-linux/usr/bin/../arm-linux-gnueabihf/libc/usr/lib/arm-linux-gnueabihf/4.7.3/crti.o
                0x000098d4                _init
 .init          0x000098dc        0x2 /opt/ti-sdk-am335x-evm-07.00.00.00/linux-devkit/sysroots/i686-arago-linux/usr/bin/../arm-linux-gnueabihf/libc/usr/lib/arm-linux-gnueabihf/4.7.3/crtn.o

.plt            0x000098e0      0x594
 *(.plt)
 .plt           0x000098e0      0x594 /opt/ti-sdk-am335x-evm-07.00.00.00/linux-devkit/sysroots/i686-arago-linux/usr/bin/../arm-linux-gnueabihf/libc/usr/lib/arm-linux-gnueabihf/4.7.3/crt1.o
                0x000098f4                calloc@@GLIBC_2.4
                0x00009900                raise@@GLIBC_2.4
                0x0000990c                log@@GLIBC_2.4
                0x00009918                getpwnam@@GLIBC_2.4
                0x00009924                setbuf@@GLIBC_2.4
                0x00009930                strcmp@@GLIBC_2.4
                0x0000993c                strtol@@GLIBC_2.4
                0x00009948                setsockopt@@GLIBC_2.4
                0x00009954                strcspn@@GLIBC_2.4
                0x00009960                memalign@@GLIBC_2.4
                0x0000996c                printf@@GLIBC_2.4
                0x00009978                pthread_attr_destroy@@GLIBC_2.4
                0x00009984                read@@GLIBC_2.4
                0x00009990                longjmp@@GLIBC_2.4
                0x0000999c                fflush@@GLIBC_2.4
                0x000099a8                _setjmp@@GLIBC_2.4
                0x000099b4                memmove@@GLIBC_2.4
                0x000099c0                free@@GLIBC_2.4
                0x000099cc                fgets@@GLIBC_2.4
                0x000099d8                memcpy@@GLIBC_2.4
                0x000099e4                signal@@GLIBC_2.4
                0x000099f0                time@@GLIBC_2.4
                0x000099fc                rmdir@@GLIBC_2.4
                0x00009a08                memcmp@@GLIBC_2.4
                0x00009a14                select@@GLIBC_2.4
                0x00009a20                sincos@@GLIBC_2.4
                0x00009a2c                strdup@@GLIBC_2.4
                0x00009a38                dup2@@GLIBC_2.4
                0x00009a44                realloc@@GLIBC_2.4
                0x00009a50                chdir@@GLIBC_2.4
                0x00009a5c                funlockfile@@GLIBC_2.4
                0x00009a68                perror@@GLIBC_2.4
                0x00009a74                accept@@GLIBC_2.4
                0x00009a80                sigaction@@GLIBC_2.4
                0x00009a8c                fwrite@@GLIBC_2.4
                0x00009a98                getsockopt@@GLIBC_2.4
                0x00009aa4                ioctl@@GLIBC_2.4
                0x00009ab0                lseek64@@GLIBC_2.4
                0x00009abc                strtoll@@GLIBC_2.4
                0x00009ac8                sqrtf@@GLIBC_2.4
                0x00009ad4                usleep@@GLIBC_2.4
                0x00009ae0                tcsetattr@@GLIBC_2.4
                0x00009aec                gettimeofday@@GLIBC_2.4
                0x00009af8                fread@@GLIBC_2.4
                0x00009b04                pthread_create@@GLIBC_2.4
                0x00009b10                daemon@@GLIBC_2.4
                0x00009b1c                opendir@@GLIBC_2.4
                0x00009b28                open64@@GLIBC_2.4
                0x00009b34                getenv@@GLIBC_2.4
                0x00009b40                setgid@@GLIBC_2.4
                0x00009b4c                malloc@@GLIBC_2.4
                0x00009b58                __libc_start_main@@GLIBC_2.4
                0x00009b64                strerror@@GLIBC_2.4
                0x00009b70                strftime@@GLIBC_2.4
                0x00009b7c                __sysv_signal@@GLIBC_2.4
                0x00009b88                localtime@@GLIBC_2.4
                0x00009b94                __ctype_tolower_loc@@GLIBC_2.4
                0x00009ba0                __ctype_toupper_loc@@GLIBC_2.4
                0x00009bbc                open@@GLIBC_2.4
                0x00009bc8                getopt_long@@GLIBC_2.4
                0x00009bd4                __ctype_b_loc@@GLIBC_2.4
                0x00009be0                getpid@@GLIBC_2.4
                0x00009bec                exit@@GLIBC_2.4
                0x00009bf8                syscall@@GLIBC_2.4
                0x00009c04                strlen@@GLIBC_2.4
                0x00009c10                strchr@@GLIBC_2.4
                0x00009c1c                fprintf@@GLIBC_2.4
                0x00009c28                fcntl@@GLIBC_2.4
                0x00009c34                pthread_attr_init@@GLIBC_2.4
                0x00009c40                __errno_location@@GLIBC_2.4
                0x00009c4c                snprintf@@GLIBC_2.4
                0x00009c58                __isoc99_sscanf@@GLIBC_2.7
                0x00009c64                mkdir@@GLIBC_2.4
                0x00009c70                bind@@GLIBC_2.4
                0x00009c7c                memset@@GLIBC_2.4
                0x00009c88                strncpy@@GLIBC_2.4
                0x00009c94                gmtime@@GLIBC_2.4
                0x00009ca0                fgetc@@GLIBC_2.4
                0x00009cac                write@@GLIBC_2.4
                0x00009cb8                fileno@@GLIBC_2.4
                0x00009cc4                memchr@@GLIBC_2.4
                0x00009cd0                fclose@@GLIBC_2.4
                0x00009cdc                log10f@@GLIBC_2.4
                0x00009ce8                sigemptyset@@GLIBC_2.4
                0x00009cf4                popen@@GLIBC_2.4
                0x00009d00                fork@@GLIBC_2.4
                0x00009d0c                execle@@GLIBC_2.4
                0x00009d18                strrchr@@GLIBC_2.4
                0x00009d24                listen@@GLIBC_2.4
                0x00009d30                fputc@@GLIBC_2.4
                0x00009d3c                setuid@@GLIBC_2.4
                0x00009d48                readdir64@@GLIBC_2.4
                0x00009d54                getsockname@@GLIBC_2.4
                0x00009d60                flockfile@@GLIBC_2.4
                0x00009d6c                remove@@GLIBC_2.4
                0x00009d78                vsnprintf@@GLIBC_2.4
                0x00009d84                fopen64@@GLIBC_2.4
                0x00009d90                qsort@@GLIBC_2.4
                0x00009d9c                getpeername@@GLIBC_2.4
                0x00009da8                inet_ntop@@GLIBC_2.4
                0x00009db4                socket@@GLIBC_2.4
                0x00009dc0                gethostbyname@@GLIBC_2.4
                0x00009dcc                __xstat64@@GLIBC_2.4
                0x00009dd8                pthread_attr_setdetachstate@@GLIBC_2.4
                0x00009de4                fputs@@GLIBC_2.4
                0x00009df0                abort@@GLIBC_2.4
                0x00009dfc                recv@@GLIBC_2.4
                0x00009e08                close@@GLIBC_2.4
                0x00009e14                send@@GLIBC_2.4
                0x00009e20                connect@@GLIBC_2.4
                0x00009e2c                closedir@@GLIBC_2.4
                0x00009e38                strspn@@GLIBC_2.4
                0x00009e44                __assert_fail@@GLIBC_2.4
                0x00009e50                cos@@GLIBC_2.4
                0x00009e5c                tcgetattr@@GLIBC_2.4
                0x00009e68                pclose@@GLIBC_2.4

.iplt           0x00009e74        0x0
 *(.iplt)
 .iplt          0x00000000        0x0 /opt/ti-sdk-am335x-evm-07.00.00.00/linux-devkit/sysroots/i686-arago-linux/usr/bin/../arm-linux-gnueabihf/libc/usr/lib/arm-linux-gnueabihf/4.7.3/crt1.o

.text           0x00009e78   0x162dd4
 *(.text.unlikely .text.*_unlikely)
 *(.text.exit .text.exit.*)
 *(.text.startup .text.startup.*)
 .text.startup  0x00009e78      0xac0 release/main.o
                0x00009e78                main
 *(.text.hot .text.hot.*)
 *(.text .stub .text.* .gnu.linkonce.t.*)
 .text          0x0000a938       0x38 /opt/ti-sdk-am335x-evm-07.00.00.00/linux-devkit/sysroots/i686-arago-linux/usr/bin/../arm-linux-gnueabihf/libc/usr/lib/arm-linux-gnueabihf/4.7.3/crt1.o
                0x0000a938                _start
 .text          0x0000a970       0x18 /opt/ti-sdk-am335x-evm-07.00.00.00/linux-devkit/sysroots/i686-arago-linux/usr/bin/../arm-linux-gnueabihf/libc/usr/lib/arm-linux-gnueabihf/4.7.3/crti.o
 .text          0x0000a988       0x88 /opt/ti-sdk-am335x-evm-07.00.00.00/linux-devkit/sysroots/i686-arago-linux/usr/bin/../lib/gcc/arm-linux-gnueabihf/4.7.3/crtbegin.o
 .text          0x0000aa10      0x1b8 release/main.o
 .text          0x0000abc8     0xdda8 release/mongoose.o
                0x0000e9d0                iobuf_init
                0x0000ea0c                iobuf_free
                0x0000ea40                iobuf_append
                0x0000eb20                iobuf_remove
                0x0000eb5c                ns_start_thread
                0x0000ebb0                ns_vprintf
                0x0000ecf4                ns_printf
                0x0000eedc                ns_set_close_on_exec
                0x0000eee8                ns_socketpair2
                0x0000f090                ns_socketpair
                0x0000f098                ns_set_ssl_ca_cert
                0x0000f0b8                ns_set_ssl_cert
                0x0000f0d8                ns_bind
                0x0000f298                ns_sock_to_str
                0x0000f37c                ns_hexdump
                0x0000f6d8                ns_send
                0x0000f7bc                ns_server_poll
                0x0000ff68                ns_connect
                0x000100bc                ns_add_sock
                0x00010144                ns_next
                0x00010154                ns_iterate
                0x00010188                ns_server_wakeup_ex
                0x00010228                ns_server_wakeup
                0x0001022c                ns_server_init
                0x000103b0                ns_server_free
                0x00010424                mg_start_thread
                0x00010478                mg_printf
                0x000105d4                mg_url_decode
                0x00011198                mg_get_header
                0x00011210                mg_match_prefix
                0x00011c54                mg_template
                0x00011e28                mg_write
                0x00011f20                mg_send_status
                0x000120cc                mg_send_header
                0x00012120                mg_send_data
                0x00012168                mg_printf_data
                0x00012248                mg_websocket_write
                0x00012434                mg_websocket_printf
                0x000124f4                mg_get_mime_type
                0x0001258c                mg_url_encode
                0x00012694                mg_md5
                0x000131cc                mg_parse_header
                0x000135b4                mg_authorize_digest
                0x000135cc                mg_send_file
                0x00017a64                mg_send_digest_auth_request
                0x00018038                mg_connect
                0x000180b8                mg_poll_server
                0x000180bc                mg_destroy_server
                0x00018168                mg_next
                0x00018198                mg_iterate_over_connections
                0x000181d8                mg_get_var
                0x0001824c                mg_parse_multipart
                0x000184c4                mg_get_valid_option_names
                0x000184d0                mg_set_option
                0x000186f4                mg_wakeup_server_ex
                0x00018800                mg_wakeup_server
                0x00018804                mg_set_listening_socket
                0x00018828                mg_get_listening_socket
                0x00018830                mg_get_option
                0x00018898                mg_create_server
 .text          0x00018970      0x9d8 release/dt78xx_aio.o
                0x00018970                aio_wait
                0x00018b78                aio_start
                0x00018c18                aio_stop
                0x00018d00                aio_buff_free
                0x00018d9c                aio_buff_alloc
                0x000190ac                aio_create
                0x0001916c                aio_destroy
                0x00019220                aio_buff_size
 .text          0x00019348      0x228 release/dt78xx_misc.o
                0x00019348                sigaction_register
                0x000193a4                file_sigaction_register
                0x00019480                kbhit
                0x00019530                kbfini
 .text          0x00019570      0x490 ../../fftw-3.3.4/.libs//libfftw3f.a(apiplan.o)
                0x00019570                fftwf_mkapiplan
                0x000199cc                fftwf_destroy_plan
 .text          0x00019a00       0x20 ../../fftw-3.3.4/.libs//libfftw3f.a(execute.o)
                0x00019a00                fftwf_execute
 .text          0x00019a20       0x18 ../../fftw-3.3.4/.libs//libfftw3f.a(malloc.o)
                0x00019a20                fftwf_malloc
                0x00019a24                fftwf_free
                0x00019a28                fftwf_alloc_real
                0x00019a30                fftwf_alloc_complex
 .text          0x00019a38      0x368 ../../fftw-3.3.4/.libs//libfftw3f.a(mapflags.o)
                0x00019a38                fftwf_mapflags
 .text          0x00019da0       0x34 ../../fftw-3.3.4/.libs//libfftw3f.a(plan-dft-r2c-1d.o)
                0x00019da0                fftwf_plan_dft_r2c_1d
 .text          0x00019dd4       0x48 ../../fftw-3.3.4/.libs//libfftw3f.a(plan-dft-r2c.o)
                0x00019dd4                fftwf_plan_dft_r2c
 .text          0x00019e1c      0x124 ../../fftw-3.3.4/.libs//libfftw3f.a(plan-many-dft-r2c.o)
                0x00019e1c                fftwf_plan_many_dft_r2c
 .text          0x00019f40       0x9c ../../fftw-3.3.4/.libs//libfftw3f.a(rdft2-pad.o)
                0x00019f40                fftwf_rdft2_pad
 .text          0x00019fdc       0x94 ../../fftw-3.3.4/.libs//libfftw3f.a(the-planner.o)
                0x00019fdc                fftwf_the_planner
                0x0001a008                fftwf_cleanup
                0x0001a030                fftwf_set_timelimit
 .text          0x0001a070       0x50 ../../fftw-3.3.4/.libs//libfftw3f.a(alloc.o)
                0x0001a070                fftwf_malloc_plain
                0x0001a0b0                fftwf_ifree
                0x0001a0b4                fftwf_ifree0
 .text          0x0001a0c0       0x4c ../../fftw-3.3.4/.libs//libfftw3f.a(assert.o)
                0x0001a0c0                fftwf_assertion_failed
 .text          0x0001a10c       0x1c ../../fftw-3.3.4/.libs//libfftw3f.a(extract-reim.o)
                0x0001a10c                fftwf_extract_reim
 .text          0x0001a128        0x8 ../../fftw-3.3.4/.libs//libfftw3f.a(kalloc.o)
                0x0001a128                fftwf_kernel_malloc
                0x0001a12c                fftwf_kernel_free
 .text          0x0001a130       0x84 ../../fftw-3.3.4/.libs//libfftw3f.a(plan.o)
                0x0001a130                fftwf_mkplan
                0x0001a168                fftwf_plan_destroy_internal
                0x0001a18c                fftwf_plan_null_destroy
                0x0001a190                fftwf_plan_awake
 .text          0x0001a1b4     0x18c8 ../../fftw-3.3.4/.libs//libfftw3f.a(planner.o)
                0x0001b7c4                fftwf_iestimate_cost
                0x0001b804                fftwf_mkplanner
                0x0001b954                fftwf_planner_destroy
                0x0001b9c4                fftwf_mkplan_d
                0x0001b9ec                fftwf_mkplan_f_d
 .text          0x0001ba7c      0x6c8 ../../fftw-3.3.4/.libs//libfftw3f.a(primes.o)
                0x0001ba7c                fftwf_safe_mulmod
                0x0001bae8                fftwf_power_mod
                0x0001bc2c                fftwf_find_generator
                0x0001bd50                fftwf_first_divisor
                0x0001bdd4                fftwf_is_prime
                0x0001be60                fftwf_next_prime
                0x0001beec                fftwf_factors_into
                0x0001bf54                fftwf_isqrt
                0x0001bf90                fftwf_choose_radix
                0x0001c0b4                fftwf_modulo
                0x0001c0e0                fftwf_factors_into_small_primes
 .text          0x0001c144       0x70 ../../fftw-3.3.4/.libs//libfftw3f.a(problem.o)
                0x0001c178                fftwf_mkproblem
                0x0001c18c                fftwf_problem_destroy
                0x0001c1a8                fftwf_mkproblem_unsolvable
 .text          0x0001c1b4       0x7c ../../fftw-3.3.4/.libs//libfftw3f.a(solver.o)
                0x0001c1b4                fftwf_mksolver
                0x0001c1d0                fftwf_solver_use
                0x0001c1e0                fftwf_solver_destroy
                0x0001c21c                fftwf_solver_register
 .text          0x0001c230       0x28 ../../fftw-3.3.4/.libs//libfftw3f.a(tensor1.o)
                0x0001c230                fftwf_mktensor_0d
                0x0001c238                fftwf_mktensor_1d
 .text          0x0001c258      0x280 ../../fftw-3.3.4/.libs//libfftw3f.a(timer.o)
                0x0001c258                fftwf_get_crude_time
                0x0001c288                fftwf_elapsed_since
                0x0001c300                fftwf_measure_execution_time
 .text          0x0001c4d8     0x1458 ../../fftw-3.3.4/.libs//libfftw3f.a(problem2.o)
                0x0001d6f8                fftwf_rdft2_complex_n
                0x0001d748                fftwf_mkproblem_rdft2
                0x0001d85c                fftwf_mkproblem_rdft2_d
                0x0001d8a0                fftwf_mkproblem_rdft2_d_3pointers
 .text          0x0001d930       0x20 ../../fftw-3.3.4/.libs//libfftw3f.a(configure.o)
                0x0001d930                fftwf_configure_planner
 .text          0x0001d950       0xfc ../../fftw-3.3.4/.libs//libfftw3f.a(mktensor-rowmajor.o)
                0x0001d950                fftwf_mktensor_rowmajor
                0x0001d9f4                fftwf_many_kosherp
 .text          0x0001da4c        0x8 ../../fftw-3.3.4/.libs//libfftw3f.a(align.o)
                0x0001da4c                fftwf_alignment_of
 .text          0x0001da54       0x24 ../../fftw-3.3.4/.libs//libfftw3f.a(hash.o)
                0x0001da54                fftwf_hash
 .text          0x0001da78      0x124 ../../fftw-3.3.4/.libs//libfftw3f.a(md5-1.o)
                0x0001da78                fftwf_md5putb
                0x0001daa8                fftwf_md5puts
                0x0001dad0                fftwf_md5int
                0x0001db14                fftwf_md5INT
                0x0001db58                fftwf_md5unsigned
 .text          0x0001db9c      0x46c ../../fftw-3.3.4/.libs//libfftw3f.a(md5.o)
                0x0001ddac                fftwf_md5begin
                0x0001dde4                fftwf_md5putc
                0x0001de0c                fftwf_md5end
 .text          0x0001e008      0x184 ../../fftw-3.3.4/.libs//libfftw3f.a(ops.o)
                0x0001e008                fftwf_ops_zero
                0x0001e024                fftwf_ops_cpy
                0x0001e048                fftwf_ops_other
                0x0001e06c                fftwf_ops_madd
                0x0001e0b8                fftwf_ops_add
                0x0001e0fc                fftwf_ops_add2
                0x0001e140                fftwf_ops_madd2
 .text          0x0001e18c      0x20c ../../fftw-3.3.4/.libs//libfftw3f.a(tensor.o)
                0x0001e18c                fftwf_mktensor
                0x0001e1bc                fftwf_tensor_destroy
                0x0001e1c0                fftwf_tensor_sz
                0x0001e218                fftwf_tensor_md5
                0x0001e288                fftwf_tensor_tornk1
                0x0001e2d0                fftwf_tensor_print
 .text          0x0001e398      0x304 ../../fftw-3.3.4/.libs//libfftw3f.a(tensor5.o)
                0x0001e398                fftwf_tensor_copy
                0x0001e3f0                fftwf_tensor_copy_inplace
                0x0001e4b4                fftwf_tensor_copy_except
                0x0001e56c                fftwf_tensor_copy_sub
                0x0001e5d4                fftwf_tensor_append
 .text          0x0001e69c      0x6a8 ../../fftw-3.3.4/.libs//libfftw3f.a(tensor7.o)
                0x0001e6d8                fftwf_dimcmp
                0x0001e9ec                fftwf_tensor_compress
                0x0001eaac                fftwf_tensor_compress_contiguous
                0x0001ead8                fftwf_tensor_split
                0x0001eb14                fftwf_tensor_equal
                0x0001ebd0                fftwf_tensor_inplace_locations
 .text          0x0001ed44       0x48 ../../fftw-3.3.4/.libs//libfftw3f.a(tensor8.o)
                0x0001ed44                fftwf_tensor_destroy2
                0x0001ed5c                fftwf_tensor_destroy4
 .text          0x0001ed8c       0x48 ../../fftw-3.3.4/.libs//libfftw3f.a(conf.o)
                0x0001ed8c                fftwf_dft_conf_standard
 .text          0x0001edd4      0x534 ../../fftw-3.3.4/.libs//libfftw3f.a(dftw-generic.o)
                0x0001f230                fftwf_ct_generic_register
 .text          0x0001f308      0x728 ../../fftw-3.3.4/.libs//libfftw3f.a(dftw-genericbuf.o)
                0x0001f810                fftwf_ct_genericbuf_register
 .text          0x0001fa30      0x3f4 ../../fftw-3.3.4/.libs//libfftw3f.a(generic.o)
                0x0001fdfc                fftwf_dft_generic_register
 .text          0x0001fe24      0x690 ../../fftw-3.3.4/.libs//libfftw3f.a(indirect-transpose.o)
                0x0002048c                fftwf_dft_indirect_transpose_register
 .text          0x000204b4      0x434 ../../fftw-3.3.4/.libs//libfftw3f.a(indirect.o)
                0x00020890                fftwf_dft_indirect_register
 .text          0x000208e8       0xbc ../../fftw-3.3.4/.libs//libfftw3f.a(nop.o)
                0x0002097c                fftwf_dft_nop_register
 .text          0x000209a4       0x14 ../../fftw-3.3.4/.libs//libfftw3f.a(lt3-plan.o)
                0x000209a4                fftwf_mkplan_dft
 .text          0x000209b8      0x2e8 ../../fftw-3.3.4/.libs//libfftw3f.a(lt4-problem.o)
                0x00020b74                fftwf_mkproblem_dft
                0x00020c00                fftwf_mkproblem_dft_d
 .text          0x00020ca0      0x914 ../../fftw-3.3.4/.libs//libfftw3f.a(lt5-rader.o)
                0x0002158c                fftwf_dft_rader_register
 .text          0x000215b4      0x394 ../../fftw-3.3.4/.libs//libfftw3f.a(rank-geq2.o)
                0x000218ac                fftwf_dft_rank_geq2_register
 .text          0x00021948       0x24 ../../fftw-3.3.4/.libs//libfftw3f.a(solve.o)
                0x00021948                fftwf_dft_solve
 .text          0x0002196c      0x38c ../../fftw-3.3.4/.libs//libfftw3f.a(vrank-geq1.o)
                0x00021c84                fftwf_dft_vrank_geq1_register
 .text          0x00021cf8      0x7b8 ../../fftw-3.3.4/.libs//libfftw3f.a(zero.o)
                0x00022498                fftwf_dft_zerotens
 .text          0x000224b0        0x0 ../../fftw-3.3.4/.libs//libfftw3f.a(codlist.o)
 .text          0x000224b0      0x4b4 ../../fftw-3.3.4/.libs//libfftw3f.a(n1_10.o)
                0x00022950                fftwf_codelet_n1_10
 .text          0x00022964      0x9e0 ../../fftw-3.3.4/.libs//libfftw3f.a(n1_11.o)
                0x00023330                fftwf_codelet_n1_11
 .text          0x00023344      0x564 ../../fftw-3.3.4/.libs//libfftw3f.a(n1_12.o)
                0x00023894                fftwf_codelet_n1_12
 .text          0x000238a8      0xa64 ../../fftw-3.3.4/.libs//libfftw3f.a(n1_13.o)
                0x000242f8                fftwf_codelet_n1_13
 .text          0x0002430c      0x9a4 ../../fftw-3.3.4/.libs//libfftw3f.a(n1_14.o)
                0x00024c9c                fftwf_codelet_n1_14
 .text          0x00024cb0      0x9d0 ../../fftw-3.3.4/.libs//libfftw3f.a(n1_15.o)
                0x0002566c                fftwf_codelet_n1_15
 .text          0x00025680      0x860 ../../fftw-3.3.4/.libs//libfftw3f.a(n1_16.o)
                0x00025ecc                fftwf_codelet_n1_16
 .text          0x00025ee0       0xa4 ../../fftw-3.3.4/.libs//libfftw3f.a(n1_2.o)
                0x00025f70                fftwf_codelet_n1_2
 .text          0x00025f84      0xd70 ../../fftw-3.3.4/.libs//libfftw3f.a(n1_20.o)
                0x00026ce0                fftwf_codelet_n1_20
 .text          0x00026cf4     0x1800 ../../fftw-3.3.4/.libs//libfftw3f.a(n1_25.o)
                0x000284e0                fftwf_codelet_n1_25
 .text          0x000284f4      0x108 ../../fftw-3.3.4/.libs//libfftw3f.a(n1_3.o)
                0x000285e8                fftwf_codelet_n1_3
 .text          0x000285fc     0x193c ../../fftw-3.3.4/.libs//libfftw3f.a(n1_32.o)
                0x00029f24                fftwf_codelet_n1_32
 .text          0x00029f38      0x150 ../../fftw-3.3.4/.libs//libfftw3f.a(n1_4.o)
                0x0002a074                fftwf_codelet_n1_4
 .text          0x0002a088      0x20c ../../fftw-3.3.4/.libs//libfftw3f.a(n1_5.o)
                0x0002a280                fftwf_codelet_n1_5
 .text          0x0002a294      0x24c ../../fftw-3.3.4/.libs//libfftw3f.a(n1_6.o)
                0x0002a4cc                fftwf_codelet_n1_6
 .text          0x0002a4e0     0x4570 ../../fftw-3.3.4/.libs//libfftw3f.a(n1_64.o)
                0x0002ea3c                fftwf_codelet_n1_64
 .text          0x0002ea50      0x378 ../../fftw-3.3.4/.libs//libfftw3f.a(n1_7.o)
                0x0002edb4                fftwf_codelet_n1_7
 .text          0x0002edc8      0x308 ../../fftw-3.3.4/.libs//libfftw3f.a(n1_8.o)
                0x0002f0bc                fftwf_codelet_n1_8
 .text          0x0002f0d0      0x4a0 ../../fftw-3.3.4/.libs//libfftw3f.a(n1_9.o)
                0x0002f55c                fftwf_codelet_n1_9
 .text          0x0002f570      0x144 ../../fftw-3.3.4/.libs//libfftw3f.a(q1_2.o)
                0x0002f6a0                fftwf_codelet_q1_2
 .text          0x0002f6b4      0x360 ../../fftw-3.3.4/.libs//libfftw3f.a(q1_3.o)
                0x0002fa00                fftwf_codelet_q1_3
 .text          0x0002fa14      0x700 ../../fftw-3.3.4/.libs//libfftw3f.a(q1_4.o)
                0x00030100                fftwf_codelet_q1_4
 .text          0x00030114      0xdc0 ../../fftw-3.3.4/.libs//libfftw3f.a(q1_5.o)
                0x00030ec0                fftwf_codelet_q1_5
 .text          0x00030ed4     0x15e4 ../../fftw-3.3.4/.libs//libfftw3f.a(q1_6.o)
                0x000324a4                fftwf_codelet_q1_6
 .text          0x000324b8     0x292c ../../fftw-3.3.4/.libs//libfftw3f.a(q1_8.o)
                0x00034dd0                fftwf_codelet_q1_8
 .text          0x00034de4      0x564 ../../fftw-3.3.4/.libs//libfftw3f.a(t1_10.o)
                0x00035334                fftwf_codelet_t1_10
 .text          0x00035348      0x644 ../../fftw-3.3.4/.libs//libfftw3f.a(t1_12.o)
                0x00035978                fftwf_codelet_t1_12
 .text          0x0003598c      0xb00 ../../fftw-3.3.4/.libs//libfftw3f.a(t1_15.o)
                0x00036478                fftwf_codelet_t1_15
 .text          0x0003648c      0xa68 ../../fftw-3.3.4/.libs//libfftw3f.a(t1_16.o)
                0x00036ee0                fftwf_codelet_t1_16
 .text          0x00036ef4       0xa8 ../../fftw-3.3.4/.libs//libfftw3f.a(t1_2.o)
                0x00036f88                fftwf_codelet_t1_2
 .text          0x00036f9c      0xf84 ../../fftw-3.3.4/.libs//libfftw3f.a(t1_20.o)
                0x00037f0c                fftwf_codelet_t1_20
 .text          0x00037f20     0x1a30 ../../fftw-3.3.4/.libs//libfftw3f.a(t1_25.o)
                0x0003993c                fftwf_codelet_t1_25
 .text          0x00039950      0x118 ../../fftw-3.3.4/.libs//libfftw3f.a(t1_3.o)
                0x00039a54                fftwf_codelet_t1_3
 .text          0x00039a68     0x1dc8 ../../fftw-3.3.4/.libs//libfftw3f.a(t1_32.o)
                0x0003b81c                fftwf_codelet_t1_32
 .text          0x0003b830      0x16c ../../fftw-3.3.4/.libs//libfftw3f.a(t1_4.o)
                0x0003b988                fftwf_codelet_t1_4
 .text          0x0003b99c      0x230 ../../fftw-3.3.4/.libs//libfftw3f.a(t1_5.o)
                0x0003bbb8                fftwf_codelet_t1_5
 .text          0x0003bbcc      0x290 ../../fftw-3.3.4/.libs//libfftw3f.a(t1_6.o)
                0x0003be48                fftwf_codelet_t1_6
 .text          0x0003be5c     0x4158 ../../fftw-3.3.4/.libs//libfftw3f.a(t1_64.o)
                0x0003ffa0                fftwf_codelet_t1_64
 .text          0x0003ffb4      0x3d8 ../../fftw-3.3.4/.libs//libfftw3f.a(t1_7.o)
                0x00040378                fftwf_codelet_t1_7
 .text          0x0004038c      0x36c ../../fftw-3.3.4/.libs//libfftw3f.a(t1_8.o)
                0x000406e4                fftwf_codelet_t1_8
 .text          0x000406f8      0x514 ../../fftw-3.3.4/.libs//libfftw3f.a(t1_9.o)
                0x00040bf8                fftwf_codelet_t1_9
 .text          0x00040c0c      0x590 ../../fftw-3.3.4/.libs//libfftw3f.a(t2_10.o)
                0x00041188                fftwf_codelet_t2_10
 .text          0x0004119c      0xb00 ../../fftw-3.3.4/.libs//libfftw3f.a(t2_16.o)
                0x00041c88                fftwf_codelet_t2_16
 .text          0x00041c9c      0xfd8 ../../fftw-3.3.4/.libs//libfftw3f.a(t2_20.o)
                0x00042c60                fftwf_codelet_t2_20
 .text          0x00042c74     0x1d88 ../../fftw-3.3.4/.libs//libfftw3f.a(t2_25.o)
                0x000449e8                fftwf_codelet_t2_25
 .text          0x000449fc     0x20a8 ../../fftw-3.3.4/.libs//libfftw3f.a(t2_32.o)
                0x00046a90                fftwf_codelet_t2_32
 .text          0x00046aa4      0x170 ../../fftw-3.3.4/.libs//libfftw3f.a(t2_4.o)
                0x00046c00                fftwf_codelet_t2_4
 .text          0x00046c14      0x240 ../../fftw-3.3.4/.libs//libfftw3f.a(t2_5.o)
                0x00046e40                fftwf_codelet_t2_5
 .text          0x00046e54     0x5c1c ../../fftw-3.3.4/.libs//libfftw3f.a(t2_64.o)
                0x0004ca5c                fftwf_codelet_t2_64
 .text          0x0004ca70      0x39c ../../fftw-3.3.4/.libs//libfftw3f.a(t2_8.o)
                0x0004cdf8                fftwf_codelet_t2_8
 .text          0x0004ce0c       0x68 ../../fftw-3.3.4/.libs//libfftw3f.a(lt7-conf.o)
                0x0004ce0c                fftwf_rdft_conf_standard
 *fill*         0x0004ce74        0x4 
 .text          0x0004ce78      0x3e8 ../../fftw-3.3.4/.libs//libfftw3f.a(dft-r2hc.o)
                0x0004d238                fftwf_dft_r2hc_register
 .text          0x0004d260      0x1f4 ../../fftw-3.3.4/.libs//libfftw3f.a(dht-r2hc.o)
                0x0004d42c                fftwf_dht_r2hc_register
 .text          0x0004d454      0xc20 ../../fftw-3.3.4/.libs//libfftw3f.a(dht-rader.o)
                0x0004e020                fftwf_dht_rader_register
 .text          0x0004e074      0x534 ../../fftw-3.3.4/.libs//libfftw3f.a(lt8-generic.o)
                0x0004e554                fftwf_rdft_generic_register
 .text          0x0004e5a8      0xa44 ../../fftw-3.3.4/.libs//libfftw3f.a(hc2hc-generic.o)
                0x0004ef90                fftwf_hc2hc_generic_register
 .text          0x0004efec      0x520 ../../fftw-3.3.4/.libs//libfftw3f.a(hc2hc.o)
                0x0004f420                fftwf_hc2hc_applicable
                0x0004f4d4                fftwf_mksolver_hc2hc
                0x0004f4f8                fftwf_mkplan_hc2hc
 .text          0x0004f50c      0x3b0 ../../fftw-3.3.4/.libs//libfftw3f.a(lt9-indirect.o)
                0x0004f864                fftwf_rdft_indirect_register
 .text          0x0004f8bc       0xbc ../../fftw-3.3.4/.libs//libfftw3f.a(lt10-nop.o)
                0x0004f950                fftwf_rdft_nop_register
 .text          0x0004f978       0xd0 ../../fftw-3.3.4/.libs//libfftw3f.a(nop2.o)
                0x0004fa20                fftwf_rdft2_nop_register
 .text          0x0004fa48       0x14 ../../fftw-3.3.4/.libs//libfftw3f.a(lt11-plan.o)
                0x0004fa48                fftwf_mkplan_rdft
 .text          0x0004fa5c       0x14 ../../fftw-3.3.4/.libs//libfftw3f.a(plan2.o)
                0x0004fa5c                fftwf_mkplan_rdft2
 .text          0x0004fa70      0xce8 ../../fftw-3.3.4/.libs//libfftw3f.a(lt12-problem.o)
                0x0005035c                fftwf_rdft_zerotens
                0x00050370                fftwf_rdft_kind_str
                0x00050380                fftwf_mkproblem_rdft
                0x0005067c                fftwf_mkproblem_rdft_d
                0x000506b4                fftwf_mkproblem_rdft_1
                0x000506d0                fftwf_mkproblem_rdft_1_d
                0x00050708                fftwf_mkproblem_rdft_0_d
 .text          0x00050758      0x4b0 ../../fftw-3.3.4/.libs//libfftw3f.a(rank-geq2-rdft2.o)
                0x00050b6c                fftwf_rdft2_rank_geq2_register
 .text          0x00050c08      0x37c ../../fftw-3.3.4/.libs//libfftw3f.a(lt13-rank-geq2.o)
                0x00050ee8                fftwf_rdft_rank_geq2_register
 .text          0x00050f84      0x44c ../../fftw-3.3.4/.libs//libfftw3f.a(rank0-rdft2.o)
                0x000513a8                fftwf_rdft2_rank0_register
 .text          0x000513d0     0x1e58 ../../fftw-3.3.4/.libs//libfftw3f.a(rank0.o)
                0x00053008                fftwf_rdft_rank0_register
 .text          0x00053228      0x408 ../../fftw-3.3.4/.libs//libfftw3f.a(rdft-dht.o)
                0x00053608                fftwf_rdft_dht_register
 .text          0x00053630      0x17c ../../fftw-3.3.4/.libs//libfftw3f.a(rdft2-inplace-strides.o)
                0x00053630                fftwf_rdft2_inplace_strides
 .text          0x000537ac      0xb08 ../../fftw-3.3.4/.libs//libfftw3f.a(rdft2-rdft.o)
                0x0005428c                fftwf_rdft2_rdft_register
 .text          0x000542b4       0x24 ../../fftw-3.3.4/.libs//libfftw3f.a(rdft2-strides.o)
                0x000542b4                fftwf_rdft2_strides
 .text          0x000542d8       0xec ../../fftw-3.3.4/.libs//libfftw3f.a(rdft2-tensor-max-index.o)
                0x000542d8                fftwf_rdft2_tensor_max_index
 .text          0x000543c4       0x1c ../../fftw-3.3.4/.libs//libfftw3f.a(lt14-solve.o)
                0x000543c4                fftwf_rdft_solve
 .text          0x000543e0       0x24 ../../fftw-3.3.4/.libs//libfftw3f.a(solve2.o)
                0x000543e0                fftwf_rdft2_solve
 .text          0x00054404      0x3e4 ../../fftw-3.3.4/.libs//libfftw3f.a(vrank-geq1-rdft2.o)
                0x00054774                fftwf_rdft2_vrank_geq1_register
 .text          0x000547e8      0x384 ../../fftw-3.3.4/.libs//libfftw3f.a(lt15-vrank-geq1.o)
                0x00054af8                fftwf_rdft_vrank_geq1_register
 .text          0x00054b6c     0x19dc ../../fftw-3.3.4/.libs//libfftw3f.a(vrank3-transpose.o)
                0x000564d0                fftwf_rdft_vrank3_transpose_register
 .text          0x00056548        0x0 ../../fftw-3.3.4/.libs//libfftw3f.a(lt16-codlist.o)
 .text          0x00056548      0xac0 ../../fftw-3.3.4/.libs//libfftw3f.a(hc2cf2_16.o)
                0x00056ff0                fftwf_codelet_hc2cf2_16
 .text          0x00057008      0xff0 ../../fftw-3.3.4/.libs//libfftw3f.a(hc2cf2_20.o)
                0x00057fe0                fftwf_codelet_hc2cf2_20
 .text          0x00057ff8     0x2098 ../../fftw-3.3.4/.libs//libfftw3f.a(hc2cf2_32.o)
                0x0005a078                fftwf_codelet_hc2cf2_32
 .text          0x0005a090      0x170 ../../fftw-3.3.4/.libs//libfftw3f.a(hc2cf2_4.o)
                0x0005a1e8                fftwf_codelet_hc2cf2_4
 .text          0x0005a200      0x394 ../../fftw-3.3.4/.libs//libfftw3f.a(hc2cf2_8.o)
                0x0005a57c                fftwf_codelet_hc2cf2_8
 .text          0x0005a594      0x564 ../../fftw-3.3.4/.libs//libfftw3f.a(hc2cf_10.o)
                0x0005aae0                fftwf_codelet_hc2cf_10
 .text          0x0005aaf8      0x65c ../../fftw-3.3.4/.libs//libfftw3f.a(hc2cf_12.o)
                0x0005b13c                fftwf_codelet_hc2cf_12
 .text          0x0005b154      0xa40 ../../fftw-3.3.4/.libs//libfftw3f.a(hc2cf_16.o)
                0x0005bb7c                fftwf_codelet_hc2cf_16
 .text          0x0005bb94       0xb4 ../../fftw-3.3.4/.libs//libfftw3f.a(hc2cf_2.o)
                0x0005bc30                fftwf_codelet_hc2cf_2
 .text          0x0005bc48      0xf44 ../../fftw-3.3.4/.libs//libfftw3f.a(hc2cf_20.o)
                0x0005cb74                fftwf_codelet_hc2cf_20
 .text          0x0005cb8c     0x1e38 ../../fftw-3.3.4/.libs//libfftw3f.a(hc2cf_32.o)
                0x0005e9ac                fftwf_codelet_hc2cf_32
 .text          0x0005e9c4      0x16c ../../fftw-3.3.4/.libs//libfftw3f.a(hc2cf_4.o)
                0x0005eb18                fftwf_codelet_hc2cf_4
 .text          0x0005eb30      0x294 ../../fftw-3.3.4/.libs//libfftw3f.a(hc2cf_6.o)
                0x0005edac                fftwf_codelet_hc2cf_6
 .text          0x0005edc4      0x364 ../../fftw-3.3.4/.libs//libfftw3f.a(hc2cf_8.o)
                0x0005f110                fftwf_codelet_hc2cf_8
 .text          0x0005f128      0xcac ../../fftw-3.3.4/.libs//libfftw3f.a(hc2cfdft2_16.o)
                0x0005fdbc                fftwf_codelet_hc2cfdft2_16
 .text          0x0005fdd4     0x1270 ../../fftw-3.3.4/.libs//libfftw3f.a(hc2cfdft2_20.o)
                0x0006102c                fftwf_codelet_hc2cfdft2_20
 .text          0x00061044     0x25cc ../../fftw-3.3.4/.libs//libfftw3f.a(hc2cfdft2_32.o)
                0x000635f8                fftwf_codelet_hc2cfdft2_32
 .text          0x00063610      0x1b4 ../../fftw-3.3.4/.libs//libfftw3f.a(hc2cfdft2_4.o)
                0x000637ac                fftwf_codelet_hc2cfdft2_4
 .text          0x000637c4      0x48c ../../fftw-3.3.4/.libs//libfftw3f.a(hc2cfdft2_8.o)
                0x00063c38                fftwf_codelet_hc2cfdft2_8
 .text          0x00063c50      0x66c ../../fftw-3.3.4/.libs//libfftw3f.a(hc2cfdft_10.o)
                0x000642a4                fftwf_codelet_hc2cfdft_10
 .text          0x000642bc      0x7d4 ../../fftw-3.3.4/.libs//libfftw3f.a(hc2cfdft_12.o)
                0x00064a78                fftwf_codelet_hc2cfdft_12
 .text          0x00064a90      0xb74 ../../fftw-3.3.4/.libs//libfftw3f.a(hc2cfdft_16.o)
                0x000655ec                fftwf_codelet_hc2cfdft_16
 .text          0x00065604       0xd8 ../../fftw-3.3.4/.libs//libfftw3f.a(hc2cfdft_2.o)
                0x000656c4                fftwf_codelet_hc2cfdft_2
 .text          0x000656dc     0x10e4 ../../fftw-3.3.4/.libs//libfftw3f.a(hc2cfdft_20.o)
                0x000667a8                fftwf_codelet_hc2cfdft_20
 .text          0x000667c0     0x229c ../../fftw-3.3.4/.libs//libfftw3f.a(hc2cfdft_32.o)
                0x00068a44                fftwf_codelet_hc2cfdft_32
 .text          0x00068a5c      0x1b0 ../../fftw-3.3.4/.libs//libfftw3f.a(hc2cfdft_4.o)
                0x00068bf4                fftwf_codelet_hc2cfdft_4
 .text          0x00068c0c      0x2e4 ../../fftw-3.3.4/.libs//libfftw3f.a(hc2cfdft_6.o)
                0x00068ed8                fftwf_codelet_hc2cfdft_6
 .text          0x00068ef0      0x440 ../../fftw-3.3.4/.libs//libfftw3f.a(hc2cfdft_8.o)
                0x00069318                fftwf_codelet_hc2cfdft_8
 .text          0x00069330      0xb04 ../../fftw-3.3.4/.libs//libfftw3f.a(hf2_16.o)
                0x00069e20                fftwf_codelet_hf2_16
 .text          0x00069e34     0x1028 ../../fftw-3.3.4/.libs//libfftw3f.a(hf2_20.o)
                0x0006ae48                fftwf_codelet_hf2_20
 .text          0x0006ae5c     0x1d70 ../../fftw-3.3.4/.libs//libfftw3f.a(hf2_25.o)
                0x0006cbb8                fftwf_codelet_hf2_25
 .text          0x0006cbcc     0x210c ../../fftw-3.3.4/.libs//libfftw3f.a(hf2_32.o)
                0x0006ecc4                fftwf_codelet_hf2_32
 .text          0x0006ecd8      0x180 ../../fftw-3.3.4/.libs//libfftw3f.a(hf2_4.o)
                0x0006ee44                fftwf_codelet_hf2_4
 .text          0x0006ee58      0x250 ../../fftw-3.3.4/.libs//libfftw3f.a(hf2_5.o)
                0x0006f094                fftwf_codelet_hf2_5
 .text          0x0006f0a8      0x3b4 ../../fftw-3.3.4/.libs//libfftw3f.a(hf2_8.o)
                0x0006f448                fftwf_codelet_hf2_8
 .text          0x0006f45c      0x578 ../../fftw-3.3.4/.libs//libfftw3f.a(hf_10.o)
                0x0006f9c0                fftwf_codelet_hf_10
 .text          0x0006f9d4      0x654 ../../fftw-3.3.4/.libs//libfftw3f.a(hf_12.o)
                0x00070014                fftwf_codelet_hf_12
 .text          0x00070028      0xb18 ../../fftw-3.3.4/.libs//libfftw3f.a(hf_15.o)
                0x00070b2c                fftwf_codelet_hf_15
 .text          0x00070b40      0xa6c ../../fftw-3.3.4/.libs//libfftw3f.a(hf_16.o)
                0x00071598                fftwf_codelet_hf_16
 .text          0x000715ac       0xb0 ../../fftw-3.3.4/.libs//libfftw3f.a(hf_2.o)
                0x00071648                fftwf_codelet_hf_2
 .text          0x0007165c      0xf50 ../../fftw-3.3.4/.libs//libfftw3f.a(hf_20.o)
                0x00072598                fftwf_codelet_hf_20
 .text          0x000725ac     0x19f0 ../../fftw-3.3.4/.libs//libfftw3f.a(hf_25.o)
                0x00073f88                fftwf_codelet_hf_25
 .text          0x00073f9c      0x120 ../../fftw-3.3.4/.libs//libfftw3f.a(hf_3.o)
                0x000740a8                fftwf_codelet_hf_3
 .text          0x000740bc     0x1d6c ../../fftw-3.3.4/.libs//libfftw3f.a(hf_32.o)
                0x00075e14                fftwf_codelet_hf_32
 .text          0x00075e28      0x17c ../../fftw-3.3.4/.libs//libfftw3f.a(hf_4.o)
                0x00075f90                fftwf_codelet_hf_4
 .text          0x00075fa4      0x244 ../../fftw-3.3.4/.libs//libfftw3f.a(hf_5.o)
                0x000761d4                fftwf_codelet_hf_5
 .text          0x000761e8      0x2a8 ../../fftw-3.3.4/.libs//libfftw3f.a(hf_6.o)
                0x0007647c                fftwf_codelet_hf_6
 .text          0x00076490     0x4298 ../../fftw-3.3.4/.libs//libfftw3f.a(hf_64.o)
                0x0007a714                fftwf_codelet_hf_64
 .text          0x0007a728      0x3d4 ../../fftw-3.3.4/.libs//libfftw3f.a(hf_7.o)
                0x0007aae8                fftwf_codelet_hf_7
 .text          0x0007aafc      0x37c ../../fftw-3.3.4/.libs//libfftw3f.a(hf_8.o)
                0x0007ae64                fftwf_codelet_hf_8
 .text          0x0007ae78      0x524 ../../fftw-3.3.4/.libs//libfftw3f.a(hf_9.o)
                0x0007b388                fftwf_codelet_hf_9
 .text          0x0007b39c      0x214 ../../fftw-3.3.4/.libs//libfftw3f.a(r2cfII_10.o)
                0x0007b59c                fftwf_codelet_r2cfII_10
 .text          0x0007b5b0      0x2bc ../../fftw-3.3.4/.libs//libfftw3f.a(r2cfII_12.o)
                0x0007b858                fftwf_codelet_r2cfII_12
 .text          0x0007b86c      0x408 ../../fftw-3.3.4/.libs//libfftw3f.a(r2cfII_15.o)
                0x0007bc60                fftwf_codelet_r2cfII_15
 .text          0x0007bc74      0x3cc ../../fftw-3.3.4/.libs//libfftw3f.a(r2cfII_16.o)
                0x0007c02c                fftwf_codelet_r2cfII_16
 .text          0x0007c040       0x68 ../../fftw-3.3.4/.libs//libfftw3f.a(r2cfII_2.o)
                0x0007c094                fftwf_codelet_r2cfII_2
 .text          0x0007c0a8      0x638 ../../fftw-3.3.4/.libs//libfftw3f.a(r2cfII_20.o)
                0x0007c6cc                fftwf_codelet_r2cfII_20
 .text          0x0007c6e0      0xdfc ../../fftw-3.3.4/.libs//libfftw3f.a(r2cfII_25.o)
                0x0007d4c8                fftwf_codelet_r2cfII_25
 .text          0x0007d4dc       0xa8 ../../fftw-3.3.4/.libs//libfftw3f.a(r2cfII_3.o)
                0x0007d570                fftwf_codelet_r2cfII_3
 .text          0x0007d584      0xc18 ../../fftw-3.3.4/.libs//libfftw3f.a(r2cfII_32.o)
                0x0007e188                fftwf_codelet_r2cfII_32
 .text          0x0007e19c       0xc8 ../../fftw-3.3.4/.libs//libfftw3f.a(r2cfII_4.o)
                0x0007e250                fftwf_codelet_r2cfII_4
 .text          0x0007e264      0x124 ../../fftw-3.3.4/.libs//libfftw3f.a(r2cfII_5.o)
                0x0007e374                fftwf_codelet_r2cfII_5
 .text          0x0007e388      0x12c ../../fftw-3.3.4/.libs//libfftw3f.a(r2cfII_6.o)
                0x0007e4a0                fftwf_codelet_r2cfII_6
 .text          0x0007e4b4     0x2054 ../../fftw-3.3.4/.libs//libfftw3f.a(r2cfII_64.o)
                0x000804f4                fftwf_codelet_r2cfII_64
 .text          0x00080508      0x1dc ../../fftw-3.3.4/.libs//libfftw3f.a(r2cfII_7.o)
                0x000806d0                fftwf_codelet_r2cfII_7
 .text          0x000806e4      0x1b4 ../../fftw-3.3.4/.libs//libfftw3f.a(r2cfII_8.o)
                0x00080884                fftwf_codelet_r2cfII_8
 .text          0x00080898      0x2a4 ../../fftw-3.3.4/.libs//libfftw3f.a(r2cfII_9.o)
                0x00080b28                fftwf_codelet_r2cfII_9
 .text          0x00080b3c      0x220 ../../fftw-3.3.4/.libs//libfftw3f.a(r2cf_10.o)
                0x00080d48                fftwf_codelet_r2cf_10
 .text          0x00080d5c      0x3e4 ../../fftw-3.3.4/.libs//libfftw3f.a(r2cf_11.o)
                0x0008112c                fftwf_codelet_r2cf_11
 .text          0x00081140      0x270 ../../fftw-3.3.4/.libs//libfftw3f.a(r2cf_12.o)
                0x0008139c                fftwf_codelet_r2cf_12
 .text          0x000813b0     0x4c7c ../../fftw-3.3.4/.libs//libfftw3f.a(r2cf_128.o)
                0x00086018                fftwf_codelet_r2cf_128
 .text          0x0008602c      0x410 ../../fftw-3.3.4/.libs//libfftw3f.a(r2cf_13.o)
                0x00086428                fftwf_codelet_r2cf_13
 .text          0x0008643c      0x378 ../../fftw-3.3.4/.libs//libfftw3f.a(r2cf_14.o)
                0x000867a0                fftwf_codelet_r2cf_14
 .text          0x000867b4      0x3e4 ../../fftw-3.3.4/.libs//libfftw3f.a(r2cf_15.o)
                0x00086b84                fftwf_codelet_r2cf_15
 .text          0x00086b98      0x378 ../../fftw-3.3.4/.libs//libfftw3f.a(r2cf_16.o)
                0x00086efc                fftwf_codelet_r2cf_16
 .text          0x00086f10       0x74 ../../fftw-3.3.4/.libs//libfftw3f.a(r2cf_2.o)
                0x00086f70                fftwf_codelet_r2cf_2
 .text          0x00086f84      0x4f8 ../../fftw-3.3.4/.libs//libfftw3f.a(r2cf_20.o)
                0x00087468                fftwf_codelet_r2cf_20
 .text          0x0008747c      0xe08 ../../fftw-3.3.4/.libs//libfftw3f.a(r2cf_25.o)
                0x00088270                fftwf_codelet_r2cf_25
 .text          0x00088284       0xb0 ../../fftw-3.3.4/.libs//libfftw3f.a(r2cf_3.o)
                0x00088320                fftwf_codelet_r2cf_3
 .text          0x00088334      0xab4 ../../fftw-3.3.4/.libs//libfftw3f.a(r2cf_32.o)
                0x00088dd4                fftwf_codelet_r2cf_32
 .text          0x00088de8       0xb8 ../../fftw-3.3.4/.libs//libfftw3f.a(r2cf_4.o)
                0x00088e8c                fftwf_codelet_r2cf_4
 .text          0x00088ea0      0x124 ../../fftw-3.3.4/.libs//libfftw3f.a(r2cf_5.o)
                0x00088fb0                fftwf_codelet_r2cf_5
 .text          0x00088fc4      0x150 ../../fftw-3.3.4/.libs//libfftw3f.a(r2cf_6.o)
                0x00089100                fftwf_codelet_r2cf_6
 .text          0x00089114     0x1d7c ../../fftw-3.3.4/.libs//libfftw3f.a(r2cf_64.o)
                0x0008ae7c                fftwf_codelet_r2cf_64
 .text          0x0008ae90      0x1d0 ../../fftw-3.3.4/.libs//libfftw3f.a(r2cf_7.o)
                0x0008b04c                fftwf_codelet_r2cf_7
 .text          0x0008b060      0x184 ../../fftw-3.3.4/.libs//libfftw3f.a(r2cf_8.o)
                0x0008b1d0                fftwf_codelet_r2cf_8
 .text          0x0008b1e4      0x290 ../../fftw-3.3.4/.libs//libfftw3f.a(r2cf_9.o)
                0x0008b460                fftwf_codelet_r2cf_9
 .text          0x0008b474        0x0 ../../fftw-3.3.4/.libs//libfftw3f.a(lt17-codlist.o)
 .text          0x0008b474      0xd10 ../../fftw-3.3.4/.libs//libfftw3f.a(hb2_16.o)
                0x0008c170                fftwf_codelet_hb2_16
 .text          0x0008c184     0x121c ../../fftw-3.3.4/.libs//libfftw3f.a(hb2_20.o)
                0x0008d38c                fftwf_codelet_hb2_20
 .text          0x0008d3a0     0x1e94 ../../fftw-3.3.4/.libs//libfftw3f.a(hb2_25.o)
                0x0008f220                fftwf_codelet_hb2_25
 .text          0x0008f234     0x21d0 ../../fftw-3.3.4/.libs//libfftw3f.a(hb2_32.o)
                0x000913f0                fftwf_codelet_hb2_32
 .text          0x00091404      0x180 ../../fftw-3.3.4/.libs//libfftw3f.a(hb2_4.o)
                0x00091570                fftwf_codelet_hb2_4
 .text          0x00091584      0x260 ../../fftw-3.3.4/.libs//libfftw3f.a(hb2_5.o)
                0x000917d0                fftwf_codelet_hb2_5
 .text          0x000917e4      0x488 ../../fftw-3.3.4/.libs//libfftw3f.a(hb2_8.o)
                0x00091c58                fftwf_codelet_hb2_8
 .text          0x00091c6c      0x514 ../../fftw-3.3.4/.libs//libfftw3f.a(hb_10.o)
                0x0009216c                fftwf_codelet_hb_10
 .text          0x00092180      0x654 ../../fftw-3.3.4/.libs//libfftw3f.a(hb_12.o)
                0x000927c0                fftwf_codelet_hb_12
 .text          0x000927d4      0x994 ../../fftw-3.3.4/.libs//libfftw3f.a(hb_15.o)
                0x00093154                fftwf_codelet_hb_15
 .text          0x00093168      0x954 ../../fftw-3.3.4/.libs//libfftw3f.a(hb_16.o)
                0x00093aa8                fftwf_codelet_hb_16
 .text          0x00093abc       0xb0 ../../fftw-3.3.4/.libs//libfftw3f.a(hb_2.o)
                0x00093b58                fftwf_codelet_hb_2
 .text          0x00093b6c      0xdfc ../../fftw-3.3.4/.libs//libfftw3f.a(hb_20.o)
                0x00094954                fftwf_codelet_hb_20
 .text          0x00094968     0x1794 ../../fftw-3.3.4/.libs//libfftw3f.a(hb_25.o)
                0x000960e8                fftwf_codelet_hb_25
 .text          0x000960fc      0x120 ../../fftw-3.3.4/.libs//libfftw3f.a(hb_3.o)
                0x00096208                fftwf_codelet_hb_3
 .text          0x0009621c     0x18bc ../../fftw-3.3.4/.libs//libfftw3f.a(hb_32.o)
                0x00097ac4                fftwf_codelet_hb_32
 .text          0x00097ad8      0x174 ../../fftw-3.3.4/.libs//libfftw3f.a(hb_4.o)
                0x00097c38                fftwf_codelet_hb_4
 .text          0x00097c4c      0x248 ../../fftw-3.3.4/.libs//libfftw3f.a(hb_5.o)
                0x00097e80                fftwf_codelet_hb_5
 .text          0x00097e94      0x29c ../../fftw-3.3.4/.libs//libfftw3f.a(hb_6.o)
                0x0009811c                fftwf_codelet_hb_6
 .text          0x00098130     0x3eec ../../fftw-3.3.4/.libs//libfftw3f.a(hb_64.o)
                0x0009c008                fftwf_codelet_hb_64
 .text          0x0009c01c      0x3d0 ../../fftw-3.3.4/.libs//libfftw3f.a(hb_7.o)
                0x0009c3d8                fftwf_codelet_hb_7
 .text          0x0009c3ec      0x37c ../../fftw-3.3.4/.libs//libfftw3f.a(hb_8.o)
                0x0009c754                fftwf_codelet_hb_8
 .text          0x0009c768      0x510 ../../fftw-3.3.4/.libs//libfftw3f.a(hb_9.o)
                0x0009cc64                fftwf_codelet_hb_9
 .text          0x0009cc78      0xcac ../../fftw-3.3.4/.libs//libfftw3f.a(hc2cb2_16.o)
                0x0009d90c                fftwf_codelet_hc2cb2_16
 .text          0x0009d924     0x11d0 ../../fftw-3.3.4/.libs//libfftw3f.a(hc2cb2_20.o)
                0x0009eadc                fftwf_codelet_hc2cb2_20
 .text          0x0009eaf4     0x2360 ../../fftw-3.3.4/.libs//libfftw3f.a(hc2cb2_32.o)
                0x000a0e3c                fftwf_codelet_hc2cb2_32
 .text          0x000a0e54      0x170 ../../fftw-3.3.4/.libs//libfftw3f.a(hc2cb2_4.o)
                0x000a0fac                fftwf_codelet_hc2cb2_4
 .text          0x000a0fc4      0x450 ../../fftw-3.3.4/.libs//libfftw3f.a(hc2cb2_8.o)
                0x000a13fc                fftwf_codelet_hc2cb2_8
 .text          0x000a1414      0x4f0 ../../fftw-3.3.4/.libs//libfftw3f.a(hc2cb_10.o)
                0x000a18ec                fftwf_codelet_hc2cb_10
 .text          0x000a1904      0x62c ../../fftw-3.3.4/.libs//libfftw3f.a(hc2cb_12.o)
                0x000a1f18                fftwf_codelet_hc2cb_12
 .text          0x000a1f30      0x8f4 ../../fftw-3.3.4/.libs//libfftw3f.a(hc2cb_16.o)
                0x000a280c                fftwf_codelet_hc2cb_16
 .text          0x000a2824       0xb4 ../../fftw-3.3.4/.libs//libfftw3f.a(hc2cb_2.o)
                0x000a28c0                fftwf_codelet_hc2cb_2
 .text          0x000a28d8      0xdac ../../fftw-3.3.4/.libs//libfftw3f.a(hc2cb_20.o)
                0x000a366c                fftwf_codelet_hc2cb_20
 .text          0x000a3684     0x1830 ../../fftw-3.3.4/.libs//libfftw3f.a(hc2cb_32.o)
                0x000a4e9c                fftwf_codelet_hc2cb_32
 .text          0x000a4eb4      0x164 ../../fftw-3.3.4/.libs//libfftw3f.a(hc2cb_4.o)
                0x000a5000                fftwf_codelet_hc2cb_4
 .text          0x000a5018      0x288 ../../fftw-3.3.4/.libs//libfftw3f.a(hc2cb_6.o)
                0x000a5288                fftwf_codelet_hc2cb_6
 .text          0x000a52a0      0x350 ../../fftw-3.3.4/.libs//libfftw3f.a(hc2cb_8.o)
                0x000a55d8                fftwf_codelet_hc2cb_8
 .text          0x000a55f0      0x9f0 ../../fftw-3.3.4/.libs//libfftw3f.a(hc2cbdft2_16.o)
                0x000a5fc8                fftwf_codelet_hc2cbdft2_16
 .text          0x000a5fe0      0xe58 ../../fftw-3.3.4/.libs//libfftw3f.a(hc2cbdft2_20.o)
                0x000a6e20                fftwf_codelet_hc2cbdft2_20
 .text          0x000a6e38     0x1b38 ../../fftw-3.3.4/.libs//libfftw3f.a(hc2cbdft2_32.o)
                0x000a8958                fftwf_codelet_hc2cbdft2_32
 .text          0x000a8970      0x18c ../../fftw-3.3.4/.libs//libfftw3f.a(hc2cbdft2_4.o)
                0x000a8ae4                fftwf_codelet_hc2cbdft2_4
 .text          0x000a8afc      0x3a8 ../../fftw-3.3.4/.libs//libfftw3f.a(hc2cbdft2_8.o)
                0x000a8e8c                fftwf_codelet_hc2cbdft2_8
 .text          0x000a8ea4      0x588 ../../fftw-3.3.4/.libs//libfftw3f.a(hc2cbdft_10.o)
                0x000a9414                fftwf_codelet_hc2cbdft_10
 .text          0x000a942c      0x670 ../../fftw-3.3.4/.libs//libfftw3f.a(hc2cbdft_12.o)
                0x000a9a84                fftwf_codelet_hc2cbdft_12
 .text          0x000a9a9c      0x9f0 ../../fftw-3.3.4/.libs//libfftw3f.a(hc2cbdft_16.o)
                0x000aa474                fftwf_codelet_hc2cbdft_16
 .text          0x000aa48c       0xc4 ../../fftw-3.3.4/.libs//libfftw3f.a(hc2cbdft_2.o)
                0x000aa538                fftwf_codelet_hc2cbdft_2
 .text          0x000aa550      0xe58 ../../fftw-3.3.4/.libs//libfftw3f.a(hc2cbdft_20.o)
                0x000ab390                fftwf_codelet_hc2cbdft_20
 .text          0x000ab3a8     0x1b38 ../../fftw-3.3.4/.libs//libfftw3f.a(hc2cbdft_32.o)
                0x000acec8                fftwf_codelet_hc2cbdft_32
 .text          0x000acee0      0x18c ../../fftw-3.3.4/.libs//libfftw3f.a(hc2cbdft_4.o)
                0x000ad054                fftwf_codelet_hc2cbdft_4
 .text          0x000ad06c      0x2bc ../../fftw-3.3.4/.libs//libfftw3f.a(hc2cbdft_6.o)
                0x000ad310                fftwf_codelet_hc2cbdft_6
 .text          0x000ad328      0x3a8 ../../fftw-3.3.4/.libs//libfftw3f.a(hc2cbdft_8.o)
                0x000ad6b8                fftwf_codelet_hc2cbdft_8
 .text          0x000ad6d0      0x224 ../../fftw-3.3.4/.libs//libfftw3f.a(r2cbIII_10.o)
                0x000ad8e0                fftwf_codelet_r2cbIII_10
 .text          0x000ad8f4      0x2b8 ../../fftw-3.3.4/.libs//libfftw3f.a(r2cbIII_12.o)
                0x000adb98                fftwf_codelet_r2cbIII_12
 .text          0x000adbac      0x3d8 ../../fftw-3.3.4/.libs//libfftw3f.a(r2cbIII_15.o)
                0x000adf70                fftwf_codelet_r2cbIII_15
 .text          0x000adf84      0x418 ../../fftw-3.3.4/.libs//libfftw3f.a(r2cbIII_16.o)
                0x000ae388                fftwf_codelet_r2cbIII_16
 .text          0x000ae39c       0x70 ../../fftw-3.3.4/.libs//libfftw3f.a(r2cbIII_2.o)
                0x000ae3f8                fftwf_codelet_r2cbIII_2
 .text          0x000ae40c      0x55c ../../fftw-3.3.4/.libs//libfftw3f.a(r2cbIII_20.o)
                0x000ae954                fftwf_codelet_r2cbIII_20
 .text          0x000ae968      0x9d0 ../../fftw-3.3.4/.libs//libfftw3f.a(r2cbIII_25.o)
                0x000af324                fftwf_codelet_r2cbIII_25
 .text          0x000af338       0xa8 ../../fftw-3.3.4/.libs//libfftw3f.a(r2cbIII_3.o)
                0x000af3cc                fftwf_codelet_r2cbIII_3
 .text          0x000af3e0      0xcc0 ../../fftw-3.3.4/.libs//libfftw3f.a(r2cbIII_32.o)
                0x000b008c                fftwf_codelet_r2cbIII_32
 .text          0x000b00a0       0xcc ../../fftw-3.3.4/.libs//libfftw3f.a(r2cbIII_4.o)
                0x000b0158                fftwf_codelet_r2cbIII_4
 .text          0x000b016c      0x128 ../../fftw-3.3.4/.libs//libfftw3f.a(r2cbIII_5.o)
                0x000b0280                fftwf_codelet_r2cbIII_5
 .text          0x000b0294      0x13c ../../fftw-3.3.4/.libs//libfftw3f.a(r2cbIII_6.o)
                0x000b03bc                fftwf_codelet_r2cbIII_6
 .text          0x000b03d0     0x1ff8 ../../fftw-3.3.4/.libs//libfftw3f.a(r2cbIII_64.o)
                0x000b23b4                fftwf_codelet_r2cbIII_64
 .text          0x000b23c8      0x1e0 ../../fftw-3.3.4/.libs//libfftw3f.a(r2cbIII_7.o)
                0x000b2594                fftwf_codelet_r2cbIII_7
 .text          0x000b25a8      0x1c8 ../../fftw-3.3.4/.libs//libfftw3f.a(r2cbIII_8.o)
                0x000b275c                fftwf_codelet_r2cbIII_8
 .text          0x000b2770      0x254 ../../fftw-3.3.4/.libs//libfftw3f.a(r2cbIII_9.o)
                0x000b29b0                fftwf_codelet_r2cbIII_9
 .text          0x000b29c4      0x224 ../../fftw-3.3.4/.libs//libfftw3f.a(r2cb_10.o)
                0x000b2bd4                fftwf_codelet_r2cb_10
 .text          0x000b2be8      0x3bc ../../fftw-3.3.4/.libs//libfftw3f.a(r2cb_11.o)
                0x000b2f90                fftwf_codelet_r2cb_11
 .text          0x000b2fa4      0x278 ../../fftw-3.3.4/.libs//libfftw3f.a(r2cb_12.o)
                0x000b3208                fftwf_codelet_r2cb_12
 .text          0x000b321c     0x4e44 ../../fftw-3.3.4/.libs//libfftw3f.a(r2cb_128.o)
                0x000b804c                fftwf_codelet_r2cb_128
 .text          0x000b8060      0x3e8 ../../fftw-3.3.4/.libs//libfftw3f.a(r2cb_13.o)
                0x000b8434                fftwf_codelet_r2cb_13
 .text          0x000b8448      0x37c ../../fftw-3.3.4/.libs//libfftw3f.a(r2cb_14.o)
                0x000b87b0                fftwf_codelet_r2cb_14
 .text          0x000b87c4      0x3a0 ../../fftw-3.3.4/.libs//libfftw3f.a(r2cb_15.o)
                0x000b8b50                fftwf_codelet_r2cb_15
 .text          0x000b8b64      0x370 ../../fftw-3.3.4/.libs//libfftw3f.a(r2cb_16.o)
                0x000b8ec0                fftwf_codelet_r2cb_16
 .text          0x000b8ed4       0x74 ../../fftw-3.3.4/.libs//libfftw3f.a(r2cb_2.o)
                0x000b8f34                fftwf_codelet_r2cb_2
 .text          0x000b8f48      0x4c8 ../../fftw-3.3.4/.libs//libfftw3f.a(r2cb_20.o)
                0x000b93fc                fftwf_codelet_r2cb_20
 .text          0x000b9410      0x9b0 ../../fftw-3.3.4/.libs//libfftw3f.a(r2cb_25.o)
                0x000b9dac                fftwf_codelet_r2cb_25
 .text          0x000b9dc0       0xac ../../fftw-3.3.4/.libs//libfftw3f.a(r2cb_3.o)
                0x000b9e58                fftwf_codelet_r2cb_3
 .text          0x000b9e6c      0xab8 ../../fftw-3.3.4/.libs//libfftw3f.a(r2cb_32.o)
                0x000ba910                fftwf_codelet_r2cb_32
 .text          0x000ba924       0xc0 ../../fftw-3.3.4/.libs//libfftw3f.a(r2cb_4.o)
                0x000ba9d0                fftwf_codelet_r2cb_4
 .text          0x000ba9e4      0x128 ../../fftw-3.3.4/.libs//libfftw3f.a(r2cb_5.o)
                0x000baaf8                fftwf_codelet_r2cb_5
 .text          0x000bab0c      0x140 ../../fftw-3.3.4/.libs//libfftw3f.a(r2cb_6.o)
                0x000bac38                fftwf_codelet_r2cb_6
 .text          0x000bac4c     0x1b9c ../../fftw-3.3.4/.libs//libfftw3f.a(r2cb_64.o)
                0x000bc7d4                fftwf_codelet_r2cb_64
 .text          0x000bc7e8      0x1c8 ../../fftw-3.3.4/.libs//libfftw3f.a(r2cb_7.o)
                0x000bc99c                fftwf_codelet_r2cb_7
 .text          0x000bc9b0      0x19c ../../fftw-3.3.4/.libs//libfftw3f.a(r2cb_8.o)
                0x000bcb38                fftwf_codelet_r2cb_8
 .text          0x000bcb4c      0x240 ../../fftw-3.3.4/.libs//libfftw3f.a(r2cb_9.o)
                0x000bcd78                fftwf_codelet_r2cb_9
 .text          0x000bcd8c        0x0 ../../fftw-3.3.4/.libs//libfftw3f.a(lt18-codlist.o)
 .text          0x000bcd8c      0x238 ../../fftw-3.3.4/.libs//libfftw3f.a(e01_8.o)
                0x000bcfb0                fftwf_codelet_e01_8
 .text          0x000bcfc4      0x244 ../../fftw-3.3.4/.libs//libfftw3f.a(e10_8.o)
                0x000bd1f4                fftwf_codelet_e10_8
 .text          0x000bd208       0x10 ../../fftw-3.3.4/.libs//libfftw3f.a(lt19-conf.o)
                0x000bd208                fftwf_reodft_conf_standard
 .text          0x000bd218      0x3d8 ../../fftw-3.3.4/.libs//libfftw3f.a(redft00e-r2hc-pad.o)
                0x000bd5c8                fftwf_redft00e_r2hc_pad_register
 .text          0x000bd5f0      0xbc8 ../../fftw-3.3.4/.libs//libfftw3f.a(reodft00e-splitradix.o)
                0x000be18c                fftwf_reodft00e_splitradix_register
 .text          0x000be1b8      0xccc ../../fftw-3.3.4/.libs//libfftw3f.a(reodft010e-r2hc.o)
                0x000bee5c                fftwf_reodft010e_r2hc_register
 .text          0x000bee84      0xf60 ../../fftw-3.3.4/.libs//libfftw3f.a(reodft11e-r2hc-odd.o)
                0x000bfdbc                fftwf_reodft11e_r2hc_odd_register
 .text          0x000bfde4      0xcb4 ../../fftw-3.3.4/.libs//libfftw3f.a(reodft11e-radix2.o)
                0x000c0a70                fftwf_reodft11e_radix2_r2hc_register
 .text          0x000c0a98      0x3ec ../../fftw-3.3.4/.libs//libfftw3f.a(rodft00e-r2hc-pad.o)
                0x000c0e5c                fftwf_rodft00e_r2hc_pad_register
 .text          0x000c0e84       0xa8 ../../fftw-3.3.4/.libs//libfftw3f.a(neon.o)
                0x000c0ef8                fftwf_have_simd_neon
 .text          0x000c0f2c        0x0 ../../fftw-3.3.4/.libs//libfftw3f.a(lt20-codlist.o)
 *fill*         0x000c0f2c        0x4 
 .text          0x000c0f30      0x3c8 ../../fftw-3.3.4/.libs//libfftw3f.a(n1bv_10.o)
                0x000c12e4                fftwf_codelet_n1bv_10_neon
 .text          0x000c12f8      0x6b0 ../../fftw-3.3.4/.libs//libfftw3f.a(n1bv_11.o)
                0x000c1990                fftwf_codelet_n1bv_11_neon
 .text          0x000c19a8      0x420 ../../fftw-3.3.4/.libs//libfftw3f.a(n1bv_12.o)
                0x000c1db4                fftwf_codelet_n1bv_12_neon
 .text          0x000c1dc8     0x9720 ../../fftw-3.3.4/.libs//libfftw3f.a(n1bv_128.o)
                0x000cb4d4                fftwf_codelet_n1bv_128_neon
 .text          0x000cb4e8      0x788 ../../fftw-3.3.4/.libs//libfftw3f.a(n1bv_13.o)
                0x000cbc5c                fftwf_codelet_n1bv_13_neon
 .text          0x000cbc70      0x728 ../../fftw-3.3.4/.libs//libfftw3f.a(n1bv_14.o)
                0x000cc384                fftwf_codelet_n1bv_14_neon
 .text          0x000cc398      0x728 ../../fftw-3.3.4/.libs//libfftw3f.a(n1bv_15.o)
                0x000ccaac                fftwf_codelet_n1bv_15_neon
 .text          0x000ccac0      0x698 ../../fftw-3.3.4/.libs//libfftw3f.a(n1bv_16.o)
                0x000cd144                fftwf_codelet_n1bv_16_neon
 .text          0x000cd158       0xb0 ../../fftw-3.3.4/.libs//libfftw3f.a(n1bv_2.o)
                0x000cd1f4                fftwf_codelet_n1bv_2_neon
 .text          0x000cd208      0x988 ../../fftw-3.3.4/.libs//libfftw3f.a(n1bv_20.o)
                0x000cdb78                fftwf_codelet_n1bv_20_neon
 .text          0x000cdb90     0x1a08 ../../fftw-3.3.4/.libs//libfftw3f.a(n1bv_25.o)
                0x000cf580                fftwf_codelet_n1bv_25_neon
 .text          0x000cf598      0x170 ../../fftw-3.3.4/.libs//libfftw3f.a(n1bv_3.o)
                0x000cf6f0                fftwf_codelet_n1bv_3_neon
 .text          0x000cf708     0x1428 ../../fftw-3.3.4/.libs//libfftw3f.a(n1bv_32.o)
                0x000d0b18                fftwf_codelet_n1bv_32_neon
 .text          0x000d0b30      0x1a8 ../../fftw-3.3.4/.libs//libfftw3f.a(n1bv_4.o)
                0x000d0cc0                fftwf_codelet_n1bv_4_neon
 .text          0x000d0cd8      0x288 ../../fftw-3.3.4/.libs//libfftw3f.a(n1bv_5.o)
                0x000d0f48                fftwf_codelet_n1bv_5_neon
 .text          0x000d0f60      0x2a8 ../../fftw-3.3.4/.libs//libfftw3f.a(n1bv_6.o)
                0x000d11f0                fftwf_codelet_n1bv_6_neon
 .text          0x000d1208     0x3c00 ../../fftw-3.3.4/.libs//libfftw3f.a(n1bv_64.o)
                0x000d4df4                fftwf_codelet_n1bv_64_neon
 .text          0x000d4e08      0x3e8 ../../fftw-3.3.4/.libs//libfftw3f.a(n1bv_7.o)
                0x000d51d8                fftwf_codelet_n1bv_7_neon
 .text          0x000d51f0      0x370 ../../fftw-3.3.4/.libs//libfftw3f.a(n1bv_8.o)
                0x000d5548                fftwf_codelet_n1bv_8_neon
 .text          0x000d5560      0x4a8 ../../fftw-3.3.4/.libs//libfftw3f.a(n1bv_9.o)
                0x000d59f4                fftwf_codelet_n1bv_9_neon
 .text          0x000d5a08      0x3d0 ../../fftw-3.3.4/.libs//libfftw3f.a(n1fv_10.o)
                0x000d5dc4                fftwf_codelet_n1fv_10_neon
 .text          0x000d5dd8      0x6d8 ../../fftw-3.3.4/.libs//libfftw3f.a(n1fv_11.o)
                0x000d6498                fftwf_codelet_n1fv_11_neon
 .text          0x000d64b0      0x418 ../../fftw-3.3.4/.libs//libfftw3f.a(n1fv_12.o)
                0x000d68b4                fftwf_codelet_n1fv_12_neon
 .text          0x000d68c8     0x9778 ../../fftw-3.3.4/.libs//libfftw3f.a(n1fv_128.o)
                0x000e002c                fftwf_codelet_n1fv_128_neon
 .text          0x000e0040      0x798 ../../fftw-3.3.4/.libs//libfftw3f.a(n1fv_13.o)
                0x000e07c0                fftwf_codelet_n1fv_13_neon
 .text          0x000e07d8      0x730 ../../fftw-3.3.4/.libs//libfftw3f.a(n1fv_14.o)
                0x000e0ef4                fftwf_codelet_n1fv_14_neon
 .text          0x000e0f08      0x758 ../../fftw-3.3.4/.libs//libfftw3f.a(n1fv_15.o)
                0x000e164c                fftwf_codelet_n1fv_15_neon
 .text          0x000e1660      0x670 ../../fftw-3.3.4/.libs//libfftw3f.a(n1fv_16.o)
                0x000e1cbc                fftwf_codelet_n1fv_16_neon
 .text          0x000e1cd0       0xb0 ../../fftw-3.3.4/.libs//libfftw3f.a(n1fv_2.o)
                0x000e1d6c                fftwf_codelet_n1fv_2_neon
 .text          0x000e1d80      0x980 ../../fftw-3.3.4/.libs//libfftw3f.a(n1fv_20.o)
                0x000e26e8                fftwf_codelet_n1fv_20_neon
 .text          0x000e2700     0x1a88 ../../fftw-3.3.4/.libs//libfftw3f.a(n1fv_25.o)
                0x000e4170                fftwf_codelet_n1fv_25_neon
 .text          0x000e4188      0x170 ../../fftw-3.3.4/.libs//libfftw3f.a(n1fv_3.o)
                0x000e42e0                fftwf_codelet_n1fv_3_neon
 .text          0x000e42f8     0x1418 ../../fftw-3.3.4/.libs//libfftw3f.a(n1fv_32.o)
                0x000e56fc                fftwf_codelet_n1fv_32_neon
 .text          0x000e5710      0x1a8 ../../fftw-3.3.4/.libs//libfftw3f.a(n1fv_4.o)
                0x000e58a0                fftwf_codelet_n1fv_4_neon
 .text          0x000e58b8      0x280 ../../fftw-3.3.4/.libs//libfftw3f.a(n1fv_5.o)
                0x000e5b20                fftwf_codelet_n1fv_5_neon
 .text          0x000e5b38      0x2a8 ../../fftw-3.3.4/.libs//libfftw3f.a(n1fv_6.o)
                0x000e5dc8                fftwf_codelet_n1fv_6_neon
 .text          0x000e5de0     0x3c60 ../../fftw-3.3.4/.libs//libfftw3f.a(n1fv_64.o)
                0x000e9a28                fftwf_codelet_n1fv_64_neon
 .text          0x000e9a40      0x3e0 ../../fftw-3.3.4/.libs//libfftw3f.a(n1fv_7.o)
                0x000e9e08                fftwf_codelet_n1fv_7_neon
 .text          0x000e9e20      0x370 ../../fftw-3.3.4/.libs//libfftw3f.a(n1fv_8.o)
                0x000ea178                fftwf_codelet_n1fv_8_neon
 .text          0x000ea190      0x4d8 ../../fftw-3.3.4/.libs//libfftw3f.a(n1fv_9.o)
                0x000ea654                fftwf_codelet_n1fv_9_neon
 .text          0x000ea668      0x2e0 ../../fftw-3.3.4/.libs//libfftw3f.a(n2bv_10.o)
                0x000ea934                fftwf_codelet_n2bv_10_neon
 .text          0x000ea948      0x300 ../../fftw-3.3.4/.libs//libfftw3f.a(n2bv_12.o)
                0x000eac34                fftwf_codelet_n2bv_12_neon
 .text          0x000eac48      0x5e0 ../../fftw-3.3.4/.libs//libfftw3f.a(n2bv_14.o)
                0x000eb214                fftwf_codelet_n2bv_14_neon
 .text          0x000eb228      0x4c8 ../../fftw-3.3.4/.libs//libfftw3f.a(n2bv_16.o)
                0x000eb6dc                fftwf_codelet_n2bv_16_neon
 .text          0x000eb6f0       0x8c ../../fftw-3.3.4/.libs//libfftw3f.a(n2bv_2.o)
                0x000eb768                fftwf_codelet_n2bv_2_neon
 *fill*         0x000eb77c        0x4 
 .text          0x000eb780      0x7f0 ../../fftw-3.3.4/.libs//libfftw3f.a(n2bv_20.o)
                0x000ebf58                fftwf_codelet_n2bv_20_neon
 .text          0x000ebf70     0x1148 ../../fftw-3.3.4/.libs//libfftw3f.a(n2bv_32.o)
                0x000ed0a4                fftwf_codelet_n2bv_32_neon
 .text          0x000ed0b8      0x120 ../../fftw-3.3.4/.libs//libfftw3f.a(n2bv_4.o)
                0x000ed1c0                fftwf_codelet_n2bv_4_neon
 .text          0x000ed1d8      0x1d0 ../../fftw-3.3.4/.libs//libfftw3f.a(n2bv_6.o)
                0x000ed390                fftwf_codelet_n2bv_6_neon
 .text          0x000ed3a8     0x33b0 ../../fftw-3.3.4/.libs//libfftw3f.a(n2bv_64.o)
                0x000f0740                fftwf_codelet_n2bv_64_neon
 .text          0x000f0758      0x238 ../../fftw-3.3.4/.libs//libfftw3f.a(n2bv_8.o)
                0x000f0978                fftwf_codelet_n2bv_8_neon
 .text          0x000f0990      0x2f0 ../../fftw-3.3.4/.libs//libfftw3f.a(n2fv_10.o)
                0x000f0c6c                fftwf_codelet_n2fv_10_neon
 .text          0x000f0c80      0x300 ../../fftw-3.3.4/.libs//libfftw3f.a(n2fv_12.o)
                0x000f0f6c                fftwf_codelet_n2fv_12_neon
 .text          0x000f0f80      0x610 ../../fftw-3.3.4/.libs//libfftw3f.a(n2fv_14.o)
                0x000f1578                fftwf_codelet_n2fv_14_neon
 .text          0x000f1590      0x4e8 ../../fftw-3.3.4/.libs//libfftw3f.a(n2fv_16.o)
                0x000f1a64                fftwf_codelet_n2fv_16_neon
 .text          0x000f1a78       0x8c ../../fftw-3.3.4/.libs//libfftw3f.a(n2fv_2.o)
                0x000f1af0                fftwf_codelet_n2fv_2_neon
 *fill*         0x000f1b04        0x4 
 .text          0x000f1b08      0x7b0 ../../fftw-3.3.4/.libs//libfftw3f.a(n2fv_20.o)
                0x000f22a0                fftwf_codelet_n2fv_20_neon
 .text          0x000f22b8     0x1130 ../../fftw-3.3.4/.libs//libfftw3f.a(n2fv_32.o)
                0x000f33d4                fftwf_codelet_n2fv_32_neon
 .text          0x000f33e8      0x120 ../../fftw-3.3.4/.libs//libfftw3f.a(n2fv_4.o)
                0x000f34f0                fftwf_codelet_n2fv_4_neon
 .text          0x000f3508      0x1c8 ../../fftw-3.3.4/.libs//libfftw3f.a(n2fv_6.o)
                0x000f36b8                fftwf_codelet_n2fv_6_neon
 .text          0x000f36d0     0x3528 ../../fftw-3.3.4/.libs//libfftw3f.a(n2fv_64.o)
                0x000f6be0                fftwf_codelet_n2fv_64_neon
 .text          0x000f6bf8      0x228 ../../fftw-3.3.4/.libs//libfftw3f.a(n2fv_8.o)
                0x000f6e08                fftwf_codelet_n2fv_8_neon
 .text          0x000f6e20     0x1668 ../../fftw-3.3.4/.libs//libfftw3f.a(n2sv_16.o)
                0x000f8470                fftwf_codelet_n2sv_16_neon
 .text          0x000f8488     0x33f0 ../../fftw-3.3.4/.libs//libfftw3f.a(n2sv_32.o)
                0x000fb860                fftwf_codelet_n2sv_32_neon
 .text          0x000fb878      0x310 ../../fftw-3.3.4/.libs//libfftw3f.a(n2sv_4.o)
                0x000fbb74                fftwf_codelet_n2sv_4_neon
 .text          0x000fbb88     0x9e98 ../../fftw-3.3.4/.libs//libfftw3f.a(n2sv_64.o)
                0x00105a08                fftwf_codelet_n2sv_64_neon
 .text          0x00105a20      0x740 ../../fftw-3.3.4/.libs//libfftw3f.a(n2sv_8.o)
                0x0010614c                fftwf_codelet_n2sv_8_neon
 .text          0x00106160      0x188 ../../fftw-3.3.4/.libs//libfftw3f.a(q1bv_2.o)
                0x001062d0                fftwf_codelet_q1bv_2_neon
 .text          0x001062e8      0x950 ../../fftw-3.3.4/.libs//libfftw3f.a(q1bv_4.o)
                0x00106c20                fftwf_codelet_q1bv_4_neon
 .text          0x00106c38     0x1340 ../../fftw-3.3.4/.libs//libfftw3f.a(q1bv_5.o)
                0x00107f60                fftwf_codelet_q1bv_5_neon
 .text          0x00107f78     0x3560 ../../fftw-3.3.4/.libs//libfftw3f.a(q1bv_8.o)
                0x0010b4c0                fftwf_codelet_q1bv_8_neon
 .text          0x0010b4d8      0x188 ../../fftw-3.3.4/.libs//libfftw3f.a(q1fv_2.o)
                0x0010b648                fftwf_codelet_q1fv_2_neon
 .text          0x0010b660      0x958 ../../fftw-3.3.4/.libs//libfftw3f.a(q1fv_4.o)
                0x0010bfa4                fftwf_codelet_q1fv_4_neon
 .text          0x0010bfb8     0x1388 ../../fftw-3.3.4/.libs//libfftw3f.a(q1fv_5.o)
                0x0010d32c                fftwf_codelet_q1fv_5_neon
 .text          0x0010d340     0x35c8 ../../fftw-3.3.4/.libs//libfftw3f.a(q1fv_8.o)
                0x001108f0                fftwf_codelet_q1fv_8_neon
 .text          0x00110908      0x698 ../../fftw-3.3.4/.libs//libfftw3f.a(t1buv_10.o)
                0x00110f8c                fftwf_codelet_t1buv_10_neon
 .text          0x00110fa0       0xe0 ../../fftw-3.3.4/.libs//libfftw3f.a(t1buv_2.o)
                0x00111068                fftwf_codelet_t1buv_2_neon
 .text          0x00111080      0x190 ../../fftw-3.3.4/.libs//libfftw3f.a(t1buv_3.o)
                0x001111f8                fftwf_codelet_t1buv_3_neon
 .text          0x00111210      0x1f8 ../../fftw-3.3.4/.libs//libfftw3f.a(t1buv_4.o)
                0x001113f0                fftwf_codelet_t1buv_4_neon
 .text          0x00111408      0x308 ../../fftw-3.3.4/.libs//libfftw3f.a(t1buv_5.o)
                0x001116f8                fftwf_codelet_t1buv_5_neon
 .text          0x00111710      0x388 ../../fftw-3.3.4/.libs//libfftw3f.a(t1buv_6.o)
                0x00111a80                fftwf_codelet_t1buv_6_neon
 .text          0x00111a98      0x518 ../../fftw-3.3.4/.libs//libfftw3f.a(t1buv_7.o)
                0x00111f98                fftwf_codelet_t1buv_7_neon
 .text          0x00111fb0      0x4d0 ../../fftw-3.3.4/.libs//libfftw3f.a(t1buv_8.o)
                0x00112468                fftwf_codelet_t1buv_8_neon
 .text          0x00112480      0x750 ../../fftw-3.3.4/.libs//libfftw3f.a(t1buv_9.o)
                0x00112bb8                fftwf_codelet_t1buv_9_neon
 .text          0x00112bd0      0x4e8 ../../fftw-3.3.4/.libs//libfftw3f.a(t1bv_10.o)
                0x001130a0                fftwf_codelet_t1bv_10_neon
 .text          0x001130b8      0x5f0 ../../fftw-3.3.4/.libs//libfftw3f.a(t1bv_12.o)
                0x00113690                fftwf_codelet_t1bv_12_neon
 .text          0x001136a8      0x978 ../../fftw-3.3.4/.libs//libfftw3f.a(t1bv_15.o)
                0x00114008                fftwf_codelet_t1bv_15_neon
 .text          0x00114020      0x900 ../../fftw-3.3.4/.libs//libfftw3f.a(t1bv_16.o)
                0x00114908                fftwf_codelet_t1bv_16_neon
 .text          0x00114920       0xb8 ../../fftw-3.3.4/.libs//libfftw3f.a(t1bv_2.o)
                0x001149c0                fftwf_codelet_t1bv_2_neon
 .text          0x001149d8      0xc88 ../../fftw-3.3.4/.libs//libfftw3f.a(t1bv_20.o)
                0x0011564c                fftwf_codelet_t1bv_20_neon
 .text          0x00115660     0x1e78 ../../fftw-3.3.4/.libs//libfftw3f.a(t1bv_25.o)
                0x001174c0                fftwf_codelet_t1bv_25_neon
 .text          0x001174d8      0x138 ../../fftw-3.3.4/.libs//libfftw3f.a(t1bv_3.o)
                0x001175f8                fftwf_codelet_t1bv_3_neon
 .text          0x00117610     0x1a58 ../../fftw-3.3.4/.libs//libfftw3f.a(t1bv_32.o)
                0x00119054                fftwf_codelet_t1bv_32_neon
 .text          0x00119068      0x170 ../../fftw-3.3.4/.libs//libfftw3f.a(t1bv_4.o)
                0x001191c0                fftwf_codelet_t1bv_4_neon
 .text          0x001191d8      0x238 ../../fftw-3.3.4/.libs//libfftw3f.a(t1bv_5.o)
                0x001193f8                fftwf_codelet_t1bv_5_neon
 .text          0x00119410      0x288 ../../fftw-3.3.4/.libs//libfftw3f.a(t1bv_6.o)
                0x00119680                fftwf_codelet_t1bv_6_neon
 .text          0x00119698     0x44a8 ../../fftw-3.3.4/.libs//libfftw3f.a(t1bv_64.o)
                0x0011db28                fftwf_codelet_t1bv_64_neon
 .text          0x0011db40      0x3c8 ../../fftw-3.3.4/.libs//libfftw3f.a(t1bv_7.o)
                0x0011def0                fftwf_codelet_t1bv_7_neon
 .text          0x0011df08      0x340 ../../fftw-3.3.4/.libs//libfftw3f.a(t1bv_8.o)
                0x0011e230                fftwf_codelet_t1bv_8_neon
 .text          0x0011e248      0x5a0 ../../fftw-3.3.4/.libs//libfftw3f.a(t1bv_9.o)
                0x0011e7d0                fftwf_codelet_t1bv_9_neon
 .text          0x0011e7e8      0x668 ../../fftw-3.3.4/.libs//libfftw3f.a(t1fuv_10.o)
                0x0011ee38                fftwf_codelet_t1fuv_10_neon
 .text          0x0011ee50       0xe0 ../../fftw-3.3.4/.libs//libfftw3f.a(t1fuv_2.o)
                0x0011ef18                fftwf_codelet_t1fuv_2_neon
 .text          0x0011ef30      0x190 ../../fftw-3.3.4/.libs//libfftw3f.a(t1fuv_3.o)
                0x0011f0a8                fftwf_codelet_t1fuv_3_neon
 .text          0x0011f0c0      0x1f8 ../../fftw-3.3.4/.libs//libfftw3f.a(t1fuv_4.o)
                0x0011f2a0                fftwf_codelet_t1fuv_4_neon
 .text          0x0011f2b8      0x308 ../../fftw-3.3.4/.libs//libfftw3f.a(t1fuv_5.o)
                0x0011f5a8                fftwf_codelet_t1fuv_5_neon
 .text          0x0011f5c0      0x380 ../../fftw-3.3.4/.libs//libfftw3f.a(t1fuv_6.o)
                0x0011f928                fftwf_codelet_t1fuv_6_neon
 .text          0x0011f940      0x4e8 ../../fftw-3.3.4/.libs//libfftw3f.a(t1fuv_7.o)
                0x0011fe10                fftwf_codelet_t1fuv_7_neon
 .text          0x0011fe28      0x4b8 ../../fftw-3.3.4/.libs//libfftw3f.a(t1fuv_8.o)
                0x001202c8                fftwf_codelet_t1fuv_8_neon
 .text          0x001202e0      0x768 ../../fftw-3.3.4/.libs//libfftw3f.a(t1fuv_9.o)
                0x00120a30                fftwf_codelet_t1fuv_9_neon
 .text          0x00120a48      0x4f0 ../../fftw-3.3.4/.libs//libfftw3f.a(t1fv_10.o)
                0x00120f20                fftwf_codelet_t1fv_10_neon
 .text          0x00120f38      0x5a8 ../../fftw-3.3.4/.libs//libfftw3f.a(t1fv_12.o)
                0x001214cc                fftwf_codelet_t1fv_12_neon
 .text          0x001214e0      0x950 ../../fftw-3.3.4/.libs//libfftw3f.a(t1fv_15.o)
                0x00121e18                fftwf_codelet_t1fv_15_neon
 .text          0x00121e30      0x928 ../../fftw-3.3.4/.libs//libfftw3f.a(t1fv_16.o)
                0x00122740                fftwf_codelet_t1fv_16_neon
 .text          0x00122758       0xb8 ../../fftw-3.3.4/.libs//libfftw3f.a(t1fv_2.o)
                0x001227f8                fftwf_codelet_t1fv_2_neon
 .text          0x00122810      0xd00 ../../fftw-3.3.4/.libs//libfftw3f.a(t1fv_20.o)
                0x001234f8                fftwf_codelet_t1fv_20_neon
 .text          0x00123510     0x1ee8 ../../fftw-3.3.4/.libs//libfftw3f.a(t1fv_25.o)
                0x001253e0                fftwf_codelet_t1fv_25_neon
 .text          0x001253f8      0x138 ../../fftw-3.3.4/.libs//libfftw3f.a(t1fv_3.o)
                0x00125518                fftwf_codelet_t1fv_3_neon
 .text          0x00125530     0x19d8 ../../fftw-3.3.4/.libs//libfftw3f.a(t1fv_32.o)
                0x00126ef4                fftwf_codelet_t1fv_32_neon
 .text          0x00126f08      0x170 ../../fftw-3.3.4/.libs//libfftw3f.a(t1fv_4.o)
                0x00127060                fftwf_codelet_t1fv_4_neon
 .text          0x00127078      0x238 ../../fftw-3.3.4/.libs//libfftw3f.a(t1fv_5.o)
                0x00127298                fftwf_codelet_t1fv_5_neon
 .text          0x001272b0      0x288 ../../fftw-3.3.4/.libs//libfftw3f.a(t1fv_6.o)
                0x00127520                fftwf_codelet_t1fv_6_neon
 .text          0x00127538     0x4958 ../../fftw-3.3.4/.libs//libfftw3f.a(t1fv_64.o)
                0x0012be7c                fftwf_codelet_t1fv_64_neon
 .text          0x0012be90      0x3c0 ../../fftw-3.3.4/.libs//libfftw3f.a(t1fv_7.o)
                0x0012c238                fftwf_codelet_t1fv_7_neon
 .text          0x0012c250      0x348 ../../fftw-3.3.4/.libs//libfftw3f.a(t1fv_8.o)
                0x0012c580                fftwf_codelet_t1fv_8_neon
 .text          0x0012c598      0x5a8 ../../fftw-3.3.4/.libs//libfftw3f.a(t1fv_9.o)
                0x0012cb2c                fftwf_codelet_t1fv_9_neon
 .text          0x0012cb40     0x10c0 ../../fftw-3.3.4/.libs//libfftw3f.a(t1sv_16.o)
                0x0012dbec                fftwf_codelet_t1sv_16_neon
 .text          0x0012dc00       0xac ../../fftw-3.3.4/.libs//libfftw3f.a(t1sv_2.o)
                0x0012dc98                fftwf_codelet_t1sv_2_neon
 *fill*         0x0012dcac        0x4 
 .text          0x0012dcb0     0x3478 ../../fftw-3.3.4/.libs//libfftw3f.a(t1sv_32.o)
                0x00131114                fftwf_codelet_t1sv_32_neon
 .text          0x00131128      0x19c ../../fftw-3.3.4/.libs//libfftw3f.a(t1sv_4.o)
                0x001312b0                fftwf_codelet_t1sv_4_neon
 *fill*         0x001312c4        0x4 
 .text          0x001312c8      0x4b0 ../../fftw-3.3.4/.libs//libfftw3f.a(t1sv_8.o)
                0x00131760                fftwf_codelet_t1sv_8_neon
 .text          0x00131778      0x410 ../../fftw-3.3.4/.libs//libfftw3f.a(t2bv_10.o)
                0x00131b70                fftwf_codelet_t2bv_10_neon
 .text          0x00131b88      0x738 ../../fftw-3.3.4/.libs//libfftw3f.a(t2bv_16.o)
                0x001322a8                fftwf_codelet_t2bv_16_neon
 .text          0x001322c0       0x88 ../../fftw-3.3.4/.libs//libfftw3f.a(t2bv_2.o)
                0x00132334                fftwf_codelet_t2bv_2_neon
 .text          0x00132348      0xb08 ../../fftw-3.3.4/.libs//libfftw3f.a(t2bv_20.o)
                0x00132e38                fftwf_codelet_t2bv_20_neon
 .text          0x00132e50     0x1b78 ../../fftw-3.3.4/.libs//libfftw3f.a(t2bv_25.o)
                0x001349b0                fftwf_codelet_t2bv_25_neon
 .text          0x001349c8     0x1650 ../../fftw-3.3.4/.libs//libfftw3f.a(t2bv_32.o)
                0x00136004                fftwf_codelet_t2bv_32_neon
 .text          0x00136018      0x128 ../../fftw-3.3.4/.libs//libfftw3f.a(t2bv_4.o)
                0x00136128                fftwf_codelet_t2bv_4_neon
 .text          0x00136140      0x200 ../../fftw-3.3.4/.libs//libfftw3f.a(t2bv_5.o)
                0x00136328                fftwf_codelet_t2bv_5_neon
 .text          0x00136340     0x3f00 ../../fftw-3.3.4/.libs//libfftw3f.a(t2bv_64.o)
                0x0013a228                fftwf_codelet_t2bv_64_neon
 .text          0x0013a240      0x2a8 ../../fftw-3.3.4/.libs//libfftw3f.a(t2bv_8.o)
                0x0013a4d0                fftwf_codelet_t2bv_8_neon
 .text          0x0013a4e8      0x408 ../../fftw-3.3.4/.libs//libfftw3f.a(t2fv_10.o)
                0x0013a8d8                fftwf_codelet_t2fv_10_neon
 .text          0x0013a8f0      0x770 ../../fftw-3.3.4/.libs//libfftw3f.a(t2fv_16.o)
                0x0013b048                fftwf_codelet_t2fv_16_neon
 .text          0x0013b060       0x88 ../../fftw-3.3.4/.libs//libfftw3f.a(t2fv_2.o)
                0x0013b0d4                fftwf_codelet_t2fv_2_neon
 .text          0x0013b0e8      0xac8 ../../fftw-3.3.4/.libs//libfftw3f.a(t2fv_20.o)
                0x0013bb98                fftwf_codelet_t2fv_20_neon
 .text          0x0013bbb0     0x1c20 ../../fftw-3.3.4/.libs//libfftw3f.a(t2fv_25.o)