Archive member included because of file (symbol)

/opt/ti-sdk-am335x-evm-07.00.00.00/linux-devkit/sysroots/i686-arago-linux/usr/bin/../lib/gcc/arm-linux-gnueabihf/4.7.3/libgcc.a(_divsi3.o)
                              release/dt78xx_aio.o (__aeabi_idiv)
/opt/ti-sdk-am335x-evm-07.00.00.00/linux-devkit/sysroots/i686-arago-linux/usr/bin/../lib/gcc/arm-linux-gnueabihf/4.7.3/libgcc.a(_arm_addsubdf3.o)
                              release/mongoose.o (__aeabi_l2d)
/opt/ti-sdk-am335x-evm-07.00.00.00/linux-devkit/sysroots/i686-arago-linux/usr/bin/../lib/gcc/arm-linux-gnueabihf/4.7.3/libgcc.a(_dvmd_lnx.o)
                              /opt/ti-sdk-am335x-evm-07.00.00.00/linux-devkit/sysroots/i686-arago-linux/usr/bin/../lib/gcc/arm-linux-gnueabihf/4.7.3/libgcc.a(_divsi3.o) (__aeabi_idiv0)
/opt/ti-sdk-am335x-evm-07.00.00.00/linux-devkit/sysroots/i686-arago-linux/usr/bin/../arm-linux-gnueabihf/libc/usr/lib/arm-linux-gnueabihf/4.7.3/./libc_nonshared.a(elf-init.oS)
                              /opt/ti-sdk-am335x-evm-07.00.00.00/linux-devkit/sysroots/i686-arago-linux/usr/bin/../arm-linux-gnueabihf/libc/usr/lib/arm-linux-gnueabihf/4.7.3/crt1.o (__libc_csu_init)

Discarded input sections

 .note.GNU-stack
                0x00000000        0x0 /opt/ti-sdk-am335x-evm-07.00.00.00/linux-devkit/sysroots/i686-arago-linux/usr/bin/../arm-linux-gnueabihf/libc/usr/lib/arm-linux-gnueabihf/4.7.3/crt1.o
 .gnu_debuglink
                0x00000000        0xc /opt/ti-sdk-am335x-evm-07.00.00.00/linux-devkit/sysroots/i686-arago-linux/usr/bin/../arm-linux-gnueabihf/libc/usr/lib/arm-linux-gnueabihf/4.7.3/crt1.o
 .note.GNU-stack
                0x00000000        0x0 /opt/ti-sdk-am335x-evm-07.00.00.00/linux-devkit/sysroots/i686-arago-linux/usr/bin/../arm-linux-gnueabihf/libc/usr/lib/arm-linux-gnueabihf/4.7.3/crti.o
 .gnu_debuglink
                0x00000000        0xc /opt/ti-sdk-am335x-evm-07.00.00.00/linux-devkit/sysroots/i686-arago-linux/usr/bin/../arm-linux-gnueabihf/libc/usr/lib/arm-linux-gnueabihf/4.7.3/crti.o
 .note.GNU-stack
                0x00000000        0x0 /opt/ti-sdk-am335x-evm-07.00.00.00/linux-devkit/sysroots/i686-arago-linux/usr/bin/../lib/gcc/arm-linux-gnueabihf/4.7.3/crtbegin.o
 .note.GNU-stack
                0x00000000        0x0 release/main.o
 .note.GNU-stack
                0x00000000        0x0 release/mongoose.o
 .note.GNU-stack
                0x00000000        0x0 release/dt78xx_aio.o
 .note.GNU-stack
                0x00000000        0x0 release/dt78xx_misc.o
 .note.GNU-stack
                0x00000000        0x0 /opt/ti-sdk-am335x-evm-07.00.00.00/linux-devkit/sysroots/i686-arago-linux/usr/bin/../lib/gcc/arm-linux-gnueabihf/4.7.3/libgcc.a(_divsi3.o)
 .note.GNU-stack
                0x00000000        0x0 /opt/ti-sdk-am335x-evm-07.00.00.00/linux-devkit/sysroots/i686-arago-linux/usr/bin/../lib/gcc/arm-linux-gnueabihf/4.7.3/libgcc.a(_arm_addsubdf3.o)
 .note.GNU-stack
                0x00000000        0x0 /opt/ti-sdk-am335x-evm-07.00.00.00/linux-devkit/sysroots/i686-arago-linux/usr/bin/../lib/gcc/arm-linux-gnueabihf/4.7.3/libgcc.a(_dvmd_lnx.o)
 .note.GNU-stack
                0x00000000        0x0 /opt/ti-sdk-am335x-evm-07.00.00.00/linux-devkit/sysroots/i686-arago-linux/usr/bin/../arm-linux-gnueabihf/libc/usr/lib/arm-linux-gnueabihf/4.7.3/./libc_nonshared.a(elf-init.oS)
 .note.GNU-stack
                0x00000000        0x0 /opt/ti-sdk-am335x-evm-07.00.00.00/linux-devkit/sysroots/i686-arago-linux/usr/bin/../lib/gcc/arm-linux-gnueabihf/4.7.3/crtend.o
 .note.GNU-stack
                0x00000000        0x0 /opt/ti-sdk-am335x-evm-07.00.00.00/linux-devkit/sysroots/i686-arago-linux/usr/bin/../arm-linux-gnueabihf/libc/usr/lib/arm-linux-gnueabihf/4.7.3/crtn.o
 .gnu_debuglink
                0x00000000        0xc /opt/ti-sdk-am335x-evm-07.00.00.00/linux-devkit/sysroots/i686-arago-linux/usr/bin/../arm-linux-gnueabihf/libc/usr/lib/arm-linux-gnueabihf/4.7.3/crtn.o

Memory Configuration

Name             Origin             Length             Attributes
*default*        0x00000000         0xffffffff

Linker script and memory map

LOAD /opt/ti-sdk-am335x-evm-07.00.00.00/linux-devkit/sysroots/i686-arago-linux/usr/bin/../arm-linux-gnueabihf/libc/usr/lib/arm-linux-gnueabihf/4.7.3/crt1.o
LOAD /opt/ti-sdk-am335x-evm-07.00.00.00/linux-devkit/sysroots/i686-arago-linux/usr/bin/../arm-linux-gnueabihf/libc/usr/lib/arm-linux-gnueabihf/4.7.3/crti.o
LOAD /opt/ti-sdk-am335x-evm-07.00.00.00/linux-devkit/sysroots/i686-arago-linux/usr/bin/../lib/gcc/arm-linux-gnueabihf/4.7.3/crtbegin.o
LOAD release/main.o
LOAD release/mongoose.o
LOAD release/dt78xx_aio.o
LOAD release/dt78xx_misc.o
LOAD /opt/ti-sdk-am335x-evm-07.00.00.00/linux-devkit/sysroots/i686-arago-linux/usr/bin/../arm-linux-gnueabihf/libc/usr/lib/arm-linux-gnueabihf/4.7.3/libpthread.so
START GROUP
LOAD /opt/ti-sdk-am335x-evm-07.00.00.00/linux-devkit/sysroots/i686-arago-linux/usr/bin/../arm-linux-gnueabihf/libc/usr/lib/arm-linux-gnueabihf/4.7.3/../../lib/libpthread.so.0
LOAD /opt/ti-sdk-am335x-evm-07.00.00.00/linux-devkit/sysroots/i686-arago-linux/usr/bin/../arm-linux-gnueabihf/libc/usr/lib/arm-linux-gnueabihf/4.7.3/./libpthread_nonshared.a
END GROUP
LOAD /opt/ti-sdk-am335x-evm-07.00.00.00/linux-devkit/sysroots/i686-arago-linux/usr/bin/../arm-linux-gnueabihf/libc/usr/lib/arm-linux-gnueabihf/4.7.3/libm.so
LOAD ../../fftw-3.3.4/.libs//libfftw3f.a
LOAD /opt/ti-sdk-am335x-evm-07.00.00.00/linux-devkit/sysroots/i686-arago-linux/usr/bin/../lib/gcc/arm-linux-gnueabihf/4.7.3/libgcc.a
LOAD /opt/ti-sdk-am335x-evm-07.00.00.00/linux-devkit/sysroots/i686-arago-linux/usr/bin/../lib/gcc/arm-linux-gnueabihf/4.7.3/../../../../arm-linux-gnueabihf/lib/libgcc_s.so
START GROUP
LOAD /opt/ti-sdk-am335x-evm-07.00.00.00/linux-devkit/sysroots/i686-arago-linux/usr/bin/../lib/gcc/arm-linux-gnueabihf/4.7.3/../../../../arm-linux-gnueabihf/lib/libgcc_s.so.1
LOAD /opt/ti-sdk-am335x-evm-07.00.00.00/linux-devkit/sysroots/i686-arago-linux/usr/bin/../lib/gcc/arm-linux-gnueabihf/4.7.3/libgcc.a
END GROUP
LOAD /opt/ti-sdk-am335x-evm-07.00.00.00/linux-devkit/sysroots/i686-arago-linux/usr/bin/../arm-linux-gnueabihf/libc/usr/lib/arm-linux-gnueabihf/4.7.3/libc.so
START GROUP
LOAD /opt/ti-sdk-am335x-evm-07.00.00.00/linux-devkit/sysroots/i686-arago-linux/usr/bin/../arm-linux-gnueabihf/libc/usr/lib/arm-linux-gnueabihf/4.7.3/../../lib/libc.so.6
LOAD /opt/ti-sdk-am335x-evm-07.00.00.00/linux-devkit/sysroots/i686-arago-linux/usr/bin/../arm-linux-gnueabihf/libc/usr/lib/arm-linux-gnueabihf/4.7.3/./libc_nonshared.a
LOAD /opt/ti-sdk-am335x-evm-07.00.00.00/linux-devkit/sysroots/i686-arago-linux/usr/bin/../arm-linux-gnueabihf/libc/usr/lib/arm-linux-gnueabihf/4.7.3/../../lib/ld-linux-armhf.so.3
END GROUP
LOAD /opt/ti-sdk-am335x-evm-07.00.00.00/linux-devkit/sysroots/i686-arago-linux/usr/bin/../lib/gcc/arm-linux-gnueabihf/4.7.3/libgcc.a
LOAD /opt/ti-sdk-am335x-evm-07.00.00.00/linux-devkit/sysroots/i686-arago-linux/usr/bin/../lib/gcc/arm-linux-gnueabihf/4.7.3/../../../../arm-linux-gnueabihf/lib/libgcc_s.so
START GROUP
LOAD /opt/ti-sdk-am335x-evm-07.00.00.00/linux-devkit/sysroots/i686-arago-linux/usr/bin/../lib/gcc/arm-linux-gnueabihf/4.7.3/../../../../arm-linux-gnueabihf/lib/libgcc_s.so.1
LOAD /opt/ti-sdk-am335x-evm-07.00.00.00/linux-devkit/sysroots/i686-arago-linux/usr/bin/../lib/gcc/arm-linux-gnueabihf/4.7.3/libgcc.a
END GROUP
LOAD /opt/ti-sdk-am335x-evm-07.00.00.00/linux-devkit/sysroots/i686-arago-linux/usr/bin/../lib/gcc/arm-linux-gnueabihf/4.7.3/crtend.o
LOAD /opt/ti-sdk-am335x-evm-07.00.00.00/linux-devkit/sysroots/i686-arago-linux/usr/bin/../arm-linux-gnueabihf/libc/usr/lib/arm-linux-gnueabihf/4.7.3/crtn.o
                0x00008000                PROVIDE (__executable_start, 0x8000)
                0x00008134                . = (0x8000 + SIZEOF_HEADERS)

.interp         0x00008134       0x19
 *(.interp)
 .interp        0x00008134       0x19 /opt/ti-sdk-am335x-evm-07.00.00.00/linux-devkit/sysroots/i686-arago-linux/usr/bin/../arm-linux-gnueabihf/libc/usr/lib/arm-linux-gnueabihf/4.7.3/crt1.o

.note.ABI-tag   0x00008150       0x20
 .note.ABI-tag  0x00008150       0x20 /opt/ti-sdk-am335x-evm-07.00.00.00/linux-devkit/sysroots/i686-arago-linux/usr/bin/../arm-linux-gnueabihf/libc/usr/lib/arm-linux-gnueabihf/4.7.3/crt1.o

.note.gnu.build-id
                0x00008170       0x24
 *(.note.gnu.build-id)
 .note.gnu.build-id
                0x00008170       0x24 linker stubs

.hash
 *(.hash)

.gnu.hash       0x00008194      0x4f8
 *(.gnu.hash)
 .gnu.hash      0x00008194      0x4f8 /opt/ti-sdk-am335x-evm-07.00.00.00/linux-devkit/sysroots/i686-arago-linux/usr/bin/../arm-linux-gnueabihf/libc/usr/lib/arm-linux-gnueabihf/4.7.3/crt1.o

.dynsym         0x0000868c      0x750
 *(.dynsym)
 .dynsym        0x0000868c      0x750 /opt/ti-sdk-am335x-evm-07.00.00.00/linux-devkit/sysroots/i686-arago-linux/usr/bin/../arm-linux-gnueabihf/libc/usr/lib/arm-linux-gnueabihf/4.7.3/crt1.o

.dynstr         0x00008ddc      0x3fe
 *(.dynstr)
 .dynstr        0x00008ddc      0x3fe /opt/ti-sdk-am335x-evm-07.00.00.00/linux-devkit/sysroots/i686-arago-linux/usr/bin/../arm-linux-gnueabihf/libc/usr/lib/arm-linux-gnueabihf/4.7.3/crt1.o

.gnu.version    0x000091da       0xea
 *(.gnu.version)
 .gnu.version   0x000091da       0xea /opt/ti-sdk-am335x-evm-07.00.00.00/linux-devkit/sysroots/i686-arago-linux/usr/bin/../arm-linux-gnueabihf/libc/usr/lib/arm-linux-gnueabihf/4.7.3/crt1.o

.gnu.version_d  0x000092c4        0x0
 *(.gnu.version_d)
 .gnu.version_d
                0x00000000        0x0 /opt/ti-sdk-am335x-evm-07.00.00.00/linux-devkit/sysroots/i686-arago-linux/usr/bin/../arm-linux-gnueabihf/libc/usr/lib/arm-linux-gnueabihf/4.7.3/crt1.o

.gnu.version_r  0x000092c4       0x50
 *(.gnu.version_r)
 .gnu.version_r
                0x000092c4       0x50 /opt/ti-sdk-am335x-evm-07.00.00.00/linux-devkit/sysroots/i686-arago-linux/usr/bin/../arm-linux-gnueabihf/libc/usr/lib/arm-linux-gnueabihf/4.7.3/crt1.o

.rel.dyn        0x00009314       0x30
 *(.rel.init)
 *(.rel.text .rel.text.* .rel.gnu.linkonce.t.*)
 *(.rel.fini)
 *(.rel.rodata .rel.rodata.* .rel.gnu.linkonce.r.*)
 *(.rel.data.rel.ro .rel.data.rel.ro.* .rel.gnu.linkonce.d.rel.ro.*)
 *(.rel.data .rel.data.* .rel.gnu.linkonce.d.*)
 *(.rel.tdata .rel.tdata.* .rel.gnu.linkonce.td.*)
 *(.rel.tbss .rel.tbss.* .rel.gnu.linkonce.tb.*)
 *(.rel.ctors)
 *(.rel.dtors)
 *(.rel.got)
 .rel.got       0x00009314        0x8 /opt/ti-sdk-am335x-evm-07.00.00.00/linux-devkit/sysroots/i686-arago-linux/usr/bin/../arm-linux-gnueabihf/libc/usr/lib/arm-linux-gnueabihf/4.7.3/crt1.o
 *(.rel.bss .rel.bss.* .rel.gnu.linkonce.b.*)
 .rel.bss       0x0000931c       0x28 /opt/ti-sdk-am335x-evm-07.00.00.00/linux-devkit/sysroots/i686-arago-linux/usr/bin/../arm-linux-gnueabihf/libc/usr/lib/arm-linux-gnueabihf/4.7.3/crt1.o
                0x00009344                PROVIDE (__rel_iplt_start, .)
 *(.rel.iplt)
 .rel.iplt      0x00000000        0x0 /opt/ti-sdk-am335x-evm-07.00.00.00/linux-devkit/sysroots/i686-arago-linux/usr/bin/../arm-linux-gnueabihf/libc/usr/lib/arm-linux-gnueabihf/4.7.3/crt1.o
                0x00009344                PROVIDE (__rel_iplt_end, .)
                0x00009344                PROVIDE (__rela_iplt_start, .)
                0x00009344                PROVIDE (__rela_iplt_end, .)

.rela.dyn       0x00009344        0x0
 *(.rela.init)
 *(.rela.text .rela.text.* .rela.gnu.linkonce.t.*)
 *(.rela.fini)
 *(.rela.rodata .rela.rodata.* .rela.gnu.linkonce.r.*)
 *(.rela.data .rela.data.* .rela.gnu.linkonce.d.*)
 *(.rela.tdata .rela.tdata.* .rela.gnu.linkonce.td.*)
 *(.rela.tbss .rela.tbss.* .rela.gnu.linkonce.tb.*)
 *(.rela.ctors)
 *(.rela.dtors)
 *(.rela.got)
 *(.rela.bss .rela.bss.* .rela.gnu.linkonce.b.*)
                0x00009344                PROVIDE (__rel_iplt_start, .)
                0x00009344                PROVIDE (__rel_iplt_end, .)
                0x00009344                PROVIDE (__rela_iplt_start, .)
 *(.rela.iplt)
                0x00009344                PROVIDE (__rela_iplt_end, .)

.rel.plt        0x00009344      0x370
 *(.rel.plt)
 .rel.plt       0x00009344      0x370 /opt/ti-sdk-am335x-evm-07.00.00.00/linux-devkit/sysroots/i686-arago-linux/usr/bin/../arm-linux-gnueabihf/libc/usr/lib/arm-linux-gnueabihf/4.7.3/crt1.o

.rela.plt
 *(.rela.plt)

.init           0x000096b4        0xa
 *(SORT(.init))
 .init          0x000096b4        0x8 /opt/ti-sdk-am335x-evm-07.00.00.00/linux-devkit/sysroots/i686-arago-linux/usr/bin/../arm-linux-gnueabihf/libc/usr/lib/arm-linux-gnueabihf/4.7.3/crti.o
                0x000096b4                _init
 .init          0x000096bc        0x2 /opt/ti-sdk-am335x-evm-07.00.00.00/linux-devkit/sysroots/i686-arago-linux/usr/bin/../arm-linux-gnueabihf/libc/usr/lib/arm-linux-gnueabihf/4.7.3/crtn.o

.plt            0x000096c0      0x540
 *(.plt)
 .plt           0x000096c0      0x540 /opt/ti-sdk-am335x-evm-07.00.00.00/linux-devkit/sysroots/i686-arago-linux/usr/bin/../arm-linux-gnueabihf/libc/usr/lib/arm-linux-gnueabihf/4.7.3/crt1.o
                0x000096d4                calloc@@GLIBC_2.4
                0x000096e0                raise@@GLIBC_2.4
                0x000096ec                getpwnam@@GLIBC_2.4
                0x000096f8                setbuf@@GLIBC_2.4
                0x00009704                strcmp@@GLIBC_2.4
                0x00009710                strtol@@GLIBC_2.4
                0x0000971c                setsockopt@@GLIBC_2.4
                0x00009728                strcspn@@GLIBC_2.4
                0x00009734                memalign@@GLIBC_2.4
                0x00009740                printf@@GLIBC_2.4
                0x0000974c                fopen@@GLIBC_2.4
                0x00009758                pthread_attr_destroy@@GLIBC_2.4
                0x00009764                read@@GLIBC_2.4
                0x00009770                fflush@@GLIBC_2.4
                0x0000977c                memmove@@GLIBC_2.4
                0x00009788                free@@GLIBC_2.4
                0x00009794                fgets@@GLIBC_2.4
                0x000097a0                memcpy@@GLIBC_2.4
                0x000097ac                time@@GLIBC_2.4
                0x000097b8                rmdir@@GLIBC_2.4
                0x000097c4                _IO_getc@@GLIBC_2.4
                0x000097d0                memcmp@@GLIBC_2.4
                0x000097dc                select@@GLIBC_2.4
                0x000097e8                strdup@@GLIBC_2.4
                0x000097f4                dup2@@GLIBC_2.4
                0x00009800                realloc@@GLIBC_2.4
                0x0000980c                chdir@@GLIBC_2.4
                0x00009818                funlockfile@@GLIBC_2.4
                0x00009824                perror@@GLIBC_2.4
                0x00009830                accept@@GLIBC_2.4
                0x0000983c                sigaction@@GLIBC_2.4
                0x00009848                fwrite@@GLIBC_2.4
                0x00009854                getsockopt@@GLIBC_2.4
                0x00009860                ioctl@@GLIBC_2.4
                0x0000986c                lseek64@@GLIBC_2.4
                0x00009878                strtoll@@GLIBC_2.4
                0x00009884                tcsetattr@@GLIBC_2.4
                0x00009890                fread@@GLIBC_2.4
                0x0000989c                pthread_create@@GLIBC_2.4
                0x000098a8                opendir@@GLIBC_2.4
                0x000098b4                open64@@GLIBC_2.4
                0x000098c0                getenv@@GLIBC_2.4
                0x000098cc                setgid@@GLIBC_2.4
                0x000098d8                malloc@@GLIBC_2.4
                0x000098e4                __libc_start_main@@GLIBC_2.4
                0x000098f0                strerror@@GLIBC_2.4
                0x000098fc                strftime@@GLIBC_2.4
                0x00009908                __sysv_signal@@GLIBC_2.4
                0x00009914                localtime@@GLIBC_2.4
                0x00009920                __ctype_tolower_loc@@GLIBC_2.4
                0x0000992c                __ctype_toupper_loc@@GLIBC_2.4
                0x00009948                open@@GLIBC_2.4
                0x00009954                __ctype_b_loc@@GLIBC_2.4
                0x00009960                getpid@@GLIBC_2.4
                0x0000996c                exit@@GLIBC_2.4
                0x00009978                syscall@@GLIBC_2.4
                0x00009984                strtoul@@GLIBC_2.4
                0x00009990                strlen@@GLIBC_2.4
                0x0000999c                strchr@@GLIBC_2.4
                0x000099a8                getopt@@GLIBC_2.4
                0x000099b4                fprintf@@GLIBC_2.4
                0x000099c0                fcntl@@GLIBC_2.4
                0x000099cc                pthread_attr_init@@GLIBC_2.4
                0x000099d8                __errno_location@@GLIBC_2.4
                0x000099e4                snprintf@@GLIBC_2.4
                0x000099f0                __isoc99_sscanf@@GLIBC_2.7
                0x000099fc                mkdir@@GLIBC_2.4
                0x00009a08                bind@@GLIBC_2.4
                0x00009a14                memset@@GLIBC_2.4
                0x00009a20                strncpy@@GLIBC_2.4
                0x00009a2c                gmtime@@GLIBC_2.4
                0x00009a38                fgetc@@GLIBC_2.4
                0x00009a44                strtod@@GLIBC_2.4
                0x00009a50                write@@GLIBC_2.4
                0x00009a5c                fileno@@GLIBC_2.4
                0x00009a68                memchr@@GLIBC_2.4
                0x00009a74                fclose@@GLIBC_2.4
                0x00009a80                sigemptyset@@GLIBC_2.4
                0x00009a8c                popen@@GLIBC_2.4
                0x00009a98                fork@@GLIBC_2.4
                0x00009aa4                execle@@GLIBC_2.4
                0x00009ab0                strrchr@@GLIBC_2.4
                0x00009abc                listen@@GLIBC_2.4
                0x00009ac8                fputc@@GLIBC_2.4
                0x00009ad4                setuid@@GLIBC_2.4
                0x00009ae0                readdir64@@GLIBC_2.4
                0x00009aec                getsockname@@GLIBC_2.4
                0x00009af8                flockfile@@GLIBC_2.4
                0x00009b04                remove@@GLIBC_2.4
                0x00009b10                vsnprintf@@GLIBC_2.4
                0x00009b1c                fopen64@@GLIBC_2.4
                0x00009b28                qsort@@GLIBC_2.4
                0x00009b34                getpeername@@GLIBC_2.4
                0x00009b40                inet_ntop@@GLIBC_2.4
                0x00009b4c                socket@@GLIBC_2.4
                0x00009b58                gethostbyname@@GLIBC_2.4
                0x00009b64                __xstat64@@GLIBC_2.4
                0x00009b70                pthread_attr_setdetachstate@@GLIBC_2.4
                0x00009b7c                fputs@@GLIBC_2.4
                0x00009b88                abort@@GLIBC_2.4
                0x00009b94                recv@@GLIBC_2.4
                0x00009ba0                close@@GLIBC_2.4
                0x00009bac                send@@GLIBC_2.4
                0x00009bb8                connect@@GLIBC_2.4
                0x00009bc4                closedir@@GLIBC_2.4
                0x00009bd0                strspn@@GLIBC_2.4
                0x00009bdc                __assert_fail@@GLIBC_2.4
                0x00009be8                tcgetattr@@GLIBC_2.4
                0x00009bf4                pclose@@GLIBC_2.4

.iplt           0x00009c00        0x0
 *(.iplt)
 .iplt          0x00000000        0x0 /opt/ti-sdk-am335x-evm-07.00.00.00/linux-devkit/sysroots/i686-arago-linux/usr/bin/../arm-linux-gnueabihf/libc/usr/lib/arm-linux-gnueabihf/4.7.3/crt1.o

.text           0x00009c00     0xfb34
 *(.text.unlikely .text.*_unlikely)
 *(.text.exit .text.exit.*)
 *(.text.startup .text.startup.*)
 .text.startup  0x00009c00      0x9f0 release/main.o
                0x00009c00                main
 *(.text.hot .text.hot.*)
 *(.text .stub .text.* .gnu.linkonce.t.*)
 .text          0x0000a5f0       0x38 /opt/ti-sdk-am335x-evm-07.00.00.00/linux-devkit/sysroots/i686-arago-linux/usr/bin/../arm-linux-gnueabihf/libc/usr/lib/arm-linux-gnueabihf/4.7.3/crt1.o
                0x0000a5f0                _start
 .text          0x0000a628       0x18 /opt/ti-sdk-am335x-evm-07.00.00.00/linux-devkit/sysroots/i686-arago-linux/usr/bin/../arm-linux-gnueabihf/libc/usr/lib/arm-linux-gnueabihf/4.7.3/crti.o
 .text          0x0000a640       0x88 /opt/ti-sdk-am335x-evm-07.00.00.00/linux-devkit/sysroots/i686-arago-linux/usr/bin/../lib/gcc/arm-linux-gnueabihf/4.7.3/crtbegin.o
 .text          0x0000a6c8       0x4c release/main.o
 *fill*         0x0000a714        0x4 
 .text          0x0000a718     0xdda8 release/mongoose.o
                0x0000e520                iobuf_init
                0x0000e55c                iobuf_free
                0x0000e590                iobuf_append
                0x0000e670                iobuf_remove
                0x0000e6ac                ns_start_thread
                0x0000e700                ns_vprintf
                0x0000e844                ns_printf
                0x0000ea2c                ns_set_close_on_exec
                0x0000ea38                ns_socketpair2
                0x0000ebe0                ns_socketpair
                0x0000ebe8                ns_set_ssl_ca_cert
                0x0000ec08                ns_set_ssl_cert
                0x0000ec28                ns_bind
                0x0000ede8                ns_sock_to_str
                0x0000eecc                ns_hexdump
                0x0000f228                ns_send
                0x0000f30c                ns_server_poll
                0x0000fab8                ns_connect
                0x0000fc0c                ns_add_sock
                0x0000fc94                ns_next
                0x0000fca4                ns_iterate
                0x0000fcd8                ns_server_wakeup_ex
                0x0000fd78                ns_server_wakeup
                0x0000fd7c                ns_server_init
                0x0000ff00                ns_server_free
                0x0000ff74                mg_start_thread
                0x0000ffc8                mg_printf
                0x00010124                mg_url_decode
                0x00010ce8                mg_get_header
                0x00010d60                mg_match_prefix
                0x000117a4                mg_template
                0x00011978                mg_write
                0x00011a70                mg_send_status
                0x00011c1c                mg_send_header
                0x00011c70                mg_send_data
                0x00011cb8                mg_printf_data
                0x00011d98                mg_websocket_write
                0x00011f84                mg_websocket_printf
                0x00012044                mg_get_mime_type
                0x000120dc                mg_url_encode
                0x000121e4                mg_md5
                0x00012d1c                mg_parse_header
                0x00013104                mg_authorize_digest
                0x0001311c                mg_send_file
                0x000175b4                mg_send_digest_auth_request
                0x00017b88                mg_connect
                0x00017c08                mg_poll_server
                0x00017c0c                mg_destroy_server
                0x00017cb8                mg_next
                0x00017ce8                mg_iterate_over_connections
                0x00017d28                mg_get_var
                0x00017d9c                mg_parse_multipart
                0x00018014                mg_get_valid_option_names
                0x00018020                mg_set_option
                0x00018244                mg_wakeup_server_ex
                0x00018350                mg_wakeup_server
                0x00018354                mg_set_listening_socket
                0x00018378                mg_get_listening_socket
                0x00018380                mg_get_option
                0x000183e8                mg_create_server
 .text          0x000184c0      0x9d8 release/dt78xx_aio.o
                0x000184c0                aio_wait
                0x000186c8                aio_start
                0x00018768                aio_stop
                0x00018850                aio_buff_free
                0x000188ec                aio_buff_alloc
                0x00018bfc                aio_create
                0x00018cbc                aio_destroy
                0x00018d70                aio_buff_size
 .text          0x00018e98      0x228 release/dt78xx_misc.o
                0x00018e98                sigaction_register
                0x00018ef4                file_sigaction_register
                0x00018fd0                kbhit
                0x00019080                kbfini
 .text          0x000190c0      0x2b0 /opt/ti-sdk-am335x-evm-07.00.00.00/linux-devkit/sysroots/i686-arago-linux/usr/bin/../lib/gcc/arm-linux-gnueabihf/4.7.3/libgcc.a(_divsi3.o)
                0x000190c0                __divsi3
                0x000190c0                __aeabi_idiv
                0x00019354                __aeabi_idivmod
 .text          0x00019370      0x370 /opt/ti-sdk-am335x-evm-07.00.00.00/linux-devkit/sysroots/i686-arago-linux/usr/bin/../lib/gcc/arm-linux-gnueabihf/4.7.3/libgcc.a(_arm_addsubdf3.o)
                0x00019370                __aeabi_drsub
                0x00019378                __aeabi_dsub
                0x00019378                __subdf3
                0x0001937c                __adddf3
                0x0001937c                __aeabi_dadd
                0x000195f4                __floatunsidf
                0x000195f4                __aeabi_ui2d
                0x00019614                __aeabi_i2d
                0x00019614                __floatsidf
                0x00019638                __aeabi_f2d
                0x00019638                __extendsfdf2
                0x00019674                __aeabi_ul2d
                0x00019674                __floatundidf
                0x00019684                __floatdidf
                0x00019684                __aeabi_l2d
 .text          0x000196e0        0xc /opt/ti-sdk-am335x-evm-07.00.00.00/linux-devkit/sysroots/i686-arago-linux/usr/bin/../lib/gcc/arm-linux-gnueabihf/4.7.3/libgcc.a(_dvmd_lnx.o)
                0x000196e0                __aeabi_ldiv0
                0x000196e0                __aeabi_idiv0
 .text          0x000196ec       0x48 /opt/ti-sdk-am335x-evm-07.00.00.00/linux-devkit/sysroots/i686-arago-linux/usr/bin/../arm-linux-gnueabihf/libc/usr/lib/arm-linux-gnueabihf/4.7.3/./libc_nonshared.a(elf-init.oS)
                0x000196ec                __libc_csu_init
                0x00019730                __libc_csu_fini
 .text          0x00019734        0x0 /opt/ti-sdk-am335x-evm-07.00.00.00/linux-devkit/sysroots/i686-arago-linux/usr/bin/../lib/gcc/arm-linux-gnueabihf/4.7.3/crtend.o
 .text          0x00019734        0x0 /opt/ti-sdk-am335x-evm-07.00.00.00/linux-devkit/sysroots/i686-arago-linux/usr/bin/../arm-linux-gnueabihf/libc/usr/lib/arm-linux-gnueabihf/4.7.3/crtn.o
 *(.gnu.warning)
 *(.glue_7t)
 .glue_7t       0x00000000        0x0 linker stubs
 *(.glue_7)
 .glue_7        0x00000000        0x0 linker stubs
 *(.vfp11_veneer)
 .vfp11_veneer  0x00000000        0x0 linker stubs
 *(.v4_bx)
 .v4_bx         0x00000000        0x0 linker stubs

.fini           0x00019734        0x6
 *(SORT(.fini))
 .fini          0x00019734        0x4 /opt/ti-sdk-am335x-evm-07.00.00.00/linux-devkit/sysroots/i686-arago-linux/usr/bin/../arm-linux-gnueabihf/libc/usr/lib/arm-linux-gnueabihf/4.7.3/crti.o
                0x00019734                _fini
 .fini          0x00019738        0x2 /opt/ti-sdk-am335x-evm-07.00.00.00/linux-devkit/sysroots/i686-arago-linux/usr/bin/../arm-linux-gnueabihf/libc/usr/lib/arm-linux-gnueabihf/4.7.3/crtn.o
                0x0001973a                PROVIDE (__etext, .)
                0x0001973a                PROVIDE (_etext, .)
                0x0001973a                PROVIDE (etext, .)

.rodata         0x00019740     0x1fe8
 *(.rodata .rodata.* .gnu.linkonce.r.*)
 .rodata.cst4   0x00019740        0x4 /opt/ti-sdk-am335x-evm-07.00.00.00/linux-devkit/sysroots/i686-arago-linux/usr/bin/../arm-linux-gnueabihf/libc/usr/lib/arm-linux-gnueabihf/4.7.3/crt1.o
                0x00019740                _IO_stdin_used
 *fill*         0x00019744        0x4 
 .rodata        0x00019748      0x1a0 release/main.o
 .rodata.str1.4
                0x000198e8      0x2f8 release/main.o
                                0x300 (size before relaxing)
 .rodata        0x00019be0      0x3b0 release/mongoose.o
 .rodata.str1.4
                0x00019f90     0x16dd release/mongoose.o
                               0x1764 (size before relaxing)
 *fill*         0x0001b66d        0x3 
 .rodata        0x0001b670       0x10 release/dt78xx_aio.o
 .rodata.str1.4
                0x0001b680       0x85 release/dt78xx_aio.o
                                 0x88 (size before relaxing)
 *fill*         0x0001b705        0x3 
 .rodata.str1.4
                0x0001b708       0x20 release/dt78xx_misc.o

.rodata1
 *(.rodata1)

.ARM.extab      0x0001b728        0x0
 *(.ARM.extab* .gnu.linkonce.armextab.*)
 .ARM.extab     0x0001b728        0x0 /opt/ti-sdk-am335x-evm-07.00.00.00/linux-devkit/sysroots/i686-arago-linux/usr/bin/../arm-linux-gnueabihf/libc/usr/lib/arm-linux-gnueabihf/4.7.3/crt1.o
                0x0001b728                PROVIDE (__exidx_start, .)

.ARM.exidx      0x0001b728        0x8
 *(.ARM.exidx* .gnu.linkonce.armexidx.*)
 .ARM.exidx     0x0001b728        0x8 /opt/ti-sdk-am335x-evm-07.00.00.00/linux-devkit/sysroots/i686-arago-linux/usr/bin/../arm-linux-gnueabihf/libc/usr/lib/arm-linux-gnueabihf/4.7.3/crt1.o
                0x0001b730                PROVIDE (__exidx_end, .)

.eh_frame_hdr   0x0001b730        0x0
 *(.eh_frame_hdr)
 .eh_frame_hdr  0x00000000        0x0 /opt/ti-sdk-am335x-evm-07.00.00.00/linux-devkit/sysroots/i686-arago-linux/usr/bin/../arm-linux-gnueabihf/libc/usr/lib/arm-linux-gnueabihf/4.7.3/crtn.o

.eh_frame       0x0001b730        0x4
 *(.eh_frame)
 .eh_frame      0x0001b730        0x4 /opt/ti-sdk-am335x-evm-07.00.00.00/linux-devkit/sysroots/i686-arago-linux/usr/bin/../lib/gcc/arm-linux-gnueabihf/4.7.3/crtend.o

.gcc_except_table
 *(.gcc_except_table .gcc_except_table.*)

.exception_ranges
 *(.exception_ranges .exception_ranges*)
                0x0001b734                . = (ALIGN (0x8000) - ((0x8000 - .) & 0x7fff))
                0x00023734                . = DATA_SEGMENT_ALIGN (0x8000, 0x1000)

.eh_frame
 *(.eh_frame)

.gcc_except_table
 *(.gcc_except_table .gcc_except_table.*)

.exception_ranges
 *(.exception_ranges .exception_ranges*)

.tdata
 *(.tdata .tdata.* .gnu.linkonce.td.*)

.tbss
 *(.tbss .tbss.* .gnu.linkonce.tb.*)
 *(.tcommon)

.preinit_array  0x00023734        0x0
                0x00023734                PROVIDE (__preinit_array_start, .)
 *(.preinit_array)
                0x00023734                PROVIDE (__preinit_array_end, .)

.init_array     0x00023734        0x4
                0x00023734                PROVIDE (__init_array_start, .)
 *(SORT(.init_array.*))
 *(.init_array)
 .init_array    0x00023734        0x4 /opt/ti-sdk-am335x-evm-07.00.00.00/linux-devkit/sysroots/i686-arago-linux/usr/bin/../lib/gcc/arm-linux-gnueabihf/4.7.3/crtbegin.o
                0x00023738                PROVIDE (__init_array_end, .)

.fini_array     0x00023738        0x4
                0x00023738                PROVIDE (__fini_array_start, .)
 *(SORT(.fini_array.*))
 *(.fini_array)
 .fini_array    0x00023738        0x4 /opt/ti-sdk-am335x-evm-07.00.00.00/linux-devkit/sysroots/i686-arago-linux/usr/bin/../lib/gcc/arm-linux-gnueabihf/4.7.3/crtbegin.o
                0x0002373c                PROVIDE (__fini_array_end, .)

.ctors
 *crtbegin.o(.ctors)
 *crtbegin?.o(.ctors)
 *(EXCLUDE_FILE(*crtend?.o *crtend.o) .ctors)
 *(SORT(.ctors.*))
 *(.ctors)

.dtors
 *crtbegin.o(.dtors)
 *crtbegin?.o(.dtors)
 *(EXCLUDE_FILE(*crtend?.o *crtend.o) .dtors)
 *(SORT(.dtors.*))
 *(.dtors)

.jcr            0x0002373c        0x4
 *(.jcr)
 .jcr           0x0002373c        0x0 /opt/ti-sdk-am335x-evm-07.00.00.00/linux-devkit/sysroots/i686-arago-linux/usr/bin/../lib/gcc/arm-linux-gnueabihf/4.7.3/crtbegin.o
 .jcr           0x0002373c        0x4 /opt/ti-sdk-am335x-evm-07.00.00.00/linux-devkit/sysroots/i686-arago-linux/usr/bin/../lib/gcc/arm-linux-gnueabihf/4.7.3/crtend.o

.data.rel.ro
 *(.data.rel.ro.local* .gnu.linkonce.d.rel.ro.local.*)
 *(.data.rel.ro .data.rel.ro.* .gnu.linkonce.d.rel.ro.*)

.dynamic        0x00023740       0xf8
 *(.dynamic)
 .dynamic       0x00023740       0xf8 /opt/ti-sdk-am335x-evm-07.00.00.00/linux-devkit/sysroots/i686-arago-linux/usr/bin/../arm-linux-gnueabihf/libc/usr/lib/arm-linux-gnueabihf/4.7.3/crt1.o
                0x00023740                _DYNAMIC
                0x00023838                . = DATA_SEGMENT_RELRO_END (., 0x0)

.got            0x00023838      0x1c8
 *(.got.plt)
 .got.plt       0x00023838      0x1c4 /opt/ti-sdk-am335x-evm-07.00.00.00/linux-devkit/sysroots/i686-arago-linux/usr/bin/../arm-linux-gnueabihf/libc/usr/lib/arm-linux-gnueabihf/4.7.3/crt1.o
                0x00023838                _GLOBAL_OFFSET_TABLE_
 *(.igot.plt)
 .igot.plt      0x00000000        0x0 /opt/ti-sdk-am335x-evm-07.00.00.00/linux-devkit/sysroots/i686-arago-linux/usr/bin/../arm-linux-gnueabihf/libc/usr/lib/arm-linux-gnueabihf/4.7.3/crt1.o
 *(.got)
 .got           0x000239fc        0x4 /opt/ti-sdk-am335x-evm-07.00.00.00/linux-devkit/sysroots/i686-arago-linux/usr/bin/../arm-linux-gnueabihf/libc/usr/lib/arm-linux-gnueabihf/4.7.3/crt1.o
 *(.igot)

.data           0x00023a00       0xa0
                0x00023a00                PROVIDE (__data_start, .)
 *(.data .data.* .gnu.linkonce.d.*)
 .data          0x00023a00        0x4 /opt/ti-sdk-am335x-evm-07.00.00.00/linux-devkit/sysroots/i686-arago-linux/usr/bin/../arm-linux-gnueabihf/libc/usr/lib/arm-linux-gnueabihf/4.7.3/crt1.o
                0x00023a00                data_start
                0x00023a00                __data_start
 .data          0x00023a04        0x0 /opt/ti-sdk-am335x-evm-07.00.00.00/linux-devkit/sysroots/i686-arago-linux/usr/bin/../arm-linux-gnueabihf/libc/usr/lib/arm-linux-gnueabihf/4.7.3/crti.o
 .data          0x00023a04        0x4 /opt/ti-sdk-am335x-evm-07.00.00.00/linux-devkit/sysroots/i686-arago-linux/usr/bin/../lib/gcc/arm-linux-gnueabihf/4.7.3/crtbegin.o
                0x00023a04                __dso_handle
 .data          0x00023a08        0x0 release/main.o
 .data          0x00023a08       0x98 release/mongoose.o
 .data          0x00023aa0        0x0 release/dt78xx_aio.o
 .data          0x00023aa0        0x0 release/dt78xx_misc.o
 .data          0x00023aa0        0x0 /opt/ti-sdk-am335x-evm-07.00.00.00/linux-devkit/sysroots/i686-arago-linux/usr/bin/../lib/gcc/arm-linux-gnueabihf/4.7.3/libgcc.a(_divsi3.o)
 .data          0x00023aa0        0x0 /opt/ti-sdk-am335x-evm-07.00.00.00/linux-devkit/sysroots/i686-arago-linux/usr/bin/../lib/gcc/arm-linux-gnueabihf/4.7.3/libgcc.a(_arm_addsubdf3.o)
 .data          0x00023aa0        0x0 /opt/ti-sdk-am335x-evm-07.00.00.00/linux-devkit/sysroots/i686-arago-linux/usr/bin/../lib/gcc/arm-linux-gnueabihf/4.7.3/libgcc.a(_dvmd_lnx.o)
 .data          0x00023aa0        0x0 /opt/ti-sdk-am335x-evm-07.00.00.00/linux-devkit/sysroots/i686-arago-linux/usr/bin/../arm-linux-gnueabihf/libc/usr/lib/arm-linux-gnueabihf/4.7.3/./libc_nonshared.a(elf-init.oS)
 .data          0x00023aa0        0x0 /opt/ti-sdk-am335x-evm-07.00.00.00/linux-devkit/sysroots/i686-arago-linux/usr/bin/../lib/gcc/arm-linux-gnueabihf/4.7.3/crtend.o
 .data          0x00023aa0        0x0 /opt/ti-sdk-am335x-evm-07.00.00.00/linux-devkit/sysroots/i686-arago-linux/usr/bin/../arm-linux-gnueabihf/libc/usr/lib/arm-linux-gnueabihf/4.7.3/crtn.o

.tm_clone_table
                0x00023aa0        0x0
 .tm_clone_table
                0x00023aa0        0x0 /opt/ti-sdk-am335x-evm-07.00.00.00/linux-devkit/sysroots/i686-arago-linux/usr/bin/../lib/gcc/arm-linux-gnueabihf/4.7.3/crtbegin.o
 .tm_clone_table
                0x00023aa0        0x0 /opt/ti-sdk-am335x-evm-07.00.00.00/linux-devkit/sysroots/i686-arago-linux/usr/bin/../lib/gcc/arm-linux-gnueabihf/4.7.3/crtend.o

.data1
 *(.data1)
                0x00023aa0                _edata = .
                0x00023aa0                PROVIDE (edata, .)
                0x00023aa0                . = .
                0x00023aa0                __bss_start = .
                0x00023aa0                __bss_start__ = .

.bss            0x00023aa0       0x64
 *(.dynbss)
 .dynbss        0x00023aa0       0x1c /opt/ti-sdk-am335x-evm-07.00.00.00/linux-devkit/sysroots/i686-arago-linux/usr/bin/../arm-linux-gnueabihf/libc/usr/lib/arm-linux-gnueabihf/4.7.3/crt1.o
                0x00023aa0                optind@@GLIBC_2.4
                0x00023aa8                stderr@@GLIBC_2.4
                0x00023ab0                stdin@@GLIBC_2.4
                0x00023ab4                stdout@@GLIBC_2.4
                0x00023ab8                optarg@@GLIBC_2.4
 *(.bss .bss.* .gnu.linkonce.b.*)
 .bss           0x00023abc        0x0 /opt/ti-sdk-am335x-evm-07.00.00.00/linux-devkit/sysroots/i686-arago-linux/usr/bin/../arm-linux-gnueabihf/libc/usr/lib/arm-linux-gnueabihf/4.7.3/crt1.o
 .bss           0x00023abc        0x0 /opt/ti-sdk-am335x-evm-07.00.00.00/linux-devkit/sysroots/i686-arago-linux/usr/bin/../arm-linux-gnueabihf/libc/usr/lib/arm-linux-gnueabihf/4.7.3/crti.o
 .bss           0x00023abc        0x1 /opt/ti-sdk-am335x-evm-07.00.00.00/linux-devkit/sysroots/i686-arago-linux/usr/bin/../lib/gcc/arm-linux-gnueabihf/4.7.3/crtbegin.o
 *fill*         0x00023abd        0x3 
 .bss           0x00023ac0        0x4 release/main.o
 .bss           0x00023ac4        0x0 release/mongoose.o
 .bss           0x00023ac4        0x0 release/dt78xx_aio.o
 .bss           0x00023ac4       0x40 release/dt78xx_misc.o
 .bss           0x00023b04        0x0 /opt/ti-sdk-am335x-evm-07.00.00.00/linux-devkit/sysroots/i686-arago-linux/usr/bin/../lib/gcc/arm-linux-gnueabihf/4.7.3/libgcc.a(_divsi3.o)
 .bss           0x00023b04        0x0 /opt/ti-sdk-am335x-evm-07.00.00.00/linux-devkit/sysroots/i686-arago-linux/usr/bin/../lib/gcc/arm-linux-gnueabihf/4.7.3/libgcc.a(_arm_addsubdf3.o)
 .bss           0x00023b04        0x0 /opt/ti-sdk-am335x-evm-07.00.00.00/linux-devkit/sysroots/i686-arago-linux/usr/bin/../lib/gcc/arm-linux-gnueabihf/4.7.3/libgcc.a(_dvmd_lnx.o)
 .bss           0x00023b04        0x0 /opt/ti-sdk-am335x-evm-07.00.00.00/linux-devkit/sysroots/i686-arago-linux/usr/bin/../arm-linux-gnueabihf/libc/usr/lib/arm-linux-gnueabihf/4.7.3/./libc_nonshared.a(elf-init.oS)
 .bss           0x00023b04        0x0 /opt/ti-sdk-am335x-evm-07.00.00.00/linux-devkit/sysroots/i686-arago-linux/usr/bin/../lib/gcc/arm-linux-gnueabihf/4.7.3/crtend.o
 .bss           0x00023b04        0x0 /opt/ti-sdk-am335x-evm-07.00.00.00/linux-devkit/sysroots/i686-arago-linux/usr/bin/../arm-linux-gnueabihf/libc/usr/lib/arm-linux-gnueabihf/4.7.3/crtn.o
 *(COMMON)
                0x00023b04                . = ALIGN ((. != 0x0)?0x4:0x1)
                0x00023b04                _bss_end__ = .
                0x00023b04                __bss_end__ = .
                0x00023b04                . = ALIGN (0x4)
                0x00023b04                . = ALIGN (0x4)
                0x00023b04                __end__ = .
                0x00023b04                _end = .
                0x00023b04                PROVIDE (end, .)
                0x00023b04                . = DATA_SEGMENT_END (.)

.stab
 *(.stab)

.stabstr
 *(.stabstr)

.stab.excl
 *(.stab.excl)

.stab.exclstr
 *(.stab.exclstr)

.stab.index
 *(.stab.index)

.stab.indexstr
 *(.stab.indexstr)

.comment        0x00000000       0x68
 *(.comment)
 .comment       0x00000000       0x68 release/main.o
                                 0x69 (size before relaxing)
 .comment       0x00000000       0x69 release/mongoose.o
 .comment       0x00000000       0x69 release/dt78xx_aio.o
 .comment       0x00000000       0x69 release/dt78xx_misc.o

.ARM.attributes
                0x00000000       0x37
 .ARM.attributes
                0x00000000       0x35 /opt/ti-sdk-am335x-evm-07.00.00.00/linux-devkit/sysroots/i686-arago-linux/usr/bin/../arm-linux-gnueabihf/libc/usr/lib/arm-linux-gnueabihf/4.7.3/crt1.o
 .ARM.attributes
                0x00000035       0x37 /opt/ti-sdk-am335x-evm-07.00.00.00/linux-devkit/sysroots/i686-arago-linux/usr/bin/../arm-linux-gnueabihf/libc/usr/lib/arm-linux-gnueabihf/4.7.3/crti.o
 .ARM.attributes
                0x0000006c       0x35 /opt/ti-sdk-am335x-evm-07.00.00.00/linux-devkit/sysroots/i686-arago-linux/usr/bin/../lib/gcc/arm-linux-gnueabihf/4.7.3/crtbegin.o
 .ARM.attributes
                0x000000a1       0x37 release/main.o
 .ARM.attributes
                0x000000d8       0x37 release/mongoose.o
 .ARM.attributes
                0x0000010f       0x37 release/dt78xx_aio.o
 .ARM.attributes
                0x00000146       0x37 release/dt78xx_misc.o
 .ARM.attributes
                0x0000017d       0x21 /opt/ti-sdk-am335x-evm-07.00.00.00/linux-devkit/sysroots/i686-arago-linux/usr/bin/../lib/gcc/arm-linux-gnueabihf/4.7.3/libgcc.a(_divsi3.o)
 .ARM.attributes
                0x0000019e       0x21 /opt/ti-sdk-am335x-evm-07.00.00.00/linux-devkit/sysroots/i686-arago-linux/usr/bin/../lib/gcc/arm-linux-gnueabihf/4.7.3/libgcc.a(_arm_addsubdf3.o)
 .ARM.attributes
                0x000001bf       0x21 /opt/ti-sdk-am335x-evm-07.00.00.00/linux-devkit/sysroots/i686-arago-linux/usr/bin/../lib/gcc/arm-linux-gnueabihf/4.7.3/libgcc.a(_dvmd_lnx.o)
 .ARM.attributes
                0x000001e0       0x37 /opt/ti-sdk-am335x-evm-07.00.00.00/linux-devkit/sysroots/i686-arago-linux/usr/bin/../arm-linux-gnueabihf/libc/usr/lib/arm-linux-gnueabihf/4.7.3/./libc_nonshared.a(elf-init.oS)
 .ARM.attributes
                0x00000217       0x35 /opt/ti-sdk-am335x-evm-07.00.00.00/linux-devkit/sysroots/i686-arago-linux/usr/bin/../lib/gcc/arm-linux-gnueabihf/4.7.3/crtend.o
 .ARM.attributes
                0x0000024c       0x37 /opt/ti-sdk-am335x-evm-07.00.00.00/linux-devkit/sysroots/i686-arago-linux/usr/bin/../arm-linux-gnueabihf/libc/usr/lib/arm-linux-gnueabihf/4.7.3/crtn.o

.debug
 *(.debug)

.line
 *(.line)

.debug_srcinfo
 *(.debug_srcinfo)

.debug_sfnames
 *(.debug_sfnames)

.debug_aranges
 *(.debug_aranges)

.debug_pubnames
 *(.debug_pubnames)

.debug_info
 *(.debug_info .gnu.linkonce.wi.*)

.debug_abbrev
 *(.debug_abbrev)

.debug_line
 *(.debug_line)

.debug_frame    0x00000000       0x20
 *(.debug_frame)
 .debug_frame   0x00000000       0x20 /opt/ti-sdk-am335x-evm-07.00.00.00/linux-devkit/sysroots/i686-arago-linux/usr/bin/../lib/gcc/arm-linux-gnueabihf/4.7.3/libgcc.a(_divsi3.o)

.debug_str
 *(.debug_str)

.debug_loc
 *(.debug_loc)

.debug_macinfo
 *(.debug_macinfo)

.debug_weaknames
 *(.debug_weaknames)

.debug_funcnames
 *(.debug_funcnames)

.debug_typenames
 *(.debug_typenames)

.debug_varnames
 *(.debug_varnames)

.debug_pubtypes
 *(.debug_pubtypes)

.debug_ranges
 *(.debug_ranges)

.debug_macro
 *(.debug_macro)

.gnu.attributes
 *(.gnu.attributes)

.note.gnu.arm.ident
 *(.note.gnu.arm.ident)

/DISCARD/
 *(.note.GNU-stack)
 *(.gnu_debuglink)
 *(.gnu.lto_*)
OUTPUT(release/bat-array elf32-littlearm)
