Archive member included because of file (symbol)

/opt/ti-sdk-am335x-evm-07.00.00.00/linux-devkit/sysroots/i686-arago-linux/usr/bin/../lib/gcc/arm-linux-gnueabihf/4.7.3/libgcc.a(_udivsi3.o)
                              release/tinywav.o (__aeabi_uidiv)
/opt/ti-sdk-am335x-evm-07.00.00.00/linux-devkit/sysroots/i686-arago-linux/usr/bin/../lib/gcc/arm-linux-gnueabihf/4.7.3/libgcc.a(_divsi3.o)
                              release/dt78xx_aio.o (__aeabi_idiv)
/opt/ti-sdk-am335x-evm-07.00.00.00/linux-devkit/sysroots/i686-arago-linux/usr/bin/../lib/gcc/arm-linux-gnueabihf/4.7.3/libgcc.a(_dvmd_lnx.o)
                              /opt/ti-sdk-am335x-evm-07.00.00.00/linux-devkit/sysroots/i686-arago-linux/usr/bin/../lib/gcc/arm-linux-gnueabihf/4.7.3/libgcc.a(_udivsi3.o) (__aeabi_idiv0)
/opt/ti-sdk-am335x-evm-07.00.00.00/linux-devkit/sysroots/i686-arago-linux/usr/bin/../arm-linux-gnueabihf/libc/usr/lib/arm-linux-gnueabihf/4.7.3/./libc_nonshared.a(elf-init.oS)
                              /opt/ti-sdk-am335x-evm-07.00.00.00/linux-devkit/sysroots/i686-arago-linux/usr/bin/../arm-linux-gnueabihf/libc/usr/lib/arm-linux-gnueabihf/4.7.3/crt1.o (__libc_csu_init)

Discarded input sections

 .note.GNU-stack
                0x00000000        0x0 /opt/ti-sdk-am335x-evm-07.00.00.00/linux-devkit/sysroots/i686-arago-linux/usr/bin/../arm-linux-gnueabihf/libc/usr/lib/arm-linux-gnueabihf/4.7.3/crt1.o
 .gnu_debuglink
                0x00000000        0xc /opt/ti-sdk-am335x-evm-07.00.00.00/linux-devkit/sysroots/i686-arago-linux/usr/bin/../arm-linux-gnueabihf/libc/usr/lib/arm-linux-gnueabihf/4.7.3/crt1.o
 .note.GNU-stack
                0x00000000        0x0 /opt/ti-sdk-am335x-evm-07.00.00.00/linux-devkit/sysroots/i686-arago-linux/usr/bin/../arm-linux-gnueabihf/libc/usr/lib/arm-linux-gnueabihf/4.7.3/crti.o
 .gnu_debuglink
                0x00000000        0xc /opt/ti-sdk-am335x-evm-07.00.00.00/linux-devkit/sysroots/i686-arago-linux/usr/bin/../arm-linux-gnueabihf/libc/usr/lib/arm-linux-gnueabihf/4.7.3/crti.o
 .note.GNU-stack
                0x00000000        0x0 /opt/ti-sdk-am335x-evm-07.00.00.00/linux-devkit/sysroots/i686-arago-linux/usr/bin/../lib/gcc/arm-linux-gnueabihf/4.7.3/crtbegin.o
 .note.GNU-stack
                0x00000000        0x0 release/main.o
 .note.GNU-stack
                0x00000000        0x0 release/dt78xx_aio.o
 .note.GNU-stack
                0x00000000        0x0 release/dt78xx_misc.o
 .note.GNU-stack
                0x00000000        0x0 release/tinywav.o
 .note.GNU-stack
                0x00000000        0x0 /opt/ti-sdk-am335x-evm-07.00.00.00/linux-devkit/sysroots/i686-arago-linux/usr/bin/../lib/gcc/arm-linux-gnueabihf/4.7.3/libgcc.a(_udivsi3.o)
 .note.GNU-stack
                0x00000000        0x0 /opt/ti-sdk-am335x-evm-07.00.00.00/linux-devkit/sysroots/i686-arago-linux/usr/bin/../lib/gcc/arm-linux-gnueabihf/4.7.3/libgcc.a(_divsi3.o)
 .note.GNU-stack
                0x00000000        0x0 /opt/ti-sdk-am335x-evm-07.00.00.00/linux-devkit/sysroots/i686-arago-linux/usr/bin/../lib/gcc/arm-linux-gnueabihf/4.7.3/libgcc.a(_dvmd_lnx.o)
 .note.GNU-stack
                0x00000000        0x0 /opt/ti-sdk-am335x-evm-07.00.00.00/linux-devkit/sysroots/i686-arago-linux/usr/bin/../arm-linux-gnueabihf/libc/usr/lib/arm-linux-gnueabihf/4.7.3/./libc_nonshared.a(elf-init.oS)
 .note.GNU-stack
                0x00000000        0x0 /opt/ti-sdk-am335x-evm-07.00.00.00/linux-devkit/sysroots/i686-arago-linux/usr/bin/../lib/gcc/arm-linux-gnueabihf/4.7.3/crtend.o
 .note.GNU-stack
                0x00000000        0x0 /opt/ti-sdk-am335x-evm-07.00.00.00/linux-devkit/sysroots/i686-arago-linux/usr/bin/../arm-linux-gnueabihf/libc/usr/lib/arm-linux-gnueabihf/4.7.3/crtn.o
 .gnu_debuglink
                0x00000000        0xc /opt/ti-sdk-am335x-evm-07.00.00.00/linux-devkit/sysroots/i686-arago-linux/usr/bin/../arm-linux-gnueabihf/libc/usr/lib/arm-linux-gnueabihf/4.7.3/crtn.o

Memory Configuration

Name             Origin             Length             Attributes
*default*        0x00000000         0xffffffff

Linker script and memory map

LOAD /opt/ti-sdk-am335x-evm-07.00.00.00/linux-devkit/sysroots/i686-arago-linux/usr/bin/../arm-linux-gnueabihf/libc/usr/lib/arm-linux-gnueabihf/4.7.3/crt1.o
LOAD /opt/ti-sdk-am335x-evm-07.00.00.00/linux-devkit/sysroots/i686-arago-linux/usr/bin/../arm-linux-gnueabihf/libc/usr/lib/arm-linux-gnueabihf/4.7.3/crti.o
LOAD /opt/ti-sdk-am335x-evm-07.00.00.00/linux-devkit/sysroots/i686-arago-linux/usr/bin/../lib/gcc/arm-linux-gnueabihf/4.7.3/crtbegin.o
LOAD release/main.o
LOAD release/dt78xx_aio.o
LOAD release/dt78xx_misc.o
LOAD release/tinywav.o
LOAD /opt/ti-sdk-am335x-evm-07.00.00.00/linux-devkit/sysroots/i686-arago-linux/usr/bin/../arm-linux-gnueabihf/libc/usr/lib/arm-linux-gnueabihf/4.7.3/libpthread.so
START GROUP
LOAD /opt/ti-sdk-am335x-evm-07.00.00.00/linux-devkit/sysroots/i686-arago-linux/usr/bin/../arm-linux-gnueabihf/libc/usr/lib/arm-linux-gnueabihf/4.7.3/../../lib/libpthread.so.0
LOAD /opt/ti-sdk-am335x-evm-07.00.00.00/linux-devkit/sysroots/i686-arago-linux/usr/bin/../arm-linux-gnueabihf/libc/usr/lib/arm-linux-gnueabihf/4.7.3/./libpthread_nonshared.a
END GROUP
LOAD /opt/ti-sdk-am335x-evm-07.00.00.00/linux-devkit/sysroots/i686-arago-linux/usr/bin/../arm-linux-gnueabihf/libc/usr/lib/arm-linux-gnueabihf/4.7.3/libm.so
LOAD ../../fftw-3.3.4/.libs//libfftw3f.a
LOAD /opt/ti-sdk-am335x-evm-07.00.00.00/linux-devkit/sysroots/i686-arago-linux/usr/bin/../lib/gcc/arm-linux-gnueabihf/4.7.3/libgcc.a
LOAD /opt/ti-sdk-am335x-evm-07.00.00.00/linux-devkit/sysroots/i686-arago-linux/usr/bin/../lib/gcc/arm-linux-gnueabihf/4.7.3/../../../../arm-linux-gnueabihf/lib/libgcc_s.so
START GROUP
LOAD /opt/ti-sdk-am335x-evm-07.00.00.00/linux-devkit/sysroots/i686-arago-linux/usr/bin/../lib/gcc/arm-linux-gnueabihf/4.7.3/../../../../arm-linux-gnueabihf/lib/libgcc_s.so.1
LOAD /opt/ti-sdk-am335x-evm-07.00.00.00/linux-devkit/sysroots/i686-arago-linux/usr/bin/../lib/gcc/arm-linux-gnueabihf/4.7.3/libgcc.a
END GROUP
LOAD /opt/ti-sdk-am335x-evm-07.00.00.00/linux-devkit/sysroots/i686-arago-linux/usr/bin/../arm-linux-gnueabihf/libc/usr/lib/arm-linux-gnueabihf/4.7.3/libc.so
START GROUP
LOAD /opt/ti-sdk-am335x-evm-07.00.00.00/linux-devkit/sysroots/i686-arago-linux/usr/bin/../arm-linux-gnueabihf/libc/usr/lib/arm-linux-gnueabihf/4.7.3/../../lib/libc.so.6
LOAD /opt/ti-sdk-am335x-evm-07.00.00.00/linux-devkit/sysroots/i686-arago-linux/usr/bin/../arm-linux-gnueabihf/libc/usr/lib/arm-linux-gnueabihf/4.7.3/./libc_nonshared.a
LOAD /opt/ti-sdk-am335x-evm-07.00.00.00/linux-devkit/sysroots/i686-arago-linux/usr/bin/../arm-linux-gnueabihf/libc/usr/lib/arm-linux-gnueabihf/4.7.3/../../lib/ld-linux-armhf.so.3
END GROUP
LOAD /opt/ti-sdk-am335x-evm-07.00.00.00/linux-devkit/sysroots/i686-arago-linux/usr/bin/../lib/gcc/arm-linux-gnueabihf/4.7.3/libgcc.a
LOAD /opt/ti-sdk-am335x-evm-07.00.00.00/linux-devkit/sysroots/i686-arago-linux/usr/bin/../lib/gcc/arm-linux-gnueabihf/4.7.3/../../../../arm-linux-gnueabihf/lib/libgcc_s.so
START GROUP
LOAD /opt/ti-sdk-am335x-evm-07.00.00.00/linux-devkit/sysroots/i686-arago-linux/usr/bin/../lib/gcc/arm-linux-gnueabihf/4.7.3/../../../../arm-linux-gnueabihf/lib/libgcc_s.so.1
LOAD /opt/ti-sdk-am335x-evm-07.00.00.00/linux-devkit/sysroots/i686-arago-linux/usr/bin/../lib/gcc/arm-linux-gnueabihf/4.7.3/libgcc.a
END GROUP
LOAD /opt/ti-sdk-am335x-evm-07.00.00.00/linux-devkit/sysroots/i686-arago-linux/usr/bin/../lib/gcc/arm-linux-gnueabihf/4.7.3/crtend.o
LOAD /opt/ti-sdk-am335x-evm-07.00.00.00/linux-devkit/sysroots/i686-arago-linux/usr/bin/../arm-linux-gnueabihf/libc/usr/lib/arm-linux-gnueabihf/4.7.3/crtn.o
                0x00008000                PROVIDE (__executable_start, 0x8000)
                0x00008134                . = (0x8000 + SIZEOF_HEADERS)

.interp         0x00008134       0x19
 *(.interp)
 .interp        0x00008134       0x19 /opt/ti-sdk-am335x-evm-07.00.00.00/linux-devkit/sysroots/i686-arago-linux/usr/bin/../arm-linux-gnueabihf/libc/usr/lib/arm-linux-gnueabihf/4.7.3/crt1.o

.note.ABI-tag   0x00008150       0x20
 .note.ABI-tag  0x00008150       0x20 /opt/ti-sdk-am335x-evm-07.00.00.00/linux-devkit/sysroots/i686-arago-linux/usr/bin/../arm-linux-gnueabihf/libc/usr/lib/arm-linux-gnueabihf/4.7.3/crt1.o

.note.gnu.build-id
                0x00008170       0x24
 *(.note.gnu.build-id)
 .note.gnu.build-id
                0x00008170       0x24 linker stubs

.hash
 *(.hash)

.gnu.hash       0x00008194      0x210
 *(.gnu.hash)
 .gnu.hash      0x00008194      0x210 /opt/ti-sdk-am335x-evm-07.00.00.00/linux-devkit/sysroots/i686-arago-linux/usr/bin/../arm-linux-gnueabihf/libc/usr/lib/arm-linux-gnueabihf/4.7.3/crt1.o

.dynsym         0x000083a4      0x300
 *(.dynsym)
 .dynsym        0x000083a4      0x300 /opt/ti-sdk-am335x-evm-07.00.00.00/linux-devkit/sysroots/i686-arago-linux/usr/bin/../arm-linux-gnueabihf/libc/usr/lib/arm-linux-gnueabihf/4.7.3/crt1.o

.dynstr         0x000086a4      0x19f
 *(.dynstr)
 .dynstr        0x000086a4      0x19f /opt/ti-sdk-am335x-evm-07.00.00.00/linux-devkit/sysroots/i686-arago-linux/usr/bin/../arm-linux-gnueabihf/libc/usr/lib/arm-linux-gnueabihf/4.7.3/crt1.o

.gnu.version    0x00008844       0x60
 *(.gnu.version)
 .gnu.version   0x00008844       0x60 /opt/ti-sdk-am335x-evm-07.00.00.00/linux-devkit/sysroots/i686-arago-linux/usr/bin/../arm-linux-gnueabihf/libc/usr/lib/arm-linux-gnueabihf/4.7.3/crt1.o

.gnu.version_d  0x000088a4        0x0
 *(.gnu.version_d)
 .gnu.version_d
                0x00000000        0x0 /opt/ti-sdk-am335x-evm-07.00.00.00/linux-devkit/sysroots/i686-arago-linux/usr/bin/../arm-linux-gnueabihf/libc/usr/lib/arm-linux-gnueabihf/4.7.3/crt1.o

.gnu.version_r  0x000088a4       0x40
 *(.gnu.version_r)
 .gnu.version_r
                0x000088a4       0x40 /opt/ti-sdk-am335x-evm-07.00.00.00/linux-devkit/sysroots/i686-arago-linux/usr/bin/../arm-linux-gnueabihf/libc/usr/lib/arm-linux-gnueabihf/4.7.3/crt1.o

.rel.dyn        0x000088e4       0x30
 *(.rel.init)
 *(.rel.text .rel.text.* .rel.gnu.linkonce.t.*)
 *(.rel.fini)
 *(.rel.rodata .rel.rodata.* .rel.gnu.linkonce.r.*)
 *(.rel.data.rel.ro .rel.data.rel.ro.* .rel.gnu.linkonce.d.rel.ro.*)
 *(.rel.data .rel.data.* .rel.gnu.linkonce.d.*)
 *(.rel.tdata .rel.tdata.* .rel.gnu.linkonce.td.*)
 *(.rel.tbss .rel.tbss.* .rel.gnu.linkonce.tb.*)
 *(.rel.ctors)
 *(.rel.dtors)
 *(.rel.got)
 .rel.got       0x000088e4        0x8 /opt/ti-sdk-am335x-evm-07.00.00.00/linux-devkit/sysroots/i686-arago-linux/usr/bin/../arm-linux-gnueabihf/libc/usr/lib/arm-linux-gnueabihf/4.7.3/crt1.o
 *(.rel.bss .rel.bss.* .rel.gnu.linkonce.b.*)
 .rel.bss       0x000088ec       0x28 /opt/ti-sdk-am335x-evm-07.00.00.00/linux-devkit/sysroots/i686-arago-linux/usr/bin/../arm-linux-gnueabihf/libc/usr/lib/arm-linux-gnueabihf/4.7.3/crt1.o
                0x00008914                PROVIDE (__rel_iplt_start, .)
 *(.rel.iplt)
 .rel.iplt      0x00000000        0x0 /opt/ti-sdk-am335x-evm-07.00.00.00/linux-devkit/sysroots/i686-arago-linux/usr/bin/../arm-linux-gnueabihf/libc/usr/lib/arm-linux-gnueabihf/4.7.3/crt1.o
                0x00008914                PROVIDE (__rel_iplt_end, .)
                0x00008914                PROVIDE (__rela_iplt_start, .)
                0x00008914                PROVIDE (__rela_iplt_end, .)

.rela.dyn       0x00008914        0x0
 *(.rela.init)
 *(.rela.text .rela.text.* .rela.gnu.linkonce.t.*)
 *(.rela.fini)
 *(.rela.rodata .rela.rodata.* .rela.gnu.linkonce.r.*)
 *(.rela.data .rela.data.* .rela.gnu.linkonce.d.*)
 *(.rela.tdata .rela.tdata.* .rela.gnu.linkonce.td.*)
 *(.rela.tbss .rela.tbss.* .rela.gnu.linkonce.tb.*)
 *(.rela.ctors)
 *(.rela.dtors)
 *(.rela.got)
 *(.rela.bss .rela.bss.* .rela.gnu.linkonce.b.*)
                0x00008914                PROVIDE (__rel_iplt_start, .)
                0x00008914                PROVIDE (__rel_iplt_end, .)
                0x00008914                PROVIDE (__rela_iplt_start, .)
 *(.rela.iplt)
                0x00008914                PROVIDE (__rela_iplt_end, .)

.rel.plt        0x00008914      0x148
 *(.rel.plt)
 .rel.plt       0x00008914      0x148 /opt/ti-sdk-am335x-evm-07.00.00.00/linux-devkit/sysroots/i686-arago-linux/usr/bin/../arm-linux-gnueabihf/libc/usr/lib/arm-linux-gnueabihf/4.7.3/crt1.o

.rela.plt
 *(.rela.plt)

.init           0x00008a5c        0xa
 *(SORT(.init))
 .init          0x00008a5c        0x8 /opt/ti-sdk-am335x-evm-07.00.00.00/linux-devkit/sysroots/i686-arago-linux/usr/bin/../arm-linux-gnueabihf/libc/usr/lib/arm-linux-gnueabihf/4.7.3/crti.o
                0x00008a5c                _init
 .init          0x00008a64        0x2 /opt/ti-sdk-am335x-evm-07.00.00.00/linux-devkit/sysroots/i686-arago-linux/usr/bin/../arm-linux-gnueabihf/libc/usr/lib/arm-linux-gnueabihf/4.7.3/crtn.o

.plt            0x00008a68      0x204
 *(.plt)
 .plt           0x00008a68      0x204 /opt/ti-sdk-am335x-evm-07.00.00.00/linux-devkit/sysroots/i686-arago-linux/usr/bin/../arm-linux-gnueabihf/libc/usr/lib/arm-linux-gnueabihf/4.7.3/crt1.o
                0x00008a7c                raise@@GLIBC_2.4
                0x00008a88                setbuf@@GLIBC_2.4
                0x00008a94                memalign@@GLIBC_2.4
                0x00008aa0                printf@@GLIBC_2.4
                0x00008aac                fopen@@GLIBC_2.4
                0x00008ab8                free@@GLIBC_2.4
                0x00008ac4                memcpy@@GLIBC_2.4
                0x00008ad0                time@@GLIBC_2.4
                0x00008adc                _IO_getc@@GLIBC_2.4
                0x00008ae8                stpcpy@@GLIBC_2.4
                0x00008af4                perror@@GLIBC_2.4
                0x00008b00                sigaction@@GLIBC_2.4
                0x00008b0c                fwrite@@GLIBC_2.4
                0x00008b18                ioctl@@GLIBC_2.4
                0x00008b24                usleep@@GLIBC_2.4
                0x00008b30                tcsetattr@@GLIBC_2.4
                0x00008b3c                fread@@GLIBC_2.4
                0x00008b48                malloc@@GLIBC_2.4
                0x00008b54                __libc_start_main@@GLIBC_2.4
                0x00008b60                strerror@@GLIBC_2.4
                0x00008b6c                strftime@@GLIBC_2.4
                0x00008b78                localtime@@GLIBC_2.4
                0x00008b94                open@@GLIBC_2.4
                0x00008ba0                getpid@@GLIBC_2.4
                0x00008bac                syscall@@GLIBC_2.4
                0x00008bb8                strtoul@@GLIBC_2.4
                0x00008bc4                getopt@@GLIBC_2.4
                0x00008bd0                fprintf@@GLIBC_2.4
                0x00008bdc                fcntl@@GLIBC_2.4
                0x00008be8                __errno_location@@GLIBC_2.4
                0x00008bf4                memset@@GLIBC_2.4
                0x00008c00                strtod@@GLIBC_2.4
                0x00008c0c                fileno@@GLIBC_2.4
                0x00008c18                fclose@@GLIBC_2.4
                0x00008c24                sigemptyset@@GLIBC_2.4
                0x00008c30                fseek@@GLIBC_2.4
                0x00008c3c                abort@@GLIBC_2.4
                0x00008c48                close@@GLIBC_2.4
                0x00008c54                __assert_fail@@GLIBC_2.4
                0x00008c60                tcgetattr@@GLIBC_2.4

.iplt           0x00008c6c        0x0
 *(.iplt)
 .iplt          0x00000000        0x0 /opt/ti-sdk-am335x-evm-07.00.00.00/linux-devkit/sysroots/i686-arago-linux/usr/bin/../arm-linux-gnueabihf/libc/usr/lib/arm-linux-gnueabihf/4.7.3/crt1.o

.text           0x00008c70     0x222c
 *(.text.unlikely .text.*_unlikely)
 .text.unlikely
                0x00008c70       0x40 release/main.o
 *(.text.exit .text.exit.*)
 *(.text.startup .text.startup.*)
 .text.startup  0x00008cb0      0x63c release/main.o
                0x00008cb0                main
 *(.text.hot .text.hot.*)
 *(.text .stub .text.* .gnu.linkonce.t.*)
 .text          0x000092ec       0x38 /opt/ti-sdk-am335x-evm-07.00.00.00/linux-devkit/sysroots/i686-arago-linux/usr/bin/../arm-linux-gnueabihf/libc/usr/lib/arm-linux-gnueabihf/4.7.3/crt1.o
                0x000092ec                _start
 .text          0x00009324       0x18 /opt/ti-sdk-am335x-evm-07.00.00.00/linux-devkit/sysroots/i686-arago-linux/usr/bin/../arm-linux-gnueabihf/libc/usr/lib/arm-linux-gnueabihf/4.7.3/crti.o
 .text          0x0000933c       0x88 /opt/ti-sdk-am335x-evm-07.00.00.00/linux-devkit/sysroots/i686-arago-linux/usr/bin/../lib/gcc/arm-linux-gnueabihf/4.7.3/crtbegin.o
 .text          0x000093c4       0x4c release/main.o
 .text          0x00009410      0x9d8 release/dt78xx_aio.o
                0x00009410                aio_wait
                0x00009618                aio_start
                0x000096b8                aio_stop
                0x000097a0                aio_buff_free
                0x0000983c                aio_buff_alloc
                0x00009b4c                aio_create
                0x00009c0c                aio_destroy
                0x00009cc0                aio_buff_size
 .text          0x00009de8      0x228 release/dt78xx_misc.o
                0x00009de8                sigaction_register
                0x00009e44                file_sigaction_register
                0x00009f20                kbhit
                0x00009fd0                kbfini
 .text          0x0000a010      0x90c release/tinywav.o
                0x0000a010                tinywav_open_write
                0x0000a10c                tinywav_open_read
                0x0000a298                tinywav_read_f
                0x0000a580                tinywav_close_read
                0x0000a59c                tinywav_write_f
                0x0000a87c                tinywav_close_write
                0x0000a90c                tinywav_isOpen
 *fill*         0x0000a91c        0x4 
 .text          0x0000a920      0x278 /opt/ti-sdk-am335x-evm-07.00.00.00/linux-devkit/sysroots/i686-arago-linux/usr/bin/../lib/gcc/arm-linux-gnueabihf/4.7.3/libgcc.a(_udivsi3.o)
                0x0000a920                __aeabi_uidiv
                0x0000a920                __udivsi3
                0x0000ab7c                __aeabi_uidivmod
 .text          0x0000ab98      0x2b0 /opt/ti-sdk-am335x-evm-07.00.00.00/linux-devkit/sysroots/i686-arago-linux/usr/bin/../lib/gcc/arm-linux-gnueabihf/4.7.3/libgcc.a(_divsi3.o)
                0x0000ab98                __divsi3
                0x0000ab98                __aeabi_idiv
                0x0000ae2c                __aeabi_idivmod
 .text          0x0000ae48        0xc /opt/ti-sdk-am335x-evm-07.00.00.00/linux-devkit/sysroots/i686-arago-linux/usr/bin/../lib/gcc/arm-linux-gnueabihf/4.7.3/libgcc.a(_dvmd_lnx.o)
                0x0000ae48                __aeabi_ldiv0
                0x0000ae48                __aeabi_idiv0
 .text          0x0000ae54       0x48 /opt/ti-sdk-am335x-evm-07.00.00.00/linux-devkit/sysroots/i686-arago-linux/usr/bin/../arm-linux-gnueabihf/libc/usr/lib/arm-linux-gnueabihf/4.7.3/./libc_nonshared.a(elf-init.oS)
                0x0000ae54                __libc_csu_init
                0x0000ae98                __libc_csu_fini
 .text          0x0000ae9c        0x0 /opt/ti-sdk-am335x-evm-07.00.00.00/linux-devkit/sysroots/i686-arago-linux/usr/bin/../lib/gcc/arm-linux-gnueabihf/4.7.3/crtend.o
 .text          0x0000ae9c        0x0 /opt/ti-sdk-am335x-evm-07.00.00.00/linux-devkit/sysroots/i686-arago-linux/usr/bin/../arm-linux-gnueabihf/libc/usr/lib/arm-linux-gnueabihf/4.7.3/crtn.o
 *(.gnu.warning)
 *(.glue_7t)
 .glue_7t       0x00000000        0x0 linker stubs
 *(.glue_7)
 .glue_7        0x00000000        0x0 linker stubs
 *(.vfp11_veneer)
 .vfp11_veneer  0x00000000        0x0 linker stubs
 *(.v4_bx)
 .v4_bx         0x00000000        0x0 linker stubs

.fini           0x0000ae9c        0x6
 *(SORT(.fini))
 .fini          0x0000ae9c        0x4 /opt/ti-sdk-am335x-evm-07.00.00.00/linux-devkit/sysroots/i686-arago-linux/usr/bin/../arm-linux-gnueabihf/libc/usr/lib/arm-linux-gnueabihf/4.7.3/crti.o
                0x0000ae9c                _fini
 .fini          0x0000aea0        0x2 /opt/ti-sdk-am335x-evm-07.00.00.00/linux-devkit/sysroots/i686-arago-linux/usr/bin/../arm-linux-gnueabihf/libc/usr/lib/arm-linux-gnueabihf/4.7.3/crtn.o
                0x0000aea2                PROVIDE (__etext, .)
                0x0000aea2                PROVIDE (_etext, .)
                0x0000aea2                PROVIDE (etext, .)

.rodata         0x0000aea8      0x6c4
 *(.rodata .rodata.* .gnu.linkonce.r.*)
 .rodata.cst4   0x0000aea8        0x4 /opt/ti-sdk-am335x-evm-07.00.00.00/linux-devkit/sysroots/i686-arago-linux/usr/bin/../arm-linux-gnueabihf/libc/usr/lib/arm-linux-gnueabihf/4.7.3/crt1.o
                0x0000aea8                _IO_stdin_used
 *fill*         0x0000aeac        0x4 
 .rodata        0x0000aeb0      0x120 release/main.o
 .rodata.str1.4
                0x0000afd0      0x1e8 release/main.o
 .rodata        0x0000b1b8       0x10 release/dt78xx_aio.o
 .rodata.str1.4
                0x0000b1c8       0x85 release/dt78xx_aio.o
                                 0x88 (size before relaxing)
 *fill*         0x0000b24d        0x3 
 .rodata.str1.4
                0x0000b250       0x20 release/dt78xx_misc.o
 .rodata        0x0000b270       0x30 release/tinywav.o
 .rodata.str1.4
                0x0000b2a0      0x2cc release/tinywav.o

.rodata1
 *(.rodata1)

.ARM.extab      0x0000b56c        0x0
 *(.ARM.extab* .gnu.linkonce.armextab.*)
 .ARM.extab     0x0000b56c        0x0 /opt/ti-sdk-am335x-evm-07.00.00.00/linux-devkit/sysroots/i686-arago-linux/usr/bin/../arm-linux-gnueabihf/libc/usr/lib/arm-linux-gnueabihf/4.7.3/crt1.o
                0x0000b56c                PROVIDE (__exidx_start, .)

.ARM.exidx      0x0000b56c        0x8
 *(.ARM.exidx* .gnu.linkonce.armexidx.*)
 .ARM.exidx     0x0000b56c        0x8 /opt/ti-sdk-am335x-evm-07.00.00.00/linux-devkit/sysroots/i686-arago-linux/usr/bin/../arm-linux-gnueabihf/libc/usr/lib/arm-linux-gnueabihf/4.7.3/crt1.o
                0x0000b574                PROVIDE (__exidx_end, .)

.eh_frame_hdr   0x0000b574        0x0
 *(.eh_frame_hdr)
 .eh_frame_hdr  0x00000000        0x0 /opt/ti-sdk-am335x-evm-07.00.00.00/linux-devkit/sysroots/i686-arago-linux/usr/bin/../arm-linux-gnueabihf/libc/usr/lib/arm-linux-gnueabihf/4.7.3/crtn.o

.eh_frame       0x0000b574        0x4
 *(.eh_frame)
 .eh_frame      0x0000b574        0x4 /opt/ti-sdk-am335x-evm-07.00.00.00/linux-devkit/sysroots/i686-arago-linux/usr/bin/../lib/gcc/arm-linux-gnueabihf/4.7.3/crtend.o

.gcc_except_table
 *(.gcc_except_table .gcc_except_table.*)

.exception_ranges
 *(.exception_ranges .exception_ranges*)
                0x0000b578                . = (ALIGN (0x8000) - ((0x8000 - .) & 0x7fff))
                0x00013578                . = DATA_SEGMENT_ALIGN (0x8000, 0x1000)

.eh_frame
 *(.eh_frame)

.gcc_except_table
 *(.gcc_except_table .gcc_except_table.*)

.exception_ranges
 *(.exception_ranges .exception_ranges*)

.tdata
 *(.tdata .tdata.* .gnu.linkonce.td.*)

.tbss
 *(.tbss .tbss.* .gnu.linkonce.tb.*)
 *(.tcommon)

.preinit_array  0x00013578        0x0
                0x00013578                PROVIDE (__preinit_array_start, .)
 *(.preinit_array)
                0x00013578                PROVIDE (__preinit_array_end, .)

.init_array     0x00013578        0x4
                0x00013578                PROVIDE (__init_array_start, .)
 *(SORT(.init_array.*))
 *(.init_array)
 .init_array    0x00013578        0x4 /opt/ti-sdk-am335x-evm-07.00.00.00/linux-devkit/sysroots/i686-arago-linux/usr/bin/../lib/gcc/arm-linux-gnueabihf/4.7.3/crtbegin.o
                0x0001357c                PROVIDE (__init_array_end, .)

.fini_array     0x0001357c        0x4
                0x0001357c                PROVIDE (__fini_array_start, .)
 *(SORT(.fini_array.*))
 *(.fini_array)
 .fini_array    0x0001357c        0x4 /opt/ti-sdk-am335x-evm-07.00.00.00/linux-devkit/sysroots/i686-arago-linux/usr/bin/../lib/gcc/arm-linux-gnueabihf/4.7.3/crtbegin.o
                0x00013580                PROVIDE (__fini_array_end, .)

.ctors
 *crtbegin.o(.ctors)
 *crtbegin?.o(.ctors)
 *(EXCLUDE_FILE(*crtend?.o *crtend.o) .ctors)
 *(SORT(.ctors.*))
 *(.ctors)

.dtors
 *crtbegin.o(.dtors)
 *crtbegin?.o(.dtors)
 *(EXCLUDE_FILE(*crtend?.o *crtend.o) .dtors)
 *(SORT(.dtors.*))
 *(.dtors)

.jcr            0x00013580        0x4
 *(.jcr)
 .jcr           0x00013580        0x0 /opt/ti-sdk-am335x-evm-07.00.00.00/linux-devkit/sysroots/i686-arago-linux/usr/bin/../lib/gcc/arm-linux-gnueabihf/4.7.3/crtbegin.o
 .jcr           0x00013580        0x4 /opt/ti-sdk-am335x-evm-07.00.00.00/linux-devkit/sysroots/i686-arago-linux/usr/bin/../lib/gcc/arm-linux-gnueabihf/4.7.3/crtend.o

.data.rel.ro
 *(.data.rel.ro.local* .gnu.linkonce.d.rel.ro.local.*)
 *(.data.rel.ro .data.rel.ro.* .gnu.linkonce.d.rel.ro.*)

.dynamic        0x00013584       0xf8
 *(.dynamic)
 .dynamic       0x00013584       0xf8 /opt/ti-sdk-am335x-evm-07.00.00.00/linux-devkit/sysroots/i686-arago-linux/usr/bin/../arm-linux-gnueabihf/libc/usr/lib/arm-linux-gnueabihf/4.7.3/crt1.o
                0x00013584                _DYNAMIC
                0x0001367c                . = DATA_SEGMENT_RELRO_END (., 0x0)

.got            0x0001367c       0xb4
 *(.got.plt)
 .got.plt       0x0001367c       0xb0 /opt/ti-sdk-am335x-evm-07.00.00.00/linux-devkit/sysroots/i686-arago-linux/usr/bin/../arm-linux-gnueabihf/libc/usr/lib/arm-linux-gnueabihf/4.7.3/crt1.o
                0x0001367c                _GLOBAL_OFFSET_TABLE_
 *(.igot.plt)
 .igot.plt      0x00000000        0x0 /opt/ti-sdk-am335x-evm-07.00.00.00/linux-devkit/sysroots/i686-arago-linux/usr/bin/../arm-linux-gnueabihf/libc/usr/lib/arm-linux-gnueabihf/4.7.3/crt1.o
 *(.got)
 .got           0x0001372c        0x4 /opt/ti-sdk-am335x-evm-07.00.00.00/linux-devkit/sysroots/i686-arago-linux/usr/bin/../arm-linux-gnueabihf/libc/usr/lib/arm-linux-gnueabihf/4.7.3/crt1.o
 *(.igot)

.data           0x00013730        0x8
                0x00013730                PROVIDE (__data_start, .)
 *(.data .data.* .gnu.linkonce.d.*)
 .data          0x00013730        0x4 /opt/ti-sdk-am335x-evm-07.00.00.00/linux-devkit/sysroots/i686-arago-linux/usr/bin/../arm-linux-gnueabihf/libc/usr/lib/arm-linux-gnueabihf/4.7.3/crt1.o
                0x00013730                data_start
                0x00013730                __data_start
 .data          0x00013734        0x0 /opt/ti-sdk-am335x-evm-07.00.00.00/linux-devkit/sysroots/i686-arago-linux/usr/bin/../arm-linux-gnueabihf/libc/usr/lib/arm-linux-gnueabihf/4.7.3/crti.o
 .data          0x00013734        0x4 /opt/ti-sdk-am335x-evm-07.00.00.00/linux-devkit/sysroots/i686-arago-linux/usr/bin/../lib/gcc/arm-linux-gnueabihf/4.7.3/crtbegin.o
                0x00013734                __dso_handle
 .data          0x00013738        0x0 release/main.o
 .data          0x00013738        0x0 release/dt78xx_aio.o
 .data          0x00013738        0x0 release/dt78xx_misc.o
 .data          0x00013738        0x0 release/tinywav.o
 .data          0x00013738        0x0 /opt/ti-sdk-am335x-evm-07.00.00.00/linux-devkit/sysroots/i686-arago-linux/usr/bin/../lib/gcc/arm-linux-gnueabihf/4.7.3/libgcc.a(_udivsi3.o)
 .data          0x00013738        0x0 /opt/ti-sdk-am335x-evm-07.00.00.00/linux-devkit/sysroots/i686-arago-linux/usr/bin/../lib/gcc/arm-linux-gnueabihf/4.7.3/libgcc.a(_divsi3.o)
 .data          0x00013738        0x0 /opt/ti-sdk-am335x-evm-07.00.00.00/linux-devkit/sysroots/i686-arago-linux/usr/bin/../lib/gcc/arm-linux-gnueabihf/4.7.3/libgcc.a(_dvmd_lnx.o)
 .data          0x00013738        0x0 /opt/ti-sdk-am335x-evm-07.00.00.00/linux-devkit/sysroots/i686-arago-linux/usr/bin/../arm-linux-gnueabihf/libc/usr/lib/arm-linux-gnueabihf/4.7.3/./libc_nonshared.a(elf-init.oS)
 .data          0x00013738        0x0 /opt/ti-sdk-am335x-evm-07.00.00.00/linux-devkit/sysroots/i686-arago-linux/usr/bin/../lib/gcc/arm-linux-gnueabihf/4.7.3/crtend.o
 .data          0x00013738        0x0 /opt/ti-sdk-am335x-evm-07.00.00.00/linux-devkit/sysroots/i686-arago-linux/usr/bin/../arm-linux-gnueabihf/libc/usr/lib/arm-linux-gnueabihf/4.7.3/crtn.o

.tm_clone_table
                0x00013738        0x0
 .tm_clone_table
                0x00013738        0x0 /opt/ti-sdk-am335x-evm-07.00.00.00/linux-devkit/sysroots/i686-arago-linux/usr/bin/../lib/gcc/arm-linux-gnueabihf/4.7.3/crtbegin.o
 .tm_clone_table
                0x00013738        0x0 /opt/ti-sdk-am335x-evm-07.00.00.00/linux-devkit/sysroots/i686-arago-linux/usr/bin/../lib/gcc/arm-linux-gnueabihf/4.7.3/crtend.o

.data1
 *(.data1)
                0x00013738                _edata = .
                0x00013738                PROVIDE (edata, .)
                0x00013738                . = .
                0x00013738                __bss_start = .
                0x00013738                __bss_start__ = .

.bss            0x00013738       0x64
 *(.dynbss)
 .dynbss        0x00013738       0x1c /opt/ti-sdk-am335x-evm-07.00.00.00/linux-devkit/sysroots/i686-arago-linux/usr/bin/../arm-linux-gnueabihf/libc/usr/lib/arm-linux-gnueabihf/4.7.3/crt1.o
                0x00013738                optind@@GLIBC_2.4
                0x00013740                stderr@@GLIBC_2.4
                0x00013748                stdin@@GLIBC_2.4
                0x0001374c                stdout@@GLIBC_2.4
                0x00013750                optarg@@GLIBC_2.4
 *(.bss .bss.* .gnu.linkonce.b.*)
 .bss           0x00013754        0x0 /opt/ti-sdk-am335x-evm-07.00.00.00/linux-devkit/sysroots/i686-arago-linux/usr/bin/../arm-linux-gnueabihf/libc/usr/lib/arm-linux-gnueabihf/4.7.3/crt1.o
 .bss           0x00013754        0x0 /opt/ti-sdk-am335x-evm-07.00.00.00/linux-devkit/sysroots/i686-arago-linux/usr/bin/../arm-linux-gnueabihf/libc/usr/lib/arm-linux-gnueabihf/4.7.3/crti.o
 .bss           0x00013754        0x1 /opt/ti-sdk-am335x-evm-07.00.00.00/linux-devkit/sysroots/i686-arago-linux/usr/bin/../lib/gcc/arm-linux-gnueabihf/4.7.3/crtbegin.o
 *fill*         0x00013755        0x3 
 .bss           0x00013758        0x4 release/main.o
 .bss           0x0001375c        0x0 release/dt78xx_aio.o
 .bss           0x0001375c       0x40 release/dt78xx_misc.o
 .bss           0x0001379c        0x0 release/tinywav.o
 .bss           0x0001379c        0x0 /opt/ti-sdk-am335x-evm-07.00.00.00/linux-devkit/sysroots/i686-arago-linux/usr/bin/../lib/gcc/arm-linux-gnueabihf/4.7.3/libgcc.a(_udivsi3.o)
 .bss           0x0001379c        0x0 /opt/ti-sdk-am335x-evm-07.00.00.00/linux-devkit/sysroots/i686-arago-linux/usr/bin/../lib/gcc/arm-linux-gnueabihf/4.7.3/libgcc.a(_divsi3.o)
 .bss           0x0001379c        0x0 /opt/ti-sdk-am335x-evm-07.00.00.00/linux-devkit/sysroots/i686-arago-linux/usr/bin/../lib/gcc/arm-linux-gnueabihf/4.7.3/libgcc.a(_dvmd_lnx.o)
 .bss           0x0001379c        0x0 /opt/ti-sdk-am335x-evm-07.00.00.00/linux-devkit/sysroots/i686-arago-linux/usr/bin/../arm-linux-gnueabihf/libc/usr/lib/arm-linux-gnueabihf/4.7.3/./libc_nonshared.a(elf-init.oS)
 .bss           0x0001379c        0x0 /opt/ti-sdk-am335x-evm-07.00.00.00/linux-devkit/sysroots/i686-arago-linux/usr/bin/../lib/gcc/arm-linux-gnueabihf/4.7.3/crtend.o
 .bss           0x0001379c        0x0 /opt/ti-sdk-am335x-evm-07.00.00.00/linux-devkit/sysroots/i686-arago-linux/usr/bin/../arm-linux-gnueabihf/libc/usr/lib/arm-linux-gnueabihf/4.7.3/crtn.o
 *(COMMON)
                0x0001379c                . = ALIGN ((. != 0x0)?0x4:0x1)
                0x0001379c                _bss_end__ = .
                0x0001379c                __bss_end__ = .
                0x0001379c                . = ALIGN (0x4)
                0x0001379c                . = ALIGN (0x4)
                0x0001379c                __end__ = .
                0x0001379c                _end = .
                0x0001379c                PROVIDE (end, .)
                0x0001379c                . = DATA_SEGMENT_END (.)

.stab
 *(.stab)

.stabstr
 *(.stabstr)

.stab.excl
 *(.stab.excl)

.stab.exclstr
 *(.stab.exclstr)

.stab.index
 *(.stab.index)

.stab.indexstr
 *(.stab.indexstr)

.comment        0x00000000       0x68
 *(.comment)
 .comment       0x00000000       0x68 release/main.o
                                 0x69 (size before relaxing)
 .comment       0x00000000       0x69 release/dt78xx_aio.o
 .comment       0x00000000       0x69 release/dt78xx_misc.o
 .comment       0x00000000       0x69 release/tinywav.o

.ARM.attributes
                0x00000000       0x37
 .ARM.attributes
                0x00000000       0x35 /opt/ti-sdk-am335x-evm-07.00.00.00/linux-devkit/sysroots/i686-arago-linux/usr/bin/../arm-linux-gnueabihf/libc/usr/lib/arm-linux-gnueabihf/4.7.3/crt1.o
 .ARM.attributes
                0x00000035       0x37 /opt/ti-sdk-am335x-evm-07.00.00.00/linux-devkit/sysroots/i686-arago-linux/usr/bin/../arm-linux-gnueabihf/libc/usr/lib/arm-linux-gnueabihf/4.7.3/crti.o
 .ARM.attributes
                0x0000006c       0x35 /opt/ti-sdk-am335x-evm-07.00.00.00/linux-devkit/sysroots/i686-arago-linux/usr/bin/../lib/gcc/arm-linux-gnueabihf/4.7.3/crtbegin.o
 .ARM.attributes
                0x000000a1       0x37 release/main.o
 .ARM.attributes
                0x000000d8       0x37 release/dt78xx_aio.o
 .ARM.attributes
                0x0000010f       0x37 release/dt78xx_misc.o
 .ARM.attributes
                0x00000146       0x37 release/tinywav.o
 .ARM.attributes
                0x0000017d       0x21 /opt/ti-sdk-am335x-evm-07.00.00.00/linux-devkit/sysroots/i686-arago-linux/usr/bin/../lib/gcc/arm-linux-gnueabihf/4.7.3/libgcc.a(_udivsi3.o)
 .ARM.attributes
                0x0000019e       0x21 /opt/ti-sdk-am335x-evm-07.00.00.00/linux-devkit/sysroots/i686-arago-linux/usr/bin/../lib/gcc/arm-linux-gnueabihf/4.7.3/libgcc.a(_divsi3.o)
 .ARM.attributes
                0x000001bf       0x21 /opt/ti-sdk-am335x-evm-07.00.00.00/linux-devkit/sysroots/i686-arago-linux/usr/bin/../lib/gcc/arm-linux-gnueabihf/4.7.3/libgcc.a(_dvmd_lnx.o)
 .ARM.attributes
                0x000001e0       0x37 /opt/ti-sdk-am335x-evm-07.00.00.00/linux-devkit/sysroots/i686-arago-linux/usr/bin/../arm-linux-gnueabihf/libc/usr/lib/arm-linux-gnueabihf/4.7.3/./libc_nonshared.a(elf-init.oS)
 .ARM.attributes
                0x00000217       0x35 /opt/ti-sdk-am335x-evm-07.00.00.00/linux-devkit/sysroots/i686-arago-linux/usr/bin/../lib/gcc/arm-linux-gnueabihf/4.7.3/crtend.o
 .ARM.attributes
                0x0000024c       0x37 /opt/ti-sdk-am335x-evm-07.00.00.00/linux-devkit/sysroots/i686-arago-linux/usr/bin/../arm-linux-gnueabihf/libc/usr/lib/arm-linux-gnueabihf/4.7.3/crtn.o

.debug
 *(.debug)

.line
 *(.line)

.debug_srcinfo
 *(.debug_srcinfo)

.debug_sfnames
 *(.debug_sfnames)

.debug_aranges
 *(.debug_aranges)

.debug_pubnames
 *(.debug_pubnames)

.debug_info
 *(.debug_info .gnu.linkonce.wi.*)

.debug_abbrev
 *(.debug_abbrev)

.debug_line
 *(.debug_line)

.debug_frame    0x00000000       0x40
 *(.debug_frame)
 .debug_frame   0x00000000       0x20 /opt/ti-sdk-am335x-evm-07.00.00.00/linux-devkit/sysroots/i686-arago-linux/usr/bin/../lib/gcc/arm-linux-gnueabihf/4.7.3/libgcc.a(_udivsi3.o)
 .debug_frame   0x00000020       0x20 /opt/ti-sdk-am335x-evm-07.00.00.00/linux-devkit/sysroots/i686-arago-linux/usr/bin/../lib/gcc/arm-linux-gnueabihf/4.7.3/libgcc.a(_divsi3.o)

.debug_str
 *(.debug_str)

.debug_loc
 *(.debug_loc)

.debug_macinfo
 *(.debug_macinfo)

.debug_weaknames
 *(.debug_weaknames)

.debug_funcnames
 *(.debug_funcnames)

.debug_typenames
 *(.debug_typenames)

.debug_varnames
 *(.debug_varnames)

.debug_pubtypes
 *(.debug_pubtypes)

.debug_ranges
 *(.debug_ranges)

.debug_macro
 *(.debug_macro)

.gnu.attributes
 *(.gnu.attributes)

.note.gnu.arm.ident
 *(.note.gnu.arm.ident)

/DISCARD/
 *(.note.GNU-stack)
 *(.gnu_debuglink)
 *(.gnu.lto_*)
OUTPUT(release/bat-array elf32-littlearm)
