Archive member included because of file (symbol)

/opt/ti-sdk-am335x-evm-07.00.00.00/linux-devkit/sysroots/i686-arago-linux/usr/bin/../lib/gcc/arm-linux-gnueabihf/4.7.3/libgcc.a(_udivsi3.o)
                              release/libaiff.o (__aeabi_uidiv)
/opt/ti-sdk-am335x-evm-07.00.00.00/linux-devkit/sysroots/i686-arago-linux/usr/bin/../lib/gcc/arm-linux-gnueabihf/4.7.3/libgcc.a(_divsi3.o)
                              release/main.o (__aeabi_idiv)
/opt/ti-sdk-am335x-evm-07.00.00.00/linux-devkit/sysroots/i686-arago-linux/usr/bin/../lib/gcc/arm-linux-gnueabihf/4.7.3/libgcc.a(_dvmd_lnx.o)
                              /opt/ti-sdk-am335x-evm-07.00.00.00/linux-devkit/sysroots/i686-arago-linux/usr/bin/../lib/gcc/arm-linux-gnueabihf/4.7.3/libgcc.a(_udivsi3.o) (__aeabi_idiv0)
/opt/ti-sdk-am335x-evm-07.00.00.00/linux-devkit/sysroots/i686-arago-linux/usr/bin/../arm-linux-gnueabihf/libc/usr/lib/arm-linux-gnueabihf/4.7.3/./libc_nonshared.a(elf-init.oS)
                              /opt/ti-sdk-am335x-evm-07.00.00.00/linux-devkit/sysroots/i686-arago-linux/usr/bin/../arm-linux-gnueabihf/libc/usr/lib/arm-linux-gnueabihf/4.7.3/crt1.o (__libc_csu_init)

Discarded input sections

 .note.GNU-stack
                0x00000000        0x0 /opt/ti-sdk-am335x-evm-07.00.00.00/linux-devkit/sysroots/i686-arago-linux/usr/bin/../arm-linux-gnueabihf/libc/usr/lib/arm-linux-gnueabihf/4.7.3/crt1.o
 .gnu_debuglink
                0x00000000        0xc /opt/ti-sdk-am335x-evm-07.00.00.00/linux-devkit/sysroots/i686-arago-linux/usr/bin/../arm-linux-gnueabihf/libc/usr/lib/arm-linux-gnueabihf/4.7.3/crt1.o
 .note.GNU-stack
                0x00000000        0x0 /opt/ti-sdk-am335x-evm-07.00.00.00/linux-devkit/sysroots/i686-arago-linux/usr/bin/../arm-linux-gnueabihf/libc/usr/lib/arm-linux-gnueabihf/4.7.3/crti.o
 .gnu_debuglink
                0x00000000        0xc /opt/ti-sdk-am335x-evm-07.00.00.00/linux-devkit/sysroots/i686-arago-linux/usr/bin/../arm-linux-gnueabihf/libc/usr/lib/arm-linux-gnueabihf/4.7.3/crti.o
 .note.GNU-stack
                0x00000000        0x0 /opt/ti-sdk-am335x-evm-07.00.00.00/linux-devkit/sysroots/i686-arago-linux/usr/bin/../lib/gcc/arm-linux-gnueabihf/4.7.3/crtbegin.o
 .note.GNU-stack
                0x00000000        0x0 release/main.o
 .note.GNU-stack
                0x00000000        0x0 release/dt78xx_aio.o
 .note.GNU-stack
                0x00000000        0x0 release/dt78xx_misc.o
 .note.GNU-stack
                0x00000000        0x0 release/libaiff.o
 .note.GNU-stack
                0x00000000        0x0 release/aifx.o
 .note.GNU-stack
                0x00000000        0x0 release/extended.o
 .note.GNU-stack
                0x00000000        0x0 release/float32.o
 .note.GNU-stack
                0x00000000        0x0 release/g711.o
 .note.GNU-stack
                0x00000000        0x0 release/iff.o
 .note.GNU-stack
                0x00000000        0x0 release/lpcm.o
 .note.GNU-stack
                0x00000000        0x0 release/pascal.o
 .note.GNU-stack
                0x00000000        0x0 release/RingBuf.o
 .note.GNU-stack
                0x00000000        0x0 release/sunriset.o
 .note.GNU-stack
                0x00000000        0x0 /opt/ti-sdk-am335x-evm-07.00.00.00/linux-devkit/sysroots/i686-arago-linux/usr/bin/../lib/gcc/arm-linux-gnueabihf/4.7.3/libgcc.a(_udivsi3.o)
 .note.GNU-stack
                0x00000000        0x0 /opt/ti-sdk-am335x-evm-07.00.00.00/linux-devkit/sysroots/i686-arago-linux/usr/bin/../lib/gcc/arm-linux-gnueabihf/4.7.3/libgcc.a(_divsi3.o)
 .note.GNU-stack
                0x00000000        0x0 /opt/ti-sdk-am335x-evm-07.00.00.00/linux-devkit/sysroots/i686-arago-linux/usr/bin/../lib/gcc/arm-linux-gnueabihf/4.7.3/libgcc.a(_dvmd_lnx.o)
 .note.GNU-stack
                0x00000000        0x0 /opt/ti-sdk-am335x-evm-07.00.00.00/linux-devkit/sysroots/i686-arago-linux/usr/bin/../arm-linux-gnueabihf/libc/usr/lib/arm-linux-gnueabihf/4.7.3/./libc_nonshared.a(elf-init.oS)
 .note.GNU-stack
                0x00000000        0x0 /opt/ti-sdk-am335x-evm-07.00.00.00/linux-devkit/sysroots/i686-arago-linux/usr/bin/../lib/gcc/arm-linux-gnueabihf/4.7.3/crtend.o
 .note.GNU-stack
                0x00000000        0x0 /opt/ti-sdk-am335x-evm-07.00.00.00/linux-devkit/sysroots/i686-arago-linux/usr/bin/../arm-linux-gnueabihf/libc/usr/lib/arm-linux-gnueabihf/4.7.3/crtn.o
 .gnu_debuglink
                0x00000000        0xc /opt/ti-sdk-am335x-evm-07.00.00.00/linux-devkit/sysroots/i686-arago-linux/usr/bin/../arm-linux-gnueabihf/libc/usr/lib/arm-linux-gnueabihf/4.7.3/crtn.o

Memory Configuration

Name             Origin             Length             Attributes
*default*        0x00000000         0xffffffff

Linker script and memory map

LOAD /opt/ti-sdk-am335x-evm-07.00.00.00/linux-devkit/sysroots/i686-arago-linux/usr/bin/../arm-linux-gnueabihf/libc/usr/lib/arm-linux-gnueabihf/4.7.3/crt1.o
LOAD /opt/ti-sdk-am335x-evm-07.00.00.00/linux-devkit/sysroots/i686-arago-linux/usr/bin/../arm-linux-gnueabihf/libc/usr/lib/arm-linux-gnueabihf/4.7.3/crti.o
LOAD /opt/ti-sdk-am335x-evm-07.00.00.00/linux-devkit/sysroots/i686-arago-linux/usr/bin/../lib/gcc/arm-linux-gnueabihf/4.7.3/crtbegin.o
LOAD release/main.o
LOAD release/dt78xx_aio.o
LOAD release/dt78xx_misc.o
LOAD release/libaiff.o
LOAD release/aifx.o
LOAD release/extended.o
LOAD release/float32.o
LOAD release/g711.o
LOAD release/iff.o
LOAD release/lpcm.o
LOAD release/pascal.o
LOAD release/RingBuf.o
LOAD release/sunriset.o
LOAD /opt/ti-sdk-am335x-evm-07.00.00.00/linux-devkit/sysroots/i686-arago-linux/usr/bin/../arm-linux-gnueabihf/libc/usr/lib/arm-linux-gnueabihf/4.7.3/libpthread.so
START GROUP
LOAD /opt/ti-sdk-am335x-evm-07.00.00.00/linux-devkit/sysroots/i686-arago-linux/usr/bin/../arm-linux-gnueabihf/libc/usr/lib/arm-linux-gnueabihf/4.7.3/../../lib/libpthread.so.0
LOAD /opt/ti-sdk-am335x-evm-07.00.00.00/linux-devkit/sysroots/i686-arago-linux/usr/bin/../arm-linux-gnueabihf/libc/usr/lib/arm-linux-gnueabihf/4.7.3/./libpthread_nonshared.a
END GROUP
LOAD /opt/ti-sdk-am335x-evm-07.00.00.00/linux-devkit/sysroots/i686-arago-linux/usr/bin/../arm-linux-gnueabihf/libc/usr/lib/arm-linux-gnueabihf/4.7.3/libm.so
LOAD /opt/ti-sdk-am335x-evm-07.00.00.00/linux-devkit/sysroots/i686-arago-linux/usr/bin/../lib/gcc/arm-linux-gnueabihf/4.7.3/libgcc.a
LOAD /opt/ti-sdk-am335x-evm-07.00.00.00/linux-devkit/sysroots/i686-arago-linux/usr/bin/../lib/gcc/arm-linux-gnueabihf/4.7.3/../../../../arm-linux-gnueabihf/lib/libgcc_s.so
START GROUP
LOAD /opt/ti-sdk-am335x-evm-07.00.00.00/linux-devkit/sysroots/i686-arago-linux/usr/bin/../lib/gcc/arm-linux-gnueabihf/4.7.3/../../../../arm-linux-gnueabihf/lib/libgcc_s.so.1
LOAD /opt/ti-sdk-am335x-evm-07.00.00.00/linux-devkit/sysroots/i686-arago-linux/usr/bin/../lib/gcc/arm-linux-gnueabihf/4.7.3/libgcc.a
END GROUP
LOAD /opt/ti-sdk-am335x-evm-07.00.00.00/linux-devkit/sysroots/i686-arago-linux/usr/bin/../arm-linux-gnueabihf/libc/usr/lib/arm-linux-gnueabihf/4.7.3/libc.so
START GROUP
LOAD /opt/ti-sdk-am335x-evm-07.00.00.00/linux-devkit/sysroots/i686-arago-linux/usr/bin/../arm-linux-gnueabihf/libc/usr/lib/arm-linux-gnueabihf/4.7.3/../../lib/libc.so.6
LOAD /opt/ti-sdk-am335x-evm-07.00.00.00/linux-devkit/sysroots/i686-arago-linux/usr/bin/../arm-linux-gnueabihf/libc/usr/lib/arm-linux-gnueabihf/4.7.3/./libc_nonshared.a
LOAD /opt/ti-sdk-am335x-evm-07.00.00.00/linux-devkit/sysroots/i686-arago-linux/usr/bin/../arm-linux-gnueabihf/libc/usr/lib/arm-linux-gnueabihf/4.7.3/../../lib/ld-linux-armhf.so.3
END GROUP
LOAD /opt/ti-sdk-am335x-evm-07.00.00.00/linux-devkit/sysroots/i686-arago-linux/usr/bin/../lib/gcc/arm-linux-gnueabihf/4.7.3/libgcc.a
LOAD /opt/ti-sdk-am335x-evm-07.00.00.00/linux-devkit/sysroots/i686-arago-linux/usr/bin/../lib/gcc/arm-linux-gnueabihf/4.7.3/../../../../arm-linux-gnueabihf/lib/libgcc_s.so
START GROUP
LOAD /opt/ti-sdk-am335x-evm-07.00.00.00/linux-devkit/sysroots/i686-arago-linux/usr/bin/../lib/gcc/arm-linux-gnueabihf/4.7.3/../../../../arm-linux-gnueabihf/lib/libgcc_s.so.1
LOAD /opt/ti-sdk-am335x-evm-07.00.00.00/linux-devkit/sysroots/i686-arago-linux/usr/bin/../lib/gcc/arm-linux-gnueabihf/4.7.3/libgcc.a
END GROUP
LOAD /opt/ti-sdk-am335x-evm-07.00.00.00/linux-devkit/sysroots/i686-arago-linux/usr/bin/../lib/gcc/arm-linux-gnueabihf/4.7.3/crtend.o
LOAD /opt/ti-sdk-am335x-evm-07.00.00.00/linux-devkit/sysroots/i686-arago-linux/usr/bin/../arm-linux-gnueabihf/libc/usr/lib/arm-linux-gnueabihf/4.7.3/crtn.o
                0x00008000                PROVIDE (__executable_start, 0x8000)
                0x00008134                . = (0x8000 + SIZEOF_HEADERS)

.interp         0x00008134       0x19
 *(.interp)
 .interp        0x00008134       0x19 /opt/ti-sdk-am335x-evm-07.00.00.00/linux-devkit/sysroots/i686-arago-linux/usr/bin/../arm-linux-gnueabihf/libc/usr/lib/arm-linux-gnueabihf/4.7.3/crt1.o

.note.ABI-tag   0x00008150       0x20
 .note.ABI-tag  0x00008150       0x20 /opt/ti-sdk-am335x-evm-07.00.00.00/linux-devkit/sysroots/i686-arago-linux/usr/bin/../arm-linux-gnueabihf/libc/usr/lib/arm-linux-gnueabihf/4.7.3/crt1.o

.note.gnu.build-id
                0x00008170       0x24
 *(.note.gnu.build-id)
 .note.gnu.build-id
                0x00008170       0x24 linker stubs

.hash
 *(.hash)

.gnu.hash       0x00008194      0x2fc
 *(.gnu.hash)
 .gnu.hash      0x00008194      0x2fc /opt/ti-sdk-am335x-evm-07.00.00.00/linux-devkit/sysroots/i686-arago-linux/usr/bin/../arm-linux-gnueabihf/libc/usr/lib/arm-linux-gnueabihf/4.7.3/crt1.o

.dynsym         0x00008490      0x3d0
 *(.dynsym)
 .dynsym        0x00008490      0x3d0 /opt/ti-sdk-am335x-evm-07.00.00.00/linux-devkit/sysroots/i686-arago-linux/usr/bin/../arm-linux-gnueabihf/libc/usr/lib/arm-linux-gnueabihf/4.7.3/crt1.o

.dynstr         0x00008860      0x1f0
 *(.dynstr)
 .dynstr        0x00008860      0x1f0 /opt/ti-sdk-am335x-evm-07.00.00.00/linux-devkit/sysroots/i686-arago-linux/usr/bin/../arm-linux-gnueabihf/libc/usr/lib/arm-linux-gnueabihf/4.7.3/crt1.o

.gnu.version    0x00008a50       0x7a
 *(.gnu.version)
 .gnu.version   0x00008a50       0x7a /opt/ti-sdk-am335x-evm-07.00.00.00/linux-devkit/sysroots/i686-arago-linux/usr/bin/../arm-linux-gnueabihf/libc/usr/lib/arm-linux-gnueabihf/4.7.3/crt1.o

.gnu.version_d  0x00008acc        0x0
 *(.gnu.version_d)
 .gnu.version_d
                0x00000000        0x0 /opt/ti-sdk-am335x-evm-07.00.00.00/linux-devkit/sysroots/i686-arago-linux/usr/bin/../arm-linux-gnueabihf/libc/usr/lib/arm-linux-gnueabihf/4.7.3/crt1.o

.gnu.version_r  0x00008acc       0x60
 *(.gnu.version_r)
 .gnu.version_r
                0x00008acc       0x60 /opt/ti-sdk-am335x-evm-07.00.00.00/linux-devkit/sysroots/i686-arago-linux/usr/bin/../arm-linux-gnueabihf/libc/usr/lib/arm-linux-gnueabihf/4.7.3/crt1.o

.rel.dyn        0x00008b2c       0x30
 *(.rel.init)
 *(.rel.text .rel.text.* .rel.gnu.linkonce.t.*)
 *(.rel.fini)
 *(.rel.rodata .rel.rodata.* .rel.gnu.linkonce.r.*)
 *(.rel.data.rel.ro .rel.data.rel.ro.* .rel.gnu.linkonce.d.rel.ro.*)
 *(.rel.data .rel.data.* .rel.gnu.linkonce.d.*)
 *(.rel.tdata .rel.tdata.* .rel.gnu.linkonce.td.*)
 *(.rel.tbss .rel.tbss.* .rel.gnu.linkonce.tb.*)
 *(.rel.ctors)
 *(.rel.dtors)
 *(.rel.got)
 .rel.got       0x00008b2c        0x8 /opt/ti-sdk-am335x-evm-07.00.00.00/linux-devkit/sysroots/i686-arago-linux/usr/bin/../arm-linux-gnueabihf/libc/usr/lib/arm-linux-gnueabihf/4.7.3/crt1.o
 *(.rel.bss .rel.bss.* .rel.gnu.linkonce.b.*)
 .rel.bss       0x00008b34       0x28 /opt/ti-sdk-am335x-evm-07.00.00.00/linux-devkit/sysroots/i686-arago-linux/usr/bin/../arm-linux-gnueabihf/libc/usr/lib/arm-linux-gnueabihf/4.7.3/crt1.o
                0x00008b5c                PROVIDE (__rel_iplt_start, .)
 *(.rel.iplt)
 .rel.iplt      0x00000000        0x0 /opt/ti-sdk-am335x-evm-07.00.00.00/linux-devkit/sysroots/i686-arago-linux/usr/bin/../arm-linux-gnueabihf/libc/usr/lib/arm-linux-gnueabihf/4.7.3/crt1.o
                0x00008b5c                PROVIDE (__rel_iplt_end, .)
                0x00008b5c                PROVIDE (__rela_iplt_start, .)
                0x00008b5c                PROVIDE (__rela_iplt_end, .)

.rela.dyn       0x00008b5c        0x0
 *(.rela.init)
 *(.rela.text .rela.text.* .rela.gnu.linkonce.t.*)
 *(.rela.fini)
 *(.rela.rodata .rela.rodata.* .rela.gnu.linkonce.r.*)
 *(.rela.data .rela.data.* .rela.gnu.linkonce.d.*)
 *(.rela.tdata .rela.tdata.* .rela.gnu.linkonce.td.*)
 *(.rela.tbss .rela.tbss.* .rela.gnu.linkonce.tb.*)
 *(.rela.ctors)
 *(.rela.dtors)
 *(.rela.got)
 *(.rela.bss .rela.bss.* .rela.gnu.linkonce.b.*)
                0x00008b5c                PROVIDE (__rel_iplt_start, .)
                0x00008b5c                PROVIDE (__rel_iplt_end, .)
                0x00008b5c                PROVIDE (__rela_iplt_start, .)
 *(.rela.iplt)
                0x00008b5c                PROVIDE (__rela_iplt_end, .)

.rel.plt        0x00008b5c      0x1b0
 *(.rel.plt)
 .rel.plt       0x00008b5c      0x1b0 /opt/ti-sdk-am335x-evm-07.00.00.00/linux-devkit/sysroots/i686-arago-linux/usr/bin/../arm-linux-gnueabihf/libc/usr/lib/arm-linux-gnueabihf/4.7.3/crt1.o

.rela.plt
 *(.rela.plt)

.init           0x00008d0c        0xa
 *(SORT(.init))
 .init          0x00008d0c        0x8 /opt/ti-sdk-am335x-evm-07.00.00.00/linux-devkit/sysroots/i686-arago-linux/usr/bin/../arm-linux-gnueabihf/libc/usr/lib/arm-linux-gnueabihf/4.7.3/crti.o
                0x00008d0c                _init
 .init          0x00008d14        0x2 /opt/ti-sdk-am335x-evm-07.00.00.00/linux-devkit/sysroots/i686-arago-linux/usr/bin/../arm-linux-gnueabihf/libc/usr/lib/arm-linux-gnueabihf/4.7.3/crtn.o

.plt            0x00008d18      0x2a0
 *(.plt)
 .plt           0x00008d18      0x2a0 /opt/ti-sdk-am335x-evm-07.00.00.00/linux-devkit/sysroots/i686-arago-linux/usr/bin/../arm-linux-gnueabihf/libc/usr/lib/arm-linux-gnueabihf/4.7.3/crt1.o
                0x00008d2c                raise@@GLIBC_2.4
                0x00008d38                setbuf@@GLIBC_2.4
                0x00008d44                strtol@@GLIBC_2.4
                0x00008d50                memalign@@GLIBC_2.4
                0x00008d5c                printf@@GLIBC_2.4
                0x00008d68                fopen@@GLIBC_2.4
                0x00008d74                memmove@@GLIBC_2.4
                0x00008d80                free@@GLIBC_2.4
                0x00008d8c                memcpy@@GLIBC_2.4
                0x00008d98                _IO_getc@@GLIBC_2.4
                0x00008da4                sincos@@GLIBC_2.4
                0x00008db0                stpcpy@@GLIBC_2.4
                0x00008dbc                perror@@GLIBC_2.4
                0x00008dc8                sigaction@@GLIBC_2.4
                0x00008dd4                fwrite@@GLIBC_2.4
                0x00008de0                ioctl@@GLIBC_2.4
                0x00008dec                tcsetattr@@GLIBC_2.4
                0x00008df8                gettimeofday@@GLIBC_2.4
                0x00008e04                fread@@GLIBC_2.4
                0x00008e10                daemon@@GLIBC_2.4
                0x00008e1c                floor@@GLIBC_2.4
                0x00008e28                acos@@GLIBC_2.4
                0x00008e34                malloc@@GLIBC_2.4
                0x00008e40                __libc_start_main@@GLIBC_2.4
                0x00008e4c                strerror@@GLIBC_2.4
                0x00008e68                open@@GLIBC_2.4
                0x00008e74                getpid@@GLIBC_2.4
                0x00008e80                syscall@@GLIBC_2.4
                0x00008e8c                sin@@GLIBC_2.4
                0x00008e98                strtoul@@GLIBC_2.4
                0x00008ea4                strlen@@GLIBC_2.4
                0x00008eb0                getopt@@GLIBC_2.4
                0x00008ebc                fprintf@@GLIBC_2.4
                0x00008ec8                fcntl@@GLIBC_2.4
                0x00008ed4                sqrt@@GLIBC_2.4
                0x00008ee0                __errno_location@@GLIBC_2.4
                0x00008eec                memset@@GLIBC_2.4
                0x00008ef8                gmtime@@GLIBC_2.4
                0x00008f04                fgetc@@GLIBC_2.4
                0x00008f10                strtod@@GLIBC_2.4
                0x00008f1c                fileno@@GLIBC_2.4
                0x00008f28                fclose@@GLIBC_2.4
                0x00008f34                frexp@@GLIBC_2.4
                0x00008f40                sigemptyset@@GLIBC_2.4
                0x00008f4c                fputc@@GLIBC_2.4
                0x00008f58                sprintf@@GLIBC_2.4
                0x00008f64                timegm@@GLIBC_2.4
                0x00008f70                ldexp@@GLIBC_2.4
                0x00008f7c                fseek@@GLIBC_2.4
                0x00008f88                abort@@GLIBC_2.4
                0x00008f94                close@@GLIBC_2.4
                0x00008fa0                atan2@@GLIBC_2.4
                0x00008fac                tcgetattr@@GLIBC_2.4

.iplt           0x00008fb8        0x0
 *(.iplt)
 .iplt          0x00000000        0x0 /opt/ti-sdk-am335x-evm-07.00.00.00/linux-devkit/sysroots/i686-arago-linux/usr/bin/../arm-linux-gnueabihf/libc/usr/lib/arm-linux-gnueabihf/4.7.3/crt1.o

.text           0x00008fb8     0x6f94
 *(.text.unlikely .text.*_unlikely)
 .text.unlikely
                0x00008fb8       0x28 release/main.o
 *(.text.exit .text.exit.*)
 *(.text.startup .text.startup.*)
 .text.startup  0x00008fe0     0x1500 release/main.o
                0x00008fe0                main
 *(.text.hot .text.hot.*)
 *(.text .stub .text.* .gnu.linkonce.t.*)
 .text          0x0000a4e0       0x38 /opt/ti-sdk-am335x-evm-07.00.00.00/linux-devkit/sysroots/i686-arago-linux/usr/bin/../arm-linux-gnueabihf/libc/usr/lib/arm-linux-gnueabihf/4.7.3/crt1.o
                0x0000a4e0                _start
 .text          0x0000a518       0x18 /opt/ti-sdk-am335x-evm-07.00.00.00/linux-devkit/sysroots/i686-arago-linux/usr/bin/../arm-linux-gnueabihf/libc/usr/lib/arm-linux-gnueabihf/4.7.3/crti.o
 .text          0x0000a530       0x88 /opt/ti-sdk-am335x-evm-07.00.00.00/linux-devkit/sysroots/i686-arago-linux/usr/bin/../lib/gcc/arm-linux-gnueabihf/4.7.3/crtbegin.o
 .text          0x0000a5b8       0x14 release/main.o
 *fill*         0x0000a5cc        0x4 
 .text          0x0000a5d0      0x9d8 release/dt78xx_aio.o
                0x0000a5d0                aio_wait
                0x0000a7d8                aio_start
                0x0000a878                aio_stop
                0x0000a960                aio_buff_free
                0x0000a9fc                aio_buff_alloc
                0x0000ad0c                aio_create
                0x0000adcc                aio_destroy
                0x0000ae80                aio_buff_size
 .text          0x0000afa8      0x228 release/dt78xx_misc.o
                0x0000afa8                sigaction_register
                0x0000b004                file_sigaction_register
                0x0000b0e0                kbhit
                0x0000b190                kbfini
 .text          0x0000b1d0     0x1e48 release/libaiff.o
                0x0000b1d0                AIFF_OpenFile
                0x0000b450                AIFF_CloseFile
                0x0000b5b0                AIFF_GetAttribute
                0x0000b640                AIFF_ReadMarker
                0x0000b6e4                AIFF_GetInstrumentData
                0x0000b778                AIFF_GetAudioFormat
                0x0000b7f4                AIFF_ReadSamples
                0x0000b8ec                AIFF_ReadSamplesFloat
                0x0000b9fc                AIFF_Seek
                0x0000bb28                AIFF_ReadSamples32Bit
                0x0000c058                AIFF_SetAttribute
                0x0000c078                AIFF_SetAudioFormat
                0x0000c23c                AIFF_StartWritingSamples
                0x0000c300                AIFF_WriteSamples
                0x0000c444                AIFF_WriteSamples32Bit
                0x0000c888                AIFF_EndWritingSamples
                0x0000cb18                AIFF_StartWritingMarkers
                0x0000cbd8                AIFF_WriteMarker
                0x0000ccf4                AIFF_EndWritingMarkers
                0x0000ce04                AIFF_CloneAttributes
                0x0000cfbc                AIFFAssertionFailed
 .text          0x0000d018      0x828 release/aifx.o
                0x0000d018                init_aifx
                0x0000d338                read_aifx_marker
                0x0000d4d0                get_aifx_instrument
                0x0000d6cc                do_aifx_prepare
                0x0000d7bc                get_aifx_enc_name
 .text          0x0000d840      0x2b0 release/extended.o
                0x0000d840                ieee754_write_extended
                0x0000d9d8                ieee754_read_extended
 .text          0x0000daf0      0x440 release/float32.o
 .text          0x0000df30      0x2ec release/g711.o
 .text          0x0000e21c      0x4b4 release/iff.o
                0x0000e21c                find_iff_chunk
                0x0000e34c                get_iff_attribute
                0x0000e3d4                set_iff_attribute
                0x0000e4a0                clone_iff_attributes
 .text          0x0000e6d0      0x5b4 release/lpcm.o
                0x0000e730                lpcm_swap_samples
                0x0000ea64                lpcm_dequant
 .text          0x0000ec84      0x134 release/pascal.o
                0x0000ec84                PASCALInGetLength
                0x0000eca4                PASCALInRead
                0x0000ed34                PASCALOutGetLength
                0x0000ed58                PASCALOutWrite
 .text          0x0000edb8      0x3c8 release/RingBuf.o
                0x0000edb8                RingBufNextEndIndex
                0x0000ee04                RingBufIncrEnd
                0x0000ee28                RingBufIncrStart
                0x0000ee4c                RingBufPeek
                0x0000eea0                RingBufNumElements
                0x0000eea8                RingBufIsFull
                0x0000eec0                RingBufIsEmpty
                0x0000eed0                RingBufPull
                0x0000ef48                RingBufAdd
                0x0000efb4                RingBuf_new
                0x0000f09c                RingBuf_init
                0x0000f160                RingBuf_delete
 .text          0x0000f180      0x850 release/sunriset.o
                0x0000f180                sunpos
                0x0000f2f8                __daylen__
                0x0000f4d8                day_astronomical_twilight_length
                0x0000f4e4                day_nautical_twilight_length
                0x0000f4f0                day_civil_twilight_length
                0x0000f4fc                day_length
                0x0000f510                sun_RA_dec
                0x0000f610                __sunriset__
                0x0000f848                astronomical_twilight
                0x0000f870                nautical_twilight
                0x0000f898                civil_twilight
                0x0000f8c0                sun_rise_set
                0x0000f8f0                revolution
                0x0000f930                rev180
                0x0000f978                GMST0
 .text          0x0000f9d0      0x278 /opt/ti-sdk-am335x-evm-07.00.00.00/linux-devkit/sysroots/i686-arago-linux/usr/bin/../lib/gcc/arm-linux-gnueabihf/4.7.3/libgcc.a(_udivsi3.o)
                0x0000f9d0                __aeabi_uidiv
                0x0000f9d0                __udivsi3
                0x0000fc2c                __aeabi_uidivmod
 .text          0x0000fc48      0x2b0 /opt/ti-sdk-am335x-evm-07.00.00.00/linux-devkit/sysroots/i686-arago-linux/usr/bin/../lib/gcc/arm-linux-gnueabihf/4.7.3/libgcc.a(_divsi3.o)
                0x0000fc48                __divsi3
                0x0000fc48                __aeabi_idiv
                0x0000fedc                __aeabi_idivmod
 .text          0x0000fef8        0xc /opt/ti-sdk-am335x-evm-07.00.00.00/linux-devkit/sysroots/i686-arago-linux/usr/bin/../lib/gcc/arm-linux-gnueabihf/4.7.3/libgcc.a(_dvmd_lnx.o)
                0x0000fef8                __aeabi_ldiv0
                0x0000fef8                __aeabi_idiv0
 .text          0x0000ff04       0x48 /opt/ti-sdk-am335x-evm-07.00.00.00/linux-devkit/sysroots/i686-arago-linux/usr/bin/../arm-linux-gnueabihf/libc/usr/lib/arm-linux-gnueabihf/4.7.3/./libc_nonshared.a(elf-init.oS)
                0x0000ff04                __libc_csu_init
                0x0000ff48                __libc_csu_fini
 .text          0x0000ff4c        0x0 /opt/ti-sdk-am335x-evm-07.00.00.00/linux-devkit/sysroots/i686-arago-linux/usr/bin/../lib/gcc/arm-linux-gnueabihf/4.7.3/crtend.o
 .text          0x0000ff4c        0x0 /opt/ti-sdk-am335x-evm-07.00.00.00/linux-devkit/sysroots/i686-arago-linux/usr/bin/../arm-linux-gnueabihf/libc/usr/lib/arm-linux-gnueabihf/4.7.3/crtn.o
 *(.gnu.warning)
 *(.glue_7t)
 .glue_7t       0x00000000        0x0 linker stubs
 *(.glue_7)
 .glue_7        0x00000000        0x0 linker stubs
 *(.vfp11_veneer)
 .vfp11_veneer  0x00000000        0x0 linker stubs
 *(.v4_bx)
 .v4_bx         0x00000000        0x0 linker stubs

.fini           0x0000ff4c        0x6
 *(SORT(.fini))
 .fini          0x0000ff4c        0x4 /opt/ti-sdk-am335x-evm-07.00.00.00/linux-devkit/sysroots/i686-arago-linux/usr/bin/../arm-linux-gnueabihf/libc/usr/lib/arm-linux-gnueabihf/4.7.3/crti.o
                0x0000ff4c                _fini
 .fini          0x0000ff50        0x2 /opt/ti-sdk-am335x-evm-07.00.00.00/linux-devkit/sysroots/i686-arago-linux/usr/bin/../arm-linux-gnueabihf/libc/usr/lib/arm-linux-gnueabihf/4.7.3/crtn.o
                0x0000ff52                PROVIDE (__etext, .)
                0x0000ff52                PROVIDE (_etext, .)
                0x0000ff52                PROVIDE (etext, .)

.rodata         0x0000ff58      0xd80
 *(.rodata .rodata.* .gnu.linkonce.r.*)
 .rodata.cst4   0x0000ff58        0x4 /opt/ti-sdk-am335x-evm-07.00.00.00/linux-devkit/sysroots/i686-arago-linux/usr/bin/../arm-linux-gnueabihf/libc/usr/lib/arm-linux-gnueabihf/4.7.3/crt1.o
                0x0000ff58                _IO_stdin_used
 *fill*         0x0000ff5c        0x4 
 .rodata        0x0000ff60      0x6f0 release/main.o
 .rodata.str1.4
                0x00010650      0x45b release/main.o
                                0x45c (size before relaxing)
 *fill*         0x00010aab        0x5 
 .rodata        0x00010ab0       0x10 release/dt78xx_aio.o
 .rodata.str1.4
                0x00010ac0       0x85 release/dt78xx_aio.o
                                 0x88 (size before relaxing)
 *fill*         0x00010b45        0x3 
 .rodata.str1.4
                0x00010b48       0x20 release/dt78xx_misc.o
 .rodata        0x00010b68        0x4 release/libaiff.o
 .rodata.str1.4
                0x00010b6c       0x6e release/libaiff.o
                                 0x70 (size before relaxing)
 *fill*         0x00010bda        0x2 
 .rodata.str1.4
                0x00010bdc       0xe8 release/aifx.o
 *fill*         0x00010cc4        0x4 
 .rodata        0x00010cc8       0x10 release/iff.o

.rodata1
 *(.rodata1)

.ARM.extab      0x00010cd8        0x0
 *(.ARM.extab* .gnu.linkonce.armextab.*)
 .ARM.extab     0x00010cd8        0x0 /opt/ti-sdk-am335x-evm-07.00.00.00/linux-devkit/sysroots/i686-arago-linux/usr/bin/../arm-linux-gnueabihf/libc/usr/lib/arm-linux-gnueabihf/4.7.3/crt1.o
                0x00010cd8                PROVIDE (__exidx_start, .)

.ARM.exidx      0x00010cd8        0x8
 *(.ARM.exidx* .gnu.linkonce.armexidx.*)
 .ARM.exidx     0x00010cd8        0x8 /opt/ti-sdk-am335x-evm-07.00.00.00/linux-devkit/sysroots/i686-arago-linux/usr/bin/../arm-linux-gnueabihf/libc/usr/lib/arm-linux-gnueabihf/4.7.3/crt1.o
                0x00010ce0                PROVIDE (__exidx_end, .)

.eh_frame_hdr   0x00010ce0        0x0
 *(.eh_frame_hdr)
 .eh_frame_hdr  0x00000000        0x0 /opt/ti-sdk-am335x-evm-07.00.00.00/linux-devkit/sysroots/i686-arago-linux/usr/bin/../arm-linux-gnueabihf/libc/usr/lib/arm-linux-gnueabihf/4.7.3/crtn.o

.eh_frame       0x00010ce0        0x4
 *(.eh_frame)
 .eh_frame      0x00010ce0        0x4 /opt/ti-sdk-am335x-evm-07.00.00.00/linux-devkit/sysroots/i686-arago-linux/usr/bin/../lib/gcc/arm-linux-gnueabihf/4.7.3/crtend.o

.gcc_except_table
 *(.gcc_except_table .gcc_except_table.*)

.exception_ranges
 *(.exception_ranges .exception_ranges*)
                0x00010ce4                . = (ALIGN (0x8000) - ((0x8000 - .) & 0x7fff))
                0x00018ce4                . = DATA_SEGMENT_ALIGN (0x8000, 0x1000)

.eh_frame
 *(.eh_frame)

.gcc_except_table
 *(.gcc_except_table .gcc_except_table.*)

.exception_ranges
 *(.exception_ranges .exception_ranges*)

.tdata
 *(.tdata .tdata.* .gnu.linkonce.td.*)

.tbss
 *(.tbss .tbss.* .gnu.linkonce.tb.*)
 *(.tcommon)

.preinit_array  0x00018ce4        0x0
                0x00018ce4                PROVIDE (__preinit_array_start, .)
 *(.preinit_array)
                0x00018ce4                PROVIDE (__preinit_array_end, .)

.init_array     0x00018ce4        0x4
                0x00018ce4                PROVIDE (__init_array_start, .)
 *(SORT(.init_array.*))
 *(.init_array)
 .init_array    0x00018ce4        0x4 /opt/ti-sdk-am335x-evm-07.00.00.00/linux-devkit/sysroots/i686-arago-linux/usr/bin/../lib/gcc/arm-linux-gnueabihf/4.7.3/crtbegin.o
                0x00018ce8                PROVIDE (__init_array_end, .)

.fini_array     0x00018ce8        0x4
                0x00018ce8                PROVIDE (__fini_array_start, .)
 *(SORT(.fini_array.*))
 *(.fini_array)
 .fini_array    0x00018ce8        0x4 /opt/ti-sdk-am335x-evm-07.00.00.00/linux-devkit/sysroots/i686-arago-linux/usr/bin/../lib/gcc/arm-linux-gnueabihf/4.7.3/crtbegin.o
                0x00018cec                PROVIDE (__fini_array_end, .)

.ctors
 *crtbegin.o(.ctors)
 *crtbegin?.o(.ctors)
 *(EXCLUDE_FILE(*crtend?.o *crtend.o) .ctors)
 *(SORT(.ctors.*))
 *(.ctors)

.dtors
 *crtbegin.o(.dtors)
 *crtbegin?.o(.dtors)
 *(EXCLUDE_FILE(*crtend?.o *crtend.o) .dtors)
 *(SORT(.dtors.*))
 *(.dtors)

.jcr            0x00018cec        0x4
 *(.jcr)
 .jcr           0x00018cec        0x0 /opt/ti-sdk-am335x-evm-07.00.00.00/linux-devkit/sysroots/i686-arago-linux/usr/bin/../lib/gcc/arm-linux-gnueabihf/4.7.3/crtbegin.o
 .jcr           0x00018cec        0x4 /opt/ti-sdk-am335x-evm-07.00.00.00/linux-devkit/sysroots/i686-arago-linux/usr/bin/../lib/gcc/arm-linux-gnueabihf/4.7.3/crtend.o

.data.rel.ro
 *(.data.rel.ro.local* .gnu.linkonce.d.rel.ro.local.*)
 *(.data.rel.ro .data.rel.ro.* .gnu.linkonce.d.rel.ro.*)

.dynamic        0x00018cf0       0xf8
 *(.dynamic)
 .dynamic       0x00018cf0       0xf8 /opt/ti-sdk-am335x-evm-07.00.00.00/linux-devkit/sysroots/i686-arago-linux/usr/bin/../arm-linux-gnueabihf/libc/usr/lib/arm-linux-gnueabihf/4.7.3/crt1.o
                0x00018cf0                _DYNAMIC
                0x00018de8                . = DATA_SEGMENT_RELRO_END (., 0x0)

.got            0x00018de8       0xe8
 *(.got.plt)
 .got.plt       0x00018de8       0xe4 /opt/ti-sdk-am335x-evm-07.00.00.00/linux-devkit/sysroots/i686-arago-linux/usr/bin/../arm-linux-gnueabihf/libc/usr/lib/arm-linux-gnueabihf/4.7.3/crt1.o
                0x00018de8                _GLOBAL_OFFSET_TABLE_
 *(.igot.plt)
 .igot.plt      0x00000000        0x0 /opt/ti-sdk-am335x-evm-07.00.00.00/linux-devkit/sysroots/i686-arago-linux/usr/bin/../arm-linux-gnueabihf/libc/usr/lib/arm-linux-gnueabihf/4.7.3/crt1.o
 *(.got)
 .got           0x00018ecc        0x4 /opt/ti-sdk-am335x-evm-07.00.00.00/linux-devkit/sysroots/i686-arago-linux/usr/bin/../arm-linux-gnueabihf/libc/usr/lib/arm-linux-gnueabihf/4.7.3/crt1.o
 *(.igot)

.data           0x00018ed0       0xb0
                0x00018ed0                PROVIDE (__data_start, .)
 *(.data .data.* .gnu.linkonce.d.*)
 .data          0x00018ed0        0x4 /opt/ti-sdk-am335x-evm-07.00.00.00/linux-devkit/sysroots/i686-arago-linux/usr/bin/../arm-linux-gnueabihf/libc/usr/lib/arm-linux-gnueabihf/4.7.3/crt1.o
                0x00018ed0                data_start
                0x00018ed0                __data_start
 .data          0x00018ed4        0x0 /opt/ti-sdk-am335x-evm-07.00.00.00/linux-devkit/sysroots/i686-arago-linux/usr/bin/../arm-linux-gnueabihf/libc/usr/lib/arm-linux-gnueabihf/4.7.3/crti.o
 .data          0x00018ed4        0x4 /opt/ti-sdk-am335x-evm-07.00.00.00/linux-devkit/sysroots/i686-arago-linux/usr/bin/../lib/gcc/arm-linux-gnueabihf/4.7.3/crtbegin.o
                0x00018ed4                __dso_handle
 .data          0x00018ed8        0x0 release/main.o
 .data          0x00018ed8        0x0 release/dt78xx_aio.o
 .data          0x00018ed8        0x0 release/dt78xx_misc.o
 .data          0x00018ed8       0x18 release/libaiff.o
 .data          0x00018ef0       0x30 release/aifx.o
 .data          0x00018f20        0x0 release/extended.o
 .data          0x00018f20       0x18 release/float32.o
                0x00018f20                float32
 .data          0x00018f38       0x30 release/g711.o
                0x00018f38                alaw
                0x00018f50                ulaw
 .data          0x00018f68        0x0 release/iff.o
 .data          0x00018f68       0x18 release/lpcm.o
                0x00018f68                lpcm
 .data          0x00018f80        0x0 release/pascal.o
 .data          0x00018f80        0x0 release/RingBuf.o
 .data          0x00018f80        0x0 release/sunriset.o
 .data          0x00018f80        0x0 /opt/ti-sdk-am335x-evm-07.00.00.00/linux-devkit/sysroots/i686-arago-linux/usr/bin/../lib/gcc/arm-linux-gnueabihf/4.7.3/libgcc.a(_udivsi3.o)
 .data          0x00018f80        0x0 /opt/ti-sdk-am335x-evm-07.00.00.00/linux-devkit/sysroots/i686-arago-linux/usr/bin/../lib/gcc/arm-linux-gnueabihf/4.7.3/libgcc.a(_divsi3.o)
 .data          0x00018f80        0x0 /opt/ti-sdk-am335x-evm-07.00.00.00/linux-devkit/sysroots/i686-arago-linux/usr/bin/../lib/gcc/arm-linux-gnueabihf/4.7.3/libgcc.a(_dvmd_lnx.o)
 .data          0x00018f80        0x0 /opt/ti-sdk-am335x-evm-07.00.00.00/linux-devkit/sysroots/i686-arago-linux/usr/bin/../arm-linux-gnueabihf/libc/usr/lib/arm-linux-gnueabihf/4.7.3/./libc_nonshared.a(elf-init.oS)
 .data          0x00018f80        0x0 /opt/ti-sdk-am335x-evm-07.00.00.00/linux-devkit/sysroots/i686-arago-linux/usr/bin/../lib/gcc/arm-linux-gnueabihf/4.7.3/crtend.o
 .data          0x00018f80        0x0 /opt/ti-sdk-am335x-evm-07.00.00.00/linux-devkit/sysroots/i686-arago-linux/usr/bin/../arm-linux-gnueabihf/libc/usr/lib/arm-linux-gnueabihf/4.7.3/crtn.o

.tm_clone_table
                0x00018f80        0x0
 .tm_clone_table
                0x00018f80        0x0 /opt/ti-sdk-am335x-evm-07.00.00.00/linux-devkit/sysroots/i686-arago-linux/usr/bin/../lib/gcc/arm-linux-gnueabihf/4.7.3/crtbegin.o
 .tm_clone_table
                0x00018f80        0x0 /opt/ti-sdk-am335x-evm-07.00.00.00/linux-devkit/sysroots/i686-arago-linux/usr/bin/../lib/gcc/arm-linux-gnueabihf/4.7.3/crtend.o

.data1
 *(.data1)
                0x00018f80                _edata = .
                0x00018f80                PROVIDE (edata, .)
                0x00018f80                . = .
                0x00018f80                __bss_start = .
                0x00018f80                __bss_start__ = .

.bss            0x00018f80       0x64
 *(.dynbss)
 .dynbss        0x00018f80       0x1c /opt/ti-sdk-am335x-evm-07.00.00.00/linux-devkit/sysroots/i686-arago-linux/usr/bin/../arm-linux-gnueabihf/libc/usr/lib/arm-linux-gnueabihf/4.7.3/crt1.o
                0x00018f80                optind@@GLIBC_2.4
                0x00018f88                stderr@@GLIBC_2.4
                0x00018f90                stdin@@GLIBC_2.4
                0x00018f94                stdout@@GLIBC_2.4
                0x00018f98                optarg@@GLIBC_2.4
 *(.bss .bss.* .gnu.linkonce.b.*)
 .bss           0x00018f9c        0x0 /opt/ti-sdk-am335x-evm-07.00.00.00/linux-devkit/sysroots/i686-arago-linux/usr/bin/../arm-linux-gnueabihf/libc/usr/lib/arm-linux-gnueabihf/4.7.3/crt1.o
 .bss           0x00018f9c        0x0 /opt/ti-sdk-am335x-evm-07.00.00.00/linux-devkit/sysroots/i686-arago-linux/usr/bin/../arm-linux-gnueabihf/libc/usr/lib/arm-linux-gnueabihf/4.7.3/crti.o
 .bss           0x00018f9c        0x1 /opt/ti-sdk-am335x-evm-07.00.00.00/linux-devkit/sysroots/i686-arago-linux/usr/bin/../lib/gcc/arm-linux-gnueabihf/4.7.3/crtbegin.o
 *fill*         0x00018f9d        0x3 
 .bss           0x00018fa0        0x4 release/main.o
 .bss           0x00018fa4        0x0 release/dt78xx_aio.o
 .bss           0x00018fa4       0x40 release/dt78xx_misc.o
 .bss           0x00018fe4        0x0 release/libaiff.o
 .bss           0x00018fe4        0x0 release/aifx.o
 .bss           0x00018fe4        0x0 release/extended.o
 .bss           0x00018fe4        0x0 release/float32.o
 .bss           0x00018fe4        0x0 release/g711.o
 .bss           0x00018fe4        0x0 release/iff.o
 .bss           0x00018fe4        0x0 release/lpcm.o
 .bss           0x00018fe4        0x0 release/pascal.o
 .bss           0x00018fe4        0x0 release/RingBuf.o
 .bss           0x00018fe4        0x0 release/sunriset.o
 .bss           0x00018fe4        0x0 /opt/ti-sdk-am335x-evm-07.00.00.00/linux-devkit/sysroots/i686-arago-linux/usr/bin/../lib/gcc/arm-linux-gnueabihf/4.7.3/libgcc.a(_udivsi3.o)
 .bss           0x00018fe4        0x0 /opt/ti-sdk-am335x-evm-07.00.00.00/linux-devkit/sysroots/i686-arago-linux/usr/bin/../lib/gcc/arm-linux-gnueabihf/4.7.3/libgcc.a(_divsi3.o)
 .bss           0x00018fe4        0x0 /opt/ti-sdk-am335x-evm-07.00.00.00/linux-devkit/sysroots/i686-arago-linux/usr/bin/../lib/gcc/arm-linux-gnueabihf/4.7.3/libgcc.a(_dvmd_lnx.o)
 .bss           0x00018fe4        0x0 /opt/ti-sdk-am335x-evm-07.00.00.00/linux-devkit/sysroots/i686-arago-linux/usr/bin/../arm-linux-gnueabihf/libc/usr/lib/arm-linux-gnueabihf/4.7.3/./libc_nonshared.a(elf-init.oS)
 .bss           0x00018fe4        0x0 /opt/ti-sdk-am335x-evm-07.00.00.00/linux-devkit/sysroots/i686-arago-linux/usr/bin/../lib/gcc/arm-linux-gnueabihf/4.7.3/crtend.o
 .bss           0x00018fe4        0x0 /opt/ti-sdk-am335x-evm-07.00.00.00/linux-devkit/sysroots/i686-arago-linux/usr/bin/../arm-linux-gnueabihf/libc/usr/lib/arm-linux-gnueabihf/4.7.3/crtn.o
 *(COMMON)
                0x00018fe4                . = ALIGN ((. != 0x0)?0x4:0x1)
                0x00018fe4                _bss_end__ = .
                0x00018fe4                __bss_end__ = .
                0x00018fe4                . = ALIGN (0x4)
                0x00018fe4                . = ALIGN (0x4)
                0x00018fe4                __end__ = .
                0x00018fe4                _end = .
                0x00018fe4                PROVIDE (end, .)
                0x00018fe4                . = DATA_SEGMENT_END (.)

.stab
 *(.stab)

.stabstr
 *(.stabstr)

.stab.excl
 *(.stab.excl)

.stab.exclstr
 *(.stab.exclstr)

.stab.index
 *(.stab.index)

.stab.indexstr
 *(.stab.indexstr)

.comment        0x00000000       0x68
 *(.comment)
 .comment       0x00000000       0x68 release/main.o
                                 0x69 (size before relaxing)
 .comment       0x00000000       0x69 release/dt78xx_aio.o
 .comment       0x00000000       0x69 release/dt78xx_misc.o
 .comment       0x00000000       0x69 release/libaiff.o
 .comment       0x00000000       0x69 release/aifx.o
 .comment       0x00000000       0x69 release/extended.o
 .comment       0x00000000       0x69 release/float32.o
 .comment       0x00000000       0x69 release/g711.o
 .comment       0x00000000       0x69 release/iff.o
 .comment       0x00000000       0x69 release/lpcm.o
 .comment       0x00000000       0x69 release/pascal.o
 .comment       0x00000000       0x69 release/RingBuf.o
 .comment       0x00000000       0x69 release/sunriset.o

.ARM.attributes
                0x00000000       0x37
 .ARM.attributes
                0x00000000       0x35 /opt/ti-sdk-am335x-evm-07.00.00.00/linux-devkit/sysroots/i686-arago-linux/usr/bin/../arm-linux-gnueabihf/libc/usr/lib/arm-linux-gnueabihf/4.7.3/crt1.o
 .ARM.attributes
                0x00000035       0x37 /opt/ti-sdk-am335x-evm-07.00.00.00/linux-devkit/sysroots/i686-arago-linux/usr/bin/../arm-linux-gnueabihf/libc/usr/lib/arm-linux-gnueabihf/4.7.3/crti.o
 .ARM.attributes
                0x0000006c       0x35 /opt/ti-sdk-am335x-evm-07.00.00.00/linux-devkit/sysroots/i686-arago-linux/usr/bin/../lib/gcc/arm-linux-gnueabihf/4.7.3/crtbegin.o
 .ARM.attributes
                0x000000a1       0x37 release/main.o
 .ARM.attributes
                0x000000d8       0x37 release/dt78xx_aio.o
 .ARM.attributes
                0x0000010f       0x37 release/dt78xx_misc.o
 .ARM.attributes
                0x00000146       0x37 release/libaiff.o
 .ARM.attributes
                0x0000017d       0x37 release/aifx.o
 .ARM.attributes
                0x000001b4       0x37 release/extended.o
 .ARM.attributes
                0x000001eb       0x37 release/float32.o
 .ARM.attributes
                0x00000222       0x37 release/g711.o
 .ARM.attributes
                0x00000259       0x37 release/iff.o
 .ARM.attributes
                0x00000290       0x37 release/lpcm.o
 .ARM.attributes
                0x000002c7       0x37 release/pascal.o
 .ARM.attributes
                0x000002fe       0x37 release/RingBuf.o
 .ARM.attributes
                0x00000335       0x37 release/sunriset.o
 .ARM.attributes
                0x0000036c       0x21 /opt/ti-sdk-am335x-evm-07.00.00.00/linux-devkit/sysroots/i686-arago-linux/usr/bin/../lib/gcc/arm-linux-gnueabihf/4.7.3/libgcc.a(_udivsi3.o)
 .ARM.attributes
                0x0000038d       0x21 /opt/ti-sdk-am335x-evm-07.00.00.00/linux-devkit/sysroots/i686-arago-linux/usr/bin/../lib/gcc/arm-linux-gnueabihf/4.7.3/libgcc.a(_divsi3.o)
 .ARM.attributes
                0x000003ae       0x21 /opt/ti-sdk-am335x-evm-07.00.00.00/linux-devkit/sysroots/i686-arago-linux/usr/bin/../lib/gcc/arm-linux-gnueabihf/4.7.3/libgcc.a(_dvmd_lnx.o)
 .ARM.attributes
                0x000003cf       0x37 /opt/ti-sdk-am335x-evm-07.00.00.00/linux-devkit/sysroots/i686-arago-linux/usr/bin/../arm-linux-gnueabihf/libc/usr/lib/arm-linux-gnueabihf/4.7.3/./libc_nonshared.a(elf-init.oS)
 .ARM.attributes
                0x00000406       0x35 /opt/ti-sdk-am335x-evm-07.00.00.00/linux-devkit/sysroots/i686-arago-linux/usr/bin/../lib/gcc/arm-linux-gnueabihf/4.7.3/crtend.o
 .ARM.attributes
                0x0000043b       0x37 /opt/ti-sdk-am335x-evm-07.00.00.00/linux-devkit/sysroots/i686-arago-linux/usr/bin/../arm-linux-gnueabihf/libc/usr/lib/arm-linux-gnueabihf/4.7.3/crtn.o

.debug
 *(.debug)

.line
 *(.line)

.debug_srcinfo
 *(.debug_srcinfo)

.debug_sfnames
 *(.debug_sfnames)

.debug_aranges
 *(.debug_aranges)

.debug_pubnames
 *(.debug_pubnames)

.debug_info
 *(.debug_info .gnu.linkonce.wi.*)

.debug_abbrev
 *(.debug_abbrev)

.debug_line
 *(.debug_line)

.debug_frame    0x00000000       0x40
 *(.debug_frame)
 .debug_frame   0x00000000       0x20 /opt/ti-sdk-am335x-evm-07.00.00.00/linux-devkit/sysroots/i686-arago-linux/usr/bin/../lib/gcc/arm-linux-gnueabihf/4.7.3/libgcc.a(_udivsi3.o)
 .debug_frame   0x00000020       0x20 /opt/ti-sdk-am335x-evm-07.00.00.00/linux-devkit/sysroots/i686-arago-linux/usr/bin/../lib/gcc/arm-linux-gnueabihf/4.7.3/libgcc.a(_divsi3.o)

.debug_str
 *(.debug_str)

.debug_loc
 *(.debug_loc)

.debug_macinfo
 *(.debug_macinfo)

.debug_weaknames
 *(.debug_weaknames)

.debug_funcnames
 *(.debug_funcnames)

.debug_typenames
 *(.debug_typenames)

.debug_varnames
 *(.debug_varnames)

.debug_pubtypes
 *(.debug_pubtypes)

.debug_ranges
 *(.debug_ranges)

.debug_macro
 *(.debug_macro)

.gnu.attributes
 *(.gnu.attributes)

.note.gnu.arm.ident
 *(.note.gnu.arm.ident)

/DISCARD/
 *(.note.GNU-stack)
 *(.gnu_debuglink)
 *(.gnu.lto_*)
OUTPUT(release/bat-array elf32-littlearm)
