Archive member included because of file (symbol)

/opt/ti-sdk-am335x-evm-07.00.00.00/linux-devkit/sysroots/i686-arago-linux/usr/bin/../lib/gcc/arm-linux-gnueabihf/4.7.3/libgcc.a(_udivsi3.o)
                              release/libaiff.o (__aeabi_uidiv)
/opt/ti-sdk-am335x-evm-07.00.00.00/linux-devkit/sysroots/i686-arago-linux/usr/bin/../lib/gcc/arm-linux-gnueabihf/4.7.3/libgcc.a(_divsi3.o)
                              release/dt78xx_aio.o (__aeabi_idiv)
/opt/ti-sdk-am335x-evm-07.00.00.00/linux-devkit/sysroots/i686-arago-linux/usr/bin/../lib/gcc/arm-linux-gnueabihf/4.7.3/libgcc.a(_dvmd_lnx.o)
                              /opt/ti-sdk-am335x-evm-07.00.00.00/linux-devkit/sysroots/i686-arago-linux/usr/bin/../lib/gcc/arm-linux-gnueabihf/4.7.3/libgcc.a(_udivsi3.o) (__aeabi_idiv0)
/opt/ti-sdk-am335x-evm-07.00.00.00/linux-devkit/sysroots/i686-arago-linux/usr/bin/../arm-linux-gnueabihf/libc/usr/lib/arm-linux-gnueabihf/4.7.3/./libc_nonshared.a(elf-init.oS)
                              /opt/ti-sdk-am335x-evm-07.00.00.00/linux-devkit/sysroots/i686-arago-linux/usr/bin/../arm-linux-gnueabihf/libc/usr/lib/arm-linux-gnueabihf/4.7.3/crt1.o (__libc_csu_init)

Discarded input sections

 .note.GNU-stack
                0x00000000        0x0 /opt/ti-sdk-am335x-evm-07.00.00.00/linux-devkit/sysroots/i686-arago-linux/usr/bin/../arm-linux-gnueabihf/libc/usr/lib/arm-linux-gnueabihf/4.7.3/crt1.o
 .gnu_debuglink
                0x00000000        0xc /opt/ti-sdk-am335x-evm-07.00.00.00/linux-devkit/sysroots/i686-arago-linux/usr/bin/../arm-linux-gnueabihf/libc/usr/lib/arm-linux-gnueabihf/4.7.3/crt1.o
 .note.GNU-stack
                0x00000000        0x0 /opt/ti-sdk-am335x-evm-07.00.00.00/linux-devkit/sysroots/i686-arago-linux/usr/bin/../arm-linux-gnueabihf/libc/usr/lib/arm-linux-gnueabihf/4.7.3/crti.o
 .gnu_debuglink
                0x00000000        0xc /opt/ti-sdk-am335x-evm-07.00.00.00/linux-devkit/sysroots/i686-arago-linux/usr/bin/../arm-linux-gnueabihf/libc/usr/lib/arm-linux-gnueabihf/4.7.3/crti.o
 .note.GNU-stack
                0x00000000        0x0 /opt/ti-sdk-am335x-evm-07.00.00.00/linux-devkit/sysroots/i686-arago-linux/usr/bin/../lib/gcc/arm-linux-gnueabihf/4.7.3/crtbegin.o
 .note.GNU-stack
                0x00000000        0x0 release/main.o
 .note.GNU-stack
                0x00000000        0x0 release/dt78xx_aio.o
 .note.GNU-stack
                0x00000000        0x0 release/dt78xx_misc.o
 .note.GNU-stack
                0x00000000        0x0 release/libaiff.o
 .note.GNU-stack
                0x00000000        0x0 release/aifx.o
 .note.GNU-stack
                0x00000000        0x0 release/extended.o
 .note.GNU-stack
                0x00000000        0x0 release/float32.o
 .note.GNU-stack
                0x00000000        0x0 release/g711.o
 .note.GNU-stack
                0x00000000        0x0 release/iff.o
 .note.GNU-stack
                0x00000000        0x0 release/lpcm.o
 .note.GNU-stack
                0x00000000        0x0 release/pascal.o
 .note.GNU-stack
                0x00000000        0x0 release/RingBuf.o
 .note.GNU-stack
                0x00000000        0x0 /opt/ti-sdk-am335x-evm-07.00.00.00/linux-devkit/sysroots/i686-arago-linux/usr/bin/../lib/gcc/arm-linux-gnueabihf/4.7.3/libgcc.a(_udivsi3.o)
 .note.GNU-stack
                0x00000000        0x0 /opt/ti-sdk-am335x-evm-07.00.00.00/linux-devkit/sysroots/i686-arago-linux/usr/bin/../lib/gcc/arm-linux-gnueabihf/4.7.3/libgcc.a(_divsi3.o)
 .note.GNU-stack
                0x00000000        0x0 /opt/ti-sdk-am335x-evm-07.00.00.00/linux-devkit/sysroots/i686-arago-linux/usr/bin/../lib/gcc/arm-linux-gnueabihf/4.7.3/libgcc.a(_dvmd_lnx.o)
 .note.GNU-stack
                0x00000000        0x0 /opt/ti-sdk-am335x-evm-07.00.00.00/linux-devkit/sysroots/i686-arago-linux/usr/bin/../arm-linux-gnueabihf/libc/usr/lib/arm-linux-gnueabihf/4.7.3/./libc_nonshared.a(elf-init.oS)
 .note.GNU-stack
                0x00000000        0x0 /opt/ti-sdk-am335x-evm-07.00.00.00/linux-devkit/sysroots/i686-arago-linux/usr/bin/../lib/gcc/arm-linux-gnueabihf/4.7.3/crtend.o
 .note.GNU-stack
                0x00000000        0x0 /opt/ti-sdk-am335x-evm-07.00.00.00/linux-devkit/sysroots/i686-arago-linux/usr/bin/../arm-linux-gnueabihf/libc/usr/lib/arm-linux-gnueabihf/4.7.3/crtn.o
 .gnu_debuglink
                0x00000000        0xc /opt/ti-sdk-am335x-evm-07.00.00.00/linux-devkit/sysroots/i686-arago-linux/usr/bin/../arm-linux-gnueabihf/libc/usr/lib/arm-linux-gnueabihf/4.7.3/crtn.o

Memory Configuration

Name             Origin             Length             Attributes
*default*        0x00000000         0xffffffff

Linker script and memory map

LOAD /opt/ti-sdk-am335x-evm-07.00.00.00/linux-devkit/sysroots/i686-arago-linux/usr/bin/../arm-linux-gnueabihf/libc/usr/lib/arm-linux-gnueabihf/4.7.3/crt1.o
LOAD /opt/ti-sdk-am335x-evm-07.00.00.00/linux-devkit/sysroots/i686-arago-linux/usr/bin/../arm-linux-gnueabihf/libc/usr/lib/arm-linux-gnueabihf/4.7.3/crti.o
LOAD /opt/ti-sdk-am335x-evm-07.00.00.00/linux-devkit/sysroots/i686-arago-linux/usr/bin/../lib/gcc/arm-linux-gnueabihf/4.7.3/crtbegin.o
LOAD release/main.o
LOAD release/dt78xx_aio.o
LOAD release/dt78xx_misc.o
LOAD release/libaiff.o
LOAD release/aifx.o
LOAD release/extended.o
LOAD release/float32.o
LOAD release/g711.o
LOAD release/iff.o
LOAD release/lpcm.o
LOAD release/pascal.o
LOAD release/RingBuf.o
LOAD /opt/ti-sdk-am335x-evm-07.00.00.00/linux-devkit/sysroots/i686-arago-linux/usr/bin/../arm-linux-gnueabihf/libc/usr/lib/arm-linux-gnueabihf/4.7.3/libpthread.so
START GROUP
LOAD /opt/ti-sdk-am335x-evm-07.00.00.00/linux-devkit/sysroots/i686-arago-linux/usr/bin/../arm-linux-gnueabihf/libc/usr/lib/arm-linux-gnueabihf/4.7.3/../../lib/libpthread.so.0
LOAD /opt/ti-sdk-am335x-evm-07.00.00.00/linux-devkit/sysroots/i686-arago-linux/usr/bin/../arm-linux-gnueabihf/libc/usr/lib/arm-linux-gnueabihf/4.7.3/./libpthread_nonshared.a
END GROUP
LOAD /opt/ti-sdk-am335x-evm-07.00.00.00/linux-devkit/sysroots/i686-arago-linux/usr/bin/../arm-linux-gnueabihf/libc/usr/lib/arm-linux-gnueabihf/4.7.3/libm.so
LOAD ../../fftw-3.3.4/.libs//libfftw3f.a
LOAD /opt/ti-sdk-am335x-evm-07.00.00.00/linux-devkit/sysroots/i686-arago-linux/usr/bin/../lib/gcc/arm-linux-gnueabihf/4.7.3/libgcc.a
LOAD /opt/ti-sdk-am335x-evm-07.00.00.00/linux-devkit/sysroots/i686-arago-linux/usr/bin/../lib/gcc/arm-linux-gnueabihf/4.7.3/../../../../arm-linux-gnueabihf/lib/libgcc_s.so
START GROUP
LOAD /opt/ti-sdk-am335x-evm-07.00.00.00/linux-devkit/sysroots/i686-arago-linux/usr/bin/../lib/gcc/arm-linux-gnueabihf/4.7.3/../../../../arm-linux-gnueabihf/lib/libgcc_s.so.1
LOAD /opt/ti-sdk-am335x-evm-07.00.00.00/linux-devkit/sysroots/i686-arago-linux/usr/bin/../lib/gcc/arm-linux-gnueabihf/4.7.3/libgcc.a
END GROUP
LOAD /opt/ti-sdk-am335x-evm-07.00.00.00/linux-devkit/sysroots/i686-arago-linux/usr/bin/../arm-linux-gnueabihf/libc/usr/lib/arm-linux-gnueabihf/4.7.3/libc.so
START GROUP
LOAD /opt/ti-sdk-am335x-evm-07.00.00.00/linux-devkit/sysroots/i686-arago-linux/usr/bin/../arm-linux-gnueabihf/libc/usr/lib/arm-linux-gnueabihf/4.7.3/../../lib/libc.so.6
LOAD /opt/ti-sdk-am335x-evm-07.00.00.00/linux-devkit/sysroots/i686-arago-linux/usr/bin/../arm-linux-gnueabihf/libc/usr/lib/arm-linux-gnueabihf/4.7.3/./libc_nonshared.a
LOAD /opt/ti-sdk-am335x-evm-07.00.00.00/linux-devkit/sysroots/i686-arago-linux/usr/bin/../arm-linux-gnueabihf/libc/usr/lib/arm-linux-gnueabihf/4.7.3/../../lib/ld-linux-armhf.so.3
END GROUP
LOAD /opt/ti-sdk-am335x-evm-07.00.00.00/linux-devkit/sysroots/i686-arago-linux/usr/bin/../lib/gcc/arm-linux-gnueabihf/4.7.3/libgcc.a
LOAD /opt/ti-sdk-am335x-evm-07.00.00.00/linux-devkit/sysroots/i686-arago-linux/usr/bin/../lib/gcc/arm-linux-gnueabihf/4.7.3/../../../../arm-linux-gnueabihf/lib/libgcc_s.so
START GROUP
LOAD /opt/ti-sdk-am335x-evm-07.00.00.00/linux-devkit/sysroots/i686-arago-linux/usr/bin/../lib/gcc/arm-linux-gnueabihf/4.7.3/../../../../arm-linux-gnueabihf/lib/libgcc_s.so.1
LOAD /opt/ti-sdk-am335x-evm-07.00.00.00/linux-devkit/sysroots/i686-arago-linux/usr/bin/../lib/gcc/arm-linux-gnueabihf/4.7.3/libgcc.a
END GROUP
LOAD /opt/ti-sdk-am335x-evm-07.00.00.00/linux-devkit/sysroots/i686-arago-linux/usr/bin/../lib/gcc/arm-linux-gnueabihf/4.7.3/crtend.o
LOAD /opt/ti-sdk-am335x-evm-07.00.00.00/linux-devkit/sysroots/i686-arago-linux/usr/bin/../arm-linux-gnueabihf/libc/usr/lib/arm-linux-gnueabihf/4.7.3/crtn.o
                0x00008000                PROVIDE (__executable_start, 0x8000)
                0x00008134                . = (0x8000 + SIZEOF_HEADERS)

.interp         0x00008134       0x19
 *(.interp)
 .interp        0x00008134       0x19 /opt/ti-sdk-am335x-evm-07.00.00.00/linux-devkit/sysroots/i686-arago-linux/usr/bin/../arm-linux-gnueabihf/libc/usr/lib/arm-linux-gnueabihf/4.7.3/crt1.o

.note.ABI-tag   0x00008150       0x20
 .note.ABI-tag  0x00008150       0x20 /opt/ti-sdk-am335x-evm-07.00.00.00/linux-devkit/sysroots/i686-arago-linux/usr/bin/../arm-linux-gnueabihf/libc/usr/lib/arm-linux-gnueabihf/4.7.3/crt1.o

.note.gnu.build-id
                0x00008170       0x24
 *(.note.gnu.build-id)
 .note.gnu.build-id
                0x00008170       0x24 linker stubs

.hash
 *(.hash)

.gnu.hash       0x00008194      0x2a0
 *(.gnu.hash)
 .gnu.hash      0x00008194      0x2a0 /opt/ti-sdk-am335x-evm-07.00.00.00/linux-devkit/sysroots/i686-arago-linux/usr/bin/../arm-linux-gnueabihf/libc/usr/lib/arm-linux-gnueabihf/4.7.3/crt1.o

.dynsym         0x00008434      0x360
 *(.dynsym)
 .dynsym        0x00008434      0x360 /opt/ti-sdk-am335x-evm-07.00.00.00/linux-devkit/sysroots/i686-arago-linux/usr/bin/../arm-linux-gnueabihf/libc/usr/lib/arm-linux-gnueabihf/4.7.3/crt1.o

.dynstr         0x00008794      0x1c7
 *(.dynstr)
 .dynstr        0x00008794      0x1c7 /opt/ti-sdk-am335x-evm-07.00.00.00/linux-devkit/sysroots/i686-arago-linux/usr/bin/../arm-linux-gnueabihf/libc/usr/lib/arm-linux-gnueabihf/4.7.3/crt1.o

.gnu.version    0x0000895c       0x6c
 *(.gnu.version)
 .gnu.version   0x0000895c       0x6c /opt/ti-sdk-am335x-evm-07.00.00.00/linux-devkit/sysroots/i686-arago-linux/usr/bin/../arm-linux-gnueabihf/libc/usr/lib/arm-linux-gnueabihf/4.7.3/crt1.o

.gnu.version_d  0x000089c8        0x0
 *(.gnu.version_d)
 .gnu.version_d
                0x00000000        0x0 /opt/ti-sdk-am335x-evm-07.00.00.00/linux-devkit/sysroots/i686-arago-linux/usr/bin/../arm-linux-gnueabihf/libc/usr/lib/arm-linux-gnueabihf/4.7.3/crt1.o

.gnu.version_r  0x000089c8       0x60
 *(.gnu.version_r)
 .gnu.version_r
                0x000089c8       0x60 /opt/ti-sdk-am335x-evm-07.00.00.00/linux-devkit/sysroots/i686-arago-linux/usr/bin/../arm-linux-gnueabihf/libc/usr/lib/arm-linux-gnueabihf/4.7.3/crt1.o

.rel.dyn        0x00008a28       0x30
 *(.rel.init)
 *(.rel.text .rel.text.* .rel.gnu.linkonce.t.*)
 *(.rel.fini)
 *(.rel.rodata .rel.rodata.* .rel.gnu.linkonce.r.*)
 *(.rel.data.rel.ro .rel.data.rel.ro.* .rel.gnu.linkonce.d.rel.ro.*)
 *(.rel.data .rel.data.* .rel.gnu.linkonce.d.*)
 *(.rel.tdata .rel.tdata.* .rel.gnu.linkonce.td.*)
 *(.rel.tbss .rel.tbss.* .rel.gnu.linkonce.tb.*)
 *(.rel.ctors)
 *(.rel.dtors)
 *(.rel.got)
 .rel.got       0x00008a28        0x8 /opt/ti-sdk-am335x-evm-07.00.00.00/linux-devkit/sysroots/i686-arago-linux/usr/bin/../arm-linux-gnueabihf/libc/usr/lib/arm-linux-gnueabihf/4.7.3/crt1.o
 *(.rel.bss .rel.bss.* .rel.gnu.linkonce.b.*)
 .rel.bss       0x00008a30       0x28 /opt/ti-sdk-am335x-evm-07.00.00.00/linux-devkit/sysroots/i686-arago-linux/usr/bin/../arm-linux-gnueabihf/libc/usr/lib/arm-linux-gnueabihf/4.7.3/crt1.o
                0x00008a58                PROVIDE (__rel_iplt_start, .)
 *(.rel.iplt)
 .rel.iplt      0x00000000        0x0 /opt/ti-sdk-am335x-evm-07.00.00.00/linux-devkit/sysroots/i686-arago-linux/usr/bin/../arm-linux-gnueabihf/libc/usr/lib/arm-linux-gnueabihf/4.7.3/crt1.o
                0x00008a58                PROVIDE (__rel_iplt_end, .)
                0x00008a58                PROVIDE (__rela_iplt_start, .)
                0x00008a58                PROVIDE (__rela_iplt_end, .)

.rela.dyn       0x00008a58        0x0
 *(.rela.init)
 *(.rela.text .rela.text.* .rela.gnu.linkonce.t.*)
 *(.rela.fini)
 *(.rela.rodata .rela.rodata.* .rela.gnu.linkonce.r.*)
 *(.rela.data .rela.data.* .rela.gnu.linkonce.d.*)
 *(.rela.tdata .rela.tdata.* .rela.gnu.linkonce.td.*)
 *(.rela.tbss .rela.tbss.* .rela.gnu.linkonce.tb.*)
 *(.rela.ctors)
 *(.rela.dtors)
 *(.rela.got)
 *(.rela.bss .rela.bss.* .rela.gnu.linkonce.b.*)
                0x00008a58                PROVIDE (__rel_iplt_start, .)
                0x00008a58                PROVIDE (__rel_iplt_end, .)
                0x00008a58                PROVIDE (__rela_iplt_start, .)
 *(.rela.iplt)
                0x00008a58                PROVIDE (__rela_iplt_end, .)

.rel.plt        0x00008a58      0x178
 *(.rel.plt)
 .rel.plt       0x00008a58      0x178 /opt/ti-sdk-am335x-evm-07.00.00.00/linux-devkit/sysroots/i686-arago-linux/usr/bin/../arm-linux-gnueabihf/libc/usr/lib/arm-linux-gnueabihf/4.7.3/crt1.o

.rela.plt
 *(.rela.plt)

.init           0x00008bd0        0xa
 *(SORT(.init))
 .init          0x00008bd0        0x8 /opt/ti-sdk-am335x-evm-07.00.00.00/linux-devkit/sysroots/i686-arago-linux/usr/bin/../arm-linux-gnueabihf/libc/usr/lib/arm-linux-gnueabihf/4.7.3/crti.o
                0x00008bd0                _init
 .init          0x00008bd8        0x2 /opt/ti-sdk-am335x-evm-07.00.00.00/linux-devkit/sysroots/i686-arago-linux/usr/bin/../arm-linux-gnueabihf/libc/usr/lib/arm-linux-gnueabihf/4.7.3/crtn.o

.plt            0x00008bdc      0x24c
 *(.plt)
 .plt           0x00008bdc      0x24c /opt/ti-sdk-am335x-evm-07.00.00.00/linux-devkit/sysroots/i686-arago-linux/usr/bin/../arm-linux-gnueabihf/libc/usr/lib/arm-linux-gnueabihf/4.7.3/crt1.o
                0x00008bf0                raise@@GLIBC_2.4
                0x00008bfc                setbuf@@GLIBC_2.4
                0x00008c08                memalign@@GLIBC_2.4
                0x00008c14                printf@@GLIBC_2.4
                0x00008c20                fopen@@GLIBC_2.4
                0x00008c2c                memmove@@GLIBC_2.4
                0x00008c38                free@@GLIBC_2.4
                0x00008c44                memcpy@@GLIBC_2.4
                0x00008c50                _IO_getc@@GLIBC_2.4
                0x00008c5c                stpcpy@@GLIBC_2.4
                0x00008c68                perror@@GLIBC_2.4
                0x00008c74                sigaction@@GLIBC_2.4
                0x00008c80                fwrite@@GLIBC_2.4
                0x00008c8c                ioctl@@GLIBC_2.4
                0x00008c98                tcsetattr@@GLIBC_2.4
                0x00008ca4                gettimeofday@@GLIBC_2.4
                0x00008cb0                fread@@GLIBC_2.4
                0x00008cbc                daemon@@GLIBC_2.4
                0x00008cc8                floor@@GLIBC_2.4
                0x00008cd4                malloc@@GLIBC_2.4
                0x00008ce0                __libc_start_main@@GLIBC_2.4
                0x00008cec                strerror@@GLIBC_2.4
                0x00008d08                open@@GLIBC_2.4
                0x00008d14                getpid@@GLIBC_2.4
                0x00008d20                syscall@@GLIBC_2.4
                0x00008d2c                strtoul@@GLIBC_2.4
                0x00008d38                strlen@@GLIBC_2.4
                0x00008d44                getopt@@GLIBC_2.4
                0x00008d50                fprintf@@GLIBC_2.4
                0x00008d5c                fcntl@@GLIBC_2.4
                0x00008d68                __errno_location@@GLIBC_2.4
                0x00008d74                memset@@GLIBC_2.4
                0x00008d80                gmtime@@GLIBC_2.4
                0x00008d8c                fgetc@@GLIBC_2.4
                0x00008d98                strtod@@GLIBC_2.4
                0x00008da4                fileno@@GLIBC_2.4
                0x00008db0                fclose@@GLIBC_2.4
                0x00008dbc                frexp@@GLIBC_2.4
                0x00008dc8                sigemptyset@@GLIBC_2.4
                0x00008dd4                fputc@@GLIBC_2.4
                0x00008de0                sprintf@@GLIBC_2.4
                0x00008dec                ldexp@@GLIBC_2.4
                0x00008df8                fseek@@GLIBC_2.4
                0x00008e04                abort@@GLIBC_2.4
                0x00008e10                close@@GLIBC_2.4
                0x00008e1c                tcgetattr@@GLIBC_2.4

.iplt           0x00008e28        0x0
 *(.iplt)
 .iplt          0x00000000        0x0 /opt/ti-sdk-am335x-evm-07.00.00.00/linux-devkit/sysroots/i686-arago-linux/usr/bin/../arm-linux-gnueabihf/libc/usr/lib/arm-linux-gnueabihf/4.7.3/crt1.o

.text           0x00008e28     0x5f3c
 *(.text.unlikely .text.*_unlikely)
 *(.text.exit .text.exit.*)
 *(.text.startup .text.startup.*)
 .text.startup  0x00008e28      0xd20 release/main.o
                0x00008e28                main
 *(.text.hot .text.hot.*)
 *(.text .stub .text.* .gnu.linkonce.t.*)
 .text          0x00009b48       0x38 /opt/ti-sdk-am335x-evm-07.00.00.00/linux-devkit/sysroots/i686-arago-linux/usr/bin/../arm-linux-gnueabihf/libc/usr/lib/arm-linux-gnueabihf/4.7.3/crt1.o
                0x00009b48                _start
 .text          0x00009b80       0x18 /opt/ti-sdk-am335x-evm-07.00.00.00/linux-devkit/sysroots/i686-arago-linux/usr/bin/../arm-linux-gnueabihf/libc/usr/lib/arm-linux-gnueabihf/4.7.3/crti.o
 .text          0x00009b98       0x88 /opt/ti-sdk-am335x-evm-07.00.00.00/linux-devkit/sysroots/i686-arago-linux/usr/bin/../lib/gcc/arm-linux-gnueabihf/4.7.3/crtbegin.o
 .text          0x00009c20       0x14 release/main.o
 *fill*         0x00009c34        0x4 
 .text          0x00009c38      0x9d8 release/dt78xx_aio.o
                0x00009c38                aio_wait
                0x00009e40                aio_start
                0x00009ee0                aio_stop
                0x00009fc8                aio_buff_free
                0x0000a064                aio_buff_alloc
                0x0000a374                aio_create
                0x0000a434                aio_destroy
                0x0000a4e8                aio_buff_size
 .text          0x0000a610      0x228 release/dt78xx_misc.o
                0x0000a610                sigaction_register
                0x0000a66c                file_sigaction_register
                0x0000a748                kbhit
                0x0000a7f8                kbfini
 .text          0x0000a838     0x1e48 release/libaiff.o
                0x0000a838                AIFF_OpenFile
                0x0000aab8                AIFF_CloseFile
                0x0000ac18                AIFF_GetAttribute
                0x0000aca8                AIFF_ReadMarker
                0x0000ad4c                AIFF_GetInstrumentData
                0x0000ade0                AIFF_GetAudioFormat
                0x0000ae5c                AIFF_ReadSamples
                0x0000af54                AIFF_ReadSamplesFloat
                0x0000b064                AIFF_Seek
                0x0000b190                AIFF_ReadSamples32Bit
                0x0000b6c0                AIFF_SetAttribute
                0x0000b6e0                AIFF_SetAudioFormat
                0x0000b8a4                AIFF_StartWritingSamples
                0x0000b968                AIFF_WriteSamples
                0x0000baac                AIFF_WriteSamples32Bit
                0x0000bef0                AIFF_EndWritingSamples
                0x0000c180                AIFF_StartWritingMarkers
                0x0000c240                AIFF_WriteMarker
                0x0000c35c                AIFF_EndWritingMarkers
                0x0000c46c                AIFF_CloneAttributes
                0x0000c624                AIFFAssertionFailed
 .text          0x0000c680      0x828 release/aifx.o
                0x0000c680                init_aifx
                0x0000c9a0                read_aifx_marker
                0x0000cb38                get_aifx_instrument
                0x0000cd34                do_aifx_prepare
                0x0000ce24                get_aifx_enc_name
 .text          0x0000cea8      0x2b0 release/extended.o
                0x0000cea8                ieee754_write_extended
                0x0000d040                ieee754_read_extended
 .text          0x0000d158      0x440 release/float32.o
 .text          0x0000d598      0x2ec release/g711.o
 .text          0x0000d884      0x4b4 release/iff.o
                0x0000d884                find_iff_chunk
                0x0000d9b4                get_iff_attribute
                0x0000da3c                set_iff_attribute
                0x0000db08                clone_iff_attributes
 .text          0x0000dd38      0x5b4 release/lpcm.o
                0x0000dd98                lpcm_swap_samples
                0x0000e0cc                lpcm_dequant
 .text          0x0000e2ec      0x134 release/pascal.o
                0x0000e2ec                PASCALInGetLength
                0x0000e30c                PASCALInRead
                0x0000e39c                PASCALOutGetLength
                0x0000e3c0                PASCALOutWrite
 .text          0x0000e420      0x3c8 release/RingBuf.o
                0x0000e420                RingBufNextEndIndex
                0x0000e46c                RingBufIncrEnd
                0x0000e490                RingBufIncrStart
                0x0000e4b4                RingBufPeek
                0x0000e508                RingBufNumElements
                0x0000e510                RingBufIsFull
                0x0000e528                RingBufIsEmpty
                0x0000e538                RingBufPull
                0x0000e5b0                RingBufAdd
                0x0000e61c                RingBuf_new
                0x0000e704                RingBuf_init
                0x0000e7c8                RingBuf_delete
 .text          0x0000e7e8      0x278 /opt/ti-sdk-am335x-evm-07.00.00.00/linux-devkit/sysroots/i686-arago-linux/usr/bin/../lib/gcc/arm-linux-gnueabihf/4.7.3/libgcc.a(_udivsi3.o)
                0x0000e7e8                __aeabi_uidiv
                0x0000e7e8                __udivsi3
                0x0000ea44                __aeabi_uidivmod
 .text          0x0000ea60      0x2b0 /opt/ti-sdk-am335x-evm-07.00.00.00/linux-devkit/sysroots/i686-arago-linux/usr/bin/../lib/gcc/arm-linux-gnueabihf/4.7.3/libgcc.a(_divsi3.o)
                0x0000ea60                __divsi3
                0x0000ea60                __aeabi_idiv
                0x0000ecf4                __aeabi_idivmod
 .text          0x0000ed10        0xc /opt/ti-sdk-am335x-evm-07.00.00.00/linux-devkit/sysroots/i686-arago-linux/usr/bin/../lib/gcc/arm-linux-gnueabihf/4.7.3/libgcc.a(_dvmd_lnx.o)
                0x0000ed10                __aeabi_ldiv0
                0x0000ed10                __aeabi_idiv0
 .text          0x0000ed1c       0x48 /opt/ti-sdk-am335x-evm-07.00.00.00/linux-devkit/sysroots/i686-arago-linux/usr/bin/../arm-linux-gnueabihf/libc/usr/lib/arm-linux-gnueabihf/4.7.3/./libc_nonshared.a(elf-init.oS)
                0x0000ed1c                __libc_csu_init
                0x0000ed60                __libc_csu_fini
 .text          0x0000ed64        0x0 /opt/ti-sdk-am335x-evm-07.00.00.00/linux-devkit/sysroots/i686-arago-linux/usr/bin/../lib/gcc/arm-linux-gnueabihf/4.7.3/crtend.o
 .text          0x0000ed64        0x0 /opt/ti-sdk-am335x-evm-07.00.00.00/linux-devkit/sysroots/i686-arago-linux/usr/bin/../arm-linux-gnueabihf/libc/usr/lib/arm-linux-gnueabihf/4.7.3/crtn.o
 *(.gnu.warning)
 *(.glue_7t)
 .glue_7t       0x00000000        0x0 linker stubs
 *(.glue_7)
 .glue_7        0x00000000        0x0 linker stubs
 *(.vfp11_veneer)
 .vfp11_veneer  0x00000000        0x0 linker stubs
 *(.v4_bx)
 .v4_bx         0x00000000        0x0 linker stubs

.fini           0x0000ed64        0x6
 *(SORT(.fini))
 .fini          0x0000ed64        0x4 /opt/ti-sdk-am335x-evm-07.00.00.00/linux-devkit/sysroots/i686-arago-linux/usr/bin/../arm-linux-gnueabihf/libc/usr/lib/arm-linux-gnueabihf/4.7.3/crti.o
                0x0000ed64                _fini
 .fini          0x0000ed68        0x2 /opt/ti-sdk-am335x-evm-07.00.00.00/linux-devkit/sysroots/i686-arago-linux/usr/bin/../arm-linux-gnueabihf/libc/usr/lib/arm-linux-gnueabihf/4.7.3/crtn.o
                0x0000ed6a                PROVIDE (__etext, .)
                0x0000ed6a                PROVIDE (_etext, .)
                0x0000ed6a                PROVIDE (etext, .)

.rodata         0x0000ed70      0x7d8
 *(.rodata .rodata.* .gnu.linkonce.r.*)
 .rodata.cst4   0x0000ed70        0x4 /opt/ti-sdk-am335x-evm-07.00.00.00/linux-devkit/sysroots/i686-arago-linux/usr/bin/../arm-linux-gnueabihf/libc/usr/lib/arm-linux-gnueabihf/4.7.3/crt1.o
                0x0000ed70                _IO_stdin_used
 *fill*         0x0000ed74        0x4 
 .rodata        0x0000ed78      0x220 release/main.o
 .rodata.str1.4
                0x0000ef98      0x386 release/main.o
                                0x388 (size before relaxing)
 *fill*         0x0000f31e        0x2 
 .rodata        0x0000f320       0x10 release/dt78xx_aio.o
 .rodata.str1.4
                0x0000f330       0x85 release/dt78xx_aio.o
                                 0x88 (size before relaxing)
 *fill*         0x0000f3b5        0x3 
 .rodata.str1.4
                0x0000f3b8       0x20 release/dt78xx_misc.o
 .rodata        0x0000f3d8        0x4 release/libaiff.o
 .rodata.str1.4
                0x0000f3dc       0x6e release/libaiff.o
                                 0x70 (size before relaxing)
 *fill*         0x0000f44a        0x2 
 .rodata.str1.4
                0x0000f44c       0xe8 release/aifx.o
 *fill*         0x0000f534        0x4 
 .rodata        0x0000f538       0x10 release/iff.o

.rodata1
 *(.rodata1)

.ARM.extab      0x0000f548        0x0
 *(.ARM.extab* .gnu.linkonce.armextab.*)
 .ARM.extab     0x0000f548        0x0 /opt/ti-sdk-am335x-evm-07.00.00.00/linux-devkit/sysroots/i686-arago-linux/usr/bin/../arm-linux-gnueabihf/libc/usr/lib/arm-linux-gnueabihf/4.7.3/crt1.o
                0x0000f548                PROVIDE (__exidx_start, .)

.ARM.exidx      0x0000f548        0x8
 *(.ARM.exidx* .gnu.linkonce.armexidx.*)
 .ARM.exidx     0x0000f548        0x8 /opt/ti-sdk-am335x-evm-07.00.00.00/linux-devkit/sysroots/i686-arago-linux/usr/bin/../arm-linux-gnueabihf/libc/usr/lib/arm-linux-gnueabihf/4.7.3/crt1.o
                0x0000f550                PROVIDE (__exidx_end, .)

.eh_frame_hdr   0x0000f550        0x0
 *(.eh_frame_hdr)
 .eh_frame_hdr  0x00000000        0x0 /opt/ti-sdk-am335x-evm-07.00.00.00/linux-devkit/sysroots/i686-arago-linux/usr/bin/../arm-linux-gnueabihf/libc/usr/lib/arm-linux-gnueabihf/4.7.3/crtn.o

.eh_frame       0x0000f550        0x4
 *(.eh_frame)
 .eh_frame      0x0000f550        0x4 /opt/ti-sdk-am335x-evm-07.00.00.00/linux-devkit/sysroots/i686-arago-linux/usr/bin/../lib/gcc/arm-linux-gnueabihf/4.7.3/crtend.o

.gcc_except_table
 *(.gcc_except_table .gcc_except_table.*)

.exception_ranges
 *(.exception_ranges .exception_ranges*)
                0x0000f554                . = (ALIGN (0x8000) - ((0x8000 - .) & 0x7fff))
                0x00017554                . = DATA_SEGMENT_ALIGN (0x8000, 0x1000)

.eh_frame
 *(.eh_frame)

.gcc_except_table
 *(.gcc_except_table .gcc_except_table.*)

.exception_ranges
 *(.exception_ranges .exception_ranges*)

.tdata
 *(.tdata .tdata.* .gnu.linkonce.td.*)

.tbss
 *(.tbss .tbss.* .gnu.linkonce.tb.*)
 *(.tcommon)

.preinit_array  0x00017554        0x0
                0x00017554                PROVIDE (__preinit_array_start, .)
 *(.preinit_array)
                0x00017554                PROVIDE (__preinit_array_end, .)

.init_array     0x00017554        0x4
                0x00017554                PROVIDE (__init_array_start, .)
 *(SORT(.init_array.*))
 *(.init_array)
 .init_array    0x00017554        0x4 /opt/ti-sdk-am335x-evm-07.00.00.00/linux-devkit/sysroots/i686-arago-linux/usr/bin/../lib/gcc/arm-linux-gnueabihf/4.7.3/crtbegin.o
                0x00017558                PROVIDE (__init_array_end, .)

.fini_array     0x00017558        0x4
                0x00017558                PROVIDE (__fini_array_start, .)
 *(SORT(.fini_array.*))
 *(.fini_array)
 .fini_array    0x00017558        0x4 /opt/ti-sdk-am335x-evm-07.00.00.00/linux-devkit/sysroots/i686-arago-linux/usr/bin/../lib/gcc/arm-linux-gnueabihf/4.7.3/crtbegin.o
                0x0001755c                PROVIDE (__fini_array_end, .)

.ctors
 *crtbegin.o(.ctors)
 *crtbegin?.o(.ctors)
 *(EXCLUDE_FILE(*crtend?.o *crtend.o) .ctors)
 *(SORT(.ctors.*))
 *(.ctors)

.dtors
 *crtbegin.o(.dtors)
 *crtbegin?.o(.dtors)
 *(EXCLUDE_FILE(*crtend?.o *crtend.o) .dtors)
 *(SORT(.dtors.*))
 *(.dtors)

.jcr            0x0001755c        0x4
 *(.jcr)
 .jcr           0x0001755c        0x0 /opt/ti-sdk-am335x-evm-07.00.00.00/linux-devkit/sysroots/i686-arago-linux/usr/bin/../lib/gcc/arm-linux-gnueabihf/4.7.3/crtbegin.o
 .jcr           0x0001755c        0x4 /opt/ti-sdk-am335x-evm-07.00.00.00/linux-devkit/sysroots/i686-arago-linux/usr/bin/../lib/gcc/arm-linux-gnueabihf/4.7.3/crtend.o

.data.rel.ro
 *(.data.rel.ro.local* .gnu.linkonce.d.rel.ro.local.*)
 *(.data.rel.ro .data.rel.ro.* .gnu.linkonce.d.rel.ro.*)

.dynamic        0x00017560       0xf8
 *(.dynamic)
 .dynamic       0x00017560       0xf8 /opt/ti-sdk-am335x-evm-07.00.00.00/linux-devkit/sysroots/i686-arago-linux/usr/bin/../arm-linux-gnueabihf/libc/usr/lib/arm-linux-gnueabihf/4.7.3/crt1.o
                0x00017560                _DYNAMIC
                0x00017658                . = DATA_SEGMENT_RELRO_END (., 0x0)

.got            0x00017658       0xcc
 *(.got.plt)
 .got.plt       0x00017658       0xc8 /opt/ti-sdk-am335x-evm-07.00.00.00/linux-devkit/sysroots/i686-arago-linux/usr/bin/../arm-linux-gnueabihf/libc/usr/lib/arm-linux-gnueabihf/4.7.3/crt1.o
                0x00017658                _GLOBAL_OFFSET_TABLE_
 *(.igot.plt)
 .igot.plt      0x00000000        0x0 /opt/ti-sdk-am335x-evm-07.00.00.00/linux-devkit/sysroots/i686-arago-linux/usr/bin/../arm-linux-gnueabihf/libc/usr/lib/arm-linux-gnueabihf/4.7.3/crt1.o
 *(.got)
 .got           0x00017720        0x4 /opt/ti-sdk-am335x-evm-07.00.00.00/linux-devkit/sysroots/i686-arago-linux/usr/bin/../arm-linux-gnueabihf/libc/usr/lib/arm-linux-gnueabihf/4.7.3/crt1.o
 *(.igot)

.data           0x00017728       0xb0
                0x00017728                PROVIDE (__data_start, .)
 *(.data .data.* .gnu.linkonce.d.*)
 .data          0x00017728        0x4 /opt/ti-sdk-am335x-evm-07.00.00.00/linux-devkit/sysroots/i686-arago-linux/usr/bin/../arm-linux-gnueabihf/libc/usr/lib/arm-linux-gnueabihf/4.7.3/crt1.o
                0x00017728                data_start
                0x00017728                __data_start
 .data          0x0001772c        0x0 /opt/ti-sdk-am335x-evm-07.00.00.00/linux-devkit/sysroots/i686-arago-linux/usr/bin/../arm-linux-gnueabihf/libc/usr/lib/arm-linux-gnueabihf/4.7.3/crti.o
 .data          0x0001772c        0x4 /opt/ti-sdk-am335x-evm-07.00.00.00/linux-devkit/sysroots/i686-arago-linux/usr/bin/../lib/gcc/arm-linux-gnueabihf/4.7.3/crtbegin.o
                0x0001772c                __dso_handle
 .data          0x00017730        0x0 release/main.o
 .data          0x00017730        0x0 release/dt78xx_aio.o
 .data          0x00017730        0x0 release/dt78xx_misc.o
 .data          0x00017730       0x18 release/libaiff.o
 .data          0x00017748       0x30 release/aifx.o
 .data          0x00017778        0x0 release/extended.o
 .data          0x00017778       0x18 release/float32.o
                0x00017778                float32
 .data          0x00017790       0x30 release/g711.o
                0x00017790                alaw
                0x000177a8                ulaw
 .data          0x000177c0        0x0 release/iff.o
 .data          0x000177c0       0x18 release/lpcm.o
                0x000177c0                lpcm
 .data          0x000177d8        0x0 release/pascal.o
 .data          0x000177d8        0x0 release/RingBuf.o
 .data          0x000177d8        0x0 /opt/ti-sdk-am335x-evm-07.00.00.00/linux-devkit/sysroots/i686-arago-linux/usr/bin/../lib/gcc/arm-linux-gnueabihf/4.7.3/libgcc.a(_udivsi3.o)
 .data          0x000177d8        0x0 /opt/ti-sdk-am335x-evm-07.00.00.00/linux-devkit/sysroots/i686-arago-linux/usr/bin/../lib/gcc/arm-linux-gnueabihf/4.7.3/libgcc.a(_divsi3.o)
 .data          0x000177d8        0x0 /opt/ti-sdk-am335x-evm-07.00.00.00/linux-devkit/sysroots/i686-arago-linux/usr/bin/../lib/gcc/arm-linux-gnueabihf/4.7.3/libgcc.a(_dvmd_lnx.o)
 .data          0x000177d8        0x0 /opt/ti-sdk-am335x-evm-07.00.00.00/linux-devkit/sysroots/i686-arago-linux/usr/bin/../arm-linux-gnueabihf/libc/usr/lib/arm-linux-gnueabihf/4.7.3/./libc_nonshared.a(elf-init.oS)
 .data          0x000177d8        0x0 /opt/ti-sdk-am335x-evm-07.00.00.00/linux-devkit/sysroots/i686-arago-linux/usr/bin/../lib/gcc/arm-linux-gnueabihf/4.7.3/crtend.o
 .data          0x000177d8        0x0 /opt/ti-sdk-am335x-evm-07.00.00.00/linux-devkit/sysroots/i686-arago-linux/usr/bin/../arm-linux-gnueabihf/libc/usr/lib/arm-linux-gnueabihf/4.7.3/crtn.o

.tm_clone_table
                0x000177d8        0x0
 .tm_clone_table
                0x000177d8        0x0 /opt/ti-sdk-am335x-evm-07.00.00.00/linux-devkit/sysroots/i686-arago-linux/usr/bin/../lib/gcc/arm-linux-gnueabihf/4.7.3/crtbegin.o
 .tm_clone_table
                0x000177d8        0x0 /opt/ti-sdk-am335x-evm-07.00.00.00/linux-devkit/sysroots/i686-arago-linux/usr/bin/../lib/gcc/arm-linux-gnueabihf/4.7.3/crtend.o

.data1
 *(.data1)
                0x000177d8                _edata = .
                0x000177d8                PROVIDE (edata, .)
                0x000177d8                . = .
                0x000177d8                __bss_start = .
                0x000177d8                __bss_start__ = .

.bss            0x000177d8       0x64
 *(.dynbss)
 .dynbss        0x000177d8       0x1c /opt/ti-sdk-am335x-evm-07.00.00.00/linux-devkit/sysroots/i686-arago-linux/usr/bin/../arm-linux-gnueabihf/libc/usr/lib/arm-linux-gnueabihf/4.7.3/crt1.o
                0x000177d8                optind@@GLIBC_2.4
                0x000177e0                stderr@@GLIBC_2.4
                0x000177e8                stdin@@GLIBC_2.4
                0x000177ec                stdout@@GLIBC_2.4
                0x000177f0                optarg@@GLIBC_2.4
 *(.bss .bss.* .gnu.linkonce.b.*)
 .bss           0x000177f4        0x0 /opt/ti-sdk-am335x-evm-07.00.00.00/linux-devkit/sysroots/i686-arago-linux/usr/bin/../arm-linux-gnueabihf/libc/usr/lib/arm-linux-gnueabihf/4.7.3/crt1.o
 .bss           0x000177f4        0x0 /opt/ti-sdk-am335x-evm-07.00.00.00/linux-devkit/sysroots/i686-arago-linux/usr/bin/../arm-linux-gnueabihf/libc/usr/lib/arm-linux-gnueabihf/4.7.3/crti.o
 .bss           0x000177f4        0x1 /opt/ti-sdk-am335x-evm-07.00.00.00/linux-devkit/sysroots/i686-arago-linux/usr/bin/../lib/gcc/arm-linux-gnueabihf/4.7.3/crtbegin.o
 *fill*         0x000177f5        0x3 
 .bss           0x000177f8        0x4 release/main.o
 .bss           0x000177fc        0x0 release/dt78xx_aio.o
 .bss           0x000177fc       0x40 release/dt78xx_misc.o
 .bss           0x0001783c        0x0 release/libaiff.o
 .bss           0x0001783c        0x0 release/aifx.o
 .bss           0x0001783c        0x0 release/extended.o
 .bss           0x0001783c        0x0 release/float32.o
 .bss           0x0001783c        0x0 release/g711.o
 .bss           0x0001783c        0x0 release/iff.o
 .bss           0x0001783c        0x0 release/lpcm.o
 .bss           0x0001783c        0x0 release/pascal.o
 .bss           0x0001783c        0x0 release/RingBuf.o
 .bss           0x0001783c        0x0 /opt/ti-sdk-am335x-evm-07.00.00.00/linux-devkit/sysroots/i686-arago-linux/usr/bin/../lib/gcc/arm-linux-gnueabihf/4.7.3/libgcc.a(_udivsi3.o)
 .bss           0x0001783c        0x0 /opt/ti-sdk-am335x-evm-07.00.00.00/linux-devkit/sysroots/i686-arago-linux/usr/bin/../lib/gcc/arm-linux-gnueabihf/4.7.3/libgcc.a(_divsi3.o)
 .bss           0x0001783c        0x0 /opt/ti-sdk-am335x-evm-07.00.00.00/linux-devkit/sysroots/i686-arago-linux/usr/bin/../lib/gcc/arm-linux-gnueabihf/4.7.3/libgcc.a(_dvmd_lnx.o)
 .bss           0x0001783c        0x0 /opt/ti-sdk-am335x-evm-07.00.00.00/linux-devkit/sysroots/i686-arago-linux/usr/bin/../arm-linux-gnueabihf/libc/usr/lib/arm-linux-gnueabihf/4.7.3/./libc_nonshared.a(elf-init.oS)
 .bss           0x0001783c        0x0 /opt/ti-sdk-am335x-evm-07.00.00.00/linux-devkit/sysroots/i686-arago-linux/usr/bin/../lib/gcc/arm-linux-gnueabihf/4.7.3/crtend.o
 .bss           0x0001783c        0x0 /opt/ti-sdk-am335x-evm-07.00.00.00/linux-devkit/sysroots/i686-arago-linux/usr/bin/../arm-linux-gnueabihf/libc/usr/lib/arm-linux-gnueabihf/4.7.3/crtn.o
 *(COMMON)
                0x0001783c                . = ALIGN ((. != 0x0)?0x4:0x1)
                0x0001783c                _bss_end__ = .
                0x0001783c                __bss_end__ = .
                0x0001783c                . = ALIGN (0x4)
                0x0001783c                . = ALIGN (0x4)
                0x0001783c                __end__ = .
                0x0001783c                _end = .
                0x0001783c                PROVIDE (end, .)
                0x0001783c                . = DATA_SEGMENT_END (.)

.stab
 *(.stab)

.stabstr
 *(.stabstr)

.stab.excl
 *(.stab.excl)

.stab.exclstr
 *(.stab.exclstr)

.stab.index
 *(.stab.index)

.stab.indexstr
 *(.stab.indexstr)

.comment        0x00000000       0x68
 *(.comment)
 .comment       0x00000000       0x68 release/main.o
                                 0x69 (size before relaxing)
 .comment       0x00000000       0x69 release/dt78xx_aio.o
 .comment       0x00000000       0x69 release/dt78xx_misc.o
 .comment       0x00000000       0x69 release/libaiff.o
 .comment       0x00000000       0x69 release/aifx.o
 .comment       0x00000000       0x69 release/extended.o
 .comment       0x00000000       0x69 release/float32.o
 .comment       0x00000000       0x69 release/g711.o
 .comment       0x00000000       0x69 release/iff.o
 .comment       0x00000000       0x69 release/lpcm.o
 .comment       0x00000000       0x69 release/pascal.o
 .comment       0x00000000       0x69 release/RingBuf.o

.ARM.attributes
                0x00000000       0x37
 .ARM.attributes
                0x00000000       0x35 /opt/ti-sdk-am335x-evm-07.00.00.00/linux-devkit/sysroots/i686-arago-linux/usr/bin/../arm-linux-gnueabihf/libc/usr/lib/arm-linux-gnueabihf/4.7.3/crt1.o
 .ARM.attributes
                0x00000035       0x37 /opt/ti-sdk-am335x-evm-07.00.00.00/linux-devkit/sysroots/i686-arago-linux/usr/bin/../arm-linux-gnueabihf/libc/usr/lib/arm-linux-gnueabihf/4.7.3/crti.o
 .ARM.attributes
                0x0000006c       0x35 /opt/ti-sdk-am335x-evm-07.00.00.00/linux-devkit/sysroots/i686-arago-linux/usr/bin/../lib/gcc/arm-linux-gnueabihf/4.7.3/crtbegin.o
 .ARM.attributes
                0x000000a1       0x37 release/main.o
 .ARM.attributes
                0x000000d8       0x37 release/dt78xx_aio.o
 .ARM.attributes
                0x0000010f       0x37 release/dt78xx_misc.o
 .ARM.attributes
                0x00000146       0x37 release/libaiff.o
 .ARM.attributes
                0x0000017d       0x37 release/aifx.o
 .ARM.attributes
                0x000001b4       0x37 release/extended.o
 .ARM.attributes
                0x000001eb       0x37 release/float32.o
 .ARM.attributes
                0x00000222       0x37 release/g711.o
 .ARM.attributes
                0x00000259       0x37 release/iff.o
 .ARM.attributes
                0x00000290       0x37 release/lpcm.o
 .ARM.attributes
                0x000002c7       0x37 release/pascal.o
 .ARM.attributes
                0x000002fe       0x37 release/RingBuf.o
 .ARM.attributes
                0x00000335       0x21 /opt/ti-sdk-am335x-evm-07.00.00.00/linux-devkit/sysroots/i686-arago-linux/usr/bin/../lib/gcc/arm-linux-gnueabihf/4.7.3/libgcc.a(_udivsi3.o)
 .ARM.attributes
                0x00000356       0x21 /opt/ti-sdk-am335x-evm-07.00.00.00/linux-devkit/sysroots/i686-arago-linux/usr/bin/../lib/gcc/arm-linux-gnueabihf/4.7.3/libgcc.a(_divsi3.o)
 .ARM.attributes
                0x00000377       0x21 /opt/ti-sdk-am335x-evm-07.00.00.00/linux-devkit/sysroots/i686-arago-linux/usr/bin/../lib/gcc/arm-linux-gnueabihf/4.7.3/libgcc.a(_dvmd_lnx.o)
 .ARM.attributes
                0x00000398       0x37 /opt/ti-sdk-am335x-evm-07.00.00.00/linux-devkit/sysroots/i686-arago-linux/usr/bin/../arm-linux-gnueabihf/libc/usr/lib/arm-linux-gnueabihf/4.7.3/./libc_nonshared.a(elf-init.oS)
 .ARM.attributes
                0x000003cf       0x35 /opt/ti-sdk-am335x-evm-07.00.00.00/linux-devkit/sysroots/i686-arago-linux/usr/bin/../lib/gcc/arm-linux-gnueabihf/4.7.3/crtend.o
 .ARM.attributes
                0x00000404       0x37 /opt/ti-sdk-am335x-evm-07.00.00.00/linux-devkit/sysroots/i686-arago-linux/usr/bin/../arm-linux-gnueabihf/libc/usr/lib/arm-linux-gnueabihf/4.7.3/crtn.o

.debug
 *(.debug)

.line
 *(.line)

.debug_srcinfo
 *(.debug_srcinfo)

.debug_sfnames
 *(.debug_sfnames)

.debug_aranges
 *(.debug_aranges)

.debug_pubnames
 *(.debug_pubnames)

.debug_info
 *(.debug_info .gnu.linkonce.wi.*)

.debug_abbrev
 *(.debug_abbrev)

.debug_line
 *(.debug_line)

.debug_frame    0x00000000       0x40
 *(.debug_frame)
 .debug_frame   0x00000000       0x20 /opt/ti-sdk-am335x-evm-07.00.00.00/linux-devkit/sysroots/i686-arago-linux/usr/bin/../lib/gcc/arm-linux-gnueabihf/4.7.3/libgcc.a(_udivsi3.o)
 .debug_frame   0x00000020       0x20 /opt/ti-sdk-am335x-evm-07.00.00.00/linux-devkit/sysroots/i686-arago-linux/usr/bin/../lib/gcc/arm-linux-gnueabihf/4.7.3/libgcc.a(_divsi3.o)

.debug_str
 *(.debug_str)

.debug_loc
 *(.debug_loc)

.debug_macinfo
 *(.debug_macinfo)

.debug_weaknames
 *(.debug_weaknames)

.debug_funcnames
 *(.debug_funcnames)

.debug_typenames
 *(.debug_typenames)

.debug_varnames
 *(.debug_varnames)

.debug_pubtypes
 *(.debug_pubtypes)

.debug_ranges
 *(.debug_ranges)

.debug_macro
 *(.debug_macro)

.gnu.attributes
 *(.gnu.attributes)

.note.gnu.arm.ident
 *(.note.gnu.arm.ident)

/DISCARD/
 *(.note.GNU-stack)
 *(.gnu_debuglink)
 *(.gnu.lto_*)
OUTPUT(release/bat-array elf32-littlearm)
