Archive member included because of file (symbol)

/opt/ti-sdk-am335x-evm-07.00.00.00/example-applications/fftw-3.3.8/.libs//libfftw3f.a(apiplan.o)
                              release/main.o (fftwf_destroy_plan)
/opt/ti-sdk-am335x-evm-07.00.00.00/example-applications/fftw-3.3.8/.libs//libfftw3f.a(execute.o)
                              release/main.o (fftwf_execute)
/opt/ti-sdk-am335x-evm-07.00.00.00/example-applications/fftw-3.3.8/.libs//libfftw3f.a(malloc.o)
                              release/main.o (fftwf_malloc)
/opt/ti-sdk-am335x-evm-07.00.00.00/example-applications/fftw-3.3.8/.libs//libfftw3f.a(mapflags.o)
                              /opt/ti-sdk-am335x-evm-07.00.00.00/example-applications/fftw-3.3.8/.libs//libfftw3f.a(apiplan.o) (fftwf_mapflags)
/opt/ti-sdk-am335x-evm-07.00.00.00/example-applications/fftw-3.3.8/.libs//libfftw3f.a(plan-dft-r2c-1d.o)
                              release/main.o (fftwf_plan_dft_r2c_1d)
/opt/ti-sdk-am335x-evm-07.00.00.00/example-applications/fftw-3.3.8/.libs//libfftw3f.a(plan-dft-r2c.o)
                              /opt/ti-sdk-am335x-evm-07.00.00.00/example-applications/fftw-3.3.8/.libs//libfftw3f.a(plan-dft-r2c-1d.o) (fftwf_plan_dft_r2c)
/opt/ti-sdk-am335x-evm-07.00.00.00/example-applications/fftw-3.3.8/.libs//libfftw3f.a(plan-many-dft-r2c.o)
                              /opt/ti-sdk-am335x-evm-07.00.00.00/example-applications/fftw-3.3.8/.libs//libfftw3f.a(plan-dft-r2c.o) (fftwf_plan_many_dft_r2c)
/opt/ti-sdk-am335x-evm-07.00.00.00/example-applications/fftw-3.3.8/.libs//libfftw3f.a(rdft2-pad.o)
                              /opt/ti-sdk-am335x-evm-07.00.00.00/example-applications/fftw-3.3.8/.libs//libfftw3f.a(plan-many-dft-r2c.o) (fftwf_rdft2_pad)
/opt/ti-sdk-am335x-evm-07.00.00.00/example-applications/fftw-3.3.8/.libs//libfftw3f.a(the-planner.o)
                              /opt/ti-sdk-am335x-evm-07.00.00.00/example-applications/fftw-3.3.8/.libs//libfftw3f.a(apiplan.o) (fftwf_the_planner)
/opt/ti-sdk-am335x-evm-07.00.00.00/example-applications/fftw-3.3.8/.libs//libfftw3f.a(align.o)
                              /opt/ti-sdk-am335x-evm-07.00.00.00/example-applications/fftw-3.3.8/.libs//libfftw3f.a(apiplan.o) (fftwf_ialignment_of)
/opt/ti-sdk-am335x-evm-07.00.00.00/example-applications/fftw-3.3.8/.libs//libfftw3f.a(alloc.o)
                              /opt/ti-sdk-am335x-evm-07.00.00.00/example-applications/fftw-3.3.8/.libs//libfftw3f.a(apiplan.o) (fftwf_malloc_plain)
/opt/ti-sdk-am335x-evm-07.00.00.00/example-applications/fftw-3.3.8/.libs//libfftw3f.a(assert.o)
                              /opt/ti-sdk-am335x-evm-07.00.00.00/example-applications/fftw-3.3.8/.libs//libfftw3f.a(alloc.o) (fftwf_assertion_failed)
/opt/ti-sdk-am335x-evm-07.00.00.00/example-applications/fftw-3.3.8/.libs//libfftw3f.a(extract-reim.o)
                              /opt/ti-sdk-am335x-evm-07.00.00.00/example-applications/fftw-3.3.8/.libs//libfftw3f.a(plan-many-dft-r2c.o) (fftwf_extract_reim)
/opt/ti-sdk-am335x-evm-07.00.00.00/example-applications/fftw-3.3.8/.libs//libfftw3f.a(kalloc.o)
                              /opt/ti-sdk-am335x-evm-07.00.00.00/example-applications/fftw-3.3.8/.libs//libfftw3f.a(malloc.o) (fftwf_kernel_malloc)
/opt/ti-sdk-am335x-evm-07.00.00.00/example-applications/fftw-3.3.8/.libs//libfftw3f.a(plan.o)
                              /opt/ti-sdk-am335x-evm-07.00.00.00/example-applications/fftw-3.3.8/.libs//libfftw3f.a(apiplan.o) (fftwf_plan_destroy_internal)
/opt/ti-sdk-am335x-evm-07.00.00.00/example-applications/fftw-3.3.8/.libs//libfftw3f.a(planner.o)
                              /opt/ti-sdk-am335x-evm-07.00.00.00/example-applications/fftw-3.3.8/.libs//libfftw3f.a(the-planner.o) (fftwf_mkplanner)
/opt/ti-sdk-am335x-evm-07.00.00.00/example-applications/fftw-3.3.8/.libs//libfftw3f.a(primes.o)
                              /opt/ti-sdk-am335x-evm-07.00.00.00/example-applications/fftw-3.3.8/.libs//libfftw3f.a(planner.o) (fftwf_next_prime)
/opt/ti-sdk-am335x-evm-07.00.00.00/example-applications/fftw-3.3.8/.libs//libfftw3f.a(problem.o)
                              /opt/ti-sdk-am335x-evm-07.00.00.00/example-applications/fftw-3.3.8/.libs//libfftw3f.a(apiplan.o) (fftwf_problem_destroy)
/opt/ti-sdk-am335x-evm-07.00.00.00/example-applications/fftw-3.3.8/.libs//libfftw3f.a(solver.o)
                              /opt/ti-sdk-am335x-evm-07.00.00.00/example-applications/fftw-3.3.8/.libs//libfftw3f.a(planner.o) (fftwf_solver_use)
/opt/ti-sdk-am335x-evm-07.00.00.00/example-applications/fftw-3.3.8/.libs//libfftw3f.a(tensor1.o)
                              /opt/ti-sdk-am335x-evm-07.00.00.00/example-applications/fftw-3.3.8/.libs//libfftw3f.a(plan-many-dft-r2c.o) (fftwf_mktensor_1d)
/opt/ti-sdk-am335x-evm-07.00.00.00/example-applications/fftw-3.3.8/.libs//libfftw3f.a(timer.o)
                              /opt/ti-sdk-am335x-evm-07.00.00.00/example-applications/fftw-3.3.8/.libs//libfftw3f.a(apiplan.o) (fftwf_get_crude_time)
[...]
Memory Configuration

Name             Origin             Length             Attributes
*default*        0x00000000         0xffffffff

Linker script and memory map

LOAD /opt/ti-sdk-am335x-evm-07.00.00.00/linux-devkit/sysroots/i686-arago-linux/usr/bin/../arm-linux-gnueabihf/libc/usr/lib/arm-linux-gnueabihf/4.7.3/crt1.o
LOAD /opt/ti-sdk-am335x-evm-07.00.00.00/linux-devkit/sysroots/i686-arago-linux/usr/bin/../arm-linux-gnueabihf/libc/usr/lib/arm-linux-gnueabihf/4.7.3/crti.o
LOAD /opt/ti-sdk-am335x-evm-07.00.00.00/linux-devkit/sysroots/i686-arago-linux/usr/bin/../lib/gcc/arm-linux-gnueabihf/4.7.3/crtbegin.o
LOAD release/main.o
LOAD release/mongoose.o
LOAD release/dt78xx_aio.o
LOAD release/dt78xx_misc.o
LOAD /opt/ti-sdk-am335x-evm-07.00.00.00/linux-devkit/sysroots/i686-arago-linux/usr/bin/../arm-linux-gnueabihf/libc/usr/lib/arm-linux-gnueabihf/4.7.3/libpthread.so
START GROUP
LOAD /opt/ti-sdk-am335x-evm-07.00.00.00/linux-devkit/sysroots/i686-arago-linux/usr/bin/../arm-linux-gnueabihf/libc/usr/lib/arm-linux-gnueabihf/4.7.3/../../lib/libpthread.so.0
LOAD /opt/ti-sdk-am335x-evm-07.00.00.00/linux-devkit/sysroots/i686-arago-linux/usr/bin/../arm-linux-gnueabihf/libc/usr/lib/arm-linux-gnueabihf/4.7.3/./libpthread_nonshared.a
END GROUP
LOAD /opt/ti-sdk-am335x-evm-07.00.00.00/linux-devkit/sysroots/i686-arago-linux/usr/bin/../arm-linux-gnueabihf/libc/usr/lib/arm-linux-gnueabihf/4.7.3/libm.so
LOAD /opt/ti-sdk-am335x-evm-07.00.00.00/example-applications/fftw-3.3.8/.libs//libfftw3f.a
LOAD /opt/ti-sdk-am335x-evm-07.00.00.00/linux-devkit/sysroots/i686-arago-linux/usr/bin/../lib/gcc/arm-linux-gnueabihf/4.7.3/libgcc.a
LOAD /opt/ti-sdk-am335x-evm-07.00.00.00/linux-devkit/sysroots/i686-arago-linux/usr/bin/../lib/gcc/arm-linux-gnueabihf/4.7.3/../../../../arm-linux-gnueabihf/lib/libgcc_s.so
START GROUP
LOAD /opt/ti-sdk-am335x-evm-07.00.00.00/linux-devkit/sysroots/i686-arago-linux/usr/bin/../lib/gcc/arm-linux-gnueabihf/4.7.3/../../../../arm-linux-gnueabihf/lib/libgcc_s.so.1
LOAD /opt/ti-sdk-am335x-evm-07.00.00.00/linux-devkit/sysroots/i686-arago-linux/usr/bin/../lib/gcc/arm-linux-gnueabihf/4.7.3/libgcc.a
END GROUP
LOAD /opt/ti-sdk-am335x-evm-07.00.00.00/linux-devkit/sysroots/i686-arago-linux/usr/bin/../arm-linux-gnueabihf/libc/usr/lib/arm-linux-gnueabihf/4.7.3/libc.so
START GROUP
LOAD /opt/ti-sdk-am335x-evm-07.00.00.00/linux-devkit/sysroots/i686-arago-linux/usr/bin/../arm-linux-gnueabihf/libc/usr/lib/arm-linux-gnueabihf/4.7.3/../../lib/libc.so.6
LOAD /opt/ti-sdk-am335x-evm-07.00.00.00/linux-devkit/sysroots/i686-arago-linux/usr/bin/../arm-linux-gnueabihf/libc/usr/lib/arm-linux-gnueabihf/4.7.3/./libc_nonshared.a
LOAD /opt/ti-sdk-am335x-evm-07.00.00.00/linux-devkit/sysroots/i686-arago-linux/usr/bin/../arm-linux-gnueabihf/libc/usr/lib/arm-linux-gnueabihf/4.7.3/../../lib/ld-linux-armhf.so.3
END GROUP
LOAD /opt/ti-sdk-am335x-evm-07.00.00.00/linux-devkit/sysroots/i686-arago-linux/usr/bin/../lib/gcc/arm-linux-gnueabihf/4.7.3/libgcc.a
LOAD /opt/ti-sdk-am335x-evm-07.00.00.00/linux-devkit/sysroots/i686-arago-linux/usr/bin/../lib/gcc/arm-linux-gnueabihf/4.7.3/../../../../arm-linux-gnueabihf/lib/libgcc_s.so
START GROUP
LOAD /opt/ti-sdk-am335x-evm-07.00.00.00/linux-devkit/sysroots/i686-arago-linux/usr/bin/../lib/gcc/arm-linux-gnueabihf/4.7.3/../../../../arm-linux-gnueabihf/lib/libgcc_s.so.1
LOAD /opt/ti-sdk-am335x-evm-07.00.00.00/linux-devkit/sysroots/i686-arago-linux/usr/bin/../lib/gcc/arm-linux-gnueabihf/4.7.3/libgcc.a
END GROUP
LOAD /opt/ti-sdk-am335x-evm-07.00.00.00/linux-devkit/sysroots/i686-arago-linux/usr/bin/../lib/gcc/arm-linux-gnueabihf/4.7.3/crtend.o
LOAD /opt/ti-sdk-am335x-evm-07.00.00.00/linux-devkit/sysroots/i686-arago-linux/usr/bin/../arm-linux-gnueabihf/libc/usr/lib/arm-linux-gnueabihf/4.7.3/crtn.o
                0x00008000                PROVIDE (__executable_start, 0x8000)
                0x00008134                . = (0x8000 + SIZEOF_HEADERS)

.interp         0x00008134       0x19
 *(.interp)
 .interp        0x00008134       0x19 /opt/ti-sdk-am335x-evm-07.00.00.00/linux-devkit/sysroots/i686-arago-linux/usr/bin/../arm-linux-gnueabihf/libc/usr/lib/arm-linux-gnueabihf/4.7.3/crt1.o

.note.ABI-tag   0x00008150       0x20
 .note.ABI-tag  0x00008150       0x20 /opt/ti-sdk-am335x-evm-07.00.00.00/linux-devkit/sysroots/i686-arago-linux/usr/bin/../arm-linux-gnueabihf/libc/usr/lib/arm-linux-gnueabihf/4.7.3/crt1.o

.note.gnu.build-id
                0x00008170       0x24
 *(.note.gnu.build-id)
 .note.gnu.build-id
                0x00008170       0x24 linker stubs

.hash
 *(.hash)

.gnu.hash       0x00008194      0x618
 *(.gnu.hash)
 .gnu.hash      0x00008194      0x618 /opt/ti-sdk-am335x-evm-07.00.00.00/linux-devkit/sysroots/i686-arago-linux/usr/bin/../arm-linux-gnueabihf/libc/usr/lib/arm-linux-gnueabihf/4.7.3/crt1.o

.dynsym         0x000087ac      0x7c0
 *(.dynsym)
 .dynsym        0x000087ac      0x7c0 /opt/ti-sdk-am335x-evm-07.00.00.00/linux-devkit/sysroots/i686-arago-linux/usr/bin/../arm-linux-gnueabihf/libc/usr/lib/arm-linux-gnueabihf/4.7.3/crt1.o

.dynstr         0x00008f6c      0x428
 *(.dynstr)
 .dynstr        0x00008f6c      0x428 /opt/ti-sdk-am335x-evm-07.00.00.00/linux-devkit/sysroots/i686-arago-linux/usr/bin/../arm-linux-gnueabihf/libc/usr/lib/arm-linux-gnueabihf/4.7.3/crt1.o

.gnu.version    0x00009394       0xf8
 *(.gnu.version)
 .gnu.version   0x00009394       0xf8 /opt/ti-sdk-am335x-evm-07.00.00.00/linux-devkit/sysroots/i686-arago-linux/usr/bin/../arm-linux-gnueabihf/libc/usr/lib/arm-linux-gnueabihf/4.7.3/crt1.o

.gnu.version_d  0x0000948c        0x0
 *(.gnu.version_d)
 .gnu.version_d
                0x00000000        0x0 /opt/ti-sdk-am335x-evm-07.00.00.00/linux-devkit/sysroots/i686-arago-linux/usr/bin/../arm-linux-gnueabihf/libc/usr/lib/arm-linux-gnueabihf/4.7.3/crt1.o

.gnu.version_r  0x0000948c       0x70
 *(.gnu.version_r)
 .gnu.version_r
                0x0000948c       0x70 /opt/ti-sdk-am335x-evm-07.00.00.00/linux-devkit/sysroots/i686-arago-linux/usr/bin/../arm-linux-gnueabihf/libc/usr/lib/arm-linux-gnueabihf/4.7.3/crt1.o

.rel.dyn        0x000094fc       0x30
 *(.rel.init)
 *(.rel.text .rel.text.* .rel.gnu.linkonce.t.*)
 *(.rel.fini)
 *(.rel.rodata .rel.rodata.* .rel.gnu.linkonce.r.*)
 *(.rel.data.rel.ro .rel.data.rel.ro.* .rel.gnu.linkonce.d.rel.ro.*)
 *(.rel.data .rel.data.* .rel.gnu.linkonce.d.*)
 *(.rel.tdata .rel.tdata.* .rel.gnu.linkonce.td.*)
 *(.rel.tbss .rel.tbss.* .rel.gnu.linkonce.tb.*)
 *(.rel.ctors)
 *(.rel.dtors)
 *(.rel.got)
 .rel.got       0x000094fc        0x8 /opt/ti-sdk-am335x-evm-07.00.00.00/linux-devkit/sysroots/i686-arago-linux/usr/bin/../arm-linux-gnueabihf/libc/usr/lib/arm-linux-gnueabihf/4.7.3/crt1.o
 *(.rel.bss .rel.bss.* .rel.gnu.linkonce.b.*)
 .rel.bss       0x00009504       0x28 /opt/ti-sdk-am335x-evm-07.00.00.00/linux-devkit/sysroots/i686-arago-linux/usr/bin/../arm-linux-gnueabihf/libc/usr/lib/arm-linux-gnueabihf/4.7.3/crt1.o
                0x0000952c                PROVIDE (__rel_iplt_start, .)
 *(.rel.iplt)
 .rel.iplt      0x00000000        0x0 /opt/ti-sdk-am335x-evm-07.00.00.00/linux-devkit/sysroots/i686-arago-linux/usr/bin/../arm-linux-gnueabihf/libc/usr/lib/arm-linux-gnueabihf/4.7.3/crt1.o
                0x0000952c                PROVIDE (__rel_iplt_end, .)
                0x0000952c                PROVIDE (__rela_iplt_start, .)
                0x0000952c                PROVIDE (__rela_iplt_end, .)

.rela.dyn       0x0000952c        0x0
 *(.rela.init)
 *(.rela.text .rela.text.* .rela.gnu.linkonce.t.*)
 *(.rela.fini)
 *(.rela.rodata .rela.rodata.* .rela.gnu.linkonce.r.*)
 *(.rela.data .rela.data.* .rela.gnu.linkonce.d.*)
 *(.rela.tdata .rela.tdata.* .rela.gnu.linkonce.td.*)
 *(.rela.tbss .rela.tbss.* .rela.gnu.linkonce.tb.*)
 *(.rela.ctors)
 *(.rela.dtors)
 *(.rela.got)
 *(.rela.bss .rela.bss.* .rela.gnu.linkonce.b.*)
                0x0000952c                PROVIDE (__rel_iplt_start, .)
                0x0000952c                PROVIDE (__rel_iplt_end, .)
                0x0000952c                PROVIDE (__rela_iplt_start, .)
 *(.rela.iplt)
                0x0000952c                PROVIDE (__rela_iplt_end, .)

.rel.plt        0x0000952c      0x3a8
 *(.rel.plt)
 .rel.plt       0x0000952c      0x3a8 /opt/ti-sdk-am335x-evm-07.00.00.00/linux-devkit/sysroots/i686-arago-linux/usr/bin/../arm-linux-gnueabihf/libc/usr/lib/arm-linux-gnueabihf/4.7.3/crt1.o

.rela.plt
 *(.rela.plt)

.init           0x000098d4        0xa
 *(SORT(.init))
 .init          0x000098d4        0x8 /opt/ti-sdk-am335x-evm-07.00.00.00/linux-devkit/sysroots/i686-arago-linux/usr/bin/../arm-linux-gnueabihf/libc/usr/lib/arm-linux-gnueabihf/4.7.3/crti.o
                0x000098d4                _init
 .init          0x000098dc        0x2 /opt/ti-sdk-am335x-evm-07.00.00.00/linux-devkit/sysroots/i686-arago-linux/usr/bin/../arm-linux-gnueabihf/libc/usr/lib/arm-linux-gnueabihf/4.7.3/crtn.o

.plt            0x000098e0      0x594
 *(.plt)
 .plt           0x000098e0      0x594 /opt/ti-sdk-am335x-evm-07.00.00.00/linux-devkit/sysroots/i686-arago-linux/usr/bin/../arm-linux-gnueabihf/libc/usr/lib/arm-linux-gnueabihf/4.7.3/crt1.o
                0x000098f4                calloc@@GLIBC_2.4
                0x00009900                raise@@GLIBC_2.4
                0x0000990c                log@@GLIBC_2.4
                0x00009918                getpwnam@@GLIBC_2.4
                0x00009924                setbuf@@GLIBC_2.4
                0x00009930                strcmp@@GLIBC_2.4
                0x0000993c                strtol@@GLIBC_2.4
                0x00009948                setsockopt@@GLIBC_2.4
                0x00009954                strcspn@@GLIBC_2.4
                0x00009960                memalign@@GLIBC_2.4
                0x0000996c                printf@@GLIBC_2.4
                0x00009978                pthread_attr_destroy@@GLIBC_2.4
                0x00009984                read@@GLIBC_2.4
                0x00009990                longjmp@@GLIBC_2.4
                0x0000999c                fflush@@GLIBC_2.4
                0x000099a8                _setjmp@@GLIBC_2.4
                0x000099b4                memmove@@GLIBC_2.4
                0x000099c0                free@@GLIBC_2.4
                0x000099cc                fgets@@GLIBC_2.4
                0x000099d8                memcpy@@GLIBC_2.4
                0x000099e4                signal@@GLIBC_2.4
                0x000099f0                time@@GLIBC_2.4
                0x000099fc                rmdir@@GLIBC_2.4
                0x00009a08                memcmp@@GLIBC_2.4
                0x00009a14                select@@GLIBC_2.4
                0x00009a20                sincos@@GLIBC_2.4
                0x00009a2c                strdup@@GLIBC_2.4
                0x00009a38                dup2@@GLIBC_2.4
                0x00009a44                realloc@@GLIBC_2.4
                0x00009a50                chdir@@GLIBC_2.4
                0x00009a5c                funlockfile@@GLIBC_2.4
                0x00009a68                perror@@GLIBC_2.4
                0x00009a74                accept@@GLIBC_2.4
                0x00009a80                sigaction@@GLIBC_2.4
                0x00009a8c                fwrite@@GLIBC_2.4
                0x00009a98                getsockopt@@GLIBC_2.4
                0x00009aa4                ioctl@@GLIBC_2.4
                0x00009ab0                lseek64@@GLIBC_2.4
                0x00009abc                strtoll@@GLIBC_2.4
                0x00009ac8                sqrtf@@GLIBC_2.4
                0x00009ad4                usleep@@GLIBC_2.4
                0x00009ae0                tcsetattr@@GLIBC_2.4
                0x00009aec                gettimeofday@@GLIBC_2.4
                0x00009af8                fread@@GLIBC_2.4
                0x00009b04                pthread_create@@GLIBC_2.4
                0x00009b10                daemon@@GLIBC_2.4
                0x00009b1c                opendir@@GLIBC_2.4
                0x00009b28                open64@@GLIBC_2.4
                0x00009b34                getenv@@GLIBC_2.4
                0x00009b40                setgid@@GLIBC_2.4
                0x00009b4c                malloc@@GLIBC_2.4
                0x00009b58                __libc_start_main@@GLIBC_2.4
                0x00009b64                strerror@@GLIBC_2.4
                0x00009b70                strftime@@GLIBC_2.4
                0x00009b7c                __sysv_signal@@GLIBC_2.4
                0x00009b88                localtime@@GLIBC_2.4
                0x00009b94                __ctype_tolower_loc@@GLIBC_2.4
                0x00009ba0                __ctype_toupper_loc@@GLIBC_2.4
                0x00009bbc                open@@GLIBC_2.4
                0x00009bc8                getopt_long@@GLIBC_2.4
                0x00009bd4                __ctype_b_loc@@GLIBC_2.4
                0x00009be0                getpid@@GLIBC_2.4
                0x00009bec                exit@@GLIBC_2.4
                0x00009bf8                syscall@@GLIBC_2.4
                0x00009c04                strlen@@GLIBC_2.4
                0x00009c10                strchr@@GLIBC_2.4
                0x00009c1c                fprintf@@GLIBC_2.4
                0x00009c28                fcntl@@GLIBC_2.4
                0x00009c34                pthread_attr_init@@GLIBC_2.4
                0x00009c40                __errno_location@@GLIBC_2.4
                0x00009c4c                snprintf@@GLIBC_2.4
                0x00009c58                __isoc99_sscanf@@GLIBC_2.7
                0x00009c64                mkdir@@GLIBC_2.4
                0x00009c70                bind@@GLIBC_2.4
                0x00009c7c                memset@@GLIBC_2.4
                0x00009c88                strncpy@@GLIBC_2.4
                0x00009c94                gmtime@@GLIBC_2.4
                0x00009ca0                fgetc@@GLIBC_2.4
                0x00009cac                write@@GLIBC_2.4
                0x00009cb8                fileno@@GLIBC_2.4
                0x00009cc4                memchr@@GLIBC_2.4
                0x00009cd0                fclose@@GLIBC_2.4
                0x00009cdc                log10f@@GLIBC_2.4
                0x00009ce8                sigemptyset@@GLIBC_2.4
                0x00009cf4                popen@@GLIBC_2.4
                0x00009d00                fork@@GLIBC_2.4
                0x00009d0c                execle@@GLIBC_2.4
                0x00009d18                strrchr@@GLIBC_2.4
                0x00009d24                listen@@GLIBC_2.4
                0x00009d30                fputc@@GLIBC_2.4
                0x00009d3c                setuid@@GLIBC_2.4
                0x00009d48                readdir64@@GLIBC_2.4
                0x00009d54                getsockname@@GLIBC_2.4
                0x00009d60                flockfile@@GLIBC_2.4
                0x00009d6c                remove@@GLIBC_2.4
                0x00009d78                vsnprintf@@GLIBC_2.4
                0x00009d84                fopen64@@GLIBC_2.4
                0x00009d90                qsort@@GLIBC_2.4
                0x00009d9c                getpeername@@GLIBC_2.4
                0x00009da8                inet_ntop@@GLIBC_2.4
                0x00009db4                socket@@GLIBC_2.4
                0x00009dc0                gethostbyname@@GLIBC_2.4
                0x00009dcc                __xstat64@@GLIBC_2.4
                0x00009dd8                pthread_attr_setdetachstate@@GLIBC_2.4
                0x00009de4                fputs@@GLIBC_2.4
                0x00009df0                abort@@GLIBC_2.4
                0x00009dfc                recv@@GLIBC_2.4
                0x00009e08                close@@GLIBC_2.4
                0x00009e14                send@@GLIBC_2.4
                0x00009e20                connect@@GLIBC_2.4
                0x00009e2c                closedir@@GLIBC_2.4
                0x00009e38                strspn@@GLIBC_2.4
                0x00009e44                __assert_fail@@GLIBC_2.4
                0x00009e50                cos@@GLIBC_2.4
                0x00009e5c                tcgetattr@@GLIBC_2.4
                0x00009e68                pclose@@GLIBC_2.4

.iplt           0x00009e74        0x0
 *(.iplt)
 .iplt          0x00000000        0x0 /opt/ti-sdk-am335x-evm-07.00.00.00/linux-devkit/sysroots/i686-arago-linux/usr/bin/../arm-linux-gnueabihf/libc/usr/lib/arm-linux-gnueabihf/4.7.3/crt1.o

.text           0x00009e78   0x162e24
 *(.text.unlikely .text.*_unlikely)
 *(.text.exit .text.exit.*)
 *(.text.startup .text.startup.*)
 .text.startup  0x00009e78      0xac0 release/main.o
                0x00009e78                main
 *(.text.hot .text.hot.*)
 *(.text .stub .text.* .gnu.linkonce.t.*)
 .text          0x0000a938       0x38 /opt/ti-sdk-am335x-evm-07.00.00.00/linux-devkit/sysroots/i686-arago-linux/usr/bin/../arm-linux-gnueabihf/libc/usr/lib/arm-linux-gnueabihf/4.7.3/crt1.o
                0x0000a938                _start
 .text          0x0000a970       0x18 /opt/ti-sdk-am335x-evm-07.00.00.00/linux-devkit/sysroots/i686-arago-linux/usr/bin/../arm-linux-gnueabihf/libc/usr/lib/arm-linux-gnueabihf/4.7.3/crti.o
 .text          0x0000a988       0x88 /opt/ti-sdk-am335x-evm-07.00.00.00/linux-devkit/sysroots/i686-arago-linux/usr/bin/../lib/gcc/arm-linux-gnueabihf/4.7.3/crtbegin.o
 .text          0x0000aa10      0x1b8 release/main.o
 .text          0x0000abc8     0xdda8 release/mongoose.o
                0x0000e9d0                iobuf_init
                0x0000ea0c                iobuf_free
                0x0000ea40                iobuf_append
                0x0000eb20                iobuf_remove
                0x0000eb5c                ns_start_thread
                0x0000ebb0                ns_vprintf
                0x0000ecf4                ns_printf
                0x0000eedc                ns_set_close_on_exec
                0x0000eee8                ns_socketpair2
                0x0000f090                ns_socketpair
                0x0000f098                ns_set_ssl_ca_cert
                0x0000f0b8                ns_set_ssl_cert
                0x0000f0d8                ns_bind
                0x0000f298                ns_sock_to_str
                0x0000f37c                ns_hexdump
                0x0000f6d8                ns_send
                0x0000f7bc                ns_server_poll
                0x0000ff68                ns_connect
                0x000100bc                ns_add_sock
                0x00010144                ns_next
                0x00010154                ns_iterate
                0x00010188                ns_server_wakeup_ex
                0x00010228                ns_server_wakeup
                0x0001022c                ns_server_init
                0x000103b0                ns_server_free
                0x00010424                mg_start_thread
                0x00010478                mg_printf
                0x000105d4                mg_url_decode
                0x00011198                mg_get_header
                0x00011210                mg_match_prefix
                0x00011c54                mg_template
                0x00011e28                mg_write
                0x00011f20                mg_send_status
                0x000120cc                mg_send_header
                0x00012120                mg_send_data
                0x00012168                mg_printf_data
                0x00012248                mg_websocket_write
                0x00012434                mg_websocket_printf
                0x000124f4                mg_get_mime_type
                0x0001258c                mg_url_encode
                0x00012694                mg_md5
                0x000131cc                mg_parse_header
                0x000135b4                mg_authorize_digest
                0x000135cc                mg_send_file
                0x00017a64                mg_send_digest_auth_request
                0x00018038                mg_connect
                0x000180b8                mg_poll_server
                0x000180bc                mg_destroy_server
                0x00018168                mg_next
                0x00018198                mg_iterate_over_connections
                0x000181d8                mg_get_var
                0x0001824c                mg_parse_multipart
                0x000184c4                mg_get_valid_option_names
                0x000184d0                mg_set_option
                0x000186f4                mg_wakeup_server_ex
                0x00018800                mg_wakeup_server
                0x00018804                mg_set_listening_socket
                0x00018828                mg_get_listening_socket
                0x00018830                mg_get_option
                0x00018898                mg_create_server
 .text          0x00018970      0x9d8 release/dt78xx_aio.o
                0x00018970                aio_wait
                0x00018b78                aio_start
                0x00018c18                aio_stop
                0x00018d00                aio_buff_free
                0x00018d9c                aio_buff_alloc
                0x000190ac                aio_create
                0x0001916c                aio_destroy
                0x00019220                aio_buff_size
 .text          0x00019348      0x228 release/dt78xx_misc.o
                0x00019348                sigaction_register
                0x000193a4                file_sigaction_register
                0x00019480                kbhit
                0x00019530                kbfini
 .text          0x00019570      0x4f0 /opt/ti-sdk-am335x-evm-07.00.00.00/example-applications/fftw-3.3.8/.libs//libfftw3f.a(apiplan.o)
                0x00019570                fftwf_set_planner_hooks
                0x00019580                fftwf_mkapiplan
                0x000199fc                fftwf_destroy_plan
                0x00019a58                fftwf_alignment_of
 .text          0x00019a60       0x20 /opt/ti-sdk-am335x-evm-07.00.00.00/example-applications/fftw-3.3.8/.libs//libfftw3f.a(execute.o)
                0x00019a60                fftwf_execute
 .text          0x00019a80       0x18 /opt/ti-sdk-am335x-evm-07.00.00.00/example-applications/fftw-3.3.8/.libs//libfftw3f.a(malloc.o)
                0x00019a80                fftwf_malloc
                0x00019a84                fftwf_free
                0x00019a88                fftwf_alloc_real
                0x00019a90                fftwf_alloc_complex
 .text          0x00019a98      0x368 /opt/ti-sdk-am335x-evm-07.00.00.00/example-applications/fftw-3.3.8/.libs//libfftw3f.a(mapflags.o)
                0x00019a98                fftwf_mapflags
 .text          0x00019e00       0x34 /opt/ti-sdk-am335x-evm-07.00.00.00/example-applications/fftw-3.3.8/.libs//libfftw3f.a(plan-dft-r2c-1d.o)
                0x00019e00                fftwf_plan_dft_r2c_1d
 .text          0x00019e34       0x48 /opt/ti-sdk-am335x-evm-07.00.00.00/example-applications/fftw-3.3.8/.libs//libfftw3f.a(plan-dft-r2c.o)
                0x00019e34                fftwf_plan_dft_r2c
 .text          0x00019e7c      0x124 /opt/ti-sdk-am335x-evm-07.00.00.00/example-applications/fftw-3.3.8/.libs//libfftw3f.a(plan-many-dft-r2c.o)
                0x00019e7c                fftwf_plan_many_dft_r2c
 .text          0x00019fa0       0x9c /opt/ti-sdk-am335x-evm-07.00.00.00/example-applications/fftw-3.3.8/.libs//libfftw3f.a(rdft2-pad.o)
                0x00019fa0                fftwf_rdft2_pad
 .text          0x0001a03c       0x94 /opt/ti-sdk-am335x-evm-07.00.00.00/example-applications/fftw-3.3.8/.libs//libfftw3f.a(the-planner.o)
                0x0001a03c                fftwf_the_planner
                0x0001a068                fftwf_cleanup
                0x0001a090                fftwf_set_timelimit
 .text          0x0001a0d0        0x8 /opt/ti-sdk-am335x-evm-07.00.00.00/example-applications/fftw-3.3.8/.libs//libfftw3f.a(align.o)
                0x0001a0d0                fftwf_ialignment_of
 .text          0x0001a0d8       0x50 /opt/ti-sdk-am335x-evm-07.00.00.00/example-applications/fftw-3.3.8/.libs//libfftw3f.a(alloc.o)
                0x0001a0d8                fftwf_malloc_plain
                0x0001a118                fftwf_ifree
                0x0001a11c                fftwf_ifree0
 .text          0x0001a128       0x4c /opt/ti-sdk-am335x-evm-07.00.00.00/example-applications/fftw-3.3.8/.libs//libfftw3f.a(assert.o)
                0x0001a128                fftwf_assertion_failed
 .text          0x0001a174       0x1c /opt/ti-sdk-am335x-evm-07.00.00.00/example-applications/fftw-3.3.8/.libs//libfftw3f.a(extract-reim.o)
                0x0001a174                fftwf_extract_reim
 .text          0x0001a190        0x8 /opt/ti-sdk-am335x-evm-07.00.00.00/example-applications/fftw-3.3.8/.libs//libfftw3f.a(kalloc.o)
                0x0001a190                fftwf_kernel_malloc
                0x0001a194                fftwf_kernel_free
 .text          0x0001a198       0x84 /opt/ti-sdk-am335x-evm-07.00.00.00/example-applications/fftw-3.3.8/.libs//libfftw3f.a(plan.o)
                0x0001a198                fftwf_mkplan
                0x0001a1d0                fftwf_plan_destroy_internal
                0x0001a1f4                fftwf_plan_null_destroy
                0x0001a1f8                fftwf_plan_awake
 .text          0x0001a21c     0x18c8 /opt/ti-sdk-am335x-evm-07.00.00.00/example-applications/fftw-3.3.8/.libs//libfftw3f.a(planner.o)
                0x0001b82c                fftwf_iestimate_cost
                0x0001b86c                fftwf_mkplanner
                0x0001b9bc                fftwf_planner_destroy
                0x0001ba2c                fftwf_mkplan_d
                0x0001ba54                fftwf_mkplan_f_d
 .text          0x0001bae4      0x6c8 /opt/ti-sdk-am335x-evm-07.00.00.00/example-applications/fftw-3.3.8/.libs//libfftw3f.a(primes.o)
                0x0001bae4                fftwf_safe_mulmod
                0x0001bb50                fftwf_power_mod
                0x0001bc94                fftwf_find_generator
                0x0001bdb8                fftwf_first_divisor
                0x0001be3c                fftwf_is_prime
                0x0001bec8                fftwf_next_prime
                0x0001bf54                fftwf_factors_into
                0x0001bfbc                fftwf_isqrt
                0x0001bff8                fftwf_choose_radix
                0x0001c11c                fftwf_modulo
                0x0001c148                fftwf_factors_into_small_primes
 .text          0x0001c1ac       0x70 /opt/ti-sdk-am335x-evm-07.00.00.00/example-applications/fftw-3.3.8/.libs//libfftw3f.a(problem.o)
                0x0001c1e0                fftwf_mkproblem
                0x0001c1f4                fftwf_problem_destroy
                0x0001c210                fftwf_mkproblem_unsolvable
 .text          0x0001c21c       0x7c /opt/ti-sdk-am335x-evm-07.00.00.00/example-applications/fftw-3.3.8/.libs//libfftw3f.a(solver.o)
                0x0001c21c                fftwf_mksolver
                0x0001c238                fftwf_solver_use
                0x0001c248                fftwf_solver_destroy
                0x0001c284                fftwf_solver_register
 .text          0x0001c298       0x28 /opt/ti-sdk-am335x-evm-07.00.00.00/example-applications/fftw-3.3.8/.libs//libfftw3f.a(tensor1.o)
                0x0001c298                fftwf_mktensor_0d
                0x0001c2a0                fftwf_mktensor_1d
 .text          0x0001c2c0      0x280 /opt/ti-sdk-am335x-evm-07.00.00.00/example-applications/fftw-3.3.8/.libs//libfftw3f.a(timer.o)
                0x0001c2c0                fftwf_get_crude_time
                0x0001c2f0                fftwf_elapsed_since
                0x0001c368                fftwf_measure_execution_time
 .text          0x0001c540     0x1458 /opt/ti-sdk-am335x-evm-07.00.00.00/example-applications/fftw-3.3.8/.libs//libfftw3f.a(problem2.o)
                0x0001d760                fftwf_rdft2_complex_n
                0x0001d7b0                fftwf_mkproblem_rdft2
                0x0001d8c4                fftwf_mkproblem_rdft2_d
                0x0001d908                fftwf_mkproblem_rdft2_d_3pointers
 .text          0x0001d998       0x20 /opt/ti-sdk-am335x-evm-07.00.00.00/example-applications/fftw-3.3.8/.libs//libfftw3f.a(configure.o)
                0x0001d998                fftwf_configure_planner
 .text          0x0001d9b8       0xfc /opt/ti-sdk-am335x-evm-07.00.00.00/example-applications/fftw-3.3.8/.libs//libfftw3f.a(mktensor-rowmajor.o)
                0x0001d9b8                fftwf_mktensor_rowmajor
                0x0001da5c                fftwf_many_kosherp
 .text          0x0001dab4       0x24 /opt/ti-sdk-am335x-evm-07.00.00.00/example-applications/fftw-3.3.8/.libs//libfftw3f.a(hash.o)
                0x0001dab4                fftwf_hash
 .text          0x0001dad8      0x124 /opt/ti-sdk-am335x-evm-07.00.00.00/example-applications/fftw-3.3.8/.libs//libfftw3f.a(md5-1.o)
                0x0001dad8                fftwf_md5putb
                0x0001db08                fftwf_md5puts
                0x0001db30                fftwf_md5int
                0x0001db74                fftwf_md5INT
                0x0001dbb8                fftwf_md5unsigned
 .text          0x0001dbfc      0x46c /opt/ti-sdk-am335x-evm-07.00.00.00/example-applications/fftw-3.3.8/.libs//libfftw3f.a(md5.o)
                0x0001de0c                fftwf_md5begin
                0x0001de44                fftwf_md5putc
                0x0001de6c                fftwf_md5end
 .text          0x0001e068      0x184 /opt/ti-sdk-am335x-evm-07.00.00.00/example-applications/fftw-3.3.8/.libs//libfftw3f.a(ops.o)
                0x0001e068                fftwf_ops_zero
                0x0001e084                fftwf_ops_cpy
                0x0001e0a8                fftwf_ops_other
                0x0001e0cc                fftwf_ops_madd
                0x0001e118                fftwf_ops_add
                0x0001e15c                fftwf_ops_add2
                0x0001e1a0                fftwf_ops_madd2
 .text          0x0001e1ec      0x20c /opt/ti-sdk-am335x-evm-07.00.00.00/example-applications/fftw-3.3.8/.libs//libfftw3f.a(tensor.o)
                0x0001e1ec                fftwf_mktensor
                0x0001e21c                fftwf_tensor_destroy
                0x0001e220                fftwf_tensor_sz
                0x0001e278                fftwf_tensor_md5
                0x0001e2e8                fftwf_tensor_tornk1
                0x0001e330                fftwf_tensor_print
 .text          0x0001e3f8      0x304 /opt/ti-sdk-am335x-evm-07.00.00.00/example-applications/fftw-3.3.8/.libs//libfftw3f.a(tensor5.o)
                0x0001e3f8                fftwf_tensor_copy
                0x0001e450                fftwf_tensor_copy_inplace
                0x0001e514                fftwf_tensor_copy_except
                0x0001e5cc                fftwf_tensor_copy_sub
                0x0001e634                fftwf_tensor_append
 .text          0x0001e6fc      0x6a8 /opt/ti-sdk-am335x-evm-07.00.00.00/example-applications/fftw-3.3.8/.libs//libfftw3f.a(tensor7.o)
                0x0001e738                fftwf_dimcmp
                0x0001ea4c                fftwf_tensor_compress
                0x0001eb0c                fftwf_tensor_compress_contiguous
                0x0001eb38                fftwf_tensor_split
                0x0001eb74                fftwf_tensor_equal
                0x0001ec30                fftwf_tensor_inplace_locations
 .text          0x0001eda4       0x48 /opt/ti-sdk-am335x-evm-07.00.00.00/example-applications/fftw-3.3.8/.libs//libfftw3f.a(tensor8.o)
                0x0001eda4                fftwf_tensor_destroy2
                0x0001edbc                fftwf_tensor_destroy4
 .text          0x0001edec       0x48 /opt/ti-sdk-am335x-evm-07.00.00.00/example-applications/fftw-3.3.8/.libs//libfftw3f.a(conf.o)
                0x0001edec                fftwf_dft_conf_standard
 .text          0x0001ee34      0x534 /opt/ti-sdk-am335x-evm-07.00.00.00/example-applications/fftw-3.3.8/.libs//libfftw3f.a(dftw-generic.o)
                0x0001f290                fftwf_ct_generic_register
 .text          0x0001f368      0x728 /opt/ti-sdk-am335x-evm-07.00.00.00/example-applications/fftw-3.3.8/.libs//libfftw3f.a(dftw-genericbuf.o)
                0x0001f870                fftwf_ct_genericbuf_register
 .text          0x0001fa90      0x3f4 /opt/ti-sdk-am335x-evm-07.00.00.00/example-applications/fftw-3.3.8/.libs//libfftw3f.a(generic.o)
                0x0001fe5c                fftwf_dft_generic_register
 .text          0x0001fe84      0x690 /opt/ti-sdk-am335x-evm-07.00.00.00/example-applications/fftw-3.3.8/.libs//libfftw3f.a(indirect-transpose.o)
                0x000204ec                fftwf_dft_indirect_transpose_register
 .text          0x00020514      0x434 /opt/ti-sdk-am335x-evm-07.00.00.00/example-applications/fftw-3.3.8/.libs//libfftw3f.a(indirect.o)
                0x000208f0                fftwf_dft_indirect_register
 .text          0x00020948       0xbc /opt/ti-sdk-am335x-evm-07.00.00.00/example-applications/fftw-3.3.8/.libs//libfftw3f.a(nop.o)
                0x000209dc                fftwf_dft_nop_register
 .text          0x00020a04       0x14 /opt/ti-sdk-am335x-evm-07.00.00.00/example-applications/fftw-3.3.8/.libs//libfftw3f.a(lt3-plan.o)
                0x00020a04                fftwf_mkplan_dft
 .text          0x00020a18      0x2e8 /opt/ti-sdk-am335x-evm-07.00.00.00/example-applications/fftw-3.3.8/.libs//libfftw3f.a(lt4-problem.o)
                0x00020bd4                fftwf_mkproblem_dft
                0x00020c60                fftwf_mkproblem_dft_d
 .text          0x00020d00      0x914 /opt/ti-sdk-am335x-evm-07.00.00.00/example-applications/fftw-3.3.8/.libs//libfftw3f.a(lt5-rader.o)
                0x000215ec                fftwf_dft_rader_register
 .text          0x00021614      0x394 /opt/ti-sdk-am335x-evm-07.00.00.00/example-applications/fftw-3.3.8/.libs//libfftw3f.a(rank-geq2.o)
                0x0002190c                fftwf_dft_rank_geq2_register
 .text          0x000219a8       0x24 /opt/ti-sdk-am335x-evm-07.00.00.00/example-applications/fftw-3.3.8/.libs//libfftw3f.a(solve.o)
                0x000219a8                fftwf_dft_solve
 .text          0x000219cc      0x38c /opt/ti-sdk-am335x-evm-07.00.00.00/example-applications/fftw-3.3.8/.libs//libfftw3f.a(vrank-geq1.o)
                0x00021ce4                fftwf_dft_vrank_geq1_register
 .text          0x00021d58      0x7b8 /opt/ti-sdk-am335x-evm-07.00.00.00/example-applications/fftw-3.3.8/.libs//libfftw3f.a(zero.o)
                0x000224f8                fftwf_dft_zerotens
 .text          0x00022510        0x0 /opt/ti-sdk-am335x-evm-07.00.00.00/example-applications/fftw-3.3.8/.libs//libfftw3f.a(codlist.o)
 .text          0x00022510      0x4b4 /opt/ti-sdk-am335x-evm-07.00.00.00/example-applications/fftw-3.3.8/.libs//libfftw3f.a(n1_10.o)
                0x000229b0                fftwf_codelet_n1_10
 .text          0x000229c4      0x9e0 /opt/ti-sdk-am335x-evm-07.00.00.00/example-applications/fftw-3.3.8/.libs//libfftw3f.a(n1_11.o)
                0x00023390                fftwf_codelet_n1_11
 .text          0x000233a4      0x564 /opt/ti-sdk-am335x-evm-07.00.00.00/example-applications/fftw-3.3.8/.libs//libfftw3f.a(n1_12.o)
                0x000238f4                fftwf_codelet_n1_12
 .text          0x00023908      0xa64 /opt/ti-sdk-am335x-evm-07.00.00.00/example-applications/fftw-3.3.8/.libs//libfftw3f.a(n1_13.o)
                0x00024358                fftwf_codelet_n1_13
 .text          0x0002436c      0x9a4 /opt/ti-sdk-am335x-evm-07.00.00.00/example-applications/fftw-3.3.8/.libs//libfftw3f.a(n1_14.o)
                0x00024cfc                fftwf_codelet_n1_14
 .text          0x00024d10      0x9d0 /opt/ti-sdk-am335x-evm-07.00.00.00/example-applications/fftw-3.3.8/.libs//libfftw3f.a(n1_15.o)
                0x000256cc                fftwf_codelet_n1_15
 .text          0x000256e0      0x860 /opt/ti-sdk-am335x-evm-07.00.00.00/example-applications/fftw-3.3.8/.libs//libfftw3f.a(n1_16.o)
                0x00025f2c                fftwf_codelet_n1_16
 .text          0x00025f40       0xa4 /opt/ti-sdk-am335x-evm-07.00.00.00/example-applications/fftw-3.3.8/.libs//libfftw3f.a(n1_2.o)
                0x00025fd0                fftwf_codelet_n1_2
 .text          0x00025fe4      0xd70 /opt/ti-sdk-am335x-evm-07.00.00.00/example-applications/fftw-3.3.8/.libs//libfftw3f.a(n1_20.o)
                0x00026d40                fftwf_codelet_n1_20
 .text          0x00026d54     0x1800 /opt/ti-sdk-am335x-evm-07.00.00.00/example-applications/fftw-3.3.8/.libs//libfftw3f.a(n1_25.o)
                0x00028540                fftwf_codelet_n1_25
 .text          0x00028554      0x108 /opt/ti-sdk-am335x-evm-07.00.00.00/example-applications/fftw-3.3.8/.libs//libfftw3f.a(n1_3.o)
                0x00028648                fftwf_codelet_n1_3
 .text          0x0002865c     0x193c /opt/ti-sdk-am335x-evm-07.00.00.00/example-applications/fftw-3.3.8/.libs//libfftw3f.a(n1_32.o)
                0x00029f84                fftwf_codelet_n1_32
 .text          0x00029f98      0x150 /opt/ti-sdk-am335x-evm-07.00.00.00/example-applications/fftw-3.3.8/.libs//libfftw3f.a(n1_4.o)
                0x0002a0d4                fftwf_codelet_n1_4
 .text          0x0002a0e8      0x20c /opt/ti-sdk-am335x-evm-07.00.00.00/example-applications/fftw-3.3.8/.libs//libfftw3f.a(n1_5.o)
                0x0002a2e0                fftwf_codelet_n1_5
 .text          0x0002a2f4      0x24c /opt/ti-sdk-am335x-evm-07.00.00.00/example-applications/fftw-3.3.8/.libs//libfftw3f.a(n1_6.o)
                0x0002a52c                fftwf_codelet_n1_6
 .text          0x0002a540     0x4570 /opt/ti-sdk-am335x-evm-07.00.00.00/example-applications/fftw-3.3.8/.libs//libfftw3f.a(n1_64.o)
                0x0002ea9c                fftwf_codelet_n1_64
 .text          0x0002eab0      0x378 /opt/ti-sdk-am335x-evm-07.00.00.00/example-applications/fftw-3.3.8/.libs//libfftw3f.a(n1_7.o)
                0x0002ee14                fftwf_codelet_n1_7
 .text          0x0002ee28      0x308 /opt/ti-sdk-am335x-evm-07.00.00.00/example-applications/fftw-3.3.8/.libs//libfftw3f.a(n1_8.o)
                0x0002f11c                fftwf_codelet_n1_8
 .text          0x0002f130      0x4a0 /opt/ti-sdk-am335x-evm-07.00.00.00/example-applications/fftw-3.3.8/.libs//libfftw3f.a(n1_9.o)
                0x0002f5bc                fftwf_codelet_n1_9
 .text          0x0002f5d0      0x144 /opt/ti-sdk-am335x-evm-07.00.00.00/example-applications/fftw-3.3.8/.libs//libfftw3f.a(q1_2.o)
                0x0002f700                fftwf_codelet_q1_2
 .text          0x0002f714      0x360 /opt/ti-sdk-am335x-evm-07.00.00.00/example-applications/fftw-3.3.8/.libs//libfftw3f.a(q1_3.o)
                0x0002fa60                fftwf_codelet_q1_3
 .text          0x0002fa74      0x700 /opt/ti-sdk-am335x-evm-07.00.00.00/example-applications/fftw-3.3.8/.libs//libfftw3f.a(q1_4.o)
                0x00030160                fftwf_codelet_q1_4
 .text          0x00030174      0xdc0 /opt/ti-sdk-am335x-evm-07.00.00.00/example-applications/fftw-3.3.8/.libs//libfftw3f.a(q1_5.o)
                0x00030f20                fftwf_codelet_q1_5
 .text          0x00030f34     0x15e4 /opt/ti-sdk-am335x-evm-07.00.00.00/example-applications/fftw-3.3.8/.libs//libfftw3f.a(q1_6.o)
                0x00032504                fftwf_codelet_q1_6
 .text          0x00032518     0x292c /opt/ti-sdk-am335x-evm-07.00.00.00/example-applications/fftw-3.3.8/.libs//libfftw3f.a(q1_8.o)
                0x00034e30                fftwf_codelet_q1_8
 .text          0x00034e44      0x564 /opt/ti-sdk-am335x-evm-07.00.00.00/example-applications/fftw-3.3.8/.libs//libfftw3f.a(t1_10.o)
                0x00035394                fftwf_codelet_t1_10
 .text          0x000353a8      0x644 /opt/ti-sdk-am335x-evm-07.00.00.00/example-applications/fftw-3.3.8/.libs//libfftw3f.a(t1_12.o)
                0x000359d8                fftwf_codelet_t1_12
 .text          0x000359ec      0xb00 /opt/ti-sdk-am335x-evm-07.00.00.00/example-applications/fftw-3.3.8/.libs//libfftw3f.a(t1_15.o)
                0x000364d8                fftwf_codelet_t1_15
 .text          0x000364ec      0xa68 /opt/ti-sdk-am335x-evm-07.00.00.00/example-applications/fftw-3.3.8/.libs//libfftw3f.a(t1_16.o)
                0x00036f40                fftwf_codelet_t1_16
 .text          0x00036f54       0xa8 /opt/ti-sdk-am335x-evm-07.00.00.00/example-applications/fftw-3.3.8/.libs//libfftw3f.a(t1_2.o)
                0x00036fe8                fftwf_codelet_t1_2
 .text          0x00036ffc      0xf84 /opt/ti-sdk-am335x-evm-07.00.00.00/example-applications/fftw-3.3.8/.libs//libfftw3f.a(t1_20.o)
                0x00037f6c                fftwf_codelet_t1_20
 .text          0x00037f80     0x1a30 /opt/ti-sdk-am335x-evm-07.00.00.00/example-applications/fftw-3.3.8/.libs//libfftw3f.a(t1_25.o)
                0x0003999c                fftwf_codelet_t1_25
 .text          0x000399b0      0x118 /opt/ti-sdk-am335x-evm-07.00.00.00/example-applications/fftw-3.3.8/.libs//libfftw3f.a(t1_3.o)
                0x00039ab4                fftwf_codelet_t1_3
 .text          0x00039ac8     0x1dc8 /opt/ti-sdk-am335x-evm-07.00.00.00/example-applications/fftw-3.3.8/.libs//libfftw3f.a(t1_32.o)
                0x0003b87c                fftwf_codelet_t1_32
 .text          0x0003b890      0x16c /opt/ti-sdk-am335x-evm-07.00.00.00/example-applications/fftw-3.3.8/.libs//libfftw3f.a(t1_4.o)
                0x0003b9e8                fftwf_codelet_t1_4
 .text          0x0003b9fc      0x230 /opt/ti-sdk-am335x-evm-07.00.00.00/example-applications/fftw-3.3.8/.libs//libfftw3f.a(t1_5.o)
                0x0003bc18                fftwf_codelet_t1_5
 .text          0x0003bc2c      0x290 /opt/ti-sdk-am335x-evm-07.00.00.00/example-applications/fftw-3.3.8/.libs//libfftw3f.a(t1_6.o)
                0x0003bea8                fftwf_codelet_t1_6
 .text          0x0003bebc     0x4158 /opt/ti-sdk-am335x-evm-07.00.00.00/example-applications/fftw-3.3.8/.libs//libfftw3f.a(t1_64.o)
                0x00040000                fftwf_codelet_t1_64
 .text          0x00040014      0x3d8 /opt/ti-sdk-am335x-evm-07.00.00.00/example-applications/fftw-3.3.8/.libs//libfftw3f.a(t1_7.o)
                0x000403d8                fftwf_codelet_t1_7
 .text          0x000403ec      0x36c /opt/ti-sdk-am335x-evm-07.00.00.00/example-applications/fftw-3.3.8/.libs//libfftw3f.a(t1_8.o)
                0x00040744                fftwf_codelet_t1_8
 .text          0x00040758      0x514 /opt/ti-sdk-am335x-evm-07.00.00.00/example-applications/fftw-3.3.8/.libs//libfftw3f.a(t1_9.o)
                0x00040c58                fftwf_codelet_t1_9
 .text          0x00040c6c      0x590 /opt/ti-sdk-am335x-evm-07.00.00.00/example-applications/fftw-3.3.8/.libs//libfftw3f.a(t2_10.o)
                0x000411e8                fftwf_codelet_t2_10
 .text          0x000411fc      0xb00 /opt/ti-sdk-am335x-evm-07.00.00.00/example-applications/fftw-3.3.8/.libs//libfftw3f.a(t2_16.o)
                0x00041ce8                fftwf_codelet_t2_16
 .text          0x00041cfc      0xfd8 /opt/ti-sdk-am335x-evm-07.00.00.00/example-applications/fftw-3.3.8/.libs//libfftw3f.a(t2_20.o)
                0x00042cc0                fftwf_codelet_t2_20
 .text          0x00042cd4     0x1d88 /opt/ti-sdk-am335x-evm-07.00.00.00/example-applications/fftw-3.3.8/.libs//libfftw3f.a(t2_25.o)
                0x00044a48                fftwf_codelet_t2_25
 .text          0x00044a5c     0x20a8 /opt/ti-sdk-am335x-evm-07.00.00.00/example-applications/fftw-3.3.8/.libs//libfftw3f.a(t2_32.o)
                0x00046af0                fftwf_codelet_t2_32
 .text          0x00046b04      0x170 /opt/ti-sdk-am335x-evm-07.00.00.00/example-applications/fftw-3.3.8/.libs//libfftw3f.a(t2_4.o)
                0x00046c60                fftwf_codelet_t2_4
 .text          0x00046c74      0x240 /opt/ti-sdk-am335x-evm-07.00.00.00/example-applications/fftw-3.3.8/.libs//libfftw3f.a(t2_5.o)
                0x00046ea0                fftwf_codelet_t2_5
 .text          0x00046eb4     0x5c1c /opt/ti-sdk-am335x-evm-07.00.00.00/example-applications/fftw-3.3.8/.libs//libfftw3f.a(t2_64.o)
                0x0004cabc                fftwf_codelet_t2_64
 .text          0x0004cad0      0x39c /opt/ti-sdk-am335x-evm-07.00.00.00/example-applications/fftw-3.3.8/.libs//libfftw3f.a(t2_8.o)
                0x0004ce58                fftwf_codelet_t2_8
 .text          0x0004ce6c       0x68 /opt/ti-sdk-am335x-evm-07.00.00.00/example-applications/fftw-3.3.8/.libs//libfftw3f.a(lt7-conf.o)
                0x0004ce6c                fftwf_rdft_conf_standard
 *fill*         0x0004ced4        0x4 
 .text          0x0004ced8      0x3e8 /opt/ti-sdk-am335x-evm-07.00.00.00/example-applications/fftw-3.3.8/.libs//libfftw3f.a(dft-r2hc.o)
                0x0004d298                fftwf_dft_r2hc_register
 .text          0x0004d2c0      0x1f4 /opt/ti-sdk-am335x-evm-07.00.00.00/example-applications/fftw-3.3.8/.libs//libfftw3f.a(dht-r2hc.o)
                0x0004d48c                fftwf_dht_r2hc_register
 .text          0x0004d4b4      0xc20 /opt/ti-sdk-am335x-evm-07.00.00.00/example-applications/fftw-3.3.8/.libs//libfftw3f.a(dht-rader.o)
                0x0004e080                fftwf_dht_rader_register
 .text          0x0004e0d4      0x534 /opt/ti-sdk-am335x-evm-07.00.00.00/example-applications/fftw-3.3.8/.libs//libfftw3f.a(lt8-generic.o)
                0x0004e5b4                fftwf_rdft_generic_register
 .text          0x0004e608      0xa44 /opt/ti-sdk-am335x-evm-07.00.00.00/example-applications/fftw-3.3.8/.libs//libfftw3f.a(hc2hc-generic.o)
                0x0004eff0                fftwf_hc2hc_generic_register
 .text          0x0004f04c      0x520 /opt/ti-sdk-am335x-evm-07.00.00.00/example-applications/fftw-3.3.8/.libs//libfftw3f.a(hc2hc.o)
                0x0004f480                fftwf_hc2hc_applicable
                0x0004f534                fftwf_mksolver_hc2hc
                0x0004f558                fftwf_mkplan_hc2hc
 .text          0x0004f56c      0x3b0 /opt/ti-sdk-am335x-evm-07.00.00.00/example-applications/fftw-3.3.8/.libs//libfftw3f.a(lt9-indirect.o)
                0x0004f8c4                fftwf_rdft_indirect_register
 .text          0x0004f91c       0xbc /opt/ti-sdk-am335x-evm-07.00.00.00/example-applications/fftw-3.3.8/.libs//libfftw3f.a(lt10-nop.o)
                0x0004f9b0                fftwf_rdft_nop_register
 .text          0x0004f9d8       0xd0 /opt/ti-sdk-am335x-evm-07.00.00.00/example-applications/fftw-3.3.8/.libs//libfftw3f.a(nop2.o)
                0x0004fa80                fftwf_rdft2_nop_register
 .text          0x0004faa8       0x14 /opt/ti-sdk-am335x-evm-07.00.00.00/example-applications/fftw-3.3.8/.libs//libfftw3f.a(lt11-plan.o)
                0x0004faa8                fftwf_mkplan_rdft
 .text          0x0004fabc       0x14 /opt/ti-sdk-am335x-evm-07.00.00.00/example-applications/fftw-3.3.8/.libs//libfftw3f.a(plan2.o)
                0x0004fabc                fftwf_mkplan_rdft2
 .text          0x0004fad0      0xce8 /opt/ti-sdk-am335x-evm-07.00.00.00/example-applications/fftw-3.3.8/.libs//libfftw3f.a(lt12-problem.o)
                0x000503bc                fftwf_rdft_zerotens
                0x000503d0                fftwf_rdft_kind_str
                0x000503e0                fftwf_mkproblem_rdft
                0x000506dc                fftwf_mkproblem_rdft_d
                0x00050714                fftwf_mkproblem_rdft_1
                0x00050730                fftwf_mkproblem_rdft_1_d
                0x00050768                fftwf_mkproblem_rdft_0_d
 .text          0x000507b8      0x4b0 /opt/ti-sdk-am335x-evm-07.00.00.00/example-applications/fftw-3.3.8/.libs//libfftw3f.a(rank-geq2-rdft2.o)
                0x00050bcc                fftwf_rdft2_rank_geq2_register
 .text          0x00050c68      0x37c /opt/ti-sdk-am335x-evm-07.00.00.00/example-applications/fftw-3.3.8/.libs//libfftw3f.a(lt13-rank-geq2.o)
                0x00050f48                fftwf_rdft_rank_geq2_register
 .text          0x00050fe4      0x44c /opt/ti-sdk-am335x-evm-07.00.00.00/example-applications/fftw-3.3.8/.libs//libfftw3f.a(rank0-rdft2.o)
                0x00051408                fftwf_rdft2_rank0_register
 .text          0x00051430     0x1e58 /opt/ti-sdk-am335x-evm-07.00.00.00/example-applications/fftw-3.3.8/.libs//libfftw3f.a(rank0.o)
                0x00053068                fftwf_rdft_rank0_register
 .text          0x00053288      0x408 /opt/ti-sdk-am335x-evm-07.00.00.00/example-applications/fftw-3.3.8/.libs//libfftw3f.a(rdft-dht.o)
                0x00053668                fftwf_rdft_dht_register
 .text          0x00053690      0x17c /opt/ti-sdk-am335x-evm-07.00.00.00/example-applications/fftw-3.3.8/.libs//libfftw3f.a(rdft2-inplace-strides.o)
                0x00053690                fftwf_rdft2_inplace_strides
 .text          0x0005380c      0xb08 /opt/ti-sdk-am335x-evm-07.00.00.00/example-applications/fftw-3.3.8/.libs//libfftw3f.a(rdft2-rdft.o)
                0x000542ec                fftwf_rdft2_rdft_register
 .text          0x00054314       0x24 /opt/ti-sdk-am335x-evm-07.00.00.00/example-applications/fftw-3.3.8/.libs//libfftw3f.a(rdft2-strides.o)
                0x00054314                fftwf_rdft2_strides
 .text          0x00054338       0xec /opt/ti-sdk-am335x-evm-07.00.00.00/example-applications/fftw-3.3.8/.libs//libfftw3f.a(rdft2-tensor-max-index.o)
                0x00054338                fftwf_rdft2_tensor_max_index
 .text          0x00054424       0x1c /opt/ti-sdk-am335x-evm-07.00.00.00/example-applications/fftw-3.3.8/.libs//libfftw3f.a(lt14-solve.o)
                0x00054424                fftwf_rdft_solve
 .text          0x00054440       0x24 /opt/ti-sdk-am335x-evm-07.00.00.00/example-applications/fftw-3.3.8/.libs//libfftw3f.a(solve2.o)
                0x00054440                fftwf_rdft2_solve
 .text          0x00054464      0x3e4 /opt/ti-sdk-am335x-evm-07.00.00.00/example-applications/fftw-3.3.8/.libs//libfftw3f.a(vrank-geq1-rdft2.o)
                0x000547d4                fftwf_rdft2_vrank_geq1_register
 .text          0x00054848      0x384 /opt/ti-sdk-am335x-evm-07.00.00.00/example-applications/fftw-3.3.8/.libs//libfftw3f.a(lt15-vrank-geq1.o)
                0x00054b58                fftwf_rdft_vrank_geq1_register
 .text          0x00054bcc     0x19dc /opt/ti-sdk-am335x-evm-07.00.00.00/example-applications/fftw-3.3.8/.libs//libfftw3f.a(vrank3-transpose.o)
                0x00056530                fftwf_rdft_vrank3_transpose_register
 .text          0x000565a8        0x0 /opt/ti-sdk-am335x-evm-07.00.00.00/example-applications/fftw-3.3.8/.libs//libfftw3f.a(lt16-codlist.o)
 .text          0x000565a8      0xac0 /opt/ti-sdk-am335x-evm-07.00.00.00/example-applications/fftw-3.3.8/.libs//libfftw3f.a(hc2cf2_16.o)
                0x00057050                fftwf_codelet_hc2cf2_16
 .text          0x00057068      0xff0 /opt/ti-sdk-am335x-evm-07.00.00.00/example-applications/fftw-3.3.8/.libs//libfftw3f.a(hc2cf2_20.o)
                0x00058040                fftwf_codelet_hc2cf2_20
 .text          0x00058058     0x2098 /opt/ti-sdk-am335x-evm-07.00.00.00/example-applications/fftw-3.3.8/.libs//libfftw3f.a(hc2cf2_32.o)
                0x0005a0d8                fftwf_codelet_hc2cf2_32
 .text          0x0005a0f0      0x170 /opt/ti-sdk-am335x-evm-07.00.00.00/example-applications/fftw-3.3.8/.libs//libfftw3f.a(hc2cf2_4.o)
                0x0005a248                fftwf_codelet_hc2cf2_4
 .text          0x0005a260      0x394 /opt/ti-sdk-am335x-evm-07.00.00.00/example-applications/fftw-3.3.8/.libs//libfftw3f.a(hc2cf2_8.o)
                0x0005a5dc                fftwf_codelet_hc2cf2_8
 .text          0x0005a5f4      0x564 /opt/ti-sdk-am335x-evm-07.00.00.00/example-applications/fftw-3.3.8/.libs//libfftw3f.a(hc2cf_10.o)
                0x0005ab40                fftwf_codelet_hc2cf_10
 .text          0x0005ab58      0x65c /opt/ti-sdk-am335x-evm-07.00.00.00/example-applications/fftw-3.3.8/.libs//libfftw3f.a(hc2cf_12.o)
                0x0005b19c                fftwf_codelet_hc2cf_12
 .text          0x0005b1b4      0xa40 /opt/ti-sdk-am335x-evm-07.00.00.00/example-applications/fftw-3.3.8/.libs//libfftw3f.a(hc2cf_16.o)
                0x0005bbdc                fftwf_codelet_hc2cf_16
 .text          0x0005bbf4       0xb4 /opt/ti-sdk-am335x-evm-07.00.00.00/example-applications/fftw-3.3.8/.libs//libfftw3f.a(hc2cf_2.o)
                0x0005bc90                fftwf_codelet_hc2cf_2
 .text          0x0005bca8      0xf44 /opt/ti-sdk-am335x-evm-07.00.00.00/example-applications/fftw-3.3.8/.libs//libfftw3f.a(hc2cf_20.o)
                0x0005cbd4                fftwf_codelet_hc2cf_20
 .text          0x0005cbec     0x1e38 /opt/ti-sdk-am335x-evm-07.00.00.00/example-applications/fftw-3.3.8/.libs//libfftw3f.a(hc2cf_32.o)
                0x0005ea0c                fftwf_codelet_hc2cf_32
 .text          0x0005ea24      0x16c /opt/ti-sdk-am335x-evm-07.00.00.00/example-applications/fftw-3.3.8/.libs//libfftw3f.a(hc2cf_4.o)
                0x0005eb78                fftwf_codelet_hc2cf_4
 .text          0x0005eb90      0x294 /opt/ti-sdk-am335x-evm-07.00.00.00/example-applications/fftw-3.3.8/.libs//libfftw3f.a(hc2cf_6.o)
                0x0005ee0c                fftwf_codelet_hc2cf_6
 .text          0x0005ee24      0x364 /opt/ti-sdk-am335x-evm-07.00.00.00/example-applications/fftw-3.3.8/.libs//libfftw3f.a(hc2cf_8.o)
                0x0005f170                fftwf_codelet_hc2cf_8
 .text          0x0005f188      0xcac /opt/ti-sdk-am335x-evm-07.00.00.00/example-applications/fftw-3.3.8/.libs//libfftw3f.a(hc2cfdft2_16.o)
                0x0005fe1c                fftwf_codelet_hc2cfdft2_16
 .text          0x0005fe34     0x1270 /opt/ti-sdk-am335x-evm-07.00.00.00/example-applications/fftw-3.3.8/.libs//libfftw3f.a(hc2cfdft2_20.o)
                0x0006108c                fftwf_codelet_hc2cfdft2_20
 .text          0x000610a4     0x25cc /opt/ti-sdk-am335x-evm-07.00.00.00/example-applications/fftw-3.3.8/.libs//libfftw3f.a(hc2cfdft2_32.o)
                0x00063658                fftwf_codelet_hc2cfdft2_32
 .text          0x00063670      0x1b4 /opt/ti-sdk-am335x-evm-07.00.00.00/example-applications/fftw-3.3.8/.libs//libfftw3f.a(hc2cfdft2_4.o)
                0x0006380c                fftwf_codelet_hc2cfdft2_4
 .text          0x00063824      0x48c /opt/ti-sdk-am335x-evm-07.00.00.00/example-applications/fftw-3.3.8/.libs//libfftw3f.a(hc2cfdft2_8.o)
                0x00063c98                fftwf_codelet_hc2cfdft2_8
 .text          0x00063cb0      0x66c /opt/ti-sdk-am335x-evm-07.00.00.00/example-applications/fftw-3.3.8/.libs//libfftw3f.a(hc2cfdft_10.o)
                0x00064304                fftwf_codelet_hc2cfdft_10
 .text          0x0006431c      0x7d4 /opt/ti-sdk-am335x-evm-07.00.00.00/example-applications/fftw-3.3.8/.libs//libfftw3f.a(hc2cfdft_12.o)
                0x00064ad8                fftwf_codelet_hc2cfdft_12
 .text          0x00064af0      0xb74 /opt/ti-sdk-am335x-evm-07.00.00.00/example-applications/fftw-3.3.8/.libs//libfftw3f.a(hc2cfdft_16.o)
                0x0006564c                fftwf_codelet_hc2cfdft_16
 .text          0x00065664       0xd8 /opt/ti-sdk-am335x-evm-07.00.00.00/example-applications/fftw-3.3.8/.libs//libfftw3f.a(hc2cfdft_2.o)
                0x00065724                fftwf_codelet_hc2cfdft_2
 .text          0x0006573c     0x10e4 /opt/ti-sdk-am335x-evm-07.00.00.00/example-applications/fftw-3.3.8/.libs//libfftw3f.a(hc2cfdft_20.o)
                0x00066808                fftwf_codelet_hc2cfdft_20
 .text          0x00066820     0x229c /opt/ti-sdk-am335x-evm-07.00.00.00/example-applications/fftw-3.3.8/.libs//libfftw3f.a(hc2cfdft_32.o)
                0x00068aa4                fftwf_codelet_hc2cfdft_32
 .text          0x00068abc      0x1b0 /opt/ti-sdk-am335x-evm-07.00.00.00/example-applications/fftw-3.3.8/.libs//libfftw3f.a(hc2cfdft_4.o)
                0x00068c54                fftwf_codelet_hc2cfdft_4
 .text          0x00068c6c      0x2e4 /opt/ti-sdk-am335x-evm-07.00.00.00/example-applications/fftw-3.3.8/.libs//libfftw3f.a(hc2cfdft_6.o)
                0x00068f38                fftwf_codelet_hc2cfdft_6
 .text          0x00068f50      0x440 /opt/ti-sdk-am335x-evm-07.00.00.00/example-applications/fftw-3.3.8/.libs//libfftw3f.a(hc2cfdft_8.o)
                0x00069378                fftwf_codelet_hc2cfdft_8
 .text          0x00069390      0xb04 /opt/ti-sdk-am335x-evm-07.00.00.00/example-applications/fftw-3.3.8/.libs//libfftw3f.a(hf2_16.o)
                0x00069e80                fftwf_codelet_hf2_16
 .text          0x00069e94     0x1028 /opt/ti-sdk-am335x-evm-07.00.00.00/example-applications/fftw-3.3.8/.libs//libfftw3f.a(hf2_20.o)
                0x0006aea8                fftwf_codelet_hf2_20
 .text          0x0006aebc     0x1d70 /opt/ti-sdk-am335x-evm-07.00.00.00/example-applications/fftw-3.3.8/.libs//libfftw3f.a(hf2_25.o)
                0x0006cc18                fftwf_codelet_hf2_25
 .text          0x0006cc2c     0x210c /opt/ti-sdk-am335x-evm-07.00.00.00/example-applications/fftw-3.3.8/.libs//libfftw3f.a(hf2_32.o)
                0x0006ed24                fftwf_codelet_hf2_32
 .text          0x0006ed38      0x180 /opt/ti-sdk-am335x-evm-07.00.00.00/example-applications/fftw-3.3.8/.libs//libfftw3f.a(hf2_4.o)
                0x0006eea4                fftwf_codelet_hf2_4
 .text          0x0006eeb8      0x250 /opt/ti-sdk-am335x-evm-07.00.00.00/example-applications/fftw-3.3.8/.libs//libfftw3f.a(hf2_5.o)
                0x0006f0f4                fftwf_codelet_hf2_5
 .text          0x0006f108      0x3b4 /opt/ti-sdk-am335x-evm-07.00.00.00/example-applications/fftw-3.3.8/.libs//libfftw3f.a(hf2_8.o)
                0x0006f4a8                fftwf_codelet_hf2_8
 .text          0x0006f4bc      0x578 /opt/ti-sdk-am335x-evm-07.00.00.00/example-applications/fftw-3.3.8/.libs//libfftw3f.a(hf_10.o)
                0x0006fa20                fftwf_codelet_hf_10
 .text          0x0006fa34      0x654 /opt/ti-sdk-am335x-evm-07.00.00.00/example-applications/fftw-3.3.8/.libs//libfftw3f.a(hf_12.o)
                0x00070074                fftwf_codelet_hf_12
 .text          0x00070088      0xb18 /opt/ti-sdk-am335x-evm-07.00.00.00/example-applications/fftw-3.3.8/.libs//libfftw3f.a(hf_15.o)
                0x00070b8c                fftwf_codelet_hf_15
 .text          0x00070ba0      0xa6c /opt/ti-sdk-am335x-evm-07.00.00.00/example-applications/fftw-3.3.8/.libs//libfftw3f.a(hf_16.o)
                0x000715f8                fftwf_codelet_hf_16
 .text          0x0007160c       0xb0 /opt/ti-sdk-am335x-evm-07.00.00.00/example-applications/fftw-3.3.8/.libs//libfftw3f.a(hf_2.o)
                0x000716a8                fftwf_codelet_hf_2
 .text          0x000716bc      0xf50 /opt/ti-sdk-am335x-evm-07.00.00.00/example-applications/fftw-3.3.8/.libs//libfftw3f.a(hf_20.o)
                0x000725f8                fftwf_codelet_hf_20
 .text          0x0007260c     0x19f0 /opt/ti-sdk-am335x-evm-07.00.00.00/example-applications/fftw-3.3.8/.libs//libfftw3f.a(hf_25.o)
                0x00073fe8                fftwf_codelet_hf_25
 .text          0x00073ffc      0x120 /opt/ti-sdk-am335x-evm-07.00.00.00/example-applications/fftw-3.3.8/.libs//libfftw3f.a(hf_3.o)
                0x00074108                fftwf_codelet_hf_3
 .text          0x0007411c     0x1d6c /opt/ti-sdk-am335x-evm-07.00.00.00/example-applications/fftw-3.3.8/.libs//libfftw3f.a(hf_32.o)
                0x00075e74                fftwf_codelet_hf_32
 .text          0x00075e88      0x17c /opt/ti-sdk-am335x-evm-07.00.00.00/example-applications/fftw-3.3.8/.libs//libfftw3f.a(hf_4.o)
                0x00075ff0                fftwf_codelet_hf_4
 .text          0x00076004      0x244 /opt/ti-sdk-am335x-evm-07.00.00.00/example-applications/fftw-3.3.8/.libs//libfftw3f.a(hf_5.o)
                0x00076234                fftwf_codelet_hf_5
 .text          0x00076248      0x2a8 /opt/ti-sdk-am335x-evm-07.00.00.00/example-applications/fftw-3.3.8/.libs//libfftw3f.a(hf_6.o)
                0x000764dc                fftwf_codelet_hf_6
 .text          0x000764f0     0x4298 /opt/ti-sdk-am335x-evm-07.00.00.00/example-applications/fftw-3.3.8/.libs//libfftw3f.a(hf_64.o)
                0x0007a774                fftwf_codelet_hf_64
 .text          0x0007a788      0x3d4 /opt/ti-sdk-am335x-evm-07.00.00.00/example-applications/fftw-3.3.8/.libs//libfftw3f.a(hf_7.o)
                0x0007ab48                fftwf_codelet_hf_7
 .text          0x0007ab5c      0x37c /opt/ti-sdk-am335x-evm-07.00.00.00/example-applications/fftw-3.3.8/.libs//libfftw3f.a(hf_8.o)
                0x0007aec4                fftwf_codelet_hf_8
 .text          0x0007aed8      0x524 /opt/ti-sdk-am335x-evm-07.00.00.00/example-applications/fftw-3.3.8/.libs//libfftw3f.a(hf_9.o)
                0x0007b3e8                fftwf_codelet_hf_9
 .text          0x0007b3fc      0x214 /opt/ti-sdk-am335x-evm-07.00.00.00/example-applications/fftw-3.3.8/.libs//libfftw3f.a(r2cfII_10.o)
                0x0007b5fc                fftwf_codelet_r2cfII_10
 .text          0x0007b610      0x2bc /opt/ti-sdk-am335x-evm-07.00.00.00/example-applications/fftw-3.3.8/.libs//libfftw3f.a(r2cfII_12.o)
                0x0007b8b8                fftwf_codelet_r2cfII_12
 .text          0x0007b8cc      0x408 /opt/ti-sdk-am335x-evm-07.00.00.00/example-applications/fftw-3.3.8/.libs//libfftw3f.a(r2cfII_15.o)
                0x0007bcc0                fftwf_codelet_r2cfII_15
 .text          0x0007bcd4      0x3cc /opt/ti-sdk-am335x-evm-07.00.00.00/example-applications/fftw-3.3.8/.libs//libfftw3f.a(r2cfII_16.o)
                0x0007c08c                fftwf_codelet_r2cfII_16
 .text          0x0007c0a0       0x68 /opt/ti-sdk-am335x-evm-07.00.00.00/example-applications/fftw-3.3.8/.libs//libfftw3f.a(r2cfII_2.o)
                0x0007c0f4                fftwf_codelet_r2cfII_2
 .text          0x0007c108      0x638 /opt/ti-sdk-am335x-evm-07.00.00.00/example-applications/fftw-3.3.8/.libs//libfftw3f.a(r2cfII_20.o)
                0x0007c72c                fftwf_codelet_r2cfII_20
 .text          0x0007c740      0xdfc /opt/ti-sdk-am335x-evm-07.00.00.00/example-applications/fftw-3.3.8/.libs//libfftw3f.a(r2cfII_25.o)
                0x0007d528                fftwf_codelet_r2cfII_25
 .text          0x0007d53c       0xa8 /opt/ti-sdk-am335x-evm-07.00.00.00/example-applications/fftw-3.3.8/.libs//libfftw3f.a(r2cfII_3.o)
                0x0007d5d0                fftwf_codelet_r2cfII_3
 .text          0x0007d5e4      0xc18 /opt/ti-sdk-am335x-evm-07.00.00.00/example-applications/fftw-3.3.8/.libs//libfftw3f.a(r2cfII_32.o)
                0x0007e1e8                fftwf_codelet_r2cfII_32
 .text          0x0007e1fc       0xc8 /opt/ti-sdk-am335x-evm-07.00.00.00/example-applications/fftw-3.3.8/.libs//libfftw3f.a(r2cfII_4.o)
                0x0007e2b0                fftwf_codelet_r2cfII_4
 .text          0x0007e2c4      0x124 /opt/ti-sdk-am335x-evm-07.00.00.00/example-applications/fftw-3.3.8/.libs//libfftw3f.a(r2cfII_5.o)
                0x0007e3d4                fftwf_codelet_r2cfII_5
 .text          0x0007e3e8      0x12c /opt/ti-sdk-am335x-evm-07.00.00.00/example-applications/fftw-3.3.8/.libs//libfftw3f.a(r2cfII_6.o)
                0x0007e500                fftwf_codelet_r2cfII_6
 .text          0x0007e514     0x2054 /opt/ti-sdk-am335x-evm-07.00.00.00/example-applications/fftw-3.3.8/.libs//libfftw3f.a(r2cfII_64.o)
                0x00080554                fftwf_codelet_r2cfII_64
 .text          0x00080568      0x1dc /opt/ti-sdk-am335x-evm-07.00.00.00/example-applications/fftw-3.3.8/.libs//libfftw3f.a(r2cfII_7.o)
                0x00080730                fftwf_codelet_r2cfII_7
 .text          0x00080744      0x1b4 /opt/ti-sdk-am335x-evm-07.00.00.00/example-applications/fftw-3.3.8/.libs//libfftw3f.a(r2cfII_8.o)
                0x000808e4                fftwf_codelet_r2cfII_8
 .text          0x000808f8      0x2a4 /opt/ti-sdk-am335x-evm-07.00.00.00/example-applications/fftw-3.3.8/.libs//libfftw3f.a(r2cfII_9.o)
                0x00080b88                fftwf_codelet_r2cfII_9
 .text          0x00080b9c      0x220 /opt/ti-sdk-am335x-evm-07.00.00.00/example-applications/fftw-3.3.8/.libs//libfftw3f.a(r2cf_10.o)
                0x00080da8                fftwf_codelet_r2cf_10
 .text          0x00080dbc      0x3e4 /opt/ti-sdk-am335x-evm-07.00.00.00/example-applications/fftw-3.3.8/.libs//libfftw3f.a(r2cf_11.o)
                0x0008118c                fftwf_codelet_r2cf_11
 .text          0x000811a0      0x270 /opt/ti-sdk-am335x-evm-07.00.00.00/example-applications/fftw-3.3.8/.libs//libfftw3f.a(r2cf_12.o)
                0x000813fc                fftwf_codelet_r2cf_12
 .text          0x00081410     0x4c7c /opt/ti-sdk-am335x-evm-07.00.00.00/example-applications/fftw-3.3.8/.libs//libfftw3f.a(r2cf_128.o)
                0x00086078                fftwf_codelet_r2cf_128
 .text          0x0008608c      0x410 /opt/ti-sdk-am335x-evm-07.00.00.00/example-applications/fftw-3.3.8/.libs//libfftw3f.a(r2cf_13.o)
                0x00086488                fftwf_codelet_r2cf_13
 .text          0x0008649c      0x378 /opt/ti-sdk-am335x-evm-07.00.00.00/example-applications/fftw-3.3.8/.libs//libfftw3f.a(r2cf_14.o)
                0x00086800                fftwf_codelet_r2cf_14
 .text          0x00086814      0x3e4 /opt/ti-sdk-am335x-evm-07.00.00.00/example-applications/fftw-3.3.8/.libs//libfftw3f.a(r2cf_15.o)
                0x00086be4                fftwf_codelet_r2cf_15
 .text          0x00086bf8      0x378 /opt/ti-sdk-am335x-evm-07.00.00.00/example-applications/fftw-3.3.8/.libs//libfftw3f.a(r2cf_16.o)
                0x00086f5c                fftwf_codelet_r2cf_16
 .text          0x00086f70       0x74 /opt/ti-sdk-am335x-evm-07.00.00.00/example-applications/fftw-3.3.8/.libs//libfftw3f.a(r2cf_2.o)
                0x00086fd0                fftwf_codelet_r2cf_2
 .text          0x00086fe4      0x4f8 /opt/ti-sdk-am335x-evm-07.00.00.00/example-applications/fftw-3.3.8/.libs//libfftw3f.a(r2cf_20.o)
                0x000874c8                fftwf_codelet_r2cf_20
 .text          0x000874dc      0xe08 /opt/ti-sdk-am335x-evm-07.00.00.00/example-applications/fftw-3.3.8/.libs//libfftw3f.a(r2cf_25.o)
                0x000882d0                fftwf_codelet_r2cf_25
 .text          0x000882e4       0xb0 /opt/ti-sdk-am335x-evm-07.00.00.00/example-applications/fftw-3.3.8/.libs//libfftw3f.a(r2cf_3.o)
                0x00088380                fftwf_codelet_r2cf_3
 .text          0x00088394      0xab4 /opt/ti-sdk-am335x-evm-07.00.00.00/example-applications/fftw-3.3.8/.libs//libfftw3f.a(r2cf_32.o)
                0x00088e34                fftwf_codelet_r2cf_32
 .text          0x00088e48       0xb8 /opt/ti-sdk-am335x-evm-07.00.00.00/example-applications/fftw-3.3.8/.libs//libfftw3f.a(r2cf_4.o)
                0x00088eec                fftwf_codelet_r2cf_4
 .text          0x00088f00      0x124 /opt/ti-sdk-am335x-evm-07.00.00.00/example-applications/fftw-3.3.8/.libs//libfftw3f.a(r2cf_5.o)
                0x00089010                fftwf_codelet_r2cf_5
 .text          0x00089024      0x150 /opt/ti-sdk-am335x-evm-07.00.00.00/example-applications/fftw-3.3.8/.libs//libfftw3f.a(r2cf_6.o)
                0x00089160                fftwf_codelet_r2cf_6
 .text          0x00089174     0x1d7c /opt/ti-sdk-am335x-evm-07.00.00.00/example-applications/fftw-3.3.8/.libs//libfftw3f.a(r2cf_64.o)
                0x0008aedc                fftwf_codelet_r2cf_64
 .text          0x0008aef0      0x1d0 /opt/ti-sdk-am335x-evm-07.00.00.00/example-applications/fftw-3.3.8/.libs//libfftw3f.a(r2cf_7.o)
                0x0008b0ac                fftwf_codelet_r2cf_7
 .text          0x0008b0c0      0x184 /opt/ti-sdk-am335x-evm-07.00.00.00/example-applications/fftw-3.3.8/.libs//libfftw3f.a(r2cf_8.o)
                0x0008b230                fftwf_codelet_r2cf_8
 .text          0x0008b244      0x290 /opt/ti-sdk-am335x-evm-07.00.00.00/example-applications/fftw-3.3.8/.libs//libfftw3f.a(r2cf_9.o)
                0x0008b4c0                fftwf_codelet_r2cf_9
 .text          0x0008b4d4        0x0 /opt/ti-sdk-am335x-evm-07.00.00.00/example-applications/fftw-3.3.8/.libs//libfftw3f.a(lt17-codlist.o)
 .text          0x0008b4d4      0xd10 /opt/ti-sdk-am335x-evm-07.00.00.00/example-applications/fftw-3.3.8/.libs//libfftw3f.a(hb2_16.o)
                0x0008c1d0                fftwf_codelet_hb2_16
 .text          0x0008c1e4     0x121c /opt/ti-sdk-am335x-evm-07.00.00.00/example-applications/fftw-3.3.8/.libs//libfftw3f.a(hb2_20.o)
                0x0008d3ec                fftwf_codelet_hb2_20
 .text          0x0008d400     0x1e94 /opt/ti-sdk-am335x-evm-07.00.00.00/example-applications/fftw-3.3.8/.libs//libfftw3f.a(hb2_25.o)
                0x0008f280                fftwf_codelet_hb2_25
 .text          0x0008f294     0x21d0 /opt/ti-sdk-am335x-evm-07.00.00.00/example-applications/fftw-3.3.8/.libs//libfftw3f.a(hb2_32.o)
                0x00091450                fftwf_codelet_hb2_32
 .text          0x00091464      0x180 /opt/ti-sdk-am335x-evm-07.00.00.00/example-applications/fftw-3.3.8/.libs//libfftw3f.a(hb2_4.o)
                0x000915d0                fftwf_codelet_hb2_4
 .text          0x000915e4      0x260 /opt/ti-sdk-am335x-evm-07.00.00.00/example-applications/fftw-3.3.8/.libs//libfftw3f.a(hb2_5.o)
                0x00091830                fftwf_codelet_hb2_5
 .text          0x00091844      0x488 /opt/ti-sdk-am335x-evm-07.00.00.00/example-applications/fftw-3.3.8/.libs//libfftw3f.a(hb2_8.o)
                0x00091cb8                fftwf_codelet_hb2_8
 .text          0x00091ccc      0x514 /opt/ti-sdk-am335x-evm-07.00.00.00/example-applications/fftw-3.3.8/.libs//libfftw3f.a(hb_10.o)
                0x000921cc                fftwf_codelet_hb_10
 .text          0x000921e0      0x654 /opt/ti-sdk-am335x-evm-07.00.00.00/example-applications/fftw-3.3.8/.libs//libfftw3f.a(hb_12.o)
                0x00092820                fftwf_codelet_hb_12
 .text          0x00092834      0x994 /opt/ti-sdk-am335x-evm-07.00.00.00/example-applications/fftw-3.3.8/.libs//libfftw3f.a(hb_15.o)
                0x000931b4                fftwf_codelet_hb_15
 .text          0x000931c8      0x954 /opt/ti-sdk-am335x-evm-07.00.00.00/example-applications/fftw-3.3.8/.libs//libfftw3f.a(hb_16.o)
                0x00093b08                fftwf_codelet_hb_16
 .text          0x00093b1c       0xb0 /opt/ti-sdk-am335x-evm-07.00.00.00/example-applications/fftw-3.3.8/.libs//libfftw3f.a(hb_2.o)
                0x00093bb8                fftwf_codelet_hb_2
 .text          0x00093bcc      0xdfc /opt/ti-sdk-am335x-evm-07.00.00.00/example-applications/fftw-3.3.8/.libs//libfftw3f.a(hb_20.o)
                0x000949b4                fftwf_codelet_hb_20
 .text          0x000949c8     0x1794 /opt/ti-sdk-am335x-evm-07.00.00.00/example-applications/fftw-3.3.8/.libs//libfftw3f.a(hb_25.o)
                0x00096148                fftwf_codelet_hb_25
 .text          0x0009615c      0x120 /opt/ti-sdk-am335x-evm-07.00.00.00/example-applications/fftw-3.3.8/.libs//libfftw3f.a(hb_3.o)
                0x00096268                fftwf_codelet_hb_3
 .text          0x0009627c     0x18bc /opt/ti-sdk-am335x-evm-07.00.00.00/example-applications/fftw-3.3.8/.libs//libfftw3f.a(hb_32.o)
                0x00097b24                fftwf_codelet_hb_32
 .text          0x00097b38      0x174 /opt/ti-sdk-am335x-evm-07.00.00.00/example-applications/fftw-3.3.8/.libs//libfftw3f.a(hb_4.o)
                0x00097c98                fftwf_codelet_hb_4
 .text          0x00097cac      0x248 /opt/ti-sdk-am335x-evm-07.00.00.00/example-applications/fftw-3.3.8/.libs//libfftw3f.a(hb_5.o)
                0x00097ee0                fftwf_codelet_hb_5
 .text          0x00097ef4      0x29c /opt/ti-sdk-am335x-evm-07.00.00.00/example-applications/fftw-3.3.8/.libs//libfftw3f.a(hb_6.o)
                0x0009817c                fftwf_codelet_hb_6
 .text          0x00098190     0x3eec /opt/ti-sdk-am335x-evm-07.00.00.00/example-applications/fftw-3.3.8/.libs//libfftw3f.a(hb_64.o)
                0x0009c068                fftwf_codelet_hb_64
 .text          0x0009c07c      0x3d0 /opt/ti-sdk-am335x-evm-07.00.00.00/example-applications/fftw-3.3.8/.libs//libfftw3f.a(hb_7.o)
                0x0009c438                fftwf_codelet_hb_7
 .text          0x0009c44c      0x37c /opt/ti-sdk-am335x-evm-07.00.00.00/example-applications/fftw-3.3.8/.libs//libfftw3f.a(hb_8.o)
                0x0009c7b4                fftwf_codelet_hb_8
 .text          0x0009c7c8      0x510 /opt/ti-sdk-am335x-evm-07.00.00.00/example-applications/fftw-3.3.8/.libs//libfftw3f.a(hb_9.o)
                0x0009ccc4                fftwf_codelet_hb_9
 .text          0x0009ccd8      0xcac /opt/ti-sdk-am335x-evm-07.00.00.00/example-applications/fftw-3.3.8/.libs//libfftw3f.a(hc2cb2_16.o)
                0x0009d96c                fftwf_codelet_hc2cb2_16
 .text          0x0009d984     0x11d0 /opt/ti-sdk-am335x-evm-07.00.00.00/example-applications/fftw-3.3.8/.libs//libfftw3f.a(hc2cb2_20.o)
                0x0009eb3c                fftwf_codelet_hc2cb2_20
 .text          0x0009eb54     0x2360 /opt/ti-sdk-am335x-evm-07.00.00.00/example-applications/fftw-3.3.8/.libs//libfftw3f.a(hc2cb2_32.o)
                0x000a0e9c                fftwf_codelet_hc2cb2_32
 .text          0x000a0eb4      0x170 /opt/ti-sdk-am335x-evm-07.00.00.00/example-applications/fftw-3.3.8/.libs//libfftw3f.a(hc2cb2_4.o)
                0x000a100c                fftwf_codelet_hc2cb2_4
 .text          0x000a1024      0x450 /opt/ti-sdk-am335x-evm-07.00.00.00/example-applications/fftw-3.3.8/.libs//libfftw3f.a(hc2cb2_8.o)
                0x000a145c                fftwf_codelet_hc2cb2_8
 .text          0x000a1474      0x4f0 /opt/ti-sdk-am335x-evm-07.00.00.00/example-applications/fftw-3.3.8/.libs//libfftw3f.a(hc2cb_10.o)
                0x000a194c                fftwf_codelet_hc2cb_10
 .text          0x000a1964      0x62c /opt/ti-sdk-am335x-evm-07.00.00.00/example-applications/fftw-3.3.8/.libs//libfftw3f.a(hc2cb_12.o)
                0x000a1f78                fftwf_codelet_hc2cb_12
 .text          0x000a1f90      0x8f4 /opt/ti-sdk-am335x-evm-07.00.00.00/example-applications/fftw-3.3.8/.libs//libfftw3f.a(hc2cb_16.o)
                0x000a286c                fftwf_codelet_hc2cb_16
 .text          0x000a2884       0xb4 /opt/ti-sdk-am335x-evm-07.00.00.00/example-applications/fftw-3.3.8/.libs//libfftw3f.a(hc2cb_2.o)
                0x000a2920                fftwf_codelet_hc2cb_2
 .text          0x000a2938      0xdac /opt/ti-sdk-am335x-evm-07.00.00.00/example-applications/fftw-3.3.8/.libs//libfftw3f.a(hc2cb_20.o)
                0x000a36cc                fftwf_codelet_hc2cb_20
 .text          0x000a36e4     0x1830 /opt/ti-sdk-am335x-evm-07.00.00.00/example-applications/fftw-3.3.8/.libs//libfftw3f.a(hc2cb_32.o)
                0x000a4efc                fftwf_codelet_hc2cb_32
 .text          0x000a4f14      0x164 /opt/ti-sdk-am335x-evm-07.00.00.00/example-applications/fftw-3.3.8/.libs//libfftw3f.a(hc2cb_4.o)
                0x000a5060                fftwf_codelet_hc2cb_4
 .text          0x000a5078      0x288 /opt/ti-sdk-am335x-evm-07.00.00.00/example-applications/fftw-3.3.8/.libs//libfftw3f.a(hc2cb_6.o)
                0x000a52e8                fftwf_codelet_hc2cb_6
 .text          0x000a5300      0x350 /opt/ti-sdk-am335x-evm-07.00.00.00/example-applications/fftw-3.3.8/.libs//libfftw3f.a(hc2cb_8.o)
                0x000a5638                fftwf_codelet_hc2cb_8
 .text          0x000a5650      0x9f0 /opt/ti-sdk-am335x-evm-07.00.00.00/example-applications/fftw-3.3.8/.libs//libfftw3f.a(hc2cbdft2_16.o)
                0x000a6028                fftwf_codelet_hc2cbdft2_16
 .text          0x000a6040      0xe58 /opt/ti-sdk-am335x-evm-07.00.00.00/example-applications/fftw-3.3.8/.libs//libfftw3f.a(hc2cbdft2_20.o)
                0x000a6e80                fftwf_codelet_hc2cbdft2_20
 .text          0x000a6e98     0x1b38 /opt/ti-sdk-am335x-evm-07.00.00.00/example-applications/fftw-3.3.8/.libs//libfftw3f.a(hc2cbdft2_32.o)
                0x000a89b8                fftwf_codelet_hc2cbdft2_32
 .text          0x000a89d0      0x18c /opt/ti-sdk-am335x-evm-07.00.00.00/example-applications/fftw-3.3.8/.libs//libfftw3f.a(hc2cbdft2_4.o)
                0x000a8b44                fftwf_codelet_hc2cbdft2_4
 .text          0x000a8b5c      0x3a8 /opt/ti-sdk-am335x-evm-07.00.00.00/example-applications/fftw-3.3.8/.libs//libfftw3f.a(hc2cbdft2_8.o)
                0x000a8eec                fftwf_codelet_hc2cbdft2_8
 .text          0x000a8f04      0x588 /opt/ti-sdk-am335x-evm-07.00.00.00/example-applications/fftw-3.3.8/.libs//libfftw3f.a(hc2cbdft_10.o)
                0x000a9474                fftwf_codelet_hc2cbdft_10
 .text          0x000a948c      0x670 /opt/ti-sdk-am335x-evm-07.00.00.00/example-applications/fftw-3.3.8/.libs//libfftw3f.a(hc2cbdft_12.o)
                0x000a9ae4                fftwf_codelet_hc2cbdft_12
 .text          0x000a9afc      0x9f0 /opt/ti-sdk-am335x-evm-07.00.00.00/example-applications/fftw-3.3.8/.libs//libfftw3f.a(hc2cbdft_16.o)
                0x000aa4d4                fftwf_codelet_hc2cbdft_16
 .text          0x000aa4ec       0xc4 /opt/ti-sdk-am335x-evm-07.00.00.00/example-applications/fftw-3.3.8/.libs//libfftw3f.a(hc2cbdft_2.o)
                0x000aa598                fftwf_codelet_hc2cbdft_2
 .text          0x000aa5b0      0xe58 /opt/ti-sdk-am335x-evm-07.00.00.00/example-applications/fftw-3.3.8/.libs//libfftw3f.a(hc2cbdft_20.o)
                0x000ab3f0                fftwf_codelet_hc2cbdft_20
 .text          0x000ab408     0x1b38 /opt/ti-sdk-am335x-evm-07.00.00.00/example-applications/fftw-3.3.8/.libs//libfftw3f.a(hc2cbdft_32.o)
                0x000acf28                fftwf_codelet_hc2cbdft_32
 .text          0x000acf40      0x18c /opt/ti-sdk-am335x-evm-07.00.00.00/example-applications/fftw-3.3.8/.libs//libfftw3f.a(hc2cbdft_4.o)
                0x000ad0b4                fftwf_codelet_hc2cbdft_4
 .text          0x000ad0cc      0x2bc /opt/ti-sdk-am335x-evm-07.00.00.00/example-applications/fftw-3.3.8/.libs//libfftw3f.a(hc2cbdft_6.o)
                0x000ad370                fftwf_codelet_hc2cbdft_6
 .text          0x000ad388      0x3a8 /opt/ti-sdk-am335x-evm-07.00.00.00/example-applications/fftw-3.3.8/.libs//libfftw3f.a(hc2cbdft_8.o)
                0x000ad718                fftwf_codelet_hc2cbdft_8
 .text          0x000ad730      0x224 /opt/ti-sdk-am335x-evm-07.00.00.00/example-applications/fftw-3.3.8/.libs//libfftw3f.a(r2cbIII_10.o)
                0x000ad940                fftwf_codelet_r2cbIII_10
 .text          0x000ad954      0x2b8 /opt/ti-sdk-am335x-evm-07.00.00.00/example-applications/fftw-3.3.8/.libs//libfftw3f.a(r2cbIII_12.o)
                0x000adbf8                fftwf_codelet_r2cbIII_12
 .text          0x000adc0c      0x3d8 /opt/ti-sdk-am335x-evm-07.00.00.00/example-applications/fftw-3.3.8/.libs//libfftw3f.a(r2cbIII_15.o)
                0x000adfd0                fftwf_codelet_r2cbIII_15
 .text          0x000adfe4      0x418 /opt/ti-sdk-am335x-evm-07.00.00.00/example-applications/fftw-3.3.8/.libs//libfftw3f.a(r2cbIII_16.o)
                0x000ae3e8                fftwf_codelet_r2cbIII_16
 .text          0x000ae3fc       0x70 /opt/ti-sdk-am335x-evm-07.00.00.00/example-applications/fftw-3.3.8/.libs//libfftw3f.a(r2cbIII_2.o)
                0x000ae458                fftwf_codelet_r2cbIII_2
 .text          0x000ae46c      0x55c /opt/ti-sdk-am335x-evm-07.00.00.00/example-applications/fftw-3.3.8/.libs//libfftw3f.a(r2cbIII_20.o)
                0x000ae9b4                fftwf_codelet_r2cbIII_20
 .text          0x000ae9c8      0x9d0 /opt/ti-sdk-am335x-evm-07.00.00.00/example-applications/fftw-3.3.8/.libs//libfftw3f.a(r2cbIII_25.o)
                0x000af384                fftwf_codelet_r2cbIII_25
 .text          0x000af398       0xa8 /opt/ti-sdk-am335x-evm-07.00.00.00/example-applications/fftw-3.3.8/.libs//libfftw3f.a(r2cbIII_3.o)
                0x000af42c                fftwf_codelet_r2cbIII_3
 .text          0x000af440      0xcc0 /opt/ti-sdk-am335x-evm-07.00.00.00/example-applications/fftw-3.3.8/.libs//libfftw3f.a(r2cbIII_32.o)
                0x000b00ec                fftwf_codelet_r2cbIII_32
 .text          0x000b0100       0xcc /opt/ti-sdk-am335x-evm-07.00.00.00/example-applications/fftw-3.3.8/.libs//libfftw3f.a(r2cbIII_4.o)
                0x000b01b8                fftwf_codelet_r2cbIII_4
 .text          0x000b01cc      0x128 /opt/ti-sdk-am335x-evm-07.00.00.00/example-applications/fftw-3.3.8/.libs//libfftw3f.a(r2cbIII_5.o)
                0x000b02e0                fftwf_codelet_r2cbIII_5
 .text          0x000b02f4      0x13c /opt/ti-sdk-am335x-evm-07.00.00.00/example-applications/fftw-3.3.8/.libs//libfftw3f.a(r2cbIII_6.o)
                0x000b041c                fftwf_codelet_r2cbIII_6
 .text          0x000b0430     0x1ff8 /opt/ti-sdk-am335x-evm-07.00.00.00/example-applications/fftw-3.3.8/.libs//libfftw3f.a(r2cbIII_64.o)
                0x000b2414                fftwf_codelet_r2cbIII_64
 .text          0x000b2428      0x1e0 /opt/ti-sdk-am335x-evm-07.00.00.00/example-applications/fftw-3.3.8/.libs//libfftw3f.a(r2cbIII_7.o)
                0x000b25f4                fftwf_codelet_r2cbIII_7
 .text          0x000b2608      0x1c8 /opt/ti-sdk-am335x-evm-07.00.00.00/example-applications/fftw-3.3.8/.libs//libfftw3f.a(r2cbIII_8.o)
                0x000b27bc                fftwf_codelet_r2cbIII_8
 .text          0x000b27d0      0x254 /opt/ti-sdk-am335x-evm-07.00.00.00/example-applications/fftw-3.3.8/.libs//libfftw3f.a(r2cbIII_9.o)
                0x000b2a10                fftwf_codelet_r2cbIII_9
 .text          0x000b2a24      0x224 /opt/ti-sdk-am335x-evm-07.00.00.00/example-applications/fftw-3.3.8/.libs//libfftw3f.a(r2cb_10.o)
                0x000b2c34                fftwf_codelet_r2cb_10
 .text          0x000b2c48      0x3bc /opt/ti-sdk-am335x-evm-07.00.00.00/example-applications/fftw-3.3.8/.libs//libfftw3f.a(r2cb_11.o)
                0x000b2ff0                fftwf_codelet_r2cb_11
 .text          0x000b3004      0x278 /opt/ti-sdk-am335x-evm-07.00.00.00/example-applications/fftw-3.3.8/.libs//libfftw3f.a(r2cb_12.o)
                0x000b3268                fftwf_codelet_r2cb_12
 .text          0x000b327c     0x4e44 /opt/ti-sdk-am335x-evm-07.00.00.00/example-applications/fftw-3.3.8/.libs//libfftw3f.a(r2cb_128.o)
                0x000b80ac                fftwf_codelet_r2cb_128
 .text          0x000b80c0      0x3e8 /opt/ti-sdk-am335x-evm-07.00.00.00/example-applications/fftw-3.3.8/.libs//libfftw3f.a(r2cb_13.o)
                0x000b8494                fftwf_codelet_r2cb_13
 .text          0x000b84a8      0x37c /opt/ti-sdk-am335x-evm-07.00.00.00/example-applications/fftw-3.3.8/.libs//libfftw3f.a(r2cb_14.o)
                0x000b8810                fftwf_codelet_r2cb_14
 .text          0x000b8824      0x3a0 /opt/ti-sdk-am335x-evm-07.00.00.00/example-applications/fftw-3.3.8/.libs//libfftw3f.a(r2cb_15.o)
                0x000b8bb0                fftwf_codelet_r2cb_15
 .text          0x000b8bc4      0x370 /opt/ti-sdk-am335x-evm-07.00.00.00/example-applications/fftw-3.3.8/.libs//libfftw3f.a(r2cb_16.o)
                0x000b8f20                fftwf_codelet_r2cb_16
 .text          0x000b8f34       0x74 /opt/ti-sdk-am335x-evm-07.00.00.00/example-applications/fftw-3.3.8/.libs//libfftw3f.a(r2cb_2.o)
                0x000b8f94                fftwf_codelet_r2cb_2
 .text          0x000b8fa8      0x4c8 /opt/ti-sdk-am335x-evm-07.00.00.00/example-applications/fftw-3.3.8/.libs//libfftw3f.a(r2cb_20.o)
                0x000b945c                fftwf_codelet_r2cb_20
 .text          0x000b9470      0x9b0 /opt/ti-sdk-am335x-evm-07.00.00.00/example-applications/fftw-3.3.8/.libs//libfftw3f.a(r2cb_25.o)
                0x000b9e0c                fftwf_codelet_r2cb_25
 .text          0x000b9e20       0xac /opt/ti-sdk-am335x-evm-07.00.00.00/example-applications/fftw-3.3.8/.libs//libfftw3f.a(r2cb_3.o)
                0x000b9eb8                fftwf_codelet_r2cb_3
 .text          0x000b9ecc      0xab8 /opt/ti-sdk-am335x-evm-07.00.00.00/example-applications/fftw-3.3.8/.libs//libfftw3f.a(r2cb_32.o)
                0x000ba970                fftwf_codelet_r2cb_32
 .text          0x000ba984       0xc0 /opt/ti-sdk-am335x-evm-07.00.00.00/example-applications/fftw-3.3.8/.libs//libfftw3f.a(r2cb_4.o)
                0x000baa30                fftwf_codelet_r2cb_4
 .text          0x000baa44      0x128 /opt/ti-sdk-am335x-evm-07.00.00.00/example-applications/fftw-3.3.8/.libs//libfftw3f.a(r2cb_5.o)
                0x000bab58                fftwf_codelet_r2cb_5
 .text          0x000bab6c      0x140 /opt/ti-sdk-am335x-evm-07.00.00.00/example-applications/fftw-3.3.8/.libs//libfftw3f.a(r2cb_6.o)
                0x000bac98                fftwf_codelet_r2cb_6
 .text          0x000bacac     0x1b9c /opt/ti-sdk-am335x-evm-07.00.00.00/example-applications/fftw-3.3.8/.libs//libfftw3f.a(r2cb_64.o)
                0x000bc834                fftwf_codelet_r2cb_64
 .text          0x000bc848      0x1c8 /opt/ti-sdk-am335x-evm-07.00.00.00/example-applications/fftw-3.3.8/.libs//libfftw3f.a(r2cb_7.o)
                0x000bc9fc                fftwf_codelet_r2cb_7
 .text          0x000bca10      0x19c /opt/ti-sdk-am335x-evm-07.00.00.00/example-applications/fftw-3.3.8/.libs//libfftw3f.a(r2cb_8.o)
                0x000bcb98                fftwf_codelet_r2cb_8
 .text          0x000bcbac      0x240 /opt/ti-sdk-am335x-evm-07.00.00.00/example-applications/fftw-3.3.8/.libs//libfftw3f.a(r2cb_9.o)
                0x000bcdd8                fftwf_codelet_r2cb_9
 .text          0x000bcdec        0x0 /opt/ti-sdk-am335x-evm-07.00.00.00/example-applications/fftw-3.3.8/.libs//libfftw3f.a(lt18-codlist.o)
 .text          0x000bcdec      0x238 /opt/ti-sdk-am335x-evm-07.00.00.00/example-applications/fftw-3.3.8/.libs//libfftw3f.a(e01_8.o)
                0x000bd010                fftwf_codelet_e01_8
 .text          0x000bd024      0x244 /opt/ti-sdk-am335x-evm-07.00.00.00/example-applications/fftw-3.3.8/.libs//libfftw3f.a(e10_8.o)
                0x000bd254                fftwf_codelet_e10_8
 .text          0x000bd268       0x10 /opt/ti-sdk-am335x-evm-07.00.00.00/example-applications/fftw-3.3.8/.libs//libfftw3f.a(lt19-conf.o)
                0x000bd268                fftwf_reodft_conf_standard
 .text          0x000bd278      0x3d8 /opt/ti-sdk-am335x-evm-07.00.00.00/example-applications/fftw-3.3.8/.libs//libfftw3f.a(redft00e-r2hc-pad.o)
                0x000bd628                fftwf_redft00e_r2hc_pad_register
 .text          0x000bd650      0xbc8 /opt/ti-sdk-am335x-evm-07.00.00.00/example-applications/fftw-3.3.8/.libs//libfftw3f.a(reodft00e-splitradix.o)
                0x000be1ec                fftwf_reodft00e_splitradix_register
 .text          0x000be218      0xccc /opt/ti-sdk-am335x-evm-07.00.00.00/example-applications/fftw-3.3.8/.libs//libfftw3f.a(reodft010e-r2hc.o)
                0x000beebc                fftwf_reodft010e_r2hc_register
 .text          0x000beee4      0xf60 /opt/ti-sdk-am335x-evm-07.00.00.00/example-applications/fftw-3.3.8/.libs//libfftw3f.a(reodft11e-r2hc-odd.o)
                0x000bfe1c                fftwf_reodft11e_r2hc_odd_register
 .text          0x000bfe44      0xcb4 /opt/ti-sdk-am335x-evm-07.00.00.00/example-applications/fftw-3.3.8/.libs//libfftw3f.a(reodft11e-radix2.o)
                0x000c0ad0                fftwf_reodft11e_radix2_r2hc_register
 .text          0x000c0af8      0x3ec /opt/ti-sdk-am335x-evm-07.00.00.00/example-applications/fftw-3.3.8/.libs//libfftw3f.a(rodft00e-r2hc-pad.o)
                0x000c0ebc                fftwf_rodft00e_r2hc_pad_register
 .text          0x000c0ee4       0xa8 /opt/ti-sdk-am335x-evm-07.00.00.00/example-applications/fftw-3.3.8/.libs//libfftw3f.a(neon.o)
                0x000c0f58                fftwf_have_simd_neon
 .text          0x000c0f8c        0x0 /opt/ti-sdk-am335x-evm-07.00.00.00/example-applications/fftw-3.3.8/.libs//libfftw3f.a(lt20-codlist.o)
 *fill*         0x000c0f8c        0x4 
 .text          0x000c0f90      0x3c8 /opt/ti-sdk-am335x-evm-07.00.00.00/example-applications/fftw-3.3.8/.libs//libfftw3f.a(n1bv_10.o)
                0x000c1344                fftwf_codelet_n1bv_10_neon
 .text          0x000c1358      0x6b0 /opt/ti-sdk-am335x-evm-07.00.00.00/example-applications/fftw-3.3.8/.libs//libfftw3f.a(n1bv_11.o)
                0x000c19f0                fftwf_codelet_n1bv_11_neon
 .text          0x000c1a08      0x420 /opt/ti-sdk-am335x-evm-07.00.00.00/example-applications/fftw-3.3.8/.libs//libfftw3f.a(n1bv_12.o)
                0x000c1e14                fftwf_codelet_n1bv_12_neon
 .text          0x000c1e28     0x9720 /opt/ti-sdk-am335x-evm-07.00.00.00/example-applications/fftw-3.3.8/.libs//libfftw3f.a(n1bv_128.o)
                0x000cb534                fftwf_codelet_n1bv_128_neon
 .text          0x000cb548      0x788 /opt/ti-sdk-am335x-evm-07.00.00.00/example-applications/fftw-3.3.8/.libs//libfftw3f.a(n1bv_13.o)
                0x000cbcbc                fftwf_codelet_n1bv_13_neon
 .text          0x000cbcd0      0x728 /opt/ti-sdk-am335x-evm-07.00.00.00/example-applications/fftw-3.3.8/.libs//libfftw3f.a(n1bv_14.o)
                0x000cc3e4                fftwf_codelet_n1bv_14_neon
 .text          0x000cc3f8      0x728 /opt/ti-sdk-am335x-evm-07.00.00.00/example-applications/fftw-3.3.8/.libs//libfftw3f.a(n1bv_15.o)
                0x000ccb0c                fftwf_codelet_n1bv_15_neon
 .text          0x000ccb20      0x698 /opt/ti-sdk-am335x-evm-07.00.00.00/example-applications/fftw-3.3.8/.libs//libfftw3f.a(n1bv_16.o)
                0x000cd1a4                fftwf_codelet_n1bv_16_neon
 .text          0x000cd1b8       0xb0 /opt/ti-sdk-am335x-evm-07.00.00.00/example-applications/fftw-3.3.8/.libs//libfftw3f.a(n1bv_2.o)
                0x000cd254                fftwf_codelet_n1bv_2_neon
 .text          0x000cd268      0x988 /opt/ti-sdk-am335x-evm-07.00.00.00/example-applications/fftw-3.3.8/.libs//libfftw3f.a(n1bv_20.o)
                0x000cdbd8                fftwf_codelet_n1bv_20_neon
 .text          0x000cdbf0     0x1a08 /opt/ti-sdk-am335x-evm-07.00.00.00/example-applications/fftw-3.3.8/.libs//libfftw3f.a(n1bv_25.o)
                0x000cf5e0                fftwf_codelet_n1bv_25_neon
 .text          0x000cf5f8      0x170 /opt/ti-sdk-am335x-evm-07.00.00.00/example-applications/fftw-3.3.8/.libs//libfftw3f.a(n1bv_3.o)
                0x000cf750                fftwf_codelet_n1bv_3_neon
 .text          0x000cf768     0x1428 /opt/ti-sdk-am335x-evm-07.00.00.00/example-applications/fftw-3.3.8/.libs//libfftw3f.a(n1bv_32.o)
                0x000d0b78                fftwf_codelet_n1bv_32_neon
 .text          0x000d0b90      0x1a8 /opt/ti-sdk-am335x-evm-07.00.00.00/example-applications/fftw-3.3.8/.libs//libfftw3f.a(n1bv_4.o)
                0x000d0d20                fftwf_codelet_n1bv_4_neon
 .text          0x000d0d38      0x288 /opt/ti-sdk-am335x-evm-07.00.00.00/example-applications/fftw-3.3.8/.libs//libfftw3f.a(n1bv_5.o)
                0x000d0fa8                fftwf_codelet_n1bv_5_neon
 .text          0x000d0fc0      0x2a8 /opt/ti-sdk-am335x-evm-07.00.00.00/example-applications/fftw-3.3.8/.libs//libfftw3f.a(n1bv_6.o)
                0x000d1250                fftwf_codelet_n1bv_6_neon
 .text          0x000d1268     0x3c00 /opt/ti-sdk-am335x-evm-07.00.00.00/example-applications/fftw-3.3.8/.libs//libfftw3f.a(n1bv_64.o)
                0x000d4e54                fftwf_codelet_n1bv_64_neon
 .text          0x000d4e68      0x3e8 /opt/ti-sdk-am335x-evm-07.00.00.00/example-applications/fftw-3.3.8/.libs//libfftw3f.a(n1bv_7.o)
                0x000d5238                fftwf_codelet_n1bv_7_neon
 .text          0x000d5250      0x370 /opt/ti-sdk-am335x-evm-07.00.00.00/example-applications/fftw-3.3.8/.libs//libfftw3f.a(n1bv_8.o)
                0x000d55a8                fftwf_codelet_n1bv_8_neon
 .text          0x000d55c0      0x4a8 /opt/ti-sdk-am335x-evm-07.00.00.00/example-applications/fftw-3.3.8/.libs//libfftw3f.a(n1bv_9.o)
                0x000d5a54                fftwf_codelet_n1bv_9_neon
 .text          0x000d5a68      0x3d0 /opt/ti-sdk-am335x-evm-07.00.00.00/example-applications/fftw-3.3.8/.libs//libfftw3f.a(n1fv_10.o)
                0x000d5e24                fftwf_codelet_n1fv_10_neon
 .text          0x000d5e38      0x6d8 /opt/ti-sdk-am335x-evm-07.00.00.00/example-applications/fftw-3.3.8/.libs//libfftw3f.a(n1fv_11.o)
                0x000d64f8                fftwf_codelet_n1fv_11_neon
 .text          0x000d6510      0x418 /opt/ti-sdk-am335x-evm-07.00.00.00/example-applications/fftw-3.3.8/.libs//libfftw3f.a(n1fv_12.o)
                0x000d6914                fftwf_codelet_n1fv_12_neon
 .text          0x000d6928     0x9778 /opt/ti-sdk-am335x-evm-07.00.00.00/example-applications/fftw-3.3.8/.libs//libfftw3f.a(n1fv_128.o)
                0x000e008c                fftwf_codelet_n1fv_128_neon
 .text          0x000e00a0      0x798 /opt/ti-sdk-am335x-evm-07.00.00.00/example-applications/fftw-3.3.8/.libs//libfftw3f.a(n1fv_13.o)
                0x000e0820                fftwf_codelet_n1fv_13_neon
 .text          0x000e0838      0x730 /opt/ti-sdk-am335x-evm-07.00.00.00/example-applications/fftw-3.3.8/.libs//libfftw3f.a(n1fv_14.o)
                0x000e0f54                fftwf_codelet_n1fv_14_neon
 .text          0x000e0f68      0x758 /opt/ti-sdk-am335x-evm-07.00.00.00/example-applications/fftw-3.3.8/.libs//libfftw3f.a(n1fv_15.o)
                0x000e16ac                fftwf_codelet_n1fv_15_neon
 .text          0x000e16c0      0x670 /opt/ti-sdk-am335x-evm-07.00.00.00/example-applications/fftw-3.3.8/.libs//libfftw3f.a(n1fv_16.o)
                0x000e1d1c                fftwf_codelet_n1fv_16_neon
 .text          0x000e1d30       0xb0 /opt/ti-sdk-am335x-evm-07.00.00.00/example-applications/fftw-3.3.8/.libs//libfftw3f.a(n1fv_2.o)
                0x000e1dcc                fftwf_codelet_n1fv_2_neon
 .text          0x000e1de0      0x980 /opt/ti-sdk-am335x-evm-07.00.00.00/example-applications/fftw-3.3.8/.libs//libfftw3f.a(n1fv_20.o)
                0x000e2748                fftwf_codelet_n1fv_20_neon
 .text          0x000e2760     0x1a88 /opt/ti-sdk-am335x-evm-07.00.00.00/example-applications/fftw-3.3.8/.libs//libfftw3f.a(n1fv_25.o)
                0x000e41d0                fftwf_codelet_n1fv_25_neon
 .text          0x000e41e8      0x170 /opt/ti-sdk-am335x-evm-07.00.00.00/example-applications/fftw-3.3.8/.libs//libfftw3f.a(n1fv_3.o)
                0x000e4340                fftwf_codelet_n1fv_3_neon