Archive member included because of file (symbol)

/opt/ti-sdk-am335x-evm-07.00.00.00/linux-devkit/sysroots/i686-arago-linux/usr/bin/../arm-linux-gnueabihf/libc/usr/lib/arm-linux-gnueabihf/4.7.3/libpthread.a(ptw-close.o)
                              release/main.o (close)
/opt/ti-sdk-am335x-evm-07.00.00.00/linux-devkit/sysroots/i686-arago-linux/usr/bin/../arm-linux-gnueabihf/libc/usr/lib/arm-linux-gnueabihf/4.7.3/libpthread.a(ptw-fcntl.o)
                              release/dt78xx_misc.o (fcntl)
/opt/ti-sdk-am335x-evm-07.00.00.00/linux-devkit/sysroots/i686-arago-linux/usr/bin/../arm-linux-gnueabihf/libc/usr/lib/arm-linux-gnueabihf/4.7.3/libpthread.a(ptw-open.o)
                              release/recorder_helpers.o (open)
/opt/ti-sdk-am335x-evm-07.00.00.00/linux-devkit/sysroots/i686-arago-linux/usr/bin/../arm-linux-gnueabihf/libc/usr/lib/arm-linux-gnueabihf/4.7.3/libpthread.a(sigaction.o)
                              release/dt78xx_misc.o (sigaction)
/opt/ti-sdk-am335x-evm-07.00.00.00/linux-devkit/sysroots/i686-arago-linux/usr/bin/../arm-linux-gnueabihf/libc/usr/lib/arm-linux-gnueabihf/4.7.3/libpthread.a(errno-loc.o)
                              release/recorder_helpers.o (__errno_location)
/opt/ti-sdk-am335x-evm-07.00.00.00/linux-devkit/sysroots/i686-arago-linux/usr/bin/../arm-linux-gnueabihf/libc/usr/lib/arm-linux-gnueabihf/4.7.3/libpthread.a(vars.o)
                              /opt/ti-sdk-am335x-evm-07.00.00.00/linux-devkit/sysroots/i686-arago-linux/usr/bin/../arm-linux-gnueabihf/libc/usr/lib/arm-linux-gnueabihf/4.7.3/libpthread.a(ptw-close.o) (__pthread_multiple_threads)
/opt/ti-sdk-am335x-evm-07.00.00.00/linux-devkit/sysroots/i686-arago-linux/usr/bin/../arm-linux-gnueabihf/libc/usr/lib/arm-linux-gnueabihf/4.7.3/libpthread.a(cancellation.o)
                              /opt/ti-sdk-am335x-evm-07.00.00.00/linux-devkit/sysroots/i686-arago-linux/usr/bin/../arm-linux-gnueabihf/libc/usr/lib/arm-linux-gnueabihf/4.7.3/libpthread.a(ptw-close.o) (__pthread_enable_asynccancel)
/opt/ti-sdk-am335x-evm-07.00.00.00/linux-devkit/sysroots/i686-arago-linux/usr/bin/../arm-linux-gnueabihf/libc/usr/lib/arm-linux-gnueabihf/4.7.3/libpthread.a(unwind.o)
                              /opt/ti-sdk-am335x-evm-07.00.00.00/linux-devkit/sysroots/i686-arago-linux/usr/bin/../arm-linux-gnueabihf/libc/usr/lib/arm-linux-gnueabihf/4.7.3/libpthread.a(cancellation.o) (__pthread_unwind)
/opt/ti-sdk-am335x-evm-07.00.00.00/linux-devkit/sysroots/i686-arago-linux/usr/bin/../arm-linux-gnueabihf/libc/usr/lib/arm-linux-gnueabihf/4.7.3/libm.a(s_floor.o)
                              release/sunriset/sunriset.o (floor)
/opt/ti-sdk-am335x-evm-07.00.00.00/linux-devkit/sysroots/i686-arago-linux/usr/bin/../arm-linux-gnueabihf/libc/usr/lib/arm-linux-gnueabihf/4.7.3/libm.a(s_sin.o)
                              release/sunriset/sunriset.o (sin)
/opt/ti-sdk-am335x-evm-07.00.00.00/linux-devkit/sysroots/i686-arago-linux/usr/bin/../arm-linux-gnueabihf/libc/usr/lib/arm-linux-gnueabihf/4.7.3/libm.a(w_acos.o)
                              release/sunriset/sunriset.o (acos)
/opt/ti-sdk-am335x-evm-07.00.00.00/linux-devkit/sysroots/i686-arago-linux/usr/bin/../arm-linux-gnueabihf/libc/usr/lib/arm-linux-gnueabihf/4.7.3/libm.a(w_atan2.o)
                              release/sunriset/sunriset.o (atan2)
/opt/ti-sdk-am335x-evm-07.00.00.00/linux-devkit/sysroots/i686-arago-linux/usr/bin/../arm-linux-gnueabihf/libc/usr/lib/arm-linux-gnueabihf/4.7.3/libm.a(w_sqrt.o)
                              release/sunriset/sunriset.o (sqrt)
/opt/ti-sdk-am335x-evm-07.00.00.00/linux-devkit/sysroots/i686-arago-linux/usr/bin/../arm-linux-gnueabihf/libc/usr/lib/arm-linux-gnueabihf/4.7.3/libm.a(s_sincos.o)
                              release/sunriset/sunriset.o (sincos)
/opt/ti-sdk-am335x-evm-07.00.00.00/linux-devkit/sysroots/i686-arago-linux/usr/bin/../arm-linux-gnueabihf/libc/usr/lib/arm-linux-gnueabihf/4.7.3/libm.a(branred.o)
                              /opt/ti-sdk-am335x-evm-07.00.00.00/linux-devkit/sysroots/i686-arago-linux/usr/bin/../arm-linux-gnueabihf/libc/usr/lib/arm-linux-gnueabihf/4.7.3/libm.a(s_sin.o) (__branred)
/opt/ti-sdk-am335x-evm-07.00.00.00/linux-devkit/sysroots/i686-arago-linux/usr/bin/../arm-linux-gnueabihf/libc/usr/lib/arm-linux-gnueabihf/4.7.3/libm.a(dosincos.o)
                              /opt/ti-sdk-am335x-evm-07.00.00.00/linux-devkit/sysroots/i686-arago-linux/usr/bin/../arm-linux-gnueabihf/libc/usr/lib/arm-linux-gnueabihf/4.7.3/libm.a(s_sin.o) (__dubsin)
/opt/ti-sdk-am335x-evm-07.00.00.00/linux-devkit/sysroots/i686-arago-linux/usr/bin/../arm-linux-gnueabihf/libc/usr/lib/arm-linux-gnueabihf/4.7.3/libm.a(sincos32.o)
                              /opt/ti-sdk-am335x-evm-07.00.00.00/linux-devkit/sysroots/i686-arago-linux/usr/bin/../arm-linux-gnueabihf/libc/usr/lib/arm-linux-gnueabihf/4.7.3/libm.a(s_sin.o) (__mpsin)
[...]
Memory Configuration

Name             Origin             Length             Attributes
*default*        0x00000000         0xffffffff

Linker script and memory map

LOAD /opt/ti-sdk-am335x-evm-07.00.00.00/linux-devkit/sysroots/i686-arago-linux/usr/bin/../arm-linux-gnueabihf/libc/usr/lib/arm-linux-gnueabihf/4.7.3/crt1.o
LOAD /opt/ti-sdk-am335x-evm-07.00.00.00/linux-devkit/sysroots/i686-arago-linux/usr/bin/../arm-linux-gnueabihf/libc/usr/lib/arm-linux-gnueabihf/4.7.3/crti.o
LOAD /opt/ti-sdk-am335x-evm-07.00.00.00/linux-devkit/sysroots/i686-arago-linux/usr/bin/../lib/gcc/arm-linux-gnueabihf/4.7.3/crtbeginT.o
LOAD release/main.o
LOAD release/recorder_helpers.o
LOAD release/dt78xx_aio.o
LOAD release/dt78xx_misc.o
LOAD release/sunriset/sunriset.o
LOAD /opt/ti-sdk-am335x-evm-07.00.00.00/linux-devkit/sysroots/i686-arago-linux/usr/bin/../arm-linux-gnueabihf/libc/usr/lib/arm-linux-gnueabihf/4.7.3/libpthread.a
LOAD example-applications/libsndfile-1.0.28/src/.libs/libsndfile.a
LOAD /opt/ti-sdk-am335x-evm-07.00.00.00/linux-devkit/sysroots/i686-arago-linux/usr/bin/../arm-linux-gnueabihf/libc/usr/lib/arm-linux-gnueabihf/4.7.3/libm.a
START GROUP
LOAD /opt/ti-sdk-am335x-evm-07.00.00.00/linux-devkit/sysroots/i686-arago-linux/usr/bin/../lib/gcc/arm-linux-gnueabihf/4.7.3/libgcc.a
LOAD /opt/ti-sdk-am335x-evm-07.00.00.00/linux-devkit/sysroots/i686-arago-linux/usr/bin/../lib/gcc/arm-linux-gnueabihf/4.7.3/libgcc_eh.a
LOAD /opt/ti-sdk-am335x-evm-07.00.00.00/linux-devkit/sysroots/i686-arago-linux/usr/bin/../arm-linux-gnueabihf/libc/usr/lib/arm-linux-gnueabihf/4.7.3/libc.a
END GROUP
LOAD /opt/ti-sdk-am335x-evm-07.00.00.00/linux-devkit/sysroots/i686-arago-linux/usr/bin/../lib/gcc/arm-linux-gnueabihf/4.7.3/crtend.o
LOAD /opt/ti-sdk-am335x-evm-07.00.00.00/linux-devkit/sysroots/i686-arago-linux/usr/bin/../arm-linux-gnueabihf/libc/usr/lib/arm-linux-gnueabihf/4.7.3/crtn.o
                0x00008000                PROVIDE (__executable_start, 0x8000)
                0x000080f4                . = (0x8000 + SIZEOF_HEADERS)

.interp
 *(.interp)

.note.ABI-tag   0x000080f4       0x20
 .note.ABI-tag  0x000080f4       0x20 /opt/ti-sdk-am335x-evm-07.00.00.00/linux-devkit/sysroots/i686-arago-linux/usr/bin/../arm-linux-gnueabihf/libc/usr/lib/arm-linux-gnueabihf/4.7.3/crt1.o

.note.gnu.build-id
                0x00008114       0x24
 *(.note.gnu.build-id)
 .note.gnu.build-id
                0x00008114       0x24 linker stubs

.hash
 *(.hash)

.gnu.hash
 *(.gnu.hash)

.dynsym
 *(.dynsym)

.dynstr
 *(.dynstr)

.gnu.version
 *(.gnu.version)

.gnu.version_d
 *(.gnu.version_d)

.gnu.version_r
 *(.gnu.version_r)

.rel.dyn        0x00008138        0x0
 *(.rel.init)
 *(.rel.text .rel.text.* .rel.gnu.linkonce.t.*)
 *(.rel.fini)
 *(.rel.rodata .rel.rodata.* .rel.gnu.linkonce.r.*)
 *(.rel.data.rel.ro .rel.data.rel.ro.* .rel.gnu.linkonce.d.rel.ro.*)
 *(.rel.data .rel.data.* .rel.gnu.linkonce.d.*)
 *(.rel.tdata .rel.tdata.* .rel.gnu.linkonce.td.*)
 *(.rel.tbss .rel.tbss.* .rel.gnu.linkonce.tb.*)
 *(.rel.ctors)
 *(.rel.dtors)
 *(.rel.got)
 .rel.got       0x00000000        0x0 /opt/ti-sdk-am335x-evm-07.00.00.00/linux-devkit/sysroots/i686-arago-linux/usr/bin/../arm-linux-gnueabihf/libc/usr/lib/arm-linux-gnueabihf/4.7.3/crt1.o
 *(.rel.bss .rel.bss.* .rel.gnu.linkonce.b.*)
                0x00008138                PROVIDE (__rel_iplt_start, .)
 *(.rel.iplt)
 .rel.iplt      0x00000000        0x0 /opt/ti-sdk-am335x-evm-07.00.00.00/linux-devkit/sysroots/i686-arago-linux/usr/bin/../arm-linux-gnueabihf/libc/usr/lib/arm-linux-gnueabihf/4.7.3/crt1.o
                0x00008138                PROVIDE (__rel_iplt_end, .)
                0x00008138                PROVIDE (__rela_iplt_start, .)
                0x00008138                PROVIDE (__rela_iplt_end, .)

.rela.dyn       0x00008138        0x0
 *(.rela.init)
 *(.rela.text .rela.text.* .rela.gnu.linkonce.t.*)
 *(.rela.fini)
 *(.rela.rodata .rela.rodata.* .rela.gnu.linkonce.r.*)
 *(.rela.data .rela.data.* .rela.gnu.linkonce.d.*)
 *(.rela.tdata .rela.tdata.* .rela.gnu.linkonce.td.*)
 *(.rela.tbss .rela.tbss.* .rela.gnu.linkonce.tb.*)
 *(.rela.ctors)
 *(.rela.dtors)
 *(.rela.got)
 *(.rela.bss .rela.bss.* .rela.gnu.linkonce.b.*)
                0x00008138                PROVIDE (__rel_iplt_start, .)
                0x00008138                PROVIDE (__rel_iplt_end, .)
                0x00008138                PROVIDE (__rela_iplt_start, .)
 *(.rela.iplt)
                0x00008138                PROVIDE (__rela_iplt_end, .)

.rel.plt
 *(.rel.plt)

.rela.plt
 *(.rela.plt)

.init           0x00008138        0xa
 *(SORT(.init))
 .init          0x00008138        0x8 /opt/ti-sdk-am335x-evm-07.00.00.00/linux-devkit/sysroots/i686-arago-linux/usr/bin/../arm-linux-gnueabihf/libc/usr/lib/arm-linux-gnueabihf/4.7.3/crti.o
                0x00008138                _init
 .init          0x00008140        0x2 /opt/ti-sdk-am335x-evm-07.00.00.00/linux-devkit/sysroots/i686-arago-linux/usr/bin/../arm-linux-gnueabihf/libc/usr/lib/arm-linux-gnueabihf/4.7.3/crtn.o

.plt
 *(.plt)

.iplt           0x00008144        0x0
 *(.iplt)
 .iplt          0x00000000        0x0 /opt/ti-sdk-am335x-evm-07.00.00.00/linux-devkit/sysroots/i686-arago-linux/usr/bin/../arm-linux-gnueabihf/libc/usr/lib/arm-linux-gnueabihf/4.7.3/crt1.o

.text           0x00008150    0x53e38
 *(.text.unlikely .text.*_unlikely)
 .text.unlikely
                0x00008150       0x68 /opt/ti-sdk-am335x-evm-07.00.00.00/linux-devkit/sysroots/i686-arago-linux/usr/bin/../arm-linux-gnueabihf/libc/usr/lib/arm-linux-gnueabihf/4.7.3/libc.a(findlocale.o)
 .text.unlikely
                0x000081b8      0x204 /opt/ti-sdk-am335x-evm-07.00.00.00/linux-devkit/sysroots/i686-arago-linux/usr/bin/../arm-linux-gnueabihf/libc/usr/lib/arm-linux-gnueabihf/4.7.3/libc.a(vfprintf.o)
 .text.unlikely
                0x000083bc      0x164 /opt/ti-sdk-am335x-evm-07.00.00.00/linux-devkit/sysroots/i686-arago-linux/usr/bin/../arm-linux-gnueabihf/libc/usr/lib/arm-linux-gnueabihf/4.7.3/libc.a(printf_fp.o)
 .text.unlikely
                0x00008520      0x174 /opt/ti-sdk-am335x-evm-07.00.00.00/linux-devkit/sysroots/i686-arago-linux/usr/bin/../arm-linux-gnueabihf/libc/usr/lib/arm-linux-gnueabihf/4.7.3/libc.a(vfwprintf.o)
 .text.unlikely
                0x00008694      0x1c0 /opt/ti-sdk-am335x-evm-07.00.00.00/linux-devkit/sysroots/i686-arago-linux/usr/bin/../arm-linux-gnueabihf/libc/usr/lib/arm-linux-gnueabihf/4.7.3/libc.a(dl-load.o)
 *(.text.exit .text.exit.*)
 .text.exit     0x00008854        0xc /opt/ti-sdk-am335x-evm-07.00.00.00/linux-devkit/sysroots/i686-arago-linux/usr/bin/../arm-linux-gnueabihf/libc/usr/lib/arm-linux-gnueabihf/4.7.3/libc.a(sdlerror.o)
 *(.text.startup .text.startup.*)
 .text.startup  0x00008860      0x714 release/main.o
                0x00008860                main
 *(.text.hot .text.hot.*)
 *(.text .stub .text.* .gnu.linkonce.t.*)
 .text          0x00008f74       0x38 /opt/ti-sdk-am335x-evm-07.00.00.00/linux-devkit/sysroots/i686-arago-linux/usr/bin/../arm-linux-gnueabihf/libc/usr/lib/arm-linux-gnueabihf/4.7.3/crt1.o
                0x00008f74                _start
 .text          0x00008fac       0x18 /opt/ti-sdk-am335x-evm-07.00.00.00/linux-devkit/sysroots/i686-arago-linux/usr/bin/../arm-linux-gnueabihf/libc/usr/lib/arm-linux-gnueabihf/4.7.3/crti.o
 .text          0x00008fc4       0xb0 /opt/ti-sdk-am335x-evm-07.00.00.00/linux-devkit/sysroots/i686-arago-linux/usr/bin/../lib/gcc/arm-linux-gnueabihf/4.7.3/crtbeginT.o
 .text          0x00009074       0x14 release/main.o
 .text          0x00009088     0x1338 release/recorder_helpers.o
                0x00009088                isInAIODone
                0x00009190                isInStreamEmpty
                0x000091a8                getPresentTime
                0x000091d0                setupAIO
                0x00009b84                calcSunUpDown
                0x00009da4                armStartStream
                0x00009e64                stopStream
                0x00009e80                writeFile
                0x0000a2cc                closeFile
                0x0000a384                ledIndicators
 .text          0x0000a3c0      0x9d8 release/dt78xx_aio.o
                0x0000a3c0                aio_wait
                0x0000a5c8                aio_start
                0x0000a668                aio_stop
                0x0000a750                aio_buff_free
                0x0000a7ec                aio_buff_alloc
                0x0000aafc                aio_create
                0x0000abbc                aio_destroy
                0x0000ac70                aio_buff_size
 .text          0x0000ad98      0x228 release/dt78xx_misc.o
                0x0000ad98                sigaction_register
                0x0000adf4                file_sigaction_register
                0x0000aed0                kbhit
                0x0000af80                kbfini
 .text          0x0000afc0      0x850 release/sunriset/sunriset.o
                0x0000afc0                sunpos
                0x0000b138                __daylen__
                0x0000b318                day_astronomical_twilight_length
                0x0000b324                day_nautical_twilight_length
                0x0000b330                day_civil_twilight_length
                0x0000b33c                day_length
                0x0000b350                sun_RA_dec
                0x0000b450                __sunriset__
                0x0000b688                astronomical_twilight
                0x0000b6b0                nautical_twilight
                0x0000b6d8                civil_twilight
                0x0000b700                sun_rise_set
                0x0000b730                revolution
                0x0000b770                rev180
                0x0000b7b8                GMST0
 .text          0x0000b810       0xb0 /opt/ti-sdk-am335x-evm-07.00.00.00/linux-devkit/sysroots/i686-arago-linux/usr/bin/../arm-linux-gnueabihf/libc/usr/lib/arm-linux-gnueabihf/4.7.3/libpthread.a(ptw-close.o)
                0x0000b814                __close_nocancel
                0x0000b830                __libc_close
                0x0000b830                __close
                0x0000b830                close
 .text          0x0000b8c0       0xe0 /opt/ti-sdk-am335x-evm-07.00.00.00/linux-devkit/sysroots/i686-arago-linux/usr/bin/../arm-linux-gnueabihf/libc/usr/lib/arm-linux-gnueabihf/4.7.3/libpthread.a(ptw-fcntl.o)
                0x0000b8c0                __fcntl_nocancel
                0x0000b904                __libc_fcntl
                0x0000b904                __fcntl
                0x0000b904                fcntl
 .text          0x0000b9a0       0xb0 /opt/ti-sdk-am335x-evm-07.00.00.00/linux-devkit/sysroots/i686-arago-linux/usr/bin/../arm-linux-gnueabihf/libc/usr/lib/arm-linux-gnueabihf/4.7.3/libpthread.a(ptw-open.o)
                0x0000b9a4                __open_nocancel
                0x0000b9c0                __open
                0x0000b9c0                __libc_open
                0x0000b9c0                open
 .text          0x0000ba50       0xd4 /opt/ti-sdk-am335x-evm-07.00.00.00/linux-devkit/sysroots/i686-arago-linux/usr/bin/../arm-linux-gnueabihf/libc/usr/lib/arm-linux-gnueabihf/4.7.3/libpthread.a(sigaction.o)
                0x0000ba50                __libc_sigaction
                0x0000bb00                sigaction
                0x0000bb00                __sigaction
 .text          0x0000bb24       0x14 /opt/ti-sdk-am335x-evm-07.00.00.00/linux-devkit/sysroots/i686-arago-linux/usr/bin/../arm-linux-gnueabihf/libc/usr/lib/arm-linux-gnueabihf/4.7.3/libpthread.a(errno-loc.o)
                0x0000bb24                __errno_location
 .text          0x0000bb38        0x0 /opt/ti-sdk-am335x-evm-07.00.00.00/linux-devkit/sysroots/i686-arago-linux/usr/bin/../arm-linux-gnueabihf/libc/usr/lib/arm-linux-gnueabihf/4.7.3/libpthread.a(vars.o)
 .text          0x0000bb38       0xe4 /opt/ti-sdk-am335x-evm-07.00.00.00/linux-devkit/sysroots/i686-arago-linux/usr/bin/../arm-linux-gnueabihf/libc/usr/lib/arm-linux-gnueabihf/4.7.3/libpthread.a(cancellation.o)
                0x0000bb38                __pthread_enable_asynccancel
                0x0000bbb8                __pthread_disable_asynccancel
 .text          0x0000bc1c       0xf8 /opt/ti-sdk-am335x-evm-07.00.00.00/linux-devkit/sysroots/i686-arago-linux/usr/bin/../arm-linux-gnueabihf/libc/usr/lib/arm-linux-gnueabihf/4.7.3/libpthread.a(unwind.o)
                0x0000bcd4                __pthread_unwind
                0x0000bd08                __pthread_unwind_next
 *fill*         0x0000bd14        0x4 
 .text          0x0000bd18       0xe8 /opt/ti-sdk-am335x-evm-07.00.00.00/linux-devkit/sysroots/i686-arago-linux/usr/bin/../arm-linux-gnueabihf/libc/usr/lib/arm-linux-gnueabihf/4.7.3/libm.a(s_floor.o)
                0x0000bd18                floor
                0x0000bd18                __floor
                0x0000bd18                floorl
                0x0000bd18                __floorl
 .text          0x0000be00     0x2eb8 /opt/ti-sdk-am335x-evm-07.00.00.00/linux-devkit/sysroots/i686-arago-linux/usr/bin/../arm-linux-gnueabihf/libc/usr/lib/arm-linux-gnueabihf/4.7.3/libm.a(s_sin.o)
                0x0000c8c0                sinl
                0x0000c8c0                __sinl
                0x0000c8c0                sin
                0x0000c8c0                __sin
                0x0000de38                cos
                0x0000de38                __cosl
                0x0000de38                cosl
                0x0000de38                __cos
 .text          0x0000ecb8       0x54 /opt/ti-sdk-am335x-evm-07.00.00.00/linux-devkit/sysroots/i686-arago-linux/usr/bin/../arm-linux-gnueabihf/libc/usr/lib/arm-linux-gnueabihf/4.7.3/libm.a(w_acos.o)
                0x0000ecb8                __acosl
                0x0000ecb8                __acos
                0x0000ecb8                acosl
                0x0000ecb8                acos
 .text          0x0000ed0c       0x3c /opt/ti-sdk-am335x-evm-07.00.00.00/linux-devkit/sysroots/i686-arago-linux/usr/bin/../arm-linux-gnueabihf/libc/usr/lib/arm-linux-gnueabihf/4.7.3/libm.a(w_atan2.o)
                0x0000ed0c                __atan2l
                0x0000ed0c                atan2l
                0x0000ed0c                __atan2
                0x0000ed0c                atan2
 .text          0x0000ed48       0x28 /opt/ti-sdk-am335x-evm-07.00.00.00/linux-devkit/sysroots/i686-arago-linux/usr/bin/../arm-linux-gnueabihf/libc/usr/lib/arm-linux-gnueabihf/4.7.3/libm.a(w_sqrt.o)
                0x0000ed48                sqrt
                0x0000ed48                sqrtl
                0x0000ed48                __sqrt
                0x0000ed48                __sqrtl
 .text          0x0000ed70       0x4c /opt/ti-sdk-am335x-evm-07.00.00.00/linux-devkit/sysroots/i686-arago-linux/usr/bin/../arm-linux-gnueabihf/libc/usr/lib/arm-linux-gnueabihf/4.7.3/libm.a(s_sincos.o)
                0x0000ed70                __sincos
                0x0000ed70                sincos
                0x0000ed70                __sincosl
                0x0000ed70                sincosl
 *fill*         0x0000edbc        0x4 
 .text          0x0000edc0      0x370 /opt/ti-sdk-am335x-evm-07.00.00.00/linux-devkit/sysroots/i686-arago-linux/usr/bin/../arm-linux-gnueabihf/libc/usr/lib/arm-linux-gnueabihf/4.7.3/libm.a(branred.o)
                0x0000edc0                __branred
 .text          0x0000f130     0x1148 /opt/ti-sdk-am335x-evm-07.00.00.00/linux-devkit/sysroots/i686-arago-linux/usr/bin/../arm-linux-gnueabihf/libc/usr/lib/arm-linux-gnueabihf/4.7.3/libm.a(dosincos.o)
                0x0000f130                __dubsin
                0x0000f95c                __dubcos
                0x0001017c                __docos
 .text          0x00010278      0x840 /opt/ti-sdk-am335x-evm-07.00.00.00/linux-devkit/sysroots/i686-arago-linux/usr/bin/../arm-linux-gnueabihf/libc/usr/lib/arm-linux-gnueabihf/4.7.3/libm.a(sincos32.o)
                0x00010278                __c32
                0x000104e0                __sin32
                0x000105b4                __cos32
                0x000106c8                __mpsin
                0x00010754                __mpcos
                0x000107e4                __mpranred
                0x000109cc                __mpsin1
                0x00010a40                __mpcos1
 .text          0x00010ab8        0x0 /opt/ti-sdk-am335x-evm-07.00.00.00/linux-devkit/sysroots/i686-arago-linux/usr/bin/../arm-linux-gnueabihf/libc/usr/lib/arm-linux-gnueabihf/4.7.3/libm.a(sincostab.o)
 .text          0x00010ab8     0x2240 /opt/ti-sdk-am335x-evm-07.00.00.00/linux-devkit/sysroots/i686-arago-linux/usr/bin/../arm-linux-gnueabihf/libc/usr/lib/arm-linux-gnueabihf/4.7.3/libm.a(k_standard.o)
                0x00010ab8                __kernel_standard
                0x00012ce4                __kernel_standard_f
 .text          0x00012cf8        0x0 /opt/ti-sdk-am335x-evm-07.00.00.00/linux-devkit/sysroots/i686-arago-linux/usr/bin/../arm-linux-gnueabihf/libc/usr/lib/arm-linux-gnueabihf/4.7.3/libm.a(s_lib_version.o)
 .text          0x00012cf8        0x4 /opt/ti-sdk-am335x-evm-07.00.00.00/linux-devkit/sysroots/i686-arago-linux/usr/bin/../arm-linux-gnueabihf/libc/usr/lib/arm-linux-gnueabihf/4.7.3/libm.a(s_matherr.o)
                0x00012cf8                __matherr
                0x00012cf8                matherr
 .text          0x00012cfc       0xc0 /opt/ti-sdk-am335x-evm-07.00.00.00/linux-devkit/sysroots/i686-arago-linux/usr/bin/../arm-linux-gnueabihf/libc/usr/lib/arm-linux-gnueabihf/4.7.3/libm.a(fraiseexcpt.o)
                0x00012cfc                feraiseexcept
 *fill*         0x00012dbc        0x4 
 .text          0x00012dc0     0x1d40 /opt/ti-sdk-am335x-evm-07.00.00.00/linux-devkit/sysroots/i686-arago-linux/usr/bin/../arm-linux-gnueabihf/libc/usr/lib/arm-linux-gnueabihf/4.7.3/libm.a(e_asin.o)
                0x00012dc0                __asin_finite
                0x00012dc0                __ieee754_asin
                0x00013b4c                __acos_finite
                0x00013b4c                __ieee754_acos
 .text          0x00014b00     0x30b8 /opt/ti-sdk-am335x-evm-07.00.00.00/linux-devkit/sysroots/i686-arago-linux/usr/bin/../arm-linux-gnueabihf/libc/usr/lib/arm-linux-gnueabihf/4.7.3/libm.a(e_atan2.o)
                0x00014c58                __ieee754_atan2
                0x00014c58                __atan2_finite
 .text          0x00017bb8      0x1f8 /opt/ti-sdk-am335x-evm-07.00.00.00/linux-devkit/sysroots/i686-arago-linux/usr/bin/../arm-linux-gnueabihf/libc/usr/lib/arm-linux-gnueabihf/4.7.3/libm.a(e_sqrt.o)
                0x00017bb8                __sqrt_finite
                0x00017bb8                __ieee754_sqrt
 .text          0x00017db0      0x104 /opt/ti-sdk-am335x-evm-07.00.00.00/linux-devkit/sysroots/i686-arago-linux/usr/bin/../arm-linux-gnueabihf/libc/usr/lib/arm-linux-gnueabihf/4.7.3/libm.a(s_rint.o)
                0x00017db0                rintl
                0x00017db0                rint
                0x00017db0                __rintl
                0x00017db0                __rint
 *fill*         0x00017eb4        0x4 
 .text          0x00017eb8      0x508 /opt/ti-sdk-am335x-evm-07.00.00.00/linux-devkit/sysroots/i686-arago-linux/usr/bin/../arm-linux-gnueabihf/libc/usr/lib/arm-linux-gnueabihf/4.7.3/libm.a(doasin.o)
                0x00017eb8                __doasin
 .text          0x000183c0      0xda4 /opt/ti-sdk-am335x-evm-07.00.00.00/linux-devkit/sysroots/i686-arago-linux/usr/bin/../arm-linux-gnueabihf/libc/usr/lib/arm-linux-gnueabihf/4.7.3/libm.a(mpa.o)
                0x00018980                __acr
                0x00018a1c                __cpy
                0x00018a3c                __mp_dbl
                0x00018c0c                __dbl_mp
                0x00018d30                __add
                0x00018e28                __sub
                0x00018f34                __mul
                0x00019070                __dvd
 .text          0x00019164       0xdc /opt/ti-sdk-am335x-evm-07.00.00.00/linux-devkit/sysroots/i686-arago-linux/usr/bin/../arm-linux-gnueabihf/libc/usr/lib/arm-linux-gnueabihf/4.7.3/libm.a(mpatan2.o)
                0x00019164                __mpatan2
 .text          0x00019240      0x258 /opt/ti-sdk-am335x-evm-07.00.00.00/linux-devkit/sysroots/i686-arago-linux/usr/bin/../arm-linux-gnueabihf/libc/usr/lib/arm-linux-gnueabihf/4.7.3/libm.a(mpatan.o)
                0x00019240                __mpatan
 .text          0x00019498      0x1d0 /opt/ti-sdk-am335x-evm-07.00.00.00/linux-devkit/sysroots/i686-arago-linux/usr/bin/../arm-linux-gnueabihf/libc/usr/lib/arm-linux-gnueabihf/4.7.3/libm.a(mpsqrt.o)
                0x00019498                __mpsqrt
 .text          0x00019668      0x2b0 /opt/ti-sdk-am335x-evm-07.00.00.00/linux-devkit/sysroots/i686-arago-linux/usr/bin/../lib/gcc/arm-linux-gnueabihf/4.7.3/libgcc.a(_divsi3.o)
                0x00019668                __aeabi_idiv
                0x00019668                __divsi3
                0x000198fc                __aeabi_idivmod
 .text          0x00019918        0xc /opt/ti-sdk-am335x-evm-07.00.00.00/linux-devkit/sysroots/i686-arago-linux/usr/bin/../lib/gcc/arm-linux-gnueabihf/4.7.3/libgcc.a(_dvmd_lnx.o)
                0x00019918                __aeabi_ldiv0
                0x00019918                __aeabi_idiv0
 .text          0x00019924      0xa4c /opt/ti-sdk-am335x-evm-07.00.00.00/linux-devkit/sysroots/i686-arago-linux/usr/bin/../lib/gcc/arm-linux-gnueabihf/4.7.3/libgcc_eh.a(unwind-arm.o)
                0x00019c0c                _Unwind_GetCFA
                0x00019c10                __gnu_Unwind_RaiseException
                0x00019c70                __gnu_Unwind_ForcedUnwind
                0x00019c88                __gnu_Unwind_Resume
                0x00019ccc                __gnu_Unwind_Resume_or_Rethrow
                0x00019ce4                _Unwind_Complete
                0x00019ce8                _Unwind_DeleteException
                0x00019cf8                _Unwind_VRS_Get
                0x00019d44                _Unwind_VRS_Set
                0x0001a080                __aeabi_unwind_cpp_pr2
                0x0001a088                __aeabi_unwind_cpp_pr1
                0x0001a090                __aeabi_unwind_cpp_pr0
                0x0001a098                __gnu_Unwind_Backtrace
                0x0001a108                _Unwind_VRS_Pop
 .text          0x0001a370      0x1ac /opt/ti-sdk-am335x-evm-07.00.00.00/linux-devkit/sysroots/i686-arago-linux/usr/bin/../lib/gcc/arm-linux-gnueabihf/4.7.3/libgcc_eh.a(libunwind.o)
                0x0001a370                __restore_core_regs
                0x0001a370                restore_core_regs
                0x0001a388                __gnu_Unwind_Restore_VFP
                0x0001a390                __gnu_Unwind_Save_VFP
                0x0001a398                __gnu_Unwind_Restore_VFP_D
                0x0001a3a0                __gnu_Unwind_Save_VFP_D
                0x0001a3a8                __gnu_Unwind_Restore_VFP_D_16_to_31
                0x0001a3b0                __gnu_Unwind_Save_VFP_D_16_to_31
                0x0001a3b8                __gnu_Unwind_Restore_WMMXD
                0x0001a3fc                __gnu_Unwind_Save_WMMXD
                0x0001a440                __gnu_Unwind_Restore_WMMXC
                0x0001a454                __gnu_Unwind_Save_WMMXC
                0x0001a468                ___Unwind_RaiseException
                0x0001a468                _Unwind_RaiseException
                0x0001a48c                ___Unwind_Resume
                0x0001a48c                _Unwind_Resume
                0x0001a4b0                _Unwind_Resume_or_Rethrow
                0x0001a4b0                ___Unwind_Resume_or_Rethrow
                0x0001a4d4                ___Unwind_ForcedUnwind
                0x0001a4d4                _Unwind_ForcedUnwind
                0x0001a4f8                _Unwind_Backtrace
                0x0001a4f8                ___Unwind_Backtrace
 .text          0x0001a51c      0x3c0 /opt/ti-sdk-am335x-evm-07.00.00.00/linux-devkit/sysroots/i686-arago-linux/usr/bin/../lib/gcc/arm-linux-gnueabihf/4.7.3/libgcc_eh.a(pr-support.o)
                0x0001a568                __gnu_unwind_execute
                0x0001a880                __gnu_unwind_frame
                0x0001a8ac                _Unwind_GetRegionStart
                0x0001a8b8                _Unwind_GetLanguageSpecificData
                0x0001a8cc                _Unwind_GetDataRelBase
                0x0001a8d4                _Unwind_GetTextRelBase
 .text          0x0001a8dc      0x190 /opt/ti-sdk-am335x-evm-07.00.00.00/linux-devkit/sysroots/i686-arago-linux/usr/bin/../arm-linux-gnueabihf/libc/usr/lib/arm-linux-gnueabihf/4.7.3/libc.a(libc-start.o)
                0x0001a8dc                __libc_start_main
 .text          0x0001aa6c       0xc0 /opt/ti-sdk-am335x-evm-07.00.00.00/linux-devkit/sysroots/i686-arago-linux/usr/bin/../arm-linux-gnueabihf/libc/usr/lib/arm-linux-gnueabihf/4.7.3/libc.a(check_fds.o)
                0x0001ab08                __libc_check_standard_fds
 .text          0x0001ab2c      0x230 /opt/ti-sdk-am335x-evm-07.00.00.00/linux-devkit/sysroots/i686-arago-linux/usr/bin/../arm-linux-gnueabihf/libc/usr/lib/arm-linux-gnueabihf/4.7.3/libc.a(libc-tls.o)
                0x0001ab2c                __libc_setup_tls
                0x0001acd0                _dl_tls_setup
                0x0001ad44                __pthread_initialize_minimal
                0x0001ad4c                __tls_get_addr
 .text          0x0001ad5c       0xa0 /opt/ti-sdk-am335x-evm-07.00.00.00/linux-devkit/sysroots/i686-arago-linux/usr/bin/../arm-linux-gnueabihf/libc/usr/lib/arm-linux-gnueabihf/4.7.3/libc.a(elf-init.o)
                0x0001ad5c                __libc_csu_irel
                0x0001ad60                __libc_csu_init
                0x0001add0                __libc_csu_fini
 .text          0x0001adfc        0x0 /opt/ti-sdk-am335x-evm-07.00.00.00/linux-devkit/sysroots/i686-arago-linux/usr/bin/../arm-linux-gnueabihf/libc/usr/lib/arm-linux-gnueabihf/4.7.3/libc.a(errno.o)
 *fill*         0x0001adfc        0x4 
 .text          0x0001ae00       0x10 /opt/ti-sdk-am335x-evm-07.00.00.00/linux-devkit/sysroots/i686-arago-linux/usr/bin/../arm-linux-gnueabihf/libc/usr/lib/arm-linux-gnueabihf/4.7.3/libc.a(libc-do-syscall.o)
                0x0001ae00                __libc_do_syscall
 .text          0x0001ae10      0x134 /opt/ti-sdk-am335x-evm-07.00.00.00/linux-devkit/sysroots/i686-arago-linux/usr/bin/../arm-linux-gnueabihf/libc/usr/lib/arm-linux-gnueabihf/4.7.3/libc.a(assert.o)
                0x0001ae10                __assert_fail_base
                0x0001af14                __assert_fail
 .text          0x0001af44       0x14 /opt/ti-sdk-am335x-evm-07.00.00.00/linux-devkit/sysroots/i686-arago-linux/usr/bin/../arm-linux-gnueabihf/libc/usr/lib/arm-linux-gnueabihf/4.7.3/libc.a(dcgettext.o)
                0x0001af44                __dcgettext
                0x0001af44                dcgettext
 .text          0x0001af58      0xea4 /opt/ti-sdk-am335x-evm-07.00.00.00/linux-devkit/sysroots/i686-arago-linux/usr/bin/../arm-linux-gnueabihf/libc/usr/lib/arm-linux-gnueabihf/4.7.3/libc.a(dcigettext.o)
                0x0001b0cc                _nl_find_msg
                0x0001b8c8                __dcigettext
 .text          0x0001bdfc      0x188 /opt/ti-sdk-am335x-evm-07.00.00.00/linux-devkit/sysroots/i686-arago-linux/usr/bin/../arm-linux-gnueabihf/libc/usr/lib/arm-linux-gnueabihf/4.7.3/libc.a(finddomain.o)
                0x0001bdfc                _nl_find_domain
 .text          0x0001bf84      0xe44 /opt/ti-sdk-am335x-evm-07.00.00.00/linux-devkit/sysroots/i686-arago-linux/usr/bin/../arm-linux-gnueabihf/libc/usr/lib/arm-linux-gnueabihf/4.7.3/libc.a(loadmsgcat.o)
                0x0001bf84                _nl_load_domain
 .text          0x0001cdc8      0x3f4 /opt/ti-sdk-am335x-evm-07.00.00.00/linux-devkit/sysroots/i686-arago-linux/usr/bin/../arm-linux-gnueabihf/libc/usr/lib/arm-linux-gnueabihf/4.7.3/libc.a(localealias.o)
                0x0001d0ac                _nl_expand_alias
 .text          0x0001d1bc      0x3d0 /opt/ti-sdk-am335x-evm-07.00.00.00/linux-devkit/sysroots/i686-arago-linux/usr/bin/../arm-linux-gnueabihf/libc/usr/lib/arm-linux-gnueabihf/4.7.3/libc.a(l10nflist.o)
                0x0001d1bc                _nl_make_l10nflist
                0x0001d4e4                _nl_normalize_codeset
 .text          0x0001d58c      0x150 /opt/ti-sdk-am335x-evm-07.00.00.00/linux-devkit/sysroots/i686-arago-linux/usr/bin/../arm-linux-gnueabihf/libc/usr/lib/arm-linux-gnueabihf/4.7.3/libc.a(explodename.o)
                0x0001d58c                _nl_explode_name
 .text          0x0001d6dc      0x5a8 /opt/ti-sdk-am335x-evm-07.00.00.00/linux-devkit/sysroots/i686-arago-linux/usr/bin/../arm-linux-gnueabihf/libc/usr/lib/arm-linux-gnueabihf/4.7.3/libc.a(plural.o)
                0x0001d6dc                __gettext_free_exp
                0x0001d7a0                __gettextparse
 .text          0x0001dc84       0x94 /opt/ti-sdk-am335x-evm-07.00.00.00/linux-devkit/sysroots/i686-arago-linux/usr/bin/../arm-linux-gnueabihf/libc/usr/lib/arm-linux-gnueabihf/4.7.3/libc.a(plural-exp.o)
                0x0001dc84                __gettext_extract_plural
 .text          0x0001dd18       0x24 /opt/ti-sdk-am335x-evm-07.00.00.00/linux-devkit/sysroots/i686-arago-linux/usr/bin/../arm-linux-gnueabihf/libc/usr/lib/arm-linux-gnueabihf/4.7.3/libc.a(hash-string.o)
                0x0001dd18                __hash_string
 *fill*         0x0001dd3c        0x4 
 .text          0x0001dd40       0x10 /opt/ti-sdk-am335x-evm-07.00.00.00/linux-devkit/sysroots/i686-arago-linux/usr/bin/../arm-linux-gnueabihf/libc/usr/lib/arm-linux-gnueabihf/4.7.3/libc.a(bsd-_setjmp.o)
                0x0001dd40                _setjmp
 .text          0x0001dd50       0x2c /opt/ti-sdk-am335x-evm-07.00.00.00/linux-devkit/sysroots/i686-arago-linux/usr/bin/../arm-linux-gnueabihf/libc/usr/lib/arm-linux-gnueabihf/4.7.3/libc.a(longjmp.o)
                0x0001dd50                longjmp
                0x0001dd50                _longjmp
                0x0001dd50                siglongjmp
                0x0001dd50                __libc_longjmp
                0x0001dd50                __libc_siglongjmp
 *fill*         0x0001dd7c        0x4 
 .text          0x0001dd80       0x60 /opt/ti-sdk-am335x-evm-07.00.00.00/linux-devkit/sysroots/i686-arago-linux/usr/bin/../arm-linux-gnueabihf/libc/usr/lib/arm-linux-gnueabihf/4.7.3/libc.a(__longjmp.o)
                0x0001dd80                __longjmp
 .text          0x0001dde0       0x20 /opt/ti-sdk-am335x-evm-07.00.00.00/linux-devkit/sysroots/i686-arago-linux/usr/bin/../arm-linux-gnueabihf/libc/usr/lib/arm-linux-gnueabihf/4.7.3/libc.a(jmp-unwind.o)
                0x0001dde0                _longjmp_unwind
 .text          0x0001de00       0x7c /opt/ti-sdk-am335x-evm-07.00.00.00/linux-devkit/sysroots/i686-arago-linux/usr/bin/../arm-linux-gnueabihf/libc/usr/lib/arm-linux-gnueabihf/4.7.3/libc.a(raise.o)
                0x0001de00                gsignal
                0x0001de00                raise
 .text          0x0001de7c       0x64 /opt/ti-sdk-am335x-evm-07.00.00.00/linux-devkit/sysroots/i686-arago-linux/usr/bin/../arm-linux-gnueabihf/libc/usr/lib/arm-linux-gnueabihf/4.7.3/libc.a(sigprocmask.o)
                0x0001de7c                __sigprocmask
                0x0001de7c                sigprocmask
 .text          0x0001dee0       0x28 /opt/ti-sdk-am335x-evm-07.00.00.00/linux-devkit/sysroots/i686-arago-linux/usr/bin/../arm-linux-gnueabihf/libc/usr/lib/arm-linux-gnueabihf/4.7.3/libc.a(sigempty.o)
                0x0001dee0                sigemptyset
 *fill*         0x0001df08        0x8 
 .text          0x0001df10       0x50 /opt/ti-sdk-am335x-evm-07.00.00.00/linux-devkit/sysroots/i686-arago-linux/usr/bin/../arm-linux-gnueabihf/libc/usr/lib/arm-linux-gnueabihf/4.7.3/libc.a(sigrestorer.o)
                0x0001df20                __default_sa_restorer_v1
                0x0001df30                __default_sa_restorer_v2
                0x0001df40                __default_rt_sa_restorer_v1
                0x0001df50                __default_rt_sa_restorer_v2
 .text          0x0001df60      0x17c /opt/ti-sdk-am335x-evm-07.00.00.00/linux-devkit/sysroots/i686-arago-linux/usr/bin/../arm-linux-gnueabihf/libc/usr/lib/arm-linux-gnueabihf/4.7.3/libc.a(abort.o)
                0x0001df60                abort
 .text          0x0001e0dc       0x48 /opt/ti-sdk-am335x-evm-07.00.00.00/linux-devkit/sysroots/i686-arago-linux/usr/bin/../arm-linux-gnueabihf/libc/usr/lib/arm-linux-gnueabihf/4.7.3/libc.a(bsearch.o)
                0x0001e0dc                bsearch
 .text          0x0001e124      0x3f4 /opt/ti-sdk-am335x-evm-07.00.00.00/linux-devkit/sysroots/i686-arago-linux/usr/bin/../arm-linux-gnueabihf/libc/usr/lib/arm-linux-gnueabihf/4.7.3/libc.a(msort.o)
                0x0001e31c                qsort_r
                0x0001e508                qsort
 .text          0x0001e518       0xbc /opt/ti-sdk-am335x-evm-07.00.00.00/linux-devkit/sysroots/i686-arago-linux/usr/bin/../arm-linux-gnueabihf/libc/usr/lib/arm-linux-gnueabihf/4.7.3/libc.a(getenv.o)
                0x0001e518                getenv
 .text          0x0001e5d4       0x84 /opt/ti-sdk-am335x-evm-07.00.00.00/linux-devkit/sysroots/i686-arago-linux/usr/bin/../arm-linux-gnueabihf/libc/usr/lib/arm-linux-gnueabihf/4.7.3/libc.a(exit.o)
                0x0001e5d4                __run_exit_handlers
                0x0001e648                exit
 .text          0x0001e658      0x168 /opt/ti-sdk-am335x-evm-07.00.00.00/linux-devkit/sysroots/i686-arago-linux/usr/bin/../arm-linux-gnueabihf/libc/usr/lib/arm-linux-gnueabihf/4.7.3/libc.a(cxa_atexit.o)
                0x0001e658                __new_exitfn
                0x0001e788                __internal_atexit
                0x0001e7b4                __cxa_atexit
 .text          0x0001e7c0       0x40 /opt/ti-sdk-am335x-evm-07.00.00.00/linux-devkit/sysroots/i686-arago-linux/usr/bin/../arm-linux-gnueabihf/libc/usr/lib/arm-linux-gnueabihf/4.7.3/libc.a(strtol.o)
                0x0001e7c0                __strtol_internal
                0x0001e7e0                strtol
 .text          0x0001e800       0x40 /opt/ti-sdk-am335x-evm-07.00.00.00/linux-devkit/sysroots/i686-arago-linux/usr/bin/../arm-linux-gnueabihf/libc/usr/lib/arm-linux-gnueabihf/4.7.3/libc.a(strtoul.o)
                0x0001e800                __strtoul_internal
                0x0001e820                strtoul
 .text          0x0001e840      0x310 /opt/ti-sdk-am335x-evm-07.00.00.00/linux-devkit/sysroots/i686-arago-linux/usr/bin/../arm-linux-gnueabihf/libc/usr/lib/arm-linux-gnueabihf/4.7.3/libc.a(strtol_l.o)
                0x0001e840                ____strtol_l_internal
                0x0001eb40                strtol_l
                0x0001eb40                __strtol_l
 .text          0x0001eb50      0x2fc /opt/ti-sdk-am335x-evm-07.00.00.00/linux-devkit/sysroots/i686-arago-linux/usr/bin/../arm-linux-gnueabihf/libc/usr/lib/arm-linux-gnueabihf/4.7.3/libc.a(strtoul_l.o)
                0x0001eb50                ____strtoul_l_internal
                0x0001ee3c                strtoul_l
                0x0001ee3c                __strtoul_l
 .text          0x0001ee4c       0x34 /opt/ti-sdk-am335x-evm-07.00.00.00/linux-devkit/sysroots/i686-arago-linux/usr/bin/../arm-linux-gnueabihf/libc/usr/lib/arm-linux-gnueabihf/4.7.3/libc.a(strtod.o)
                0x0001ee4c                __strtod_internal
                0x0001ee64                strtod
 .text          0x0001ee80     0x1888 /opt/ti-sdk-am335x-evm-07.00.00.00/linux-devkit/sysroots/i686-arago-linux/usr/bin/../arm-linux-gnueabihf/libc/usr/lib/arm-linux-gnueabihf/4.7.3/libc.a(strtod_l.o)
                0x0001f1c8                ____strtod_l_internal
                0x000206fc                __strtod_l
                0x000206fc                strtod_l
 .text          0x00020708      0x17c /opt/ti-sdk-am335x-evm-07.00.00.00/linux-devkit/sysroots/i686-arago-linux/usr/bin/../arm-linux-gnueabihf/libc/usr/lib/arm-linux-gnueabihf/4.7.3/libc.a(grouping.o)
                0x00020708                __correctly_grouped_prefixmb
 .text          0x00020884        0x0 /opt/ti-sdk-am335x-evm-07.00.00.00/linux-devkit/sysroots/i686-arago-linux/usr/bin/../arm-linux-gnueabihf/libc/usr/lib/arm-linux-gnueabihf/4.7.3/libc.a(tens_in_limb.o)
 .text          0x00020884        0x0 /opt/ti-sdk-am335x-evm-07.00.00.00/linux-devkit/sysroots/i686-arago-linux/usr/bin/../arm-linux-gnueabihf/libc/usr/lib/arm-linux-gnueabihf/4.7.3/libc.a(fpioconst.o)
 .text          0x00020884       0x20 /opt/ti-sdk-am335x-evm-07.00.00.00/linux-devkit/sysroots/i686-arago-linux/usr/bin/../arm-linux-gnueabihf/libc/usr/lib/arm-linux-gnueabihf/4.7.3/libc.a(fprintf.o)
                0x00020884                fprintf
                0x00020884                _IO_fprintf
                0x00020884                __fprintf
 .text          0x000208a4       0x28 /opt/ti-sdk-am335x-evm-07.00.00.00/linux-devkit/sysroots/i686-arago-linux/usr/bin/../arm-linux-gnueabihf/libc/usr/lib/arm-linux-gnueabihf/4.7.3/libc.a(printf.o)
                0x000208a4                __printf
                0x000208a4                printf
                0x000208a4                _IO_printf
 .text          0x000208cc       0x20 /opt/ti-sdk-am335x-evm-07.00.00.00/linux-devkit/sysroots/i686-arago-linux/usr/bin/../arm-linux-gnueabihf/libc/usr/lib/arm-linux-gnueabihf/4.7.3/libc.a(sprintf.o)
                0x000208cc                sprintf
                0x000208cc                __sprintf
                0x000208cc                _IO_sprintf
 .text          0x000208ec       0x20 /opt/ti-sdk-am335x-evm-07.00.00.00/linux-devkit/sysroots/i686-arago-linux/usr/bin/../arm-linux-gnueabihf/libc/usr/lib/arm-linux-gnueabihf/4.7.3/libc.a(asprintf.o)
                0x000208ec                __asprintf
                0x000208ec                asprintf
                0x000208ec                ___asprintf
 .text          0x0002090c       0xd8 /opt/ti-sdk-am335x-evm-07.00.00.00/linux-devkit/sysroots/i686-arago-linux/usr/bin/../arm-linux-gnueabihf/libc/usr/lib/arm-linux-gnueabihf/4.7.3/libc.a(perror.o)
                0x0002095c                perror
 .text          0x000209e4       0xa0 /opt/ti-sdk-am335x-evm-07.00.00.00/linux-devkit/sysroots/i686-arago-linux/usr/bin/../arm-linux-gnueabihf/libc/usr/lib/arm-linux-gnueabihf/4.7.3/libc.a(fxprintf.o)
                0x000209e4                __fxprintf
 .text          0x00020a84      0x1e8 /opt/ti-sdk-am335x-evm-07.00.00.00/linux-devkit/sysroots/i686-arago-linux/usr/bin/../arm-linux-gnueabihf/libc/usr/lib/arm-linux-gnueabihf/4.7.3/libc.a(iofclose.o)
                0x00020a84                _IO_fclose
                0x00020a84                _IO_new_fclose
                0x00020a84                fclose
                0x00020a84                __new_fclose
 .text          0x00020c6c      0x168 /opt/ti-sdk-am335x-evm-07.00.00.00/linux-devkit/sysroots/i686-arago-linux/usr/bin/../arm-linux-gnueabihf/libc/usr/lib/arm-linux-gnueabihf/4.7.3/libc.a(iofdopen.o)
                0x00020c6c                __new_fdopen
                0x00020c6c                _IO_new_fdopen
                0x00020c6c                _IO_fdopen
                0x00020c6c                fdopen
 .text          0x00020dd4      0x110 /opt/ti-sdk-am335x-evm-07.00.00.00/linux-devkit/sysroots/i686-arago-linux/usr/bin/../arm-linux-gnueabihf/libc/usr/lib/arm-linux-gnueabihf/4.7.3/libc.a(iofflush.o)
                0x00020dd4                _IO_fflush
                0x00020dd4                fflush
 .text          0x00020ee4       0xd4 /opt/ti-sdk-am335x-evm-07.00.00.00/linux-devkit/sysroots/i686-arago-linux/usr/bin/../arm-linux-gnueabihf/libc/usr/lib/arm-linux-gnueabihf/4.7.3/libc.a(iofopen.o)
                0x00020ee4                __fopen_maybe_mmap
                0x00020f14                __fopen_internal
                0x00020fb0                _IO_new_fopen
                0x00020fb0                fopen
                0x00020fb0                _IO_fopen
                0x00020fb0                __new_fopen
 .text          0x00020fb8      0x124 /opt/ti-sdk-am335x-evm-07.00.00.00/linux-devkit/sysroots/i686-arago-linux/usr/bin/../arm-linux-gnueabihf/libc/usr/lib/arm-linux-gnueabihf/4.7.3/libc.a(iofputs.o)
                0x00020fb8                _IO_fputs
                0x00020fb8                fputs
 .text          0x000210dc      0x154 /opt/ti-sdk-am335x-evm-07.00.00.00/linux-devkit/sysroots/i686-arago-linux/usr/bin/../arm-linux-gnueabihf/libc/usr/lib/arm-linux-gnueabihf/4.7.3/libc.a(iofwrite.o)
                0x000210dc                _IO_fwrite
                0x000210dc                fwrite
 .text          0x00021230       0x60 /opt/ti-sdk-am335x-evm-07.00.00.00/linux-devkit/sysroots/i686-arago-linux/usr/bin/../arm-linux-gnueabihf/libc/usr/lib/arm-linux-gnueabihf/4.7.3/libc.a(iovsprintf.o)
                0x00021230                vsprintf
                0x00021230                _IO_vsprintf
                0x00021230                __IO_vsprintf
 .text          0x00021290       0x28 /opt/ti-sdk-am335x-evm-07.00.00.00/linux-devkit/sysroots/i686-arago-linux/usr/bin/../arm-linux-gnueabihf/libc/usr/lib/arm-linux-gnueabihf/4.7.3/libc.a(fileno.o)
                0x00021290                fileno_unlocked
                0x00021290                fileno
 .text          0x000212b8      0x110 /opt/ti-sdk-am335x-evm-07.00.00.00/linux-devkit/sysroots/i686-arago-linux/usr/bin/../arm-linux-gnueabihf/libc/usr/lib/arm-linux-gnueabihf/4.7.3/libc.a(fputc.o)
                0x000212b8                fputc
 .text          0x000213c8      0x108 /opt/ti-sdk-am335x-evm-07.00.00.00/linux-devkit/sysroots/i686-arago-linux/usr/bin/../arm-linux-gnueabihf/libc/usr/lib/arm-linux-gnueabihf/4.7.3/libc.a(getc.o)
                0x000213c8                getc
                0x000213c8                _IO_getc
                0x000213c8                fgetc
 .text          0x000214d0        0x8 /opt/ti-sdk-am335x-evm-07.00.00.00/linux-devkit/sysroots/i686-arago-linux/usr/bin/../arm-linux-gnueabihf/libc/usr/lib/arm-linux-gnueabihf/4.7.3/libc.a(setbuf.o)
                0x000214d0                setbuf
 .text          0x000214d8       0xd4 /opt/ti-sdk-am335x-evm-07.00.00.00/linux-devkit/sysroots/i686-arago-linux/usr/bin/../arm-linux-gnueabihf/libc/usr/lib/arm-linux-gnueabihf/4.7.3/libc.a(vasprintf.o)
                0x000214d8                _IO_vasprintf
                0x000214d8                vasprintf
 .text          0x000215ac        0x4 /opt/ti-sdk-am335x-evm-07.00.00.00/linux-devkit/sysroots/i686-arago-linux/usr/bin/../arm-linux-gnueabihf/libc/usr/lib/arm-linux-gnueabihf/4.7.3/libc.a(fcloseall.o)
                0x000215ac                __fcloseall
                0x000215ac                fcloseall
 .text          0x000215b0      0x32c /opt/ti-sdk-am335x-evm-07.00.00.00/linux-devkit/sysroots/i686-arago-linux/usr/bin/../arm-linux-gnueabihf/libc/usr/lib/arm-linux-gnueabihf/4.7.3/libc.a(libc_fatal.o)
                0x000215b0                __libc_message
                0x000218c8                __libc_fatal
 .text          0x000218dc       0x6c /opt/ti-sdk-am335x-evm-07.00.00.00/linux-devkit/sysroots/i686-arago-linux/usr/bin/../arm-linux-gnueabihf/libc/usr/lib/arm-linux-gnueabihf/4.7.3/libc.a(iofgets_u.o)
                0x000218dc                fgets_unlocked
 .text          0x00021948      0xce4 /opt/ti-sdk-am335x-evm-07.00.00.00/linux-devkit/sysroots/i686-arago-linux/usr/bin/../arm-linux-gnueabihf/libc/usr/lib/arm-linux-gnueabihf/4.7.3/libc.a(wfileops.o)
                0x00021948                _IO_wfile_seekoff
                0x00021ce8                _IO_wfile_underflow
                0x00022208                _IO_wdo_write
                0x000222c8                _IO_wfile_xsputn
                0x000223ac                _IO_wfile_sync
                0x00022488                _IO_wfile_overflow
 .text          0x0002262c     0x15d4 /opt/ti-sdk-am335x-evm-07.00.00.00/linux-devkit/sysroots/i686-arago-linux/usr/bin/../arm-linux-gnueabihf/libc/usr/lib/arm-linux-gnueabihf/4.7.3/libc.a(fileops.o)
                0x000226b0                _IO_file_seek
                0x000227f8                _IO_file_underflow_maybe_mmap
                0x0002280c                _IO_file_close
                0x0002283c                _IO_file_close_mmap
                0x00022a74                _IO_file_xsgetn
                0x00022c34                _IO_file_write
                0x00022c34                _IO_new_file_write
                0x00022cac                _IO_file_stat
                0x00022cb8                _IO_file_seekoff
                0x00022cb8                _IO_new_file_seekoff
                0x00022f94                _IO_file_setbuf
                0x00022f94                _IO_new_file_setbuf
                0x00022fb4                _IO_file_setbuf_mmap
                0x00022fec                _IO_file_seekoff_mmap
                0x000230bc                _IO_file_underflow_mmap
                0x000230f4                _IO_new_file_xsputn
                0x000230f4                _IO_file_xsputn
                0x00023204                _IO_file_read
                0x00023240                _IO_new_file_init
                0x00023240                _IO_file_init
                0x00023268                _IO_file_open
                0x00023340                _IO_new_file_attach
                0x00023340                _IO_file_attach
                0x000233b8                _IO_new_do_write
                0x000233b8                _IO_do_write
                0x000233d4                _IO_file_sync
                0x000233d4                _IO_new_file_sync
                0x0002346c                _IO_file_finish
                0x0002346c                _IO_new_file_finish
                0x000234b4                _IO_new_file_close_it
                0x000234b4                _IO_file_close_it
                0x00023584                _IO_new_file_fopen
                0x00023584                _IO_file_fopen
                0x000238f0                _IO_file_underflow
                0x000238f0                _IO_new_file_underflow
                0x00023ac8                _IO_file_overflow
                0x00023ac8                _IO_new_file_overflow
 .text          0x00023c00     0x1254 /opt/ti-sdk-am335x-evm-07.00.00.00/linux-devkit/sysroots/i686-arago-linux/usr/bin/../arm-linux-gnueabihf/libc/usr/lib/arm-linux-gnueabihf/4.7.3/libc.a(genops.o)
                0x00023db8                _IO_un_link
                0x00023f7c                _IO_link_in
                0x00024120                _IO_least_marker
                0x00024138                _IO_switch_to_main_get_area
                0x00024158                _IO_switch_to_backup_area
                0x00024178                _IO_switch_to_get_mode
                0x000241c0                _IO_free_backup_area
                0x000241f4                __overflow
                0x0002420c                __underflow
                0x00024298                __uflow
                0x0002432c                _IO_setb
                0x00024370                _IO_doallocbuf
                0x000243a8                _IO_default_underflow
                0x000243b0                _IO_default_uflow
                0x000243cc                _IO_default_xsputn
                0x0002443c                _IO_sgetn
                0x00024448                _IO_default_xsgetn
                0x000244a8                _IO_default_setbuf
                0x0002450c                _IO_default_seekpos
                0x00024524                _IO_default_doallocate
                0x0002455c                _IO_old_init
                0x00024594                _IO_no_init
                0x000245cc                _IO_init
                0x000245e4                _IO_default_sync
                0x000245e8                _IO_default_finish
                0x00024638                _IO_default_seekoff
                0x00024644                _IO_sputbackc
                0x00024678                _IO_sungetc
                0x000246a8                _IO_adjust_column
                0x000246d4                _IO_flush_all_lockp
                0x000248bc                _IO_cleanup
                0x000249d8                _IO_flush_all
                0x000249e0                _IO_flush_all_linebuffered
                0x000249e0                _flushlbf
                0x00024b9c                _IO_init_marker
                0x00024bcc                _IO_remove_marker
                0x00024bf0                _IO_marker_difference
                0x00024bf8                _IO_marker_delta
                0x00024c18                _IO_seekmark
                0x00024c78                _IO_unsave_markers
                0x00024c8c                _IO_default_pbackfail
                0x00024d58                _IO_default_seek
                0x00024d64                _IO_default_stat
                0x00024d6c                _IO_default_read
                0x00024d74                _IO_default_write
                0x00024d78                _IO_default_showmanyc
                0x00024d80                _IO_default_imbue
                0x00024d84                _IO_iter_begin
                0x00024d90                _IO_iter_end
                0x00024d94                _IO_iter_next
                0x00024d98                _IO_iter_file
                0x00024d9c                _IO_list_lock
                0x00024de8                _IO_list_unlock
                0x00024e40                _IO_list_resetlock
 .text          0x00024e54        0x0 /opt/ti-sdk-am335x-evm-07.00.00.00/linux-devkit/sysroots/i686-arago-linux/usr/bin/../arm-linux-gnueabihf/libc/usr/lib/arm-linux-gnueabihf/4.7.3/libc.a(stdfiles.o)
 .text          0x00024e54        0x0 /opt/ti-sdk-am335x-evm-07.00.00.00/linux-devkit/sysroots/i686-arago-linux/usr/bin/../arm-linux-gnueabihf/libc/usr/lib/arm-linux-gnueabihf/4.7.3/libc.a(stdio.o)
 .text          0x00024e54      0x44c /opt/ti-sdk-am335x-evm-07.00.00.00/linux-devkit/sysroots/i686-arago-linux/usr/bin/../arm-linux-gnueabihf/libc/usr/lib/arm-linux-gnueabihf/4.7.3/libc.a(strops.o)
                0x00024e54                _IO_str_underflow
                0x00024e8c                _IO_str_finish
                0x00024eb0                _IO_str_pbackfail
                0x00024ed0                _IO_str_overflow
                0x000250d4                _IO_str_seekoff
                0x00025224                _IO_str_init_static_internal
                0x0002526c                _IO_str_init_static
                0x00025274                _IO_str_init_readonly
                0x0002528c                _IO_str_count
 .text          0x000252a0     0x4e80 /opt/ti-sdk-am335x-evm-07.00.00.00/linux-devkit/sysroots/i686-arago-linux/usr/bin/../arm-linux-gnueabihf/libc/usr/lib/arm-linux-gnueabihf/4.7.3/libc.a(malloc.o)
                0x000283e0                __malloc_check_init
                0x000287f0                malloc_set_state
                0x000287f0                __malloc_set_state
                0x00028b74                malloc
                0x00028b74                __malloc
                0x00028b74                __libc_malloc
                0x00028eb0                malloc_get_state
                0x00028eb0                __malloc_get_state
                0x00029018                __cfree
                0x00029018                __free
                0x00029018                __libc_free
                0x00029018                cfree
                0x00029018                free
                0x00029088                __libc_realloc
                0x00029088                realloc
                0x00029088                __realloc
                0x000292a0                __libc_memalign
                0x000292a0                __memalign
                0x000292a0                memalign
                0x00029534                __libc_valloc
                0x00029534                valloc
                0x00029534                __valloc
                0x0002973c                pvalloc
                0x0002973c                __libc_pvalloc
                0x0002973c                __pvalloc
                0x00029954                __calloc
                0x00029954                calloc
                0x00029954                __libc_calloc
                0x00029c78                __malloc_trim
                0x00029c78                malloc_trim
                0x00029e5c                malloc_usable_size
                0x00029e5c                __malloc_usable_size
                0x00029e84                malloc_stats
                0x00029e84                __malloc_stats
                0x00029fcc                __mallinfo
                0x00029fcc                __libc_mallinfo
                0x00029fcc                mallinfo
                0x0002a054                __libc_mallopt
                0x0002a054                mallopt
                0x0002a054                __mallopt
                0x0002a058                __posix_memalign
                0x0002a058                posix_memalign
                0x0002a0a0                malloc_info
 .text          0x0002a120       0x10 /opt/ti-sdk-am335x-evm-07.00.00.00/linux-devkit/sysroots/i686-arago-linux/usr/bin/../arm-linux-gnueabihf/libc/usr/lib/arm-linux-gnueabihf/4.7.3/libc.a(morecore.o)
                0x0002a120                __default_morecore
 .text          0x0002a130       0x20 /opt/ti-sdk-am335x-evm-07.00.00.00/linux-devkit/sysroots/i686-arago-linux/usr/bin/../arm-linux-gnueabihf/libc/usr/lib/arm-linux-gnueabihf/4.7.3/libc.a(strchr.o)
                0x0002a130                index
                0x0002a130                strchr
 .text          0x0002a150       0x18 /opt/ti-sdk-am335x-evm-07.00.00.00/linux-devkit/sysroots/i686-arago-linux/usr/bin/../arm-linux-gnueabihf/libc/usr/lib/arm-linux-gnueabihf/4.7.3/libc.a(strcmp.o)
                0x0002a150                strcmp
 .text          0x0002a168       0x10 /opt/ti-sdk-am335x-evm-07.00.00.00/linux-devkit/sysroots/i686-arago-linux/usr/bin/../arm-linux-gnueabihf/libc/usr/lib/arm-linux-gnueabihf/4.7.3/libc.a(strcpy.o)
                0x0002a168                strcpy
 .text          0x0002a178       0x20 /opt/ti-sdk-am335x-evm-07.00.00.00/linux-devkit/sysroots/i686-arago-linux/usr/bin/../arm-linux-gnueabihf/libc/usr/lib/arm-linux-gnueabihf/4.7.3/libc.a(strdup.o)
                0x0002a178                __strdup
                0x0002a178                strdup
 .text          0x0002a198       0x6c /opt/ti-sdk-am335x-evm-07.00.00.00/linux-devkit/sysroots/i686-arago-linux/usr/bin/../arm-linux-gnueabihf/libc/usr/lib/arm-linux-gnueabihf/4.7.3/libc.a(strerror.o)
                0x0002a198                strerror
 .text          0x0002a204       0xe8 /opt/ti-sdk-am335x-evm-07.00.00.00/linux-devkit/sysroots/i686-arago-linux/usr/bin/../arm-linux-gnueabihf/libc/usr/lib/arm-linux-gnueabihf/4.7.3/libc.a(_strerror.o)
                0x0002a204                __strerror_r
                0x0002a204                strerror_r
 *fill*         0x0002a2ec        0x4 
 .text          0x0002a2f0       0x60 /opt/ti-sdk-am335x-evm-07.00.00.00/linux-devkit/sysroots/i686-arago-linux/usr/bin/../arm-linux-gnueabihf/libc/usr/lib/arm-linux-gnueabihf/4.7.3/libc.a(strlen.o)
                0x0002a2f0                strlen
 .text          0x0002a350       0xc0 /opt/ti-sdk-am335x-evm-07.00.00.00/linux-devkit/sysroots/i686-arago-linux/usr/bin/../arm-linux-gnueabihf/libc/usr/lib/arm-linux-gnueabihf/4.7.3/libc.a(strncmp.o)
                0x0002a350                strncmp
 .text          0x0002a410      0x4d8 /opt/ti-sdk-am335x-evm-07.00.00.00/linux-devkit/sysroots/i686-arago-linux/usr/bin/../arm-linux-gnueabihf/libc/usr/lib/arm-linux-gnueabihf/4.7.3/libc.a(strstr.o)
                0x0002a6c8                strstr
 *fill*         0x0002a8e8        0x8 
 .text          0x0002a8f0       0xa0 /opt/ti-sdk-am335x-evm-07.00.00.00/linux-devkit/sysroots/i686-arago-linux/usr/bin/../arm-linux-gnueabihf/libc/usr/lib/arm-linux-gnueabihf/4.7.3/libc.a(memchr.o)
                0x0002a8f0                memchr
 .text          0x0002a990      0x2cc /opt/ti-sdk-am335x-evm-07.00.00.00/linux-devkit/sysroots/i686-arago-linux/usr/bin/../arm-linux-gnueabihf/libc/usr/lib/arm-linux-gnueabihf/4.7.3/libc.a(memcmp.o)
                0x0002a990                bcmp
                0x0002a990                memcmp
 *fill*         0x0002ac5c        0x4 
 .text          0x0002ac60      0x340 /opt/ti-sdk-am335x-evm-07.00.00.00/linux-devkit/sysroots/i686-arago-linux/usr/bin/../arm-linux-gnueabihf/libc/usr/lib/arm-linux-gnueabihf/4.7.3/libc.a(memmove.o)
                0x0002ac60                memmove
 .text          0x0002afa0       0x80 /opt/ti-sdk-am335x-evm-07.00.00.00/linux-devkit/sysroots/i686-arago-linux/usr/bin/../arm-linux-gnueabihf/libc/usr/lib/arm-linux-gnueabihf/4.7.3/libc.a(memset.o)
                0x0002afa0                memset
 .text          0x0002b020       0x68 /opt/ti-sdk-am335x-evm-07.00.00.00/linux-devkit/sysroots/i686-arago-linux/usr/bin/../arm-linux-gnueabihf/libc/usr/lib/arm-linux-gnueabihf/4.7.3/libc.a(mempcpy.o)
                0x0002b020                mempcpy
                0x0002b020                __mempcpy
 .text          0x0002b088       0x18 /opt/ti-sdk-am335x-evm-07.00.00.00/linux-devkit/sysroots/i686-arago-linux/usr/bin/../arm-linux-gnueabihf/libc/usr/lib/arm-linux-gnueabihf/4.7.3/libc.a(stpcpy.o)
                0x0002b088                stpcpy
                0x0002b088                __stpcpy
 .text          0x0002b0a0       0x2c /opt/ti-sdk-am335x-evm-07.00.00.00/linux-devkit/sysroots/i686-arago-linux/usr/bin/../arm-linux-gnueabihf/libc/usr/lib/arm-linux-gnueabihf/4.7.3/libc.a(strcasecmp_l.o)
                0x0002b0a0                strcasecmp_l
                0x0002b0a0                __strcasecmp_l
 .text          0x0002b0cc       0x30 /opt/ti-sdk-am335x-evm-07.00.00.00/linux-devkit/sysroots/i686-arago-linux/usr/bin/../arm-linux-gnueabihf/libc/usr/lib/arm-linux-gnueabihf/4.7.3/libc.a(strncase_l.o)
                0x0002b0cc                strncasecmp_l
                0x0002b0cc                __strncasecmp_l
 *fill*         0x0002b0fc        0x4 
 .text          0x0002b100      0x330 /opt/ti-sdk-am335x-evm-07.00.00.00/linux-devkit/sysroots/i686-arago-linux/usr/bin/../arm-linux-gnueabihf/libc/usr/lib/arm-linux-gnueabihf/4.7.3/libc.a(memcpy.o)
                0x0002b100                memcpy
 .text          0x0002b430      0x2dc /opt/ti-sdk-am335x-evm-07.00.00.00/linux-devkit/sysroots/i686-arago-linux/usr/bin/../arm-linux-gnueabihf/libc/usr/lib/arm-linux-gnueabihf/4.7.3/libc.a(wordcopy.o)
                0x0002b430                _wordcopy_fwd_aligned
                0x0002b4e0                _wordcopy_fwd_dest_aligned
                0x0002b594                _wordcopy_bwd_aligned
                0x0002b654                _wordcopy_bwd_dest_aligned
 .text          0x0002b70c       0x74 /opt/ti-sdk-am335x-evm-07.00.00.00/linux-devkit/sysroots/i686-arago-linux/usr/bin/../arm-linux-gnueabihf/libc/usr/lib/arm-linux-gnueabihf/4.7.3/libc.a(rawmemchr.o)
                0x0002b70c                __rawmemchr
                0x0002b70c                rawmemchr
 .text          0x0002b780       0x9c /opt/ti-sdk-am335x-evm-07.00.00.00/linux-devkit/sysroots/i686-arago-linux/usr/bin/../arm-linux-gnueabihf/libc/usr/lib/arm-linux-gnueabihf/4.7.3/libc.a(strchrnul.o)
                0x0002b780                __strchrnul
                0x0002b780                strchrnul
 .text          0x0002b81c       0x24 /opt/ti-sdk-am335x-evm-07.00.00.00/linux-devkit/sysroots/i686-arago-linux/usr/bin/../arm-linux-gnueabihf/libc/usr/lib/arm-linux-gnueabihf/4.7.3/libc.a(argz-count.o)
                0x0002b81c                argz_count
                0x0002b81c                __argz_count
 .text          0x0002b840       0x24 /opt/ti-sdk-am335x-evm-07.00.00.00/linux-devkit/sysroots/i686-arago-linux/usr/bin/../arm-linux-gnueabihf/libc/usr/lib/arm-linux-gnueabihf/4.7.3/libc.a(argz-stringify.o)
                0x0002b840                argz_stringify
                0x0002b840                __argz_stringify
 .text          0x0002b864        0x8 /opt/ti-sdk-am335x-evm-07.00.00.00/linux-devkit/sysroots/i686-arago-linux/usr/bin/../arm-linux-gnueabihf/libc/usr/lib/arm-linux-gnueabihf/4.7.3/libc.a(wmempcpy.o)
                0x0002b864                wmempcpy
                0x0002b864                __wmempcpy
 .text          0x0002b86c      0x230 /opt/ti-sdk-am335x-evm-07.00.00.00/linux-devkit/sysroots/i686-arago-linux/usr/bin/../arm-linux-gnueabihf/libc/usr/lib/arm-linux-gnueabihf/4.7.3/libc.a(wcsmbsload.o)
                0x0002b86c                _nl_cleanup_ctype
                0x0002b894                __wcsmbs_getfct
                0x0002b8c4                __wcsmbs_load_conv
                0x0002b9fc                __wcsmbs_clone_conv
                0x0002ba54                __wcsmbs_named_conv
 .text          0x0002ba9c       0x18 /opt/ti-sdk-am335x-evm-07.00.00.00/linux-devkit/sysroots/i686-arago-linux/usr/bin/../arm-linux-gnueabihf/libc/usr/lib/arm-linux-gnueabihf/4.7.3/libc.a(gmtime.o)
                0x0002ba9c                gmtime_r
                0x0002ba9c                __gmtime_r
                0x0002baa4                gmtime
 .text          0x0002bab4       0x18 /opt/ti-sdk-am335x-evm-07.00.00.00/linux-devkit/sysroots/i686-arago-linux/usr/bin/../arm-linux-gnueabihf/libc/usr/lib/arm-linux-gnueabihf/4.7.3/libc.a(localtime.o)
                0x0002bab4                __localtime_r
                0x0002bab4                localtime_r
                0x0002babc                localtime
 *fill*         0x0002bacc        0x4 
 .text          0x0002bad0       0x20 /opt/ti-sdk-am335x-evm-07.00.00.00/linux-devkit/sysroots/i686-arago-linux/usr/bin/../arm-linux-gnueabihf/libc/usr/lib/arm-linux-gnueabihf/4.7.3/libc.a(gettimeofday.o)
                0x0002bad0                __gettimeofday_internal
                0x0002bad0                __gettimeofday
                0x0002bad0                gettimeofday
 .text          0x0002baf0      0xb48 /opt/ti-sdk-am335x-evm-07.00.00.00/linux-devkit/sysroots/i686-arago-linux/usr/bin/../arm-linux-gnueabihf/libc/usr/lib/arm-linux-gnueabihf/4.7.3/libc.a(tzset.o)
                0x0002bd7c                __tzstring
                0x0002bdec                __tzset_parse_tz
                0x0002c37c                __tzname_max
                0x0002c400                __tz_compute
                0x0002c470                __tzset
                0x0002c470                tzset
                0x0002c504                __tz_convert
 .text          0x0002c638      0xdfc /opt/ti-sdk-am335x-evm-07.00.00.00/linux-devkit/sysroots/i686-arago-linux/usr/bin/../arm-linux-gnueabihf/libc/usr/lib/arm-linux-gnueabihf/4.7.3/libc.a(tzfile.o)
                0x0002c638                __tzfile_read
                0x0002ce98                __tzfile_default
                0x0002cfec                __tzfile_compute
 .text          0x0002d434       0x18 /opt/ti-sdk-am335x-evm-07.00.00.00/linux-devkit/sysroots/i686-arago-linux/usr/bin/../arm-linux-gnueabihf/libc/usr/lib/arm-linux-gnueabihf/4.7.3/libc.a(timegm.o)
                0x0002d434                timegm
 .text          0x0002d44c       0x58 /opt/ti-sdk-am335x-evm-07.00.00.00/linux-devkit/sysroots/i686-arago-linux/usr/bin/../arm-linux-gnueabihf/libc/usr/lib/arm-linux-gnueabihf/4.7.3/libc.a(_exit.o)
                0x0002d44c                _Exit
                0x0002d44c                _exit
 .text          0x0002d4a4       0x34 /opt/ti-sdk-am335x-evm-07.00.00.00/linux-devkit/sysroots/i686-arago-linux/usr/bin/../arm-linux-gnueabihf/libc/usr/lib/arm-linux-gnueabihf/4.7.3/libc.a(getpid.o)
                0x0002d4a4                __getpid
                0x0002d4a4                getpid
 .text          0x0002d4d8      0x690 /opt/ti-sdk-am335x-evm-07.00.00.00/linux-devkit/sysroots/i686-arago-linux/usr/bin/../arm-linux-gnueabihf/libc/usr/lib/arm-linux-gnueabihf/4.7.3/libc.a(sysconf.o)
                0x0002d4d8                sysconf
                0x0002d4d8                __sysconf
 .text          0x0002db68      0xbb0 /opt/ti-sdk-am335x-evm-07.00.00.00/linux-devkit/sysroots/i686-arago-linux/usr/bin/../arm-linux-gnueabihf/libc/usr/lib/arm-linux-gnueabihf/4.7.3/libc.a(getopt.o)
                0x0002dc10                _getopt_internal_r
                0x0002e69c                _getopt_internal
                0x0002e6e8                getopt
                0x0002e700                __posix_getopt
 .text          0x0002e718       0x68 /opt/ti-sdk-am335x-evm-07.00.00.00/linux-devkit/sysroots/i686-arago-linux/usr/bin/../arm-linux-gnueabihf/libc/usr/lib/arm-linux-gnueabihf/4.7.3/libc.a(getopt1.o)
                0x0002e718                getopt_long
                0x0002e730                _getopt_long_r
                0x0002e74c                getopt_long_only
                0x0002e764                _getopt_long_only_r
 .text          0x0002e780       0x20 /opt/ti-sdk-am335x-evm-07.00.00.00/linux-devkit/sysroots/i686-arago-linux/usr/bin/../arm-linux-gnueabihf/libc/usr/lib/arm-linux-gnueabihf/4.7.3/libc.a(sched_yield.o)
                0x0002e780                __sched_yield
                0x0002e780                sched_yield
 .text          0x0002e7a0       0x1c /opt/ti-sdk-am335x-evm-07.00.00.00/linux-devkit/sysroots/i686-arago-linux/usr/bin/../arm-linux-gnueabihf/libc/usr/lib/arm-linux-gnueabihf/4.7.3/libc.a(get_child_max.o)
                0x0002e7a0                __get_child_max
 .text          0x0002e7bc        0x0 /opt/ti-sdk-am335x-evm-07.00.00.00/linux-devkit/sysroots/i686-arago-linux/usr/bin/../arm-linux-gnueabihf/libc/usr/lib/arm-linux-gnueabihf/4.7.3/libc.a(environ.o)
 *fill*         0x0002e7bc        0x4 
 .text          0x0002e7c0       0x20 /opt/ti-sdk-am335x-evm-07.00.00.00/linux-devkit/sysroots/i686-arago-linux/usr/bin/../arm-linux-gnueabihf/libc/usr/lib/arm-linux-gnueabihf/4.7.3/libc.a(exit-thread.o)
                0x0002e7c0                __exit_thread
 .text          0x0002e7e0       0x30 /opt/ti-sdk-am335x-evm-07.00.00.00/linux-devkit/sysroots/i686-arago-linux/usr/bin/../arm-linux-gnueabihf/libc/usr/lib/arm-linux-gnueabihf/4.7.3/libc.a(xstat64.o)
                0x0002e7e0                ___xstat64
                0x0002e7e0                __xstat64
 .text          0x0002e810       0x30 /opt/ti-sdk-am335x-evm-07.00.00.00/linux-devkit/sysroots/i686-arago-linux/usr/bin/../arm-linux-gnueabihf/libc/usr/lib/arm-linux-gnueabihf/4.7.3/libc.a(fxstat64.o)
                0x0002e810                ___fxstat64
                0x0002e810                __fxstat64
 .text          0x0002e840       0x90 /opt/ti-sdk-am335x-evm-07.00.00.00/linux-devkit/sysroots/i686-arago-linux/usr/bin/../arm-linux-gnueabihf/libc/usr/lib/arm-linux-gnueabihf/4.7.3/libc.a(read.o)
                0x0002e844                __read_nocancel
                0x0002e860                __read
                0x0002e860                __libc_read
                0x0002e860                read
 .text          0x0002e8d0       0x90 /opt/ti-sdk-am335x-evm-07.00.00.00/linux-devkit/sysroots/i686-arago-linux/usr/bin/../arm-linux-gnueabihf/libc/usr/lib/arm-linux-gnueabihf/4.7.3/libc.a(write.o)
                0x0002e8d4                __write_nocancel
                0x0002e8f0                __write
                0x0002e8f0                write
                0x0002e8f0                __libc_write
 .text          0x0002e960       0x20 /opt/ti-sdk-am335x-evm-07.00.00.00/linux-devkit/sysroots/i686-arago-linux/usr/bin/../arm-linux-gnueabihf/libc/usr/lib/arm-linux-gnueabihf/4.7.3/libc.a(dup.o)
                0x0002e960                __dup
                0x0002e960                dup
 .text          0x0002e980      0x4e8 /opt/ti-sdk-am335x-evm-07.00.00.00/linux-devkit/sysroots/i686-arago-linux/usr/bin/../arm-linux-gnueabihf/libc/usr/lib/arm-linux-gnueabihf/4.7.3/libc.a(getcwd.o)
                0x0002e980                __getcwd
                0x0002e980                getcwd
 .text          0x0002ee68        0x0 /opt/ti-sdk-am335x-evm-07.00.00.00/linux-devkit/sysroots/i686-arago-linux/usr/bin/../arm-linux-gnueabihf/libc/usr/lib/arm-linux-gnueabihf/4.7.3/libc.a(have_o_cloexec.o)
 .text          0x0002ee68      0x1ac /opt/ti-sdk-am335x-evm-07.00.00.00/linux-devkit/sysroots/i686-arago-linux/usr/bin/../arm-linux-gnueabihf/libc/usr/lib/arm-linux-gnueabihf/4.7.3/libc.a(tcsetattr.o)
                0x0002ee68                tcsetattr
 .text          0x0002f014       0xa8 /opt/ti-sdk-am335x-evm-07.00.00.00/linux-devkit/sysroots/i686-arago-linux/usr/bin/../arm-linux-gnueabihf/libc/usr/lib/arm-linux-gnueabihf/4.7.3/libc.a(tcgetattr.o)
                0x0002f014                __tcgetattr
                0x0002f014                tcgetattr
 .text          0x0002f0bc       0x2c /opt/ti-sdk-am335x-evm-07.00.00.00/linux-devkit/sysroots/i686-arago-linux/usr/bin/../arm-linux-gnueabihf/libc/usr/lib/arm-linux-gnueabihf/4.7.3/libc.a(getrlimit.o)
                0x0002f0bc                getrlimit
                0x0002f0bc                __new_getrlimit
                0x0002f0bc                __getrlimit
 .text          0x0002f0e8       0x54 /opt/ti-sdk-am335x-evm-07.00.00.00/linux-devkit/sysroots/i686-arago-linux/usr/bin/../arm-linux-gnueabihf/libc/usr/lib/arm-linux-gnueabihf/4.7.3/libc.a(sbrk.o)
                0x0002f0e8                sbrk
                0x0002f0e8                __sbrk
 *fill*         0x0002f13c        0x4 
 .text          0x0002f140       0x20 /opt/ti-sdk-am335x-evm-07.00.00.00/linux-devkit/sysroots/i686-arago-linux/usr/bin/../arm-linux-gnueabihf/libc/usr/lib/arm-linux-gnueabihf/4.7.3/libc.a(ioctl.o)
                0x0002f140                ioctl
                0x0002f140                __ioctl
 .text          0x0002f160       0x28 /opt/ti-sdk-am335x-evm-07.00.00.00/linux-devkit/sysroots/i686-arago-linux/usr/bin/../arm-linux-gnueabihf/libc/usr/lib/arm-linux-gnueabihf/4.7.3/libc.a(getpagesize.o)
                0x0002f160                getpagesize
                0x0002f160                __getpagesize
 .text          0x0002f188       0x1c /opt/ti-sdk-am335x-evm-07.00.00.00/linux-devkit/sysroots/i686-arago-linux/usr/bin/../arm-linux-gnueabihf/libc/usr/lib/arm-linux-gnueabihf/4.7.3/libc.a(getdtsz.o)
                0x0002f188                __getdtablesize
                0x0002f188                getdtablesize
 .text          0x0002f1a4      0x66c /opt/ti-sdk-am335x-evm-07.00.00.00/linux-devkit/sysroots/i686-arago-linux/usr/bin/../arm-linux-gnueabihf/libc/usr/lib/arm-linux-gnueabihf/4.7.3/libc.a(syslog.o)
                0x0002f350                __vsyslog_chk
                0x0002f6c8                __syslog_chk
                0x0002f6e8                __syslog
                0x0002f6e8                syslog
                0x0002f70c                __vsyslog
                0x0002f70c                vsyslog
                0x0002f720                openlog
                0x0002f78c                closelog
                0x0002f800                setlogmask
 .text          0x0002f810       0x30 /opt/ti-sdk-am335x-evm-07.00.00.00/linux-devkit/sysroots/i686-arago-linux/usr/bin/../arm-linux-gnueabihf/libc/usr/lib/arm-linux-gnueabihf/4.7.3/libc.a(syscall.o)
                0x0002f810                syscall
 .text          0x0002f840       0x50 /opt/ti-sdk-am335x-evm-07.00.00.00/linux-devkit/sysroots/i686-arago-linux/usr/bin/../arm-linux-gnueabihf/libc/usr/lib/arm-linux-gnueabihf/4.7.3/libc.a(mmap.o)
                0x0002f840                __mmap
                0x0002f840                mmap
 .text          0x0002f890       0x60 /opt/ti-sdk-am335x-evm-07.00.00.00/linux-devkit/sysroots/i686-arago-linux/usr/bin/../arm-linux-gnueabihf/libc/usr/lib/arm-linux-gnueabihf/4.7.3/libc.a(mmap64.o)
                0x0002f890                __mmap64
                0x0002f890                mmap64
 .text          0x0002f8f0       0x20 /opt/ti-sdk-am335x-evm-07.00.00.00/linux-devkit/sysroots/i686-arago-linux/usr/bin/../arm-linux-gnueabihf/libc/usr/lib/arm-linux-gnueabihf/4.7.3/libc.a(munmap.o)
                0x0002f8f0                munmap
                0x0002f8f0                __munmap
 .text          0x0002f910       0x20 /opt/ti-sdk-am335x-evm-07.00.00.00/linux-devkit/sysroots/i686-arago-linux/usr/bin/../arm-linux-gnueabihf/libc/usr/lib/arm-linux-gnueabihf/4.7.3/libc.a(mprotect.o)
                0x0002f910                __mprotect
                0x0002f910                mprotect
 .text          0x0002f930       0x20 /opt/ti-sdk-am335x-evm-07.00.00.00/linux-devkit/sysroots/i686-arago-linux/usr/bin/../arm-linux-gnueabihf/libc/usr/lib/arm-linux-gnueabihf/4.7.3/libc.a(madvise.o)
                0x0002f930                madvise
 .text          0x0002f950      0x4c4 /opt/ti-sdk-am335x-evm-07.00.00.00/linux-devkit/sysroots/i686-arago-linux/usr/bin/../arm-linux-gnueabihf/libc/usr/lib/arm-linux-gnueabihf/4.7.3/libc.a(tsearch.o)
                0x0002fa98                tsearch
                0x0002fa98                __tsearch
                0x0002fb48                tfind
                0x0002fb48                __tfind
                0x0002fb70                tdelete
                0x0002fb70                __tdelete
                0x0002fdfc                __twalk
                0x0002fdfc                twalk
                0x0002fe0c                __tdestroy
                0x0002fe0c                tdestroy
 .text          0x0002fe14      0x4dc /opt/ti-sdk-am335x-evm-07.00.00.00/linux-devkit/sysroots/i686-arago-linux/usr/bin/../arm-linux-gnueabihf/libc/usr/lib/arm-linux-gnueabihf/4.7.3/libc.a(getsysstats.o)
                0x00030048                __get_nprocs
                0x00030048                get_nprocs
                0x00030260                __get_nprocs_conf
                0x00030260                get_nprocs_conf
                0x000302d8                get_phys_pages
                0x000302d8                __get_phys_pages
                0x000302e4                get_avphys_pages
                0x000302e4                __get_avphys_pages
 .text          0x000302f0       0x10 /opt/ti-sdk-am335x-evm-07.00.00.00/linux-devkit/sysroots/i686-arago-linux/usr/bin/../arm-linux-gnueabihf/libc/usr/lib/arm-linux-gnueabihf/4.7.3/libc.a(getclktck.o)
                0x000302f0                __getclktck
 .text          0x00030300       0x28 /opt/ti-sdk-am335x-evm-07.00.00.00/linux-devkit/sysroots/i686-arago-linux/usr/bin/../arm-linux-gnueabihf/libc/usr/lib/arm-linux-gnueabihf/4.7.3/libc.a(init-misc.o)
                0x00030300                __init_misc
 .text          0x00030328       0x3c /opt/ti-sdk-am335x-evm-07.00.00.00/linux-devkit/sysroots/i686-arago-linux/usr/bin/../arm-linux-gnueabihf/libc/usr/lib/arm-linux-gnueabihf/4.7.3/libc.a(llseek.o)
                0x00030328                __llseek
                0x00030328                __lseek64
                0x00030328                __libc_lseek64
                0x00030328                llseek
                0x00030328                lseek64
 *fill*         0x00030364        0xc 
 .text          0x00030370       0x20 /opt/ti-sdk-am335x-evm-07.00.00.00/linux-devkit/sysroots/i686-arago-linux/usr/bin/../arm-linux-gnueabihf/libc/usr/lib/arm-linux-gnueabihf/4.7.3/libc.a(mremap.o)
                0x00030370                mremap
                0x00030370                __mremap
 .text          0x00030390       0x90 /opt/ti-sdk-am335x-evm-07.00.00.00/linux-devkit/sysroots/i686-arago-linux/usr/bin/../arm-linux-gnueabihf/libc/usr/lib/arm-linux-gnueabihf/4.7.3/libc.a(connect.o)
                0x00030394                __connect_nocancel
                0x000303b0                connect
                0x000303b0                __connect_internal
                0x000303b0                __connect
                0x000303b0                __libc_connect
 .text          0x00030420       0x90 /opt/ti-sdk-am335x-evm-07.00.00.00/linux-devkit/sysroots/i686-arago-linux/usr/bin/../arm-linux-gnueabihf/libc/usr/lib/arm-linux-gnueabihf/4.7.3/libc.a(send.o)
                0x00030424                __send_nocancel
                0x00030440                send
                0x00030440                __send
                0x00030440                __libc_send
 .text          0x000304b0       0x20 /opt/ti-sdk-am335x-evm-07.00.00.00/linux-devkit/sysroots/i686-arago-linux/usr/bin/../arm-linux-gnueabihf/libc/usr/lib/arm-linux-gnueabihf/4.7.3/libc.a(socket.o)
                0x000304b0                socket
                0x000304b0                __socket
 .text          0x000304d0        0x0 /opt/ti-sdk-am335x-evm-07.00.00.00/linux-devkit/sysroots/i686-arago-linux/usr/bin/../arm-linux-gnueabihf/libc/usr/lib/arm-linux-gnueabihf/4.7.3/libc.a(have_sock_cloexec.o)
 .text          0x000304d0       0x24 /opt/ti-sdk-am335x-evm-07.00.00.00/linux-devkit/sysroots/i686-arago-linux/usr/bin/../arm-linux-gnueabihf/libc/usr/lib/arm-linux-gnueabihf/4.7.3/libc.a(alloca_cutoff.o)
                0x000304d0                __libc_alloca_cutoff
 .text          0x000304f4       0x60 /opt/ti-sdk-am335x-evm-07.00.00.00/linux-devkit/sysroots/i686-arago-linux/usr/bin/../arm-linux-gnueabihf/libc/usr/lib/arm-linux-gnueabihf/4.7.3/libc.a(libc-lowlevellock.o)
                0x000304f4                __lll_lock_wait_private
 .text          0x00030554       0xe4 /opt/ti-sdk-am335x-evm-07.00.00.00/linux-devkit/sysroots/i686-arago-linux/usr/bin/../arm-linux-gnueabihf/libc/usr/lib/arm-linux-gnueabihf/4.7.3/libc.a(libc-cancellation.o)
                0x00030554                __libc_enable_asynccancel
                0x000305d4                __libc_disable_asynccancel
 .text          0x00030638      0x11c /opt/ti-sdk-am335x-evm-07.00.00.00/linux-devkit/sysroots/i686-arago-linux/usr/bin/../arm-linux-gnueabihf/libc/usr/lib/arm-linux-gnueabihf/4.7.3/libc.a(register-atfork.o)
                0x00030638                __linkin_atfork
                0x00030664                __register_atfork
 .text          0x00030754        0x0 /opt/ti-sdk-am335x-evm-07.00.00.00/linux-devkit/sysroots/i686-arago-linux/usr/bin/../arm-linux-gnueabihf/libc/usr/lib/arm-linux-gnueabihf/4.7.3/libc.a(libc_multiple_threads.o)
 .text          0x00030754      0x12c /opt/ti-sdk-am335x-evm-07.00.00.00/linux-devkit/sysroots/i686-arago-linux/usr/bin/../arm-linux-gnueabihf/libc/usr/lib/arm-linux-gnueabihf/4.7.3/libc.a(vfprintf_chk.o)
                0x00030754                ___vfprintf_chk
                0x00030754                __vfprintf_chk
 .text          0x00030880       0x90 /opt/ti-sdk-am335x-evm-07.00.00.00/linux-devkit/sysroots/i686-arago-linux/usr/bin/../arm-linux-gnueabihf/libc/usr/lib/arm-linux-gnueabihf/4.7.3/libc.a(backtrace.o)
                0x000308c8                backtrace
                0x000308c8                __backtrace
 .text          0x00030910      0x1e0 /opt/ti-sdk-am335x-evm-07.00.00.00/linux-devkit/sysroots/i686-arago-linux/usr/bin/../arm-linux-gnueabihf/libc/usr/lib/arm-linux-gnueabihf/4.7.3/libc.a(backtracesymsfd.o)
                0x00030910                __backtrace_symbols_fd
                0x00030910                backtrace_symbols_fd
 .text          0x00030af0      0x4cc /opt/ti-sdk-am335x-evm-07.00.00.00/linux-devkit/sysroots/i686-arago-linux/usr/bin/../arm-linux-gnueabihf/libc/usr/lib/arm-linux-gnueabihf/4.7.3/libc.a(dl-support.o)
                0x00030af0                _dl_aux_init
                0x00030d7c                _dl_non_dynamic_init
                0x00030fa0                _dl_important_hwcaps
 .text          0x00030fbc      0x25c /opt/ti-sdk-am335x-evm-07.00.00.00/linux-devkit/sysroots/i686-arago-linux/usr/bin/../arm-linux-gnueabihf/libc/usr/lib/arm-linux-gnueabihf/4.7.3/libc.a(dl-addr.o)
                0x00030fbc                _dl_addr_inside_object
                0x00030ff4                _dl_addr
 .text          0x00031218       0x3c /opt/ti-sdk-am335x-evm-07.00.00.00/linux-devkit/sysroots/i686-arago-linux/usr/bin/../arm-linux-gnueabihf/libc/usr/lib/arm-linux-gnueabihf/4.7.3/libc.a(enbl-secure.o)
                0x00031218                __libc_init_secure
 .text          0x00031254       0xa4 /opt/ti-sdk-am335x-evm-07.00.00.00/linux-devkit/sysroots/i686-arago-linux/usr/bin/../arm-linux-gnueabihf/libc/usr/lib/arm-linux-gnueabihf/4.7.3/libc.a(dl-sysdep.o)
                0x00031254                _dl_discover_osversion
 .text          0x000312f8       0x6c /opt/ti-sdk-am335x-evm-07.00.00.00/linux-devkit/sysroots/i686-arago-linux/usr/bin/../arm-linux-gnueabihf/libc/usr/lib/arm-linux-gnueabihf/4.7.3/libc.a(init-first.o)
                0x000312f8                __libc_init_first
                0x0003135c                _dl_start
 *fill*         0x00031364        0xc 
 .text          0x00031370       0x30 /opt/ti-sdk-am335x-evm-07.00.00.00/linux-devkit/sysroots/i686-arago-linux/usr/bin/../arm-linux-gnueabihf/libc/usr/lib/arm-linux-gnueabihf/4.7.3/libc.a(sysdep.o)
                0x00031370                __syscall_error
 .text          0x000313a0      0x548 /opt/ti-sdk-am335x-evm-07.00.00.00/linux-devkit/sysroots/i686-arago-linux/usr/bin/../arm-linux-gnueabihf/libc/usr/lib/arm-linux-gnueabihf/4.7.3/libc.a(gconv_open.o)
                0x000313a0                __gconv_open
 .text          0x000318e8      0x138 /opt/ti-sdk-am335x-evm-07.00.00.00/linux-devkit/sysroots/i686-arago-linux/usr/bin/../arm-linux-gnueabihf/libc/usr/lib/arm-linux-gnueabihf/4.7.3/libc.a(gconv.o)
                0x000318e8                __gconv
 .text          0x00031a20       0x60 /opt/ti-sdk-am335x-evm-07.00.00.00/linux-devkit/sysroots/i686-arago-linux/usr/bin/../arm-linux-gnueabihf/libc/usr/lib/arm-linux-gnueabihf/4.7.3/libc.a(gconv_close.o)
                0x00031a20                __gconv_close
 .text          0x00031a80      0x9e0 /opt/ti-sdk-am335x-evm-07.00.00.00/linux-devkit/sysroots/i686-arago-linux/usr/bin/../arm-linux-gnueabihf/libc/usr/lib/arm-linux-gnueabihf/4.7.3/libc.a(gconv_db.o)
                0x00031a80                __gconv_alias_compare
                0x00031ad0                __gconv_get_modules_db
                0x00031adc                __gconv_get_alias_db
                0x00031ae8                __gconv_release_step
                0x00032138                __gconv_compare_alias
                0x000321a8                __gconv_find_transform
                0x000323c0                __gconv_close_transform
 .text          0x00032460      0x8c0 /opt/ti-sdk-am335x-evm-07.00.00.00/linux-devkit/sysroots/i686-arago-linux/usr/bin/../arm-linux-gnueabihf/libc/usr/lib/arm-linux-gnueabihf/4.7.3/libc.a(gconv_conf.o)
                0x00032798                __gconv_get_path
                0x00032a34                __gconv_read_conf
 .text          0x00032d20       0x88 /opt/ti-sdk-am335x-evm-07.00.00.00/linux-devkit/sysroots/i686-arago-linux/usr/bin/../arm-linux-gnueabihf/libc/usr/lib/arm-linux-gnueabihf/4.7.3/libc.a(gconv_builtin.o)
                0x00032d20                __gconv_get_builtin_trans
 .text          0x00032da8     0x3dd4 /opt/ti-sdk-am335x-evm-07.00.00.00/linux-devkit/sysroots/i686-arago-linux/usr/bin/../arm-linux-gnueabihf/libc/usr/lib/arm-linux-gnueabihf/4.7.3/libc.a(gconv_simple.o)
                0x00032da8                __gconv_btwoc_ascii
                0x00032db8                __gconv_transform_internal_ucs4
                0x00033108                __gconv_transform_ucs4_internal
                0x00033508                __gconv_transform_internal_ucs4le
                0x00033848                __gconv_transform_ucs4le_internal
                0x00033cb0                __gconv_transform_ascii_internal
                0x00033edc                __gconv_transform_internal_ascii
                0x00034414                __gconv_transform_internal_utf8
                0x00034b8c                __gconv_transform_utf8_internal
                0x00035464                __gconv_transform_ucs2_internal
                0x00035908                __gconv_transform_internal_ucs2
                0x00036008                __gconv_transform_ucs2reverse_internal
                0x0003646c                __gconv_transform_internal_ucs2reverse
 .text          0x00036b7c      0x4d8 /opt/ti-sdk-am335x-evm-07.00.00.00/linux-devkit/sysroots/i686-arago-linux/usr/bin/../arm-linux-gnueabihf/libc/usr/lib/arm-linux-gnueabihf/4.7.3/libc.a(gconv_trans.o)
                0x00036c08                __gconv_transliterate
                0x00036e74                __gconv_translit_find
 .text          0x00037054      0x550 /opt/ti-sdk-am335x-evm-07.00.00.00/linux-devkit/sysroots/i686-arago-linux/usr/bin/../arm-linux-gnueabihf/libc/usr/lib/arm-linux-gnueabihf/4.7.3/libc.a(gconv_cache.o)
                0x00037144                __gconv_get_cache
                0x00037150                __gconv_load_cache
                0x00037290                __gconv_compare_alias_cache
                0x000372dc                __gconv_lookup_cache
                0x00037594                __gconv_release_cache
 .text          0x000375a4      0x17c /opt/ti-sdk-am335x-evm-07.00.00.00/linux-devkit/sysroots/i686-arago-linux/usr/bin/../arm-linux-gnueabihf/libc/usr/lib/arm-linux-gnueabihf/4.7.3/libc.a(gconv_dl.o)
                0x00037608                __gconv_release_shlib
                0x00037620                __gconv_find_shlib
 .text          0x00037720        0x0 /opt/ti-sdk-am335x-evm-07.00.00.00/linux-devkit/sysroots/i686-arago-linux/usr/bin/../arm-linux-gnueabihf/libc/usr/lib/arm-linux-gnueabihf/4.7.3/libc.a(catnames.o)
 .text          0x00037720      0x588 /opt/ti-sdk-am335x-evm-07.00.00.00/linux-devkit/sysroots/i686-arago-linux/usr/bin/../arm-linux-gnueabihf/libc/usr/lib/arm-linux-gnueabihf/4.7.3/libc.a(setlocale.o)
                0x00037894                setlocale
 .text          0x00037ca8      0x38c /opt/ti-sdk-am335x-evm-07.00.00.00/linux-devkit/sysroots/i686-arago-linux/usr/bin/../arm-linux-gnueabihf/libc/usr/lib/arm-linux-gnueabihf/4.7.3/libc.a(findlocale.o)
                0x00037ca8                _nl_find_locale
                0x00038000                _nl_remove_locale
 .text          0x00038034      0x498 /opt/ti-sdk-am335x-evm-07.00.00.00/linux-devkit/sysroots/i686-arago-linux/usr/bin/../arm-linux-gnueabihf/libc/usr/lib/arm-linux-gnueabihf/4.7.3/libc.a(loadlocale.o)
                0x00038034                _nl_intern_locale_data
                0x00038260                _nl_load_locale
                0x00038490                _nl_unload_locale
 .text          0x000384cc      0x694 /opt/ti-sdk-am335x-evm-07.00.00.00/linux-devkit/sysroots/i686-arago-linux/usr/bin/../arm-linux-gnueabihf/libc/usr/lib/arm-linux-gnueabihf/4.7.3/libc.a(loadarchive.o)
                0x000384d4                _nl_load_locale_from_archive
 .text          0x00038b60        0x0 /opt/ti-sdk-am335x-evm-07.00.00.00/linux-devkit/sysroots/i686-arago-linux/usr/bin/../arm-linux-gnueabihf/libc/usr/lib/arm-linux-gnueabihf/4.7.3/libc.a(C-ctype.o)
 .text          0x00038b60        0x0 /opt/ti-sdk-am335x-evm-07.00.00.00/linux-devkit/sysroots/i686-arago-linux/usr/bin/../arm-linux-gnueabihf/libc/usr/lib/arm-linux-gnueabihf/4.7.3/libc.a(SYS_libc.o)
 .text          0x00038b60        0x0 /opt/ti-sdk-am335x-evm-07.00.00.00/linux-devkit/sysroots/i686-arago-linux/usr/bin/../arm-linux-gnueabihf/libc/usr/lib/arm-linux-gnueabihf/4.7.3/libc.a(C_name.o)
 .text          0x00038b60        0x0 /opt/ti-sdk-am335x-evm-07.00.00.00/linux-devkit/sysroots/i686-arago-linux/usr/bin/../arm-linux-gnueabihf/libc/usr/lib/arm-linux-gnueabihf/4.7.3/libc.a(xlocale.o)
 .text          0x00038b60        0x0 /opt/ti-sdk-am335x-evm-07.00.00.00/linux-devkit/sysroots/i686-arago-linux/usr/bin/../arm-linux-gnueabihf/libc/usr/lib/arm-linux-gnueabihf/4.7.3/libc.a(global-locale.o)
 .text          0x00038b60       0x60 /opt/ti-sdk-am335x-evm-07.00.00.00/linux-devkit/sysroots/i686-arago-linux/usr/bin/../arm-linux-gnueabihf/libc/usr/lib/arm-linux-gnueabihf/4.7.3/libc.a(lc-ctype.o)
                0x00038b60                _nl_postload_ctype
 .text          0x00038bc0        0x0 /opt/ti-sdk-am335x-evm-07.00.00.00/linux-devkit/sysroots/i686-arago-linux/usr/bin/../arm-linux-gnueabihf/libc/usr/lib/arm-linux-gnueabihf/4.7.3/libc.a(C-messages.o)
 .text          0x00038bc0        0x0 /opt/ti-sdk-am335x-evm-07.00.00.00/linux-devkit/sysroots/i686-arago-linux/usr/bin/../arm-linux-gnueabihf/libc/usr/lib/arm-linux-gnueabihf/4.7.3/libc.a(C-monetary.o)
 .text          0x00038bc0        0x0 /opt/ti-sdk-am335x-evm-07.00.00.00/linux-devkit/sysroots/i686-arago-linux/usr/bin/../arm-linux-gnueabihf/libc/usr/lib/arm-linux-gnueabihf/4.7.3/libc.a(C-numeric.o)
 .text          0x00038bc0        0x0 /opt/ti-sdk-am335x-evm-07.00.00.00/linux-devkit/sysroots/i686-arago-linux/usr/bin/../arm-linux-gnueabihf/libc/usr/lib/arm-linux-gnueabihf/4.7.3/libc.a(C-paper.o)
 .text          0x00038bc0        0x0 /opt/ti-sdk-am335x-evm-07.00.00.00/linux-devkit/sysroots/i686-arago-linux/usr/bin/../arm-linux-gnueabihf/libc/usr/lib/arm-linux-gnueabihf/4.7.3/libc.a(C-name.o)
 .text          0x00038bc0        0x0 /opt/ti-sdk-am335x-evm-07.00.00.00/linux-devkit/sysroots/i686-arago-linux/usr/bin/../arm-linux-gnueabihf/libc/usr/lib/arm-linux-gnueabihf/4.7.3/libc.a(C-address.o)
 .text          0x00038bc0        0x0 /opt/ti-sdk-am335x-evm-07.00.00.00/linux-devkit/sysroots/i686-arago-linux/usr/bin/../arm-linux-gnueabihf/libc/usr/lib/arm-linux-gnueabihf/4.7.3/libc.a(C-telephone.o)
 .text          0x00038bc0        0x0 /opt/ti-sdk-am335x-evm-07.00.00.00/linux-devkit/sysroots/i686-arago-linux/usr/bin/../arm-linux-gnueabihf/libc/usr/lib/arm-linux-gnueabihf/4.7.3/libc.a(C-measurement.o)
 .text          0x00038bc0        0x0 /opt/ti-sdk-am335x-evm-07.00.00.00/linux-devkit/sysroots/i686-arago-linux/usr/bin/../arm-linux-gnueabihf/libc/usr/lib/arm-linux-gnueabihf/4.7.3/libc.a(C-identification.o)
 .text          0x00038bc0        0x0 /opt/ti-sdk-am335x-evm-07.00.00.00/linux-devkit/sysroots/i686-arago-linux/usr/bin/../arm-linux-gnueabihf/libc/usr/lib/arm-linux-gnueabihf/4.7.3/libc.a(C-collate.o)
 .text          0x00038bc0       0x18 /opt/ti-sdk-am335x-evm-07.00.00.00/linux-devkit/sysroots/i686-arago-linux/usr/bin/../arm-linux-gnueabihf/libc/usr/lib/arm-linux-gnueabihf/4.7.3/libc.a(localename.o)
                0x00038bc0                __current_locale_name
 .text          0x00038bd8       0x80 /opt/ti-sdk-am335x-evm-07.00.00.00/linux-devkit/sysroots/i686-arago-linux/usr/bin/../arm-linux-gnueabihf/libc/usr/lib/arm-linux-gnueabihf/4.7.3/libc.a(ctype-info.o)
                0x00038bd8                __ctype_b_loc
                0x00038bec                __ctype_toupper_loc
                0x00038c00                __ctype_tolower_loc
                0x00038c18                __ctype_init
 .text          0x00038c58       0x3c /opt/ti-sdk-am335x-evm-07.00.00.00/linux-devkit/sysroots/i686-arago-linux/usr/bin/../arm-linux-gnueabihf/libc/usr/lib/arm-linux-gnueabihf/4.7.3/libc.a(setfpucw.o)
                0x00038c58                __setfpucw
 .text          0x00038c94        0x0 /opt/ti-sdk-am335x-evm-07.00.00.00/linux-devkit/sysroots/i686-arago-linux/usr/bin/../arm-linux-gnueabihf/libc/usr/lib/arm-linux-gnueabihf/4.7.3/libc.a(fpu_control.o)
 *fill*         0x00038c94        0xc 
 .text          0x00038ca0       0x50 /opt/ti-sdk-am335x-evm-07.00.00.00/linux-devkit/sysroots/i686-arago-linux/usr/bin/../arm-linux-gnueabihf/libc/usr/lib/arm-linux-gnueabihf/4.7.3/libc.a(setjmp.o)
                0x00038ca0                __sigsetjmp
 .text          0x00038cf0       0x24 /opt/ti-sdk-am335x-evm-07.00.00.00/linux-devkit/sysroots/i686-arago-linux/usr/bin/../arm-linux-gnueabihf/libc/usr/lib/arm-linux-gnueabihf/4.7.3/libc.a(sigjmp.o)
                0x00038cf0                __sigjmp_save
 .text          0x00038d14       0x50 /opt/ti-sdk-am335x-evm-07.00.00.00/linux-devkit/sysroots/i686-arago-linux/usr/bin/../arm-linux-gnueabihf/libc/usr/lib/arm-linux-gnueabihf/4.7.3/libc.a(add_n.o)
                0x00038d14                __mpn_add_n
 .text          0x00038d64       0x48 /opt/ti-sdk-am335x-evm-07.00.00.00/linux-devkit/sysroots/i686-arago-linux/usr/bin/../arm-linux-gnueabihf/libc/usr/lib/arm-linux-gnueabihf/4.7.3/libc.a(cmp.o)
                0x00038d64                __mpn_cmp
 .text          0x00038dac       0x54 /opt/ti-sdk-am335x-evm-07.00.00.00/linux-devkit/sysroots/i686-arago-linux/usr/bin/../arm-linux-gnueabihf/libc/usr/lib/arm-linux-gnueabihf/4.7.3/libc.a(lshift.o)
                0x00038dac                __mpn_lshift
 .text          0x00038e00       0x48 /opt/ti-sdk-am335x-evm-07.00.00.00/linux-devkit/sysroots/i686-arago-linux/usr/bin/../arm-linux-gnueabihf/libc/usr/lib/arm-linux-gnueabihf/4.7.3/libc.a(rshift.o)
                0x00038e00                __mpn_rshift
 .text          0x00038e48      0x260 /opt/ti-sdk-am335x-evm-07.00.00.00/linux-devkit/sysroots/i686-arago-linux/usr/bin/../arm-linux-gnueabihf/libc/usr/lib/arm-linux-gnueabihf/4.7.3/libc.a(mul.o)
                0x00038e48                __mpn_mul
 .text          0x000390a8       0x6c /opt/ti-sdk-am335x-evm-07.00.00.00/linux-devkit/sysroots/i686-arago-linux/usr/bin/../arm-linux-gnueabihf/libc/usr/lib/arm-linux-gnueabihf/4.7.3/libc.a(mul_1.o)
                0x000390a8                __mpn_mul_1
 .text          0x00039114      0x590 /opt/ti-sdk-am335x-evm-07.00.00.00/linux-devkit/sysroots/i686-arago-linux/usr/bin/../arm-linux-gnueabihf/libc/usr/lib/arm-linux-gnueabihf/4.7.3/libc.a(mul_n.o)
                0x00039114                __mpn_impn_mul_n_basecase
                0x000391c0                __mpn_impn_mul_n
                0x000393e0                __mpn_impn_sqr_n_basecase
                0x00039488                __mpn_impn_sqr_n
                0x00039658                __mpn_mul_n
 .text          0x000396a4       0x50 /opt/ti-sdk-am335x-evm-07.00.00.00/linux-devkit/sysroots/i686-arago-linux/usr/bin/../arm-linux-gnueabihf/libc/usr/lib/arm-linux-gnueabihf/4.7.3/libc.a(sub_n.o)