Archive member included because of file (symbol)

/opt/ti-sdk-am335x-evm-07.00.00.00/linux-devkit/sysroots/i686-arago-linux/usr/bin/../arm-linux-gnueabihf/libc/usr/lib/arm-linux-gnueabihf/4.7.3/libpthread.a(ptw-close.o)
                              release/main.o (close)
/opt/ti-sdk-am335x-evm-07.00.00.00/linux-devkit/sysroots/i686-arago-linux/usr/bin/../arm-linux-gnueabihf/libc/usr/lib/arm-linux-gnueabihf/4.7.3/libpthread.a(ptw-fcntl.o)
                              release/dt78xx_misc.o (fcntl)
/opt/ti-sdk-am335x-evm-07.00.00.00/linux-devkit/sysroots/i686-arago-linux/usr/bin/../arm-linux-gnueabihf/libc/usr/lib/arm-linux-gnueabihf/4.7.3/libpthread.a(ptw-open.o)
                              release/recorder_helpers.o (open)
/opt/ti-sdk-am335x-evm-07.00.00.00/linux-devkit/sysroots/i686-arago-linux/usr/bin/../arm-linux-gnueabihf/libc/usr/lib/arm-linux-gnueabihf/4.7.3/libpthread.a(sigaction.o)
                              release/dt78xx_misc.o (sigaction)
/opt/ti-sdk-am335x-evm-07.00.00.00/linux-devkit/sysroots/i686-arago-linux/usr/bin/../arm-linux-gnueabihf/libc/usr/lib/arm-linux-gnueabihf/4.7.3/libpthread.a(errno-loc.o)
                              release/recorder_helpers.o (__errno_location)
/opt/ti-sdk-am335x-evm-07.00.00.00/linux-devkit/sysroots/i686-arago-linux/usr/bin/../arm-linux-gnueabihf/libc/usr/lib/arm-linux-gnueabihf/4.7.3/libpthread.a(vars.o)
                              /opt/ti-sdk-am335x-evm-07.00.00.00/linux-devkit/sysroots/i686-arago-linux/usr/bin/../arm-linux-gnueabihf/libc/usr/lib/arm-linux-gnueabihf/4.7.3/libpthread.a(ptw-close.o) (__pthread_multiple_threads)
/opt/ti-sdk-am335x-evm-07.00.00.00/linux-devkit/sysroots/i686-arago-linux/usr/bin/../arm-linux-gnueabihf/libc/usr/lib/arm-linux-gnueabihf/4.7.3/libpthread.a(cancellation.o)
                              /opt/ti-sdk-am335x-evm-07.00.00.00/linux-devkit/sysroots/i686-arago-linux/usr/bin/../arm-linux-gnueabihf/libc/usr/lib/arm-linux-gnueabihf/4.7.3/libpthread.a(ptw-close.o) (__pthread_enable_asynccancel)
/opt/ti-sdk-am335x-evm-07.00.00.00/linux-devkit/sysroots/i686-arago-linux/usr/bin/../arm-linux-gnueabihf/libc/usr/lib/arm-linux-gnueabihf/4.7.3/libpthread.a(unwind.o)
                              /opt/ti-sdk-am335x-evm-07.00.00.00/linux-devkit/sysroots/i686-arago-linux/usr/bin/../arm-linux-gnueabihf/libc/usr/lib/arm-linux-gnueabihf/4.7.3/libpthread.a(cancellation.o) (__pthread_unwind)
/opt/ti-sdk-am335x-evm-07.00.00.00/linux-devkit/sysroots/i686-arago-linux/usr/bin/../arm-linux-gnueabihf/libc/usr/lib/arm-linux-gnueabihf/4.7.3/libm.a(s_floor.o)
                              release/sunriset/sunriset.o (floor)
/opt/ti-sdk-am335x-evm-07.00.00.00/linux-devkit/sysroots/i686-arago-linux/usr/bin/../arm-linux-gnueabihf/libc/usr/lib/arm-linux-gnueabihf/4.7.3/libm.a(s_sin.o)
                              release/sunriset/sunriset.o (sin)
/opt/ti-sdk-am335x-evm-07.00.00.00/linux-devkit/sysroots/i686-arago-linux/usr/bin/../arm-linux-gnueabihf/libc/usr/lib/arm-linux-gnueabihf/4.7.3/libm.a(w_acos.o)
                              release/sunriset/sunriset.o (acos)
/opt/ti-sdk-am335x-evm-07.00.00.00/linux-devkit/sysroots/i686-arago-linux/usr/bin/../arm-linux-gnueabihf/libc/usr/lib/arm-linux-gnueabihf/4.7.3/libm.a(w_atan2.o)
                              release/sunriset/sunriset.o (atan2)
/opt/ti-sdk-am335x-evm-07.00.00.00/linux-devkit/sysroots/i686-arago-linux/usr/bin/../arm-linux-gnueabihf/libc/usr/lib/arm-linux-gnueabihf/4.7.3/libm.a(w_sqrt.o)
                              release/sunriset/sunriset.o (sqrt)
/opt/ti-sdk-am335x-evm-07.00.00.00/linux-devkit/sysroots/i686-arago-linux/usr/bin/../arm-linux-gnueabihf/libc/usr/lib/arm-linux-gnueabihf/4.7.3/libm.a(s_sincos.o)
                              release/sunriset/sunriset.o (sincos)
/opt/ti-sdk-am335x-evm-07.00.00.00/linux-devkit/sysroots/i686-arago-linux/usr/bin/../arm-linux-gnueabihf/libc/usr/lib/arm-linux-gnueabihf/4.7.3/libm.a(branred.o)
                              /opt/ti-sdk-am335x-evm-07.00.00.00/linux-devkit/sysroots/i686-arago-linux/usr/bin/../arm-linux-gnueabihf/libc/usr/lib/arm-linux-gnueabihf/4.7.3/libm.a(s_sin.o) (__branred)
/opt/ti-sdk-am335x-evm-07.00.00.00/linux-devkit/sysroots/i686-arago-linux/usr/bin/../arm-linux-gnueabihf/libc/usr/lib/arm-linux-gnueabihf/4.7.3/libm.a(dosincos.o)
                              /opt/ti-sdk-am335x-evm-07.00.00.00/linux-devkit/sysroots/i686-arago-linux/usr/bin/../arm-linux-gnueabihf/libc/usr/lib/arm-linux-gnueabihf/4.7.3/libm.a(s_sin.o) (__dubsin)
/opt/ti-sdk-am335x-evm-07.00.00.00/linux-devkit/sysroots/i686-arago-linux/usr/bin/../arm-linux-gnueabihf/libc/usr/lib/arm-linux-gnueabihf/4.7.3/libm.a(sincos32.o)
                              /opt/ti-sdk-am335x-evm-07.00.00.00/linux-devkit/sysroots/i686-arago-linux/usr/bin/../arm-linux-gnueabihf/libc/usr/lib/arm-linux-gnueabihf/4.7.3/libm.a(s_sin.o) (__mpsin)
[...]
Memory Configuration

Name             Origin             Length             Attributes
*default*        0x00000000         0xffffffff

Linker script and memory map

LOAD /opt/ti-sdk-am335x-evm-07.00.00.00/linux-devkit/sysroots/i686-arago-linux/usr/bin/../arm-linux-gnueabihf/libc/usr/lib/arm-linux-gnueabihf/4.7.3/crt1.o
LOAD /opt/ti-sdk-am335x-evm-07.00.00.00/linux-devkit/sysroots/i686-arago-linux/usr/bin/../arm-linux-gnueabihf/libc/usr/lib/arm-linux-gnueabihf/4.7.3/crti.o
LOAD /opt/ti-sdk-am335x-evm-07.00.00.00/linux-devkit/sysroots/i686-arago-linux/usr/bin/../lib/gcc/arm-linux-gnueabihf/4.7.3/crtbeginT.o
LOAD release/main.o
LOAD release/recorder_helpers.o
LOAD release/dt78xx_aio.o
LOAD release/dt78xx_misc.o
LOAD release/sunriset/sunriset.o
LOAD /opt/ti-sdk-am335x-evm-07.00.00.00/linux-devkit/sysroots/i686-arago-linux/usr/bin/../arm-linux-gnueabihf/libc/usr/lib/arm-linux-gnueabihf/4.7.3/libpthread.a
LOAD example-applications/libsndfile-1.0.28/src/.libs/libsndfile.a
LOAD /opt/ti-sdk-am335x-evm-07.00.00.00/linux-devkit/sysroots/i686-arago-linux/usr/bin/../arm-linux-gnueabihf/libc/usr/lib/arm-linux-gnueabihf/4.7.3/libm.a
START GROUP
LOAD /opt/ti-sdk-am335x-evm-07.00.00.00/linux-devkit/sysroots/i686-arago-linux/usr/bin/../lib/gcc/arm-linux-gnueabihf/4.7.3/libgcc.a
LOAD /opt/ti-sdk-am335x-evm-07.00.00.00/linux-devkit/sysroots/i686-arago-linux/usr/bin/../lib/gcc/arm-linux-gnueabihf/4.7.3/libgcc_eh.a
LOAD /opt/ti-sdk-am335x-evm-07.00.00.00/linux-devkit/sysroots/i686-arago-linux/usr/bin/../arm-linux-gnueabihf/libc/usr/lib/arm-linux-gnueabihf/4.7.3/libc.a
END GROUP
LOAD /opt/ti-sdk-am335x-evm-07.00.00.00/linux-devkit/sysroots/i686-arago-linux/usr/bin/../lib/gcc/arm-linux-gnueabihf/4.7.3/crtend.o
LOAD /opt/ti-sdk-am335x-evm-07.00.00.00/linux-devkit/sysroots/i686-arago-linux/usr/bin/../arm-linux-gnueabihf/libc/usr/lib/arm-linux-gnueabihf/4.7.3/crtn.o
                0x00008000                PROVIDE (__executable_start, 0x8000)
                0x000080f4                . = (0x8000 + SIZEOF_HEADERS)

.interp
 *(.interp)

.note.ABI-tag   0x000080f4       0x20
 .note.ABI-tag  0x000080f4       0x20 /opt/ti-sdk-am335x-evm-07.00.00.00/linux-devkit/sysroots/i686-arago-linux/usr/bin/../arm-linux-gnueabihf/libc/usr/lib/arm-linux-gnueabihf/4.7.3/crt1.o

.note.gnu.build-id
                0x00008114       0x24
 *(.note.gnu.build-id)
 .note.gnu.build-id
                0x00008114       0x24 linker stubs

.hash
 *(.hash)

.gnu.hash
 *(.gnu.hash)

.dynsym
 *(.dynsym)

.dynstr
 *(.dynstr)

.gnu.version
 *(.gnu.version)

.gnu.version_d
 *(.gnu.version_d)

.gnu.version_r
 *(.gnu.version_r)

.rel.dyn        0x00008138        0x0
 *(.rel.init)
 *(.rel.text .rel.text.* .rel.gnu.linkonce.t.*)
 *(.rel.fini)
 *(.rel.rodata .rel.rodata.* .rel.gnu.linkonce.r.*)
 *(.rel.data.rel.ro .rel.data.rel.ro.* .rel.gnu.linkonce.d.rel.ro.*)
 *(.rel.data .rel.data.* .rel.gnu.linkonce.d.*)
 *(.rel.tdata .rel.tdata.* .rel.gnu.linkonce.td.*)
 *(.rel.tbss .rel.tbss.* .rel.gnu.linkonce.tb.*)
 *(.rel.ctors)
 *(.rel.dtors)
 *(.rel.got)
 .rel.got       0x00000000        0x0 /opt/ti-sdk-am335x-evm-07.00.00.00/linux-devkit/sysroots/i686-arago-linux/usr/bin/../arm-linux-gnueabihf/libc/usr/lib/arm-linux-gnueabihf/4.7.3/crt1.o
 *(.rel.bss .rel.bss.* .rel.gnu.linkonce.b.*)
                0x00008138                PROVIDE (__rel_iplt_start, .)
 *(.rel.iplt)
 .rel.iplt      0x00000000        0x0 /opt/ti-sdk-am335x-evm-07.00.00.00/linux-devkit/sysroots/i686-arago-linux/usr/bin/../arm-linux-gnueabihf/libc/usr/lib/arm-linux-gnueabihf/4.7.3/crt1.o
                0x00008138                PROVIDE (__rel_iplt_end, .)
                0x00008138                PROVIDE (__rela_iplt_start, .)
                0x00008138                PROVIDE (__rela_iplt_end, .)

.rela.dyn       0x00008138        0x0
 *(.rela.init)
 *(.rela.text .rela.text.* .rela.gnu.linkonce.t.*)
 *(.rela.fini)
 *(.rela.rodata .rela.rodata.* .rela.gnu.linkonce.r.*)
 *(.rela.data .rela.data.* .rela.gnu.linkonce.d.*)
 *(.rela.tdata .rela.tdata.* .rela.gnu.linkonce.td.*)
 *(.rela.tbss .rela.tbss.* .rela.gnu.linkonce.tb.*)
 *(.rela.ctors)
 *(.rela.dtors)
 *(.rela.got)
 *(.rela.bss .rela.bss.* .rela.gnu.linkonce.b.*)
                0x00008138                PROVIDE (__rel_iplt_start, .)
                0x00008138                PROVIDE (__rel_iplt_end, .)
                0x00008138                PROVIDE (__rela_iplt_start, .)
 *(.rela.iplt)
                0x00008138                PROVIDE (__rela_iplt_end, .)

.rel.plt
 *(.rel.plt)

.rela.plt
 *(.rela.plt)

.init           0x00008138        0xa
 *(SORT(.init))
 .init          0x00008138        0x8 /opt/ti-sdk-am335x-evm-07.00.00.00/linux-devkit/sysroots/i686-arago-linux/usr/bin/../arm-linux-gnueabihf/libc/usr/lib/arm-linux-gnueabihf/4.7.3/crti.o
                0x00008138                _init
 .init          0x00008140        0x2 /opt/ti-sdk-am335x-evm-07.00.00.00/linux-devkit/sysroots/i686-arago-linux/usr/bin/../arm-linux-gnueabihf/libc/usr/lib/arm-linux-gnueabihf/4.7.3/crtn.o

.plt
 *(.plt)

.iplt           0x00008144        0x0
 *(.iplt)
 .iplt          0x00000000        0x0 /opt/ti-sdk-am335x-evm-07.00.00.00/linux-devkit/sysroots/i686-arago-linux/usr/bin/../arm-linux-gnueabihf/libc/usr/lib/arm-linux-gnueabihf/4.7.3/crt1.o

.text           0x00008150    0x543d8
 *(.text.unlikely .text.*_unlikely)
 .text.unlikely
                0x00008150       0x68 /opt/ti-sdk-am335x-evm-07.00.00.00/linux-devkit/sysroots/i686-arago-linux/usr/bin/../arm-linux-gnueabihf/libc/usr/lib/arm-linux-gnueabihf/4.7.3/libc.a(findlocale.o)
 .text.unlikely
                0x000081b8      0x204 /opt/ti-sdk-am335x-evm-07.00.00.00/linux-devkit/sysroots/i686-arago-linux/usr/bin/../arm-linux-gnueabihf/libc/usr/lib/arm-linux-gnueabihf/4.7.3/libc.a(vfprintf.o)
 .text.unlikely
                0x000083bc      0x164 /opt/ti-sdk-am335x-evm-07.00.00.00/linux-devkit/sysroots/i686-arago-linux/usr/bin/../arm-linux-gnueabihf/libc/usr/lib/arm-linux-gnueabihf/4.7.3/libc.a(printf_fp.o)
 .text.unlikely
                0x00008520      0x174 /opt/ti-sdk-am335x-evm-07.00.00.00/linux-devkit/sysroots/i686-arago-linux/usr/bin/../arm-linux-gnueabihf/libc/usr/lib/arm-linux-gnueabihf/4.7.3/libc.a(vfwprintf.o)
 .text.unlikely
                0x00008694      0x1c0 /opt/ti-sdk-am335x-evm-07.00.00.00/linux-devkit/sysroots/i686-arago-linux/usr/bin/../arm-linux-gnueabihf/libc/usr/lib/arm-linux-gnueabihf/4.7.3/libc.a(dl-load.o)
 *(.text.exit .text.exit.*)
 .text.exit     0x00008854        0xc /opt/ti-sdk-am335x-evm-07.00.00.00/linux-devkit/sysroots/i686-arago-linux/usr/bin/../arm-linux-gnueabihf/libc/usr/lib/arm-linux-gnueabihf/4.7.3/libc.a(sdlerror.o)
 *(.text.startup .text.startup.*)
 .text.startup  0x00008860      0x6dc release/main.o
                0x00008860                main
 *(.text.hot .text.hot.*)
 *(.text .stub .text.* .gnu.linkonce.t.*)
 .text          0x00008f3c       0x38 /opt/ti-sdk-am335x-evm-07.00.00.00/linux-devkit/sysroots/i686-arago-linux/usr/bin/../arm-linux-gnueabihf/libc/usr/lib/arm-linux-gnueabihf/4.7.3/crt1.o
                0x00008f3c                _start
 .text          0x00008f74       0x18 /opt/ti-sdk-am335x-evm-07.00.00.00/linux-devkit/sysroots/i686-arago-linux/usr/bin/../arm-linux-gnueabihf/libc/usr/lib/arm-linux-gnueabihf/4.7.3/crti.o
 .text          0x00008f8c       0xb0 /opt/ti-sdk-am335x-evm-07.00.00.00/linux-devkit/sysroots/i686-arago-linux/usr/bin/../lib/gcc/arm-linux-gnueabihf/4.7.3/crtbeginT.o
 .text          0x0000903c       0x14 release/main.o
 .text          0x00009050     0x1780 release/recorder_helpers.o
                0x0000913c                isInStreamEmpty
                0x00009154                isInAIODone
                0x000095b8                getPresentTime
                0x000095e0                setupAIO
                0x00009f94                calcSunUpDown
                0x0000a1b4                armStartStream
                0x0000a274                stopStream
                0x0000a290                writeFile
                0x0000a6dc                closeFile
                0x0000a794                ledIndicators
 .text          0x0000a7d0      0xb68 release/dt78xx_aio.o
                0x0000a7d0                aioWriteQueue
                0x0000a960                aio_wait
                0x0000ab68                aio_start
                0x0000ac08                aio_stop
                0x0000acf0                aio_buff_free
                0x0000ad8c                aio_buff_alloc
                0x0000b09c                aio_create
                0x0000b15c                aio_destroy
                0x0000b210                aio_buff_size
 .text          0x0000b338      0x228 release/dt78xx_misc.o
                0x0000b338                sigaction_register
                0x0000b394                file_sigaction_register
                0x0000b470                kbhit
                0x0000b520                kbfini
 .text          0x0000b560      0x850 release/sunriset/sunriset.o
                0x0000b560                sunpos
                0x0000b6d8                __daylen__
                0x0000b8b8                day_astronomical_twilight_length
                0x0000b8c4                day_nautical_twilight_length
                0x0000b8d0                day_civil_twilight_length
                0x0000b8dc                day_length
                0x0000b8f0                sun_RA_dec
                0x0000b9f0                __sunriset__
                0x0000bc28                astronomical_twilight
                0x0000bc50                nautical_twilight
                0x0000bc78                civil_twilight
                0x0000bca0                sun_rise_set
                0x0000bcd0                revolution
                0x0000bd10                rev180
                0x0000bd58                GMST0
 .text          0x0000bdb0       0xb0 /opt/ti-sdk-am335x-evm-07.00.00.00/linux-devkit/sysroots/i686-arago-linux/usr/bin/../arm-linux-gnueabihf/libc/usr/lib/arm-linux-gnueabihf/4.7.3/libpthread.a(ptw-close.o)
                0x0000bdb4                __close_nocancel
                0x0000bdd0                __libc_close
                0x0000bdd0                __close
                0x0000bdd0                close
 .text          0x0000be60       0xe0 /opt/ti-sdk-am335x-evm-07.00.00.00/linux-devkit/sysroots/i686-arago-linux/usr/bin/../arm-linux-gnueabihf/libc/usr/lib/arm-linux-gnueabihf/4.7.3/libpthread.a(ptw-fcntl.o)
                0x0000be60                __fcntl_nocancel
                0x0000bea4                __libc_fcntl
                0x0000bea4                __fcntl
                0x0000bea4                fcntl
 .text          0x0000bf40       0xb0 /opt/ti-sdk-am335x-evm-07.00.00.00/linux-devkit/sysroots/i686-arago-linux/usr/bin/../arm-linux-gnueabihf/libc/usr/lib/arm-linux-gnueabihf/4.7.3/libpthread.a(ptw-open.o)
                0x0000bf44                __open_nocancel
                0x0000bf60                __open
                0x0000bf60                __libc_open
                0x0000bf60                open
 .text          0x0000bff0       0xd4 /opt/ti-sdk-am335x-evm-07.00.00.00/linux-devkit/sysroots/i686-arago-linux/usr/bin/../arm-linux-gnueabihf/libc/usr/lib/arm-linux-gnueabihf/4.7.3/libpthread.a(sigaction.o)
                0x0000bff0                __libc_sigaction
                0x0000c0a0                sigaction
                0x0000c0a0                __sigaction
 .text          0x0000c0c4       0x14 /opt/ti-sdk-am335x-evm-07.00.00.00/linux-devkit/sysroots/i686-arago-linux/usr/bin/../arm-linux-gnueabihf/libc/usr/lib/arm-linux-gnueabihf/4.7.3/libpthread.a(errno-loc.o)
                0x0000c0c4                __errno_location
 .text          0x0000c0d8        0x0 /opt/ti-sdk-am335x-evm-07.00.00.00/linux-devkit/sysroots/i686-arago-linux/usr/bin/../arm-linux-gnueabihf/libc/usr/lib/arm-linux-gnueabihf/4.7.3/libpthread.a(vars.o)
 .text          0x0000c0d8       0xe4 /opt/ti-sdk-am335x-evm-07.00.00.00/linux-devkit/sysroots/i686-arago-linux/usr/bin/../arm-linux-gnueabihf/libc/usr/lib/arm-linux-gnueabihf/4.7.3/libpthread.a(cancellation.o)
                0x0000c0d8                __pthread_enable_asynccancel
                0x0000c158                __pthread_disable_asynccancel
 .text          0x0000c1bc       0xf8 /opt/ti-sdk-am335x-evm-07.00.00.00/linux-devkit/sysroots/i686-arago-linux/usr/bin/../arm-linux-gnueabihf/libc/usr/lib/arm-linux-gnueabihf/4.7.3/libpthread.a(unwind.o)
                0x0000c274                __pthread_unwind
                0x0000c2a8                __pthread_unwind_next
 *fill*         0x0000c2b4        0x4 
 .text          0x0000c2b8       0xe8 /opt/ti-sdk-am335x-evm-07.00.00.00/linux-devkit/sysroots/i686-arago-linux/usr/bin/../arm-linux-gnueabihf/libc/usr/lib/arm-linux-gnueabihf/4.7.3/libm.a(s_floor.o)
                0x0000c2b8                floor
                0x0000c2b8                __floor
                0x0000c2b8                floorl
                0x0000c2b8                __floorl
 .text          0x0000c3a0     0x2eb8 /opt/ti-sdk-am335x-evm-07.00.00.00/linux-devkit/sysroots/i686-arago-linux/usr/bin/../arm-linux-gnueabihf/libc/usr/lib/arm-linux-gnueabihf/4.7.3/libm.a(s_sin.o)
                0x0000ce60                sinl
                0x0000ce60                __sinl
                0x0000ce60                sin
                0x0000ce60                __sin
                0x0000e3d8                cos
                0x0000e3d8                __cosl
                0x0000e3d8                cosl
                0x0000e3d8                __cos
 .text          0x0000f258       0x54 /opt/ti-sdk-am335x-evm-07.00.00.00/linux-devkit/sysroots/i686-arago-linux/usr/bin/../arm-linux-gnueabihf/libc/usr/lib/arm-linux-gnueabihf/4.7.3/libm.a(w_acos.o)
                0x0000f258                __acosl
                0x0000f258                __acos
                0x0000f258                acosl
                0x0000f258                acos
 .text          0x0000f2ac       0x3c /opt/ti-sdk-am335x-evm-07.00.00.00/linux-devkit/sysroots/i686-arago-linux/usr/bin/../arm-linux-gnueabihf/libc/usr/lib/arm-linux-gnueabihf/4.7.3/libm.a(w_atan2.o)
                0x0000f2ac                __atan2l
                0x0000f2ac                atan2l
                0x0000f2ac                __atan2
                0x0000f2ac                atan2
 .text          0x0000f2e8       0x28 /opt/ti-sdk-am335x-evm-07.00.00.00/linux-devkit/sysroots/i686-arago-linux/usr/bin/../arm-linux-gnueabihf/libc/usr/lib/arm-linux-gnueabihf/4.7.3/libm.a(w_sqrt.o)
                0x0000f2e8                sqrt
                0x0000f2e8                sqrtl
                0x0000f2e8                __sqrt
                0x0000f2e8                __sqrtl
 .text          0x0000f310       0x4c /opt/ti-sdk-am335x-evm-07.00.00.00/linux-devkit/sysroots/i686-arago-linux/usr/bin/../arm-linux-gnueabihf/libc/usr/lib/arm-linux-gnueabihf/4.7.3/libm.a(s_sincos.o)
                0x0000f310                __sincos
                0x0000f310                sincos
                0x0000f310                __sincosl
                0x0000f310                sincosl
 *fill*         0x0000f35c        0x4 
 .text          0x0000f360      0x370 /opt/ti-sdk-am335x-evm-07.00.00.00/linux-devkit/sysroots/i686-arago-linux/usr/bin/../arm-linux-gnueabihf/libc/usr/lib/arm-linux-gnueabihf/4.7.3/libm.a(branred.o)
                0x0000f360                __branred
 .text          0x0000f6d0     0x1148 /opt/ti-sdk-am335x-evm-07.00.00.00/linux-devkit/sysroots/i686-arago-linux/usr/bin/../arm-linux-gnueabihf/libc/usr/lib/arm-linux-gnueabihf/4.7.3/libm.a(dosincos.o)
                0x0000f6d0                __dubsin
                0x0000fefc                __dubcos
                0x0001071c                __docos
 .text          0x00010818      0x840 /opt/ti-sdk-am335x-evm-07.00.00.00/linux-devkit/sysroots/i686-arago-linux/usr/bin/../arm-linux-gnueabihf/libc/usr/lib/arm-linux-gnueabihf/4.7.3/libm.a(sincos32.o)
                0x00010818                __c32
                0x00010a80                __sin32
                0x00010b54                __cos32
                0x00010c68                __mpsin
                0x00010cf4                __mpcos
                0x00010d84                __mpranred
                0x00010f6c                __mpsin1
                0x00010fe0                __mpcos1
 .text          0x00011058        0x0 /opt/ti-sdk-am335x-evm-07.00.00.00/linux-devkit/sysroots/i686-arago-linux/usr/bin/../arm-linux-gnueabihf/libc/usr/lib/arm-linux-gnueabihf/4.7.3/libm.a(sincostab.o)
 .text          0x00011058     0x2240 /opt/ti-sdk-am335x-evm-07.00.00.00/linux-devkit/sysroots/i686-arago-linux/usr/bin/../arm-linux-gnueabihf/libc/usr/lib/arm-linux-gnueabihf/4.7.3/libm.a(k_standard.o)
                0x00011058                __kernel_standard
                0x00013284                __kernel_standard_f
 .text          0x00013298        0x0 /opt/ti-sdk-am335x-evm-07.00.00.00/linux-devkit/sysroots/i686-arago-linux/usr/bin/../arm-linux-gnueabihf/libc/usr/lib/arm-linux-gnueabihf/4.7.3/libm.a(s_lib_version.o)
 .text          0x00013298        0x4 /opt/ti-sdk-am335x-evm-07.00.00.00/linux-devkit/sysroots/i686-arago-linux/usr/bin/../arm-linux-gnueabihf/libc/usr/lib/arm-linux-gnueabihf/4.7.3/libm.a(s_matherr.o)
                0x00013298                __matherr
                0x00013298                matherr
 .text          0x0001329c       0xc0 /opt/ti-sdk-am335x-evm-07.00.00.00/linux-devkit/sysroots/i686-arago-linux/usr/bin/../arm-linux-gnueabihf/libc/usr/lib/arm-linux-gnueabihf/4.7.3/libm.a(fraiseexcpt.o)
                0x0001329c                feraiseexcept
 *fill*         0x0001335c        0x4 
 .text          0x00013360     0x1d40 /opt/ti-sdk-am335x-evm-07.00.00.00/linux-devkit/sysroots/i686-arago-linux/usr/bin/../arm-linux-gnueabihf/libc/usr/lib/arm-linux-gnueabihf/4.7.3/libm.a(e_asin.o)
                0x00013360                __asin_finite
                0x00013360                __ieee754_asin
                0x000140ec                __acos_finite
                0x000140ec                __ieee754_acos
 .text          0x000150a0     0x30b8 /opt/ti-sdk-am335x-evm-07.00.00.00/linux-devkit/sysroots/i686-arago-linux/usr/bin/../arm-linux-gnueabihf/libc/usr/lib/arm-linux-gnueabihf/4.7.3/libm.a(e_atan2.o)
                0x000151f8                __ieee754_atan2
                0x000151f8                __atan2_finite
 .text          0x00018158      0x1f8 /opt/ti-sdk-am335x-evm-07.00.00.00/linux-devkit/sysroots/i686-arago-linux/usr/bin/../arm-linux-gnueabihf/libc/usr/lib/arm-linux-gnueabihf/4.7.3/libm.a(e_sqrt.o)
                0x00018158                __sqrt_finite
                0x00018158                __ieee754_sqrt
 .text          0x00018350      0x104 /opt/ti-sdk-am335x-evm-07.00.00.00/linux-devkit/sysroots/i686-arago-linux/usr/bin/../arm-linux-gnueabihf/libc/usr/lib/arm-linux-gnueabihf/4.7.3/libm.a(s_rint.o)
                0x00018350                rintl
                0x00018350                rint
                0x00018350                __rintl
                0x00018350                __rint
 *fill*         0x00018454        0x4 
 .text          0x00018458      0x508 /opt/ti-sdk-am335x-evm-07.00.00.00/linux-devkit/sysroots/i686-arago-linux/usr/bin/../arm-linux-gnueabihf/libc/usr/lib/arm-linux-gnueabihf/4.7.3/libm.a(doasin.o)
                0x00018458                __doasin
 .text          0x00018960      0xda4 /opt/ti-sdk-am335x-evm-07.00.00.00/linux-devkit/sysroots/i686-arago-linux/usr/bin/../arm-linux-gnueabihf/libc/usr/lib/arm-linux-gnueabihf/4.7.3/libm.a(mpa.o)
                0x00018f20                __acr
                0x00018fbc                __cpy
                0x00018fdc                __mp_dbl
                0x000191ac                __dbl_mp
                0x000192d0                __add
                0x000193c8                __sub
                0x000194d4                __mul
                0x00019610                __dvd
 .text          0x00019704       0xdc /opt/ti-sdk-am335x-evm-07.00.00.00/linux-devkit/sysroots/i686-arago-linux/usr/bin/../arm-linux-gnueabihf/libc/usr/lib/arm-linux-gnueabihf/4.7.3/libm.a(mpatan2.o)
                0x00019704                __mpatan2
 .text          0x000197e0      0x258 /opt/ti-sdk-am335x-evm-07.00.00.00/linux-devkit/sysroots/i686-arago-linux/usr/bin/../arm-linux-gnueabihf/libc/usr/lib/arm-linux-gnueabihf/4.7.3/libm.a(mpatan.o)
                0x000197e0                __mpatan
 .text          0x00019a38      0x1d0 /opt/ti-sdk-am335x-evm-07.00.00.00/linux-devkit/sysroots/i686-arago-linux/usr/bin/../arm-linux-gnueabihf/libc/usr/lib/arm-linux-gnueabihf/4.7.3/libm.a(mpsqrt.o)
                0x00019a38                __mpsqrt
 .text          0x00019c08      0x2b0 /opt/ti-sdk-am335x-evm-07.00.00.00/linux-devkit/sysroots/i686-arago-linux/usr/bin/../lib/gcc/arm-linux-gnueabihf/4.7.3/libgcc.a(_divsi3.o)
                0x00019c08                __aeabi_idiv
                0x00019c08                __divsi3
                0x00019e9c                __aeabi_idivmod
 .text          0x00019eb8        0xc /opt/ti-sdk-am335x-evm-07.00.00.00/linux-devkit/sysroots/i686-arago-linux/usr/bin/../lib/gcc/arm-linux-gnueabihf/4.7.3/libgcc.a(_dvmd_lnx.o)
                0x00019eb8                __aeabi_ldiv0
                0x00019eb8                __aeabi_idiv0
 .text          0x00019ec4      0xa4c /opt/ti-sdk-am335x-evm-07.00.00.00/linux-devkit/sysroots/i686-arago-linux/usr/bin/../lib/gcc/arm-linux-gnueabihf/4.7.3/libgcc_eh.a(unwind-arm.o)
                0x0001a1ac                _Unwind_GetCFA
                0x0001a1b0                __gnu_Unwind_RaiseException
                0x0001a210                __gnu_Unwind_ForcedUnwind
                0x0001a228                __gnu_Unwind_Resume
                0x0001a26c                __gnu_Unwind_Resume_or_Rethrow
                0x0001a284                _Unwind_Complete
                0x0001a288                _Unwind_DeleteException
                0x0001a298                _Unwind_VRS_Get
                0x0001a2e4                _Unwind_VRS_Set
                0x0001a620                __aeabi_unwind_cpp_pr2
                0x0001a628                __aeabi_unwind_cpp_pr1
                0x0001a630                __aeabi_unwind_cpp_pr0
                0x0001a638                __gnu_Unwind_Backtrace
                0x0001a6a8                _Unwind_VRS_Pop
 .text          0x0001a910      0x1ac /opt/ti-sdk-am335x-evm-07.00.00.00/linux-devkit/sysroots/i686-arago-linux/usr/bin/../lib/gcc/arm-linux-gnueabihf/4.7.3/libgcc_eh.a(libunwind.o)
                0x0001a910                __restore_core_regs
                0x0001a910                restore_core_regs
                0x0001a928                __gnu_Unwind_Restore_VFP
                0x0001a930                __gnu_Unwind_Save_VFP
                0x0001a938                __gnu_Unwind_Restore_VFP_D
                0x0001a940                __gnu_Unwind_Save_VFP_D
                0x0001a948                __gnu_Unwind_Restore_VFP_D_16_to_31
                0x0001a950                __gnu_Unwind_Save_VFP_D_16_to_31
                0x0001a958                __gnu_Unwind_Restore_WMMXD
                0x0001a99c                __gnu_Unwind_Save_WMMXD
                0x0001a9e0                __gnu_Unwind_Restore_WMMXC
                0x0001a9f4                __gnu_Unwind_Save_WMMXC
                0x0001aa08                ___Unwind_RaiseException
                0x0001aa08                _Unwind_RaiseException
                0x0001aa2c                ___Unwind_Resume
                0x0001aa2c                _Unwind_Resume
                0x0001aa50                _Unwind_Resume_or_Rethrow
                0x0001aa50                ___Unwind_Resume_or_Rethrow
                0x0001aa74                ___Unwind_ForcedUnwind
                0x0001aa74                _Unwind_ForcedUnwind
                0x0001aa98                _Unwind_Backtrace
                0x0001aa98                ___Unwind_Backtrace
 .text          0x0001aabc      0x3c0 /opt/ti-sdk-am335x-evm-07.00.00.00/linux-devkit/sysroots/i686-arago-linux/usr/bin/../lib/gcc/arm-linux-gnueabihf/4.7.3/libgcc_eh.a(pr-support.o)
                0x0001ab08                __gnu_unwind_execute
                0x0001ae20                __gnu_unwind_frame
                0x0001ae4c                _Unwind_GetRegionStart
                0x0001ae58                _Unwind_GetLanguageSpecificData
                0x0001ae6c                _Unwind_GetDataRelBase
                0x0001ae74                _Unwind_GetTextRelBase
 .text          0x0001ae7c      0x190 /opt/ti-sdk-am335x-evm-07.00.00.00/linux-devkit/sysroots/i686-arago-linux/usr/bin/../arm-linux-gnueabihf/libc/usr/lib/arm-linux-gnueabihf/4.7.3/libc.a(libc-start.o)
                0x0001ae7c                __libc_start_main
 .text          0x0001b00c       0xc0 /opt/ti-sdk-am335x-evm-07.00.00.00/linux-devkit/sysroots/i686-arago-linux/usr/bin/../arm-linux-gnueabihf/libc/usr/lib/arm-linux-gnueabihf/4.7.3/libc.a(check_fds.o)
                0x0001b0a8                __libc_check_standard_fds
 .text          0x0001b0cc      0x230 /opt/ti-sdk-am335x-evm-07.00.00.00/linux-devkit/sysroots/i686-arago-linux/usr/bin/../arm-linux-gnueabihf/libc/usr/lib/arm-linux-gnueabihf/4.7.3/libc.a(libc-tls.o)
                0x0001b0cc                __libc_setup_tls
                0x0001b270                _dl_tls_setup
                0x0001b2e4                __pthread_initialize_minimal
                0x0001b2ec                __tls_get_addr
 .text          0x0001b2fc       0xa0 /opt/ti-sdk-am335x-evm-07.00.00.00/linux-devkit/sysroots/i686-arago-linux/usr/bin/../arm-linux-gnueabihf/libc/usr/lib/arm-linux-gnueabihf/4.7.3/libc.a(elf-init.o)
                0x0001b2fc                __libc_csu_irel
                0x0001b300                __libc_csu_init
                0x0001b370                __libc_csu_fini
 .text          0x0001b39c        0x0 /opt/ti-sdk-am335x-evm-07.00.00.00/linux-devkit/sysroots/i686-arago-linux/usr/bin/../arm-linux-gnueabihf/libc/usr/lib/arm-linux-gnueabihf/4.7.3/libc.a(errno.o)
 *fill*         0x0001b39c        0x4 
 .text          0x0001b3a0       0x10 /opt/ti-sdk-am335x-evm-07.00.00.00/linux-devkit/sysroots/i686-arago-linux/usr/bin/../arm-linux-gnueabihf/libc/usr/lib/arm-linux-gnueabihf/4.7.3/libc.a(libc-do-syscall.o)
                0x0001b3a0                __libc_do_syscall
 .text          0x0001b3b0      0x134 /opt/ti-sdk-am335x-evm-07.00.00.00/linux-devkit/sysroots/i686-arago-linux/usr/bin/../arm-linux-gnueabihf/libc/usr/lib/arm-linux-gnueabihf/4.7.3/libc.a(assert.o)
                0x0001b3b0                __assert_fail_base
                0x0001b4b4                __assert_fail
 .text          0x0001b4e4       0x14 /opt/ti-sdk-am335x-evm-07.00.00.00/linux-devkit/sysroots/i686-arago-linux/usr/bin/../arm-linux-gnueabihf/libc/usr/lib/arm-linux-gnueabihf/4.7.3/libc.a(dcgettext.o)
                0x0001b4e4                __dcgettext
                0x0001b4e4                dcgettext
 .text          0x0001b4f8      0xea4 /opt/ti-sdk-am335x-evm-07.00.00.00/linux-devkit/sysroots/i686-arago-linux/usr/bin/../arm-linux-gnueabihf/libc/usr/lib/arm-linux-gnueabihf/4.7.3/libc.a(dcigettext.o)
                0x0001b66c                _nl_find_msg
                0x0001be68                __dcigettext
 .text          0x0001c39c      0x188 /opt/ti-sdk-am335x-evm-07.00.00.00/linux-devkit/sysroots/i686-arago-linux/usr/bin/../arm-linux-gnueabihf/libc/usr/lib/arm-linux-gnueabihf/4.7.3/libc.a(finddomain.o)
                0x0001c39c                _nl_find_domain
 .text          0x0001c524      0xe44 /opt/ti-sdk-am335x-evm-07.00.00.00/linux-devkit/sysroots/i686-arago-linux/usr/bin/../arm-linux-gnueabihf/libc/usr/lib/arm-linux-gnueabihf/4.7.3/libc.a(loadmsgcat.o)
                0x0001c524                _nl_load_domain
 .text          0x0001d368      0x3f4 /opt/ti-sdk-am335x-evm-07.00.00.00/linux-devkit/sysroots/i686-arago-linux/usr/bin/../arm-linux-gnueabihf/libc/usr/lib/arm-linux-gnueabihf/4.7.3/libc.a(localealias.o)
                0x0001d64c                _nl_expand_alias
 .text          0x0001d75c      0x3d0 /opt/ti-sdk-am335x-evm-07.00.00.00/linux-devkit/sysroots/i686-arago-linux/usr/bin/../arm-linux-gnueabihf/libc/usr/lib/arm-linux-gnueabihf/4.7.3/libc.a(l10nflist.o)
                0x0001d75c                _nl_make_l10nflist
                0x0001da84                _nl_normalize_codeset
 .text          0x0001db2c      0x150 /opt/ti-sdk-am335x-evm-07.00.00.00/linux-devkit/sysroots/i686-arago-linux/usr/bin/../arm-linux-gnueabihf/libc/usr/lib/arm-linux-gnueabihf/4.7.3/libc.a(explodename.o)
                0x0001db2c                _nl_explode_name
 .text          0x0001dc7c      0x5a8 /opt/ti-sdk-am335x-evm-07.00.00.00/linux-devkit/sysroots/i686-arago-linux/usr/bin/../arm-linux-gnueabihf/libc/usr/lib/arm-linux-gnueabihf/4.7.3/libc.a(plural.o)
                0x0001dc7c                __gettext_free_exp
                0x0001dd40                __gettextparse
 .text          0x0001e224       0x94 /opt/ti-sdk-am335x-evm-07.00.00.00/linux-devkit/sysroots/i686-arago-linux/usr/bin/../arm-linux-gnueabihf/libc/usr/lib/arm-linux-gnueabihf/4.7.3/libc.a(plural-exp.o)
                0x0001e224                __gettext_extract_plural
 .text          0x0001e2b8       0x24 /opt/ti-sdk-am335x-evm-07.00.00.00/linux-devkit/sysroots/i686-arago-linux/usr/bin/../arm-linux-gnueabihf/libc/usr/lib/arm-linux-gnueabihf/4.7.3/libc.a(hash-string.o)
                0x0001e2b8                __hash_string
 *fill*         0x0001e2dc        0x4 
 .text          0x0001e2e0       0x10 /opt/ti-sdk-am335x-evm-07.00.00.00/linux-devkit/sysroots/i686-arago-linux/usr/bin/../arm-linux-gnueabihf/libc/usr/lib/arm-linux-gnueabihf/4.7.3/libc.a(bsd-_setjmp.o)
                0x0001e2e0                _setjmp
 .text          0x0001e2f0       0x2c /opt/ti-sdk-am335x-evm-07.00.00.00/linux-devkit/sysroots/i686-arago-linux/usr/bin/../arm-linux-gnueabihf/libc/usr/lib/arm-linux-gnueabihf/4.7.3/libc.a(longjmp.o)
                0x0001e2f0                longjmp
                0x0001e2f0                _longjmp
                0x0001e2f0                siglongjmp
                0x0001e2f0                __libc_longjmp
                0x0001e2f0                __libc_siglongjmp
 *fill*         0x0001e31c        0x4 
 .text          0x0001e320       0x60 /opt/ti-sdk-am335x-evm-07.00.00.00/linux-devkit/sysroots/i686-arago-linux/usr/bin/../arm-linux-gnueabihf/libc/usr/lib/arm-linux-gnueabihf/4.7.3/libc.a(__longjmp.o)
                0x0001e320                __longjmp
 .text          0x0001e380       0x20 /opt/ti-sdk-am335x-evm-07.00.00.00/linux-devkit/sysroots/i686-arago-linux/usr/bin/../arm-linux-gnueabihf/libc/usr/lib/arm-linux-gnueabihf/4.7.3/libc.a(jmp-unwind.o)
                0x0001e380                _longjmp_unwind
 .text          0x0001e3a0       0x7c /opt/ti-sdk-am335x-evm-07.00.00.00/linux-devkit/sysroots/i686-arago-linux/usr/bin/../arm-linux-gnueabihf/libc/usr/lib/arm-linux-gnueabihf/4.7.3/libc.a(raise.o)
                0x0001e3a0                gsignal
                0x0001e3a0                raise
 .text          0x0001e41c       0x64 /opt/ti-sdk-am335x-evm-07.00.00.00/linux-devkit/sysroots/i686-arago-linux/usr/bin/../arm-linux-gnueabihf/libc/usr/lib/arm-linux-gnueabihf/4.7.3/libc.a(sigprocmask.o)
                0x0001e41c                __sigprocmask
                0x0001e41c                sigprocmask
 .text          0x0001e480       0x28 /opt/ti-sdk-am335x-evm-07.00.00.00/linux-devkit/sysroots/i686-arago-linux/usr/bin/../arm-linux-gnueabihf/libc/usr/lib/arm-linux-gnueabihf/4.7.3/libc.a(sigempty.o)
                0x0001e480                sigemptyset
 *fill*         0x0001e4a8        0x8 
 .text          0x0001e4b0       0x50 /opt/ti-sdk-am335x-evm-07.00.00.00/linux-devkit/sysroots/i686-arago-linux/usr/bin/../arm-linux-gnueabihf/libc/usr/lib/arm-linux-gnueabihf/4.7.3/libc.a(sigrestorer.o)
                0x0001e4c0                __default_sa_restorer_v1
                0x0001e4d0                __default_sa_restorer_v2
                0x0001e4e0                __default_rt_sa_restorer_v1
                0x0001e4f0                __default_rt_sa_restorer_v2
 .text          0x0001e500      0x17c /opt/ti-sdk-am335x-evm-07.00.00.00/linux-devkit/sysroots/i686-arago-linux/usr/bin/../arm-linux-gnueabihf/libc/usr/lib/arm-linux-gnueabihf/4.7.3/libc.a(abort.o)
                0x0001e500                abort
 .text          0x0001e67c       0x48 /opt/ti-sdk-am335x-evm-07.00.00.00/linux-devkit/sysroots/i686-arago-linux/usr/bin/../arm-linux-gnueabihf/libc/usr/lib/arm-linux-gnueabihf/4.7.3/libc.a(bsearch.o)
                0x0001e67c                bsearch
 .text          0x0001e6c4      0x3f4 /opt/ti-sdk-am335x-evm-07.00.00.00/linux-devkit/sysroots/i686-arago-linux/usr/bin/../arm-linux-gnueabihf/libc/usr/lib/arm-linux-gnueabihf/4.7.3/libc.a(msort.o)
                0x0001e8bc                qsort_r
                0x0001eaa8                qsort
 .text          0x0001eab8       0xbc /opt/ti-sdk-am335x-evm-07.00.00.00/linux-devkit/sysroots/i686-arago-linux/usr/bin/../arm-linux-gnueabihf/libc/usr/lib/arm-linux-gnueabihf/4.7.3/libc.a(getenv.o)
                0x0001eab8                getenv
 .text          0x0001eb74       0x84 /opt/ti-sdk-am335x-evm-07.00.00.00/linux-devkit/sysroots/i686-arago-linux/usr/bin/../arm-linux-gnueabihf/libc/usr/lib/arm-linux-gnueabihf/4.7.3/libc.a(exit.o)
                0x0001eb74                __run_exit_handlers
                0x0001ebe8                exit
 .text          0x0001ebf8      0x168 /opt/ti-sdk-am335x-evm-07.00.00.00/linux-devkit/sysroots/i686-arago-linux/usr/bin/../arm-linux-gnueabihf/libc/usr/lib/arm-linux-gnueabihf/4.7.3/libc.a(cxa_atexit.o)
                0x0001ebf8                __new_exitfn
                0x0001ed28                __internal_atexit
                0x0001ed54                __cxa_atexit
 .text          0x0001ed60       0x40 /opt/ti-sdk-am335x-evm-07.00.00.00/linux-devkit/sysroots/i686-arago-linux/usr/bin/../arm-linux-gnueabihf/libc/usr/lib/arm-linux-gnueabihf/4.7.3/libc.a(strtol.o)
                0x0001ed60                __strtol_internal
                0x0001ed80                strtol
 .text          0x0001eda0       0x40 /opt/ti-sdk-am335x-evm-07.00.00.00/linux-devkit/sysroots/i686-arago-linux/usr/bin/../arm-linux-gnueabihf/libc/usr/lib/arm-linux-gnueabihf/4.7.3/libc.a(strtoul.o)
                0x0001eda0                __strtoul_internal
                0x0001edc0                strtoul
 .text          0x0001ede0      0x310 /opt/ti-sdk-am335x-evm-07.00.00.00/linux-devkit/sysroots/i686-arago-linux/usr/bin/../arm-linux-gnueabihf/libc/usr/lib/arm-linux-gnueabihf/4.7.3/libc.a(strtol_l.o)
                0x0001ede0                ____strtol_l_internal
                0x0001f0e0                strtol_l
                0x0001f0e0                __strtol_l
 .text          0x0001f0f0      0x2fc /opt/ti-sdk-am335x-evm-07.00.00.00/linux-devkit/sysroots/i686-arago-linux/usr/bin/../arm-linux-gnueabihf/libc/usr/lib/arm-linux-gnueabihf/4.7.3/libc.a(strtoul_l.o)
                0x0001f0f0                ____strtoul_l_internal
                0x0001f3dc                strtoul_l
                0x0001f3dc                __strtoul_l
 .text          0x0001f3ec       0x34 /opt/ti-sdk-am335x-evm-07.00.00.00/linux-devkit/sysroots/i686-arago-linux/usr/bin/../arm-linux-gnueabihf/libc/usr/lib/arm-linux-gnueabihf/4.7.3/libc.a(strtod.o)
                0x0001f3ec                __strtod_internal
                0x0001f404                strtod
 .text          0x0001f420     0x1888 /opt/ti-sdk-am335x-evm-07.00.00.00/linux-devkit/sysroots/i686-arago-linux/usr/bin/../arm-linux-gnueabihf/libc/usr/lib/arm-linux-gnueabihf/4.7.3/libc.a(strtod_l.o)
                0x0001f768                ____strtod_l_internal
                0x00020c9c                __strtod_l
                0x00020c9c                strtod_l
 .text          0x00020ca8      0x17c /opt/ti-sdk-am335x-evm-07.00.00.00/linux-devkit/sysroots/i686-arago-linux/usr/bin/../arm-linux-gnueabihf/libc/usr/lib/arm-linux-gnueabihf/4.7.3/libc.a(grouping.o)
                0x00020ca8                __correctly_grouped_prefixmb
 .text          0x00020e24        0x0 /opt/ti-sdk-am335x-evm-07.00.00.00/linux-devkit/sysroots/i686-arago-linux/usr/bin/../arm-linux-gnueabihf/libc/usr/lib/arm-linux-gnueabihf/4.7.3/libc.a(tens_in_limb.o)
 .text          0x00020e24        0x0 /opt/ti-sdk-am335x-evm-07.00.00.00/linux-devkit/sysroots/i686-arago-linux/usr/bin/../arm-linux-gnueabihf/libc/usr/lib/arm-linux-gnueabihf/4.7.3/libc.a(fpioconst.o)
 .text          0x00020e24       0x20 /opt/ti-sdk-am335x-evm-07.00.00.00/linux-devkit/sysroots/i686-arago-linux/usr/bin/../arm-linux-gnueabihf/libc/usr/lib/arm-linux-gnueabihf/4.7.3/libc.a(fprintf.o)
                0x00020e24                fprintf
                0x00020e24                _IO_fprintf
                0x00020e24                __fprintf
 .text          0x00020e44       0x28 /opt/ti-sdk-am335x-evm-07.00.00.00/linux-devkit/sysroots/i686-arago-linux/usr/bin/../arm-linux-gnueabihf/libc/usr/lib/arm-linux-gnueabihf/4.7.3/libc.a(printf.o)
                0x00020e44                __printf
                0x00020e44                printf
                0x00020e44                _IO_printf
 .text          0x00020e6c       0x20 /opt/ti-sdk-am335x-evm-07.00.00.00/linux-devkit/sysroots/i686-arago-linux/usr/bin/../arm-linux-gnueabihf/libc/usr/lib/arm-linux-gnueabihf/4.7.3/libc.a(sprintf.o)
                0x00020e6c                sprintf
                0x00020e6c                __sprintf
                0x00020e6c                _IO_sprintf
 .text          0x00020e8c       0x20 /opt/ti-sdk-am335x-evm-07.00.00.00/linux-devkit/sysroots/i686-arago-linux/usr/bin/../arm-linux-gnueabihf/libc/usr/lib/arm-linux-gnueabihf/4.7.3/libc.a(asprintf.o)
                0x00020e8c                __asprintf
                0x00020e8c                asprintf
                0x00020e8c                ___asprintf
 .text          0x00020eac       0xd8 /opt/ti-sdk-am335x-evm-07.00.00.00/linux-devkit/sysroots/i686-arago-linux/usr/bin/../arm-linux-gnueabihf/libc/usr/lib/arm-linux-gnueabihf/4.7.3/libc.a(perror.o)
                0x00020efc                perror
 .text          0x00020f84       0xa0 /opt/ti-sdk-am335x-evm-07.00.00.00/linux-devkit/sysroots/i686-arago-linux/usr/bin/../arm-linux-gnueabihf/libc/usr/lib/arm-linux-gnueabihf/4.7.3/libc.a(fxprintf.o)
                0x00020f84                __fxprintf
 .text          0x00021024      0x1e8 /opt/ti-sdk-am335x-evm-07.00.00.00/linux-devkit/sysroots/i686-arago-linux/usr/bin/../arm-linux-gnueabihf/libc/usr/lib/arm-linux-gnueabihf/4.7.3/libc.a(iofclose.o)
                0x00021024                _IO_fclose
                0x00021024                _IO_new_fclose
                0x00021024                fclose
                0x00021024                __new_fclose
 .text          0x0002120c      0x168 /opt/ti-sdk-am335x-evm-07.00.00.00/linux-devkit/sysroots/i686-arago-linux/usr/bin/../arm-linux-gnueabihf/libc/usr/lib/arm-linux-gnueabihf/4.7.3/libc.a(iofdopen.o)
                0x0002120c                __new_fdopen
                0x0002120c                _IO_new_fdopen
                0x0002120c                _IO_fdopen
                0x0002120c                fdopen
 .text          0x00021374      0x110 /opt/ti-sdk-am335x-evm-07.00.00.00/linux-devkit/sysroots/i686-arago-linux/usr/bin/../arm-linux-gnueabihf/libc/usr/lib/arm-linux-gnueabihf/4.7.3/libc.a(iofflush.o)
                0x00021374                _IO_fflush
                0x00021374                fflush
 .text          0x00021484       0xd4 /opt/ti-sdk-am335x-evm-07.00.00.00/linux-devkit/sysroots/i686-arago-linux/usr/bin/../arm-linux-gnueabihf/libc/usr/lib/arm-linux-gnueabihf/4.7.3/libc.a(iofopen.o)
                0x00021484                __fopen_maybe_mmap
                0x000214b4                __fopen_internal
                0x00021550                _IO_new_fopen
                0x00021550                fopen
                0x00021550                _IO_fopen
                0x00021550                __new_fopen
 .text          0x00021558      0x124 /opt/ti-sdk-am335x-evm-07.00.00.00/linux-devkit/sysroots/i686-arago-linux/usr/bin/../arm-linux-gnueabihf/libc/usr/lib/arm-linux-gnueabihf/4.7.3/libc.a(iofputs.o)
                0x00021558                _IO_fputs
                0x00021558                fputs
 .text          0x0002167c      0x154 /opt/ti-sdk-am335x-evm-07.00.00.00/linux-devkit/sysroots/i686-arago-linux/usr/bin/../arm-linux-gnueabihf/libc/usr/lib/arm-linux-gnueabihf/4.7.3/libc.a(iofwrite.o)
                0x0002167c                _IO_fwrite
                0x0002167c                fwrite
 .text          0x000217d0       0x60 /opt/ti-sdk-am335x-evm-07.00.00.00/linux-devkit/sysroots/i686-arago-linux/usr/bin/../arm-linux-gnueabihf/libc/usr/lib/arm-linux-gnueabihf/4.7.3/libc.a(iovsprintf.o)
                0x000217d0                vsprintf
                0x000217d0                _IO_vsprintf
                0x000217d0                __IO_vsprintf
 .text          0x00021830       0x28 /opt/ti-sdk-am335x-evm-07.00.00.00/linux-devkit/sysroots/i686-arago-linux/usr/bin/../arm-linux-gnueabihf/libc/usr/lib/arm-linux-gnueabihf/4.7.3/libc.a(fileno.o)
                0x00021830                fileno_unlocked
                0x00021830                fileno
 .text          0x00021858      0x110 /opt/ti-sdk-am335x-evm-07.00.00.00/linux-devkit/sysroots/i686-arago-linux/usr/bin/../arm-linux-gnueabihf/libc/usr/lib/arm-linux-gnueabihf/4.7.3/libc.a(fputc.o)
                0x00021858                fputc
 .text          0x00021968      0x108 /opt/ti-sdk-am335x-evm-07.00.00.00/linux-devkit/sysroots/i686-arago-linux/usr/bin/../arm-linux-gnueabihf/libc/usr/lib/arm-linux-gnueabihf/4.7.3/libc.a(getc.o)
                0x00021968                getc
                0x00021968                _IO_getc
                0x00021968                fgetc
 .text          0x00021a70        0x8 /opt/ti-sdk-am335x-evm-07.00.00.00/linux-devkit/sysroots/i686-arago-linux/usr/bin/../arm-linux-gnueabihf/libc/usr/lib/arm-linux-gnueabihf/4.7.3/libc.a(setbuf.o)
                0x00021a70                setbuf
 .text          0x00021a78       0xd4 /opt/ti-sdk-am335x-evm-07.00.00.00/linux-devkit/sysroots/i686-arago-linux/usr/bin/../arm-linux-gnueabihf/libc/usr/lib/arm-linux-gnueabihf/4.7.3/libc.a(vasprintf.o)
                0x00021a78                _IO_vasprintf
                0x00021a78                vasprintf
 .text          0x00021b4c        0x4 /opt/ti-sdk-am335x-evm-07.00.00.00/linux-devkit/sysroots/i686-arago-linux/usr/bin/../arm-linux-gnueabihf/libc/usr/lib/arm-linux-gnueabihf/4.7.3/libc.a(fcloseall.o)
                0x00021b4c                __fcloseall
                0x00021b4c                fcloseall
 .text          0x00021b50      0x32c /opt/ti-sdk-am335x-evm-07.00.00.00/linux-devkit/sysroots/i686-arago-linux/usr/bin/../arm-linux-gnueabihf/libc/usr/lib/arm-linux-gnueabihf/4.7.3/libc.a(libc_fatal.o)
                0x00021b50                __libc_message
                0x00021e68                __libc_fatal
 .text          0x00021e7c       0x6c /opt/ti-sdk-am335x-evm-07.00.00.00/linux-devkit/sysroots/i686-arago-linux/usr/bin/../arm-linux-gnueabihf/libc/usr/lib/arm-linux-gnueabihf/4.7.3/libc.a(iofgets_u.o)
                0x00021e7c                fgets_unlocked
 .text          0x00021ee8      0xce4 /opt/ti-sdk-am335x-evm-07.00.00.00/linux-devkit/sysroots/i686-arago-linux/usr/bin/../arm-linux-gnueabihf/libc/usr/lib/arm-linux-gnueabihf/4.7.3/libc.a(wfileops.o)
                0x00021ee8                _IO_wfile_seekoff
                0x00022288                _IO_wfile_underflow
                0x000227a8                _IO_wdo_write
                0x00022868                _IO_wfile_xsputn
                0x0002294c                _IO_wfile_sync
                0x00022a28                _IO_wfile_overflow
 .text          0x00022bcc     0x15d4 /opt/ti-sdk-am335x-evm-07.00.00.00/linux-devkit/sysroots/i686-arago-linux/usr/bin/../arm-linux-gnueabihf/libc/usr/lib/arm-linux-gnueabihf/4.7.3/libc.a(fileops.o)
                0x00022c50                _IO_file_seek
                0x00022d98                _IO_file_underflow_maybe_mmap
                0x00022dac                _IO_file_close
                0x00022ddc                _IO_file_close_mmap
                0x00023014                _IO_file_xsgetn
                0x000231d4                _IO_file_write
                0x000231d4                _IO_new_file_write
                0x0002324c                _IO_file_stat
                0x00023258                _IO_file_seekoff
                0x00023258                _IO_new_file_seekoff
                0x00023534                _IO_file_setbuf
                0x00023534                _IO_new_file_setbuf
                0x00023554                _IO_file_setbuf_mmap
                0x0002358c                _IO_file_seekoff_mmap
                0x0002365c                _IO_file_underflow_mmap
                0x00023694                _IO_new_file_xsputn
                0x00023694                _IO_file_xsputn
                0x000237a4                _IO_file_read
                0x000237e0                _IO_new_file_init
                0x000237e0                _IO_file_init
                0x00023808                _IO_file_open
                0x000238e0                _IO_new_file_attach
                0x000238e0                _IO_file_attach
                0x00023958                _IO_new_do_write
                0x00023958                _IO_do_write
                0x00023974                _IO_file_sync
                0x00023974                _IO_new_file_sync
                0x00023a0c                _IO_file_finish
                0x00023a0c                _IO_new_file_finish
                0x00023a54                _IO_new_file_close_it
                0x00023a54                _IO_file_close_it
                0x00023b24                _IO_new_file_fopen
                0x00023b24                _IO_file_fopen
                0x00023e90                _IO_file_underflow
                0x00023e90                _IO_new_file_underflow
                0x00024068                _IO_file_overflow
                0x00024068                _IO_new_file_overflow
 .text          0x000241a0     0x1254 /opt/ti-sdk-am335x-evm-07.00.00.00/linux-devkit/sysroots/i686-arago-linux/usr/bin/../arm-linux-gnueabihf/libc/usr/lib/arm-linux-gnueabihf/4.7.3/libc.a(genops.o)
                0x00024358                _IO_un_link
                0x0002451c                _IO_link_in
                0x000246c0                _IO_least_marker
                0x000246d8                _IO_switch_to_main_get_area
                0x000246f8                _IO_switch_to_backup_area
                0x00024718                _IO_switch_to_get_mode
                0x00024760                _IO_free_backup_area
                0x00024794                __overflow
                0x000247ac                __underflow
                0x00024838                __uflow
                0x000248cc                _IO_setb
                0x00024910                _IO_doallocbuf
                0x00024948                _IO_default_underflow
                0x00024950                _IO_default_uflow
                0x0002496c                _IO_default_xsputn
                0x000249dc                _IO_sgetn
                0x000249e8                _IO_default_xsgetn
                0x00024a48                _IO_default_setbuf
                0x00024aac                _IO_default_seekpos
                0x00024ac4                _IO_default_doallocate
                0x00024afc                _IO_old_init
                0x00024b34                _IO_no_init
                0x00024b6c                _IO_init
                0x00024b84                _IO_default_sync
                0x00024b88                _IO_default_finish
                0x00024bd8                _IO_default_seekoff
                0x00024be4                _IO_sputbackc
                0x00024c18                _IO_sungetc
                0x00024c48                _IO_adjust_column
                0x00024c74                _IO_flush_all_lockp
                0x00024e5c                _IO_cleanup
                0x00024f78                _IO_flush_all
                0x00024f80                _IO_flush_all_linebuffered
                0x00024f80                _flushlbf
                0x0002513c                _IO_init_marker
                0x0002516c                _IO_remove_marker
                0x00025190                _IO_marker_difference
                0x00025198                _IO_marker_delta
                0x000251b8                _IO_seekmark
                0x00025218                _IO_unsave_markers
                0x0002522c                _IO_default_pbackfail
                0x000252f8                _IO_default_seek
                0x00025304                _IO_default_stat
                0x0002530c                _IO_default_read
                0x00025314                _IO_default_write
                0x00025318                _IO_default_showmanyc
                0x00025320                _IO_default_imbue
                0x00025324                _IO_iter_begin
                0x00025330                _IO_iter_end
                0x00025334                _IO_iter_next
                0x00025338                _IO_iter_file
                0x0002533c                _IO_list_lock
                0x00025388                _IO_list_unlock
                0x000253e0                _IO_list_resetlock
 .text          0x000253f4        0x0 /opt/ti-sdk-am335x-evm-07.00.00.00/linux-devkit/sysroots/i686-arago-linux/usr/bin/../arm-linux-gnueabihf/libc/usr/lib/arm-linux-gnueabihf/4.7.3/libc.a(stdfiles.o)
 .text          0x000253f4        0x0 /opt/ti-sdk-am335x-evm-07.00.00.00/linux-devkit/sysroots/i686-arago-linux/usr/bin/../arm-linux-gnueabihf/libc/usr/lib/arm-linux-gnueabihf/4.7.3/libc.a(stdio.o)
 .text          0x000253f4      0x44c /opt/ti-sdk-am335x-evm-07.00.00.00/linux-devkit/sysroots/i686-arago-linux/usr/bin/../arm-linux-gnueabihf/libc/usr/lib/arm-linux-gnueabihf/4.7.3/libc.a(strops.o)
                0x000253f4                _IO_str_underflow
                0x0002542c                _IO_str_finish
                0x00025450                _IO_str_pbackfail
                0x00025470                _IO_str_overflow
                0x00025674                _IO_str_seekoff
                0x000257c4                _IO_str_init_static_internal
                0x0002580c                _IO_str_init_static
                0x00025814                _IO_str_init_readonly
                0x0002582c                _IO_str_count
 .text          0x00025840     0x4e80 /opt/ti-sdk-am335x-evm-07.00.00.00/linux-devkit/sysroots/i686-arago-linux/usr/bin/../arm-linux-gnueabihf/libc/usr/lib/arm-linux-gnueabihf/4.7.3/libc.a(malloc.o)
                0x00028980                __malloc_check_init
                0x00028d90                malloc_set_state
                0x00028d90                __malloc_set_state
                0x00029114                malloc
                0x00029114                __malloc
                0x00029114                __libc_malloc
                0x00029450                malloc_get_state
                0x00029450                __malloc_get_state
                0x000295b8                __cfree
                0x000295b8                __free
                0x000295b8                __libc_free
                0x000295b8                cfree
                0x000295b8                free
                0x00029628                __libc_realloc
                0x00029628                realloc
                0x00029628                __realloc
                0x00029840                __libc_memalign
                0x00029840                __memalign
                0x00029840                memalign
                0x00029ad4                __libc_valloc
                0x00029ad4                valloc
                0x00029ad4                __valloc
                0x00029cdc                pvalloc
                0x00029cdc                __libc_pvalloc
                0x00029cdc                __pvalloc
                0x00029ef4                __calloc
                0x00029ef4                calloc
                0x00029ef4                __libc_calloc
                0x0002a218                __malloc_trim
                0x0002a218                malloc_trim
                0x0002a3fc                malloc_usable_size
                0x0002a3fc                __malloc_usable_size
                0x0002a424                malloc_stats
                0x0002a424                __malloc_stats
                0x0002a56c                __mallinfo
                0x0002a56c                __libc_mallinfo
                0x0002a56c                mallinfo
                0x0002a5f4                __libc_mallopt
                0x0002a5f4                mallopt
                0x0002a5f4                __mallopt
                0x0002a5f8                __posix_memalign
                0x0002a5f8                posix_memalign
                0x0002a640                malloc_info
 .text          0x0002a6c0       0x10 /opt/ti-sdk-am335x-evm-07.00.00.00/linux-devkit/sysroots/i686-arago-linux/usr/bin/../arm-linux-gnueabihf/libc/usr/lib/arm-linux-gnueabihf/4.7.3/libc.a(morecore.o)
                0x0002a6c0                __default_morecore
 .text          0x0002a6d0       0x20 /opt/ti-sdk-am335x-evm-07.00.00.00/linux-devkit/sysroots/i686-arago-linux/usr/bin/../arm-linux-gnueabihf/libc/usr/lib/arm-linux-gnueabihf/4.7.3/libc.a(strchr.o)
                0x0002a6d0                index
                0x0002a6d0                strchr
 .text          0x0002a6f0       0x18 /opt/ti-sdk-am335x-evm-07.00.00.00/linux-devkit/sysroots/i686-arago-linux/usr/bin/../arm-linux-gnueabihf/libc/usr/lib/arm-linux-gnueabihf/4.7.3/libc.a(strcmp.o)
                0x0002a6f0                strcmp
 .text          0x0002a708       0x10 /opt/ti-sdk-am335x-evm-07.00.00.00/linux-devkit/sysroots/i686-arago-linux/usr/bin/../arm-linux-gnueabihf/libc/usr/lib/arm-linux-gnueabihf/4.7.3/libc.a(strcpy.o)
                0x0002a708                strcpy
 .text          0x0002a718       0x20 /opt/ti-sdk-am335x-evm-07.00.00.00/linux-devkit/sysroots/i686-arago-linux/usr/bin/../arm-linux-gnueabihf/libc/usr/lib/arm-linux-gnueabihf/4.7.3/libc.a(strdup.o)
                0x0002a718                __strdup
                0x0002a718                strdup
 .text          0x0002a738       0x6c /opt/ti-sdk-am335x-evm-07.00.00.00/linux-devkit/sysroots/i686-arago-linux/usr/bin/../arm-linux-gnueabihf/libc/usr/lib/arm-linux-gnueabihf/4.7.3/libc.a(strerror.o)
                0x0002a738                strerror
 .text          0x0002a7a4       0xe8 /opt/ti-sdk-am335x-evm-07.00.00.00/linux-devkit/sysroots/i686-arago-linux/usr/bin/../arm-linux-gnueabihf/libc/usr/lib/arm-linux-gnueabihf/4.7.3/libc.a(_strerror.o)
                0x0002a7a4                __strerror_r
                0x0002a7a4                strerror_r
 *fill*         0x0002a88c        0x4 
 .text          0x0002a890       0x60 /opt/ti-sdk-am335x-evm-07.00.00.00/linux-devkit/sysroots/i686-arago-linux/usr/bin/../arm-linux-gnueabihf/libc/usr/lib/arm-linux-gnueabihf/4.7.3/libc.a(strlen.o)
                0x0002a890                strlen
 .text          0x0002a8f0       0xc0 /opt/ti-sdk-am335x-evm-07.00.00.00/linux-devkit/sysroots/i686-arago-linux/usr/bin/../arm-linux-gnueabihf/libc/usr/lib/arm-linux-gnueabihf/4.7.3/libc.a(strncmp.o)
                0x0002a8f0                strncmp
 .text          0x0002a9b0      0x4d8 /opt/ti-sdk-am335x-evm-07.00.00.00/linux-devkit/sysroots/i686-arago-linux/usr/bin/../arm-linux-gnueabihf/libc/usr/lib/arm-linux-gnueabihf/4.7.3/libc.a(strstr.o)
                0x0002ac68                strstr
 *fill*         0x0002ae88        0x8 
 .text          0x0002ae90       0xa0 /opt/ti-sdk-am335x-evm-07.00.00.00/linux-devkit/sysroots/i686-arago-linux/usr/bin/../arm-linux-gnueabihf/libc/usr/lib/arm-linux-gnueabihf/4.7.3/libc.a(memchr.o)
                0x0002ae90                memchr
 .text          0x0002af30      0x2cc /opt/ti-sdk-am335x-evm-07.00.00.00/linux-devkit/sysroots/i686-arago-linux/usr/bin/../arm-linux-gnueabihf/libc/usr/lib/arm-linux-gnueabihf/4.7.3/libc.a(memcmp.o)
                0x0002af30                bcmp
                0x0002af30                memcmp
 *fill*         0x0002b1fc        0x4 
 .text          0x0002b200      0x340 /opt/ti-sdk-am335x-evm-07.00.00.00/linux-devkit/sysroots/i686-arago-linux/usr/bin/../arm-linux-gnueabihf/libc/usr/lib/arm-linux-gnueabihf/4.7.3/libc.a(memmove.o)
                0x0002b200                memmove
 .text          0x0002b540       0x80 /opt/ti-sdk-am335x-evm-07.00.00.00/linux-devkit/sysroots/i686-arago-linux/usr/bin/../arm-linux-gnueabihf/libc/usr/lib/arm-linux-gnueabihf/4.7.3/libc.a(memset.o)
                0x0002b540                memset
 .text          0x0002b5c0       0x68 /opt/ti-sdk-am335x-evm-07.00.00.00/linux-devkit/sysroots/i686-arago-linux/usr/bin/../arm-linux-gnueabihf/libc/usr/lib/arm-linux-gnueabihf/4.7.3/libc.a(mempcpy.o)
                0x0002b5c0                mempcpy
                0x0002b5c0                __mempcpy
 .text          0x0002b628       0x18 /opt/ti-sdk-am335x-evm-07.00.00.00/linux-devkit/sysroots/i686-arago-linux/usr/bin/../arm-linux-gnueabihf/libc/usr/lib/arm-linux-gnueabihf/4.7.3/libc.a(stpcpy.o)
                0x0002b628                stpcpy
                0x0002b628                __stpcpy
 .text          0x0002b640       0x2c /opt/ti-sdk-am335x-evm-07.00.00.00/linux-devkit/sysroots/i686-arago-linux/usr/bin/../arm-linux-gnueabihf/libc/usr/lib/arm-linux-gnueabihf/4.7.3/libc.a(strcasecmp_l.o)
                0x0002b640                strcasecmp_l
                0x0002b640                __strcasecmp_l
 .text          0x0002b66c       0x30 /opt/ti-sdk-am335x-evm-07.00.00.00/linux-devkit/sysroots/i686-arago-linux/usr/bin/../arm-linux-gnueabihf/libc/usr/lib/arm-linux-gnueabihf/4.7.3/libc.a(strncase_l.o)
                0x0002b66c                strncasecmp_l
                0x0002b66c                __strncasecmp_l
 *fill*         0x0002b69c        0x4 
 .text          0x0002b6a0      0x330 /opt/ti-sdk-am335x-evm-07.00.00.00/linux-devkit/sysroots/i686-arago-linux/usr/bin/../arm-linux-gnueabihf/libc/usr/lib/arm-linux-gnueabihf/4.7.3/libc.a(memcpy.o)
                0x0002b6a0                memcpy
 .text          0x0002b9d0      0x2dc /opt/ti-sdk-am335x-evm-07.00.00.00/linux-devkit/sysroots/i686-arago-linux/usr/bin/../arm-linux-gnueabihf/libc/usr/lib/arm-linux-gnueabihf/4.7.3/libc.a(wordcopy.o)
                0x0002b9d0                _wordcopy_fwd_aligned
                0x0002ba80                _wordcopy_fwd_dest_aligned
                0x0002bb34                _wordcopy_bwd_aligned
                0x0002bbf4                _wordcopy_bwd_dest_aligned
 .text          0x0002bcac       0x74 /opt/ti-sdk-am335x-evm-07.00.00.00/linux-devkit/sysroots/i686-arago-linux/usr/bin/../arm-linux-gnueabihf/libc/usr/lib/arm-linux-gnueabihf/4.7.3/libc.a(rawmemchr.o)
                0x0002bcac                __rawmemchr
                0x0002bcac                rawmemchr
 .text          0x0002bd20       0x9c /opt/ti-sdk-am335x-evm-07.00.00.00/linux-devkit/sysroots/i686-arago-linux/usr/bin/../arm-linux-gnueabihf/libc/usr/lib/arm-linux-gnueabihf/4.7.3/libc.a(strchrnul.o)
                0x0002bd20                __strchrnul
                0x0002bd20                strchrnul
 .text          0x0002bdbc       0x24 /opt/ti-sdk-am335x-evm-07.00.00.00/linux-devkit/sysroots/i686-arago-linux/usr/bin/../arm-linux-gnueabihf/libc/usr/lib/arm-linux-gnueabihf/4.7.3/libc.a(argz-count.o)
                0x0002bdbc                argz_count
                0x0002bdbc                __argz_count
 .text          0x0002bde0       0x24 /opt/ti-sdk-am335x-evm-07.00.00.00/linux-devkit/sysroots/i686-arago-linux/usr/bin/../arm-linux-gnueabihf/libc/usr/lib/arm-linux-gnueabihf/4.7.3/libc.a(argz-stringify.o)
                0x0002bde0                argz_stringify
                0x0002bde0                __argz_stringify
 .text          0x0002be04        0x8 /opt/ti-sdk-am335x-evm-07.00.00.00/linux-devkit/sysroots/i686-arago-linux/usr/bin/../arm-linux-gnueabihf/libc/usr/lib/arm-linux-gnueabihf/4.7.3/libc.a(wmempcpy.o)
                0x0002be04                wmempcpy
                0x0002be04                __wmempcpy
 .text          0x0002be0c      0x230 /opt/ti-sdk-am335x-evm-07.00.00.00/linux-devkit/sysroots/i686-arago-linux/usr/bin/../arm-linux-gnueabihf/libc/usr/lib/arm-linux-gnueabihf/4.7.3/libc.a(wcsmbsload.o)
                0x0002be0c                _nl_cleanup_ctype
                0x0002be34                __wcsmbs_getfct
                0x0002be64                __wcsmbs_load_conv
                0x0002bf9c                __wcsmbs_clone_conv
                0x0002bff4                __wcsmbs_named_conv
 .text          0x0002c03c       0x18 /opt/ti-sdk-am335x-evm-07.00.00.00/linux-devkit/sysroots/i686-arago-linux/usr/bin/../arm-linux-gnueabihf/libc/usr/lib/arm-linux-gnueabihf/4.7.3/libc.a(gmtime.o)
                0x0002c03c                gmtime_r
                0x0002c03c                __gmtime_r
                0x0002c044                gmtime
 .text          0x0002c054       0x18 /opt/ti-sdk-am335x-evm-07.00.00.00/linux-devkit/sysroots/i686-arago-linux/usr/bin/../arm-linux-gnueabihf/libc/usr/lib/arm-linux-gnueabihf/4.7.3/libc.a(localtime.o)
                0x0002c054                __localtime_r
                0x0002c054                localtime_r
                0x0002c05c                localtime
 *fill*         0x0002c06c        0x4 
 .text          0x0002c070       0x20 /opt/ti-sdk-am335x-evm-07.00.00.00/linux-devkit/sysroots/i686-arago-linux/usr/bin/../arm-linux-gnueabihf/libc/usr/lib/arm-linux-gnueabihf/4.7.3/libc.a(gettimeofday.o)
                0x0002c070                __gettimeofday_internal
                0x0002c070                __gettimeofday
                0x0002c070                gettimeofday
 .text          0x0002c090      0xb48 /opt/ti-sdk-am335x-evm-07.00.00.00/linux-devkit/sysroots/i686-arago-linux/usr/bin/../arm-linux-gnueabihf/libc/usr/lib/arm-linux-gnueabihf/4.7.3/libc.a(tzset.o)
                0x0002c31c                __tzstring
                0x0002c38c                __tzset_parse_tz
                0x0002c91c                __tzname_max
                0x0002c9a0                __tz_compute
                0x0002ca10                __tzset
                0x0002ca10                tzset
                0x0002caa4                __tz_convert
 .text          0x0002cbd8      0xdfc /opt/ti-sdk-am335x-evm-07.00.00.00/linux-devkit/sysroots/i686-arago-linux/usr/bin/../arm-linux-gnueabihf/libc/usr/lib/arm-linux-gnueabihf/4.7.3/libc.a(tzfile.o)
                0x0002cbd8                __tzfile_read
                0x0002d438                __tzfile_default
                0x0002d58c                __tzfile_compute
 .text          0x0002d9d4       0x18 /opt/ti-sdk-am335x-evm-07.00.00.00/linux-devkit/sysroots/i686-arago-linux/usr/bin/../arm-linux-gnueabihf/libc/usr/lib/arm-linux-gnueabihf/4.7.3/libc.a(timegm.o)
                0x0002d9d4                timegm
 .text          0x0002d9ec       0x58 /opt/ti-sdk-am335x-evm-07.00.00.00/linux-devkit/sysroots/i686-arago-linux/usr/bin/../arm-linux-gnueabihf/libc/usr/lib/arm-linux-gnueabihf/4.7.3/libc.a(_exit.o)
                0x0002d9ec                _Exit
                0x0002d9ec                _exit
 .text          0x0002da44       0x34 /opt/ti-sdk-am335x-evm-07.00.00.00/linux-devkit/sysroots/i686-arago-linux/usr/bin/../arm-linux-gnueabihf/libc/usr/lib/arm-linux-gnueabihf/4.7.3/libc.a(getpid.o)
                0x0002da44                __getpid
                0x0002da44                getpid
 .text          0x0002da78      0x690 /opt/ti-sdk-am335x-evm-07.00.00.00/linux-devkit/sysroots/i686-arago-linux/usr/bin/../arm-linux-gnueabihf/libc/usr/lib/arm-linux-gnueabihf/4.7.3/libc.a(sysconf.o)
                0x0002da78                sysconf
                0x0002da78                __sysconf
 .text          0x0002e108      0xbb0 /opt/ti-sdk-am335x-evm-07.00.00.00/linux-devkit/sysroots/i686-arago-linux/usr/bin/../arm-linux-gnueabihf/libc/usr/lib/arm-linux-gnueabihf/4.7.3/libc.a(getopt.o)
                0x0002e1b0                _getopt_internal_r
                0x0002ec3c                _getopt_internal
                0x0002ec88                getopt
                0x0002eca0                __posix_getopt
 .text          0x0002ecb8       0x68 /opt/ti-sdk-am335x-evm-07.00.00.00/linux-devkit/sysroots/i686-arago-linux/usr/bin/../arm-linux-gnueabihf/libc/usr/lib/arm-linux-gnueabihf/4.7.3/libc.a(getopt1.o)
                0x0002ecb8                getopt_long
                0x0002ecd0                _getopt_long_r
                0x0002ecec                getopt_long_only
                0x0002ed04                _getopt_long_only_r
 .text          0x0002ed20       0x20 /opt/ti-sdk-am335x-evm-07.00.00.00/linux-devkit/sysroots/i686-arago-linux/usr/bin/../arm-linux-gnueabihf/libc/usr/lib/arm-linux-gnueabihf/4.7.3/libc.a(sched_yield.o)
                0x0002ed20                __sched_yield
                0x0002ed20                sched_yield
 .text          0x0002ed40       0x1c /opt/ti-sdk-am335x-evm-07.00.00.00/linux-devkit/sysroots/i686-arago-linux/usr/bin/../arm-linux-gnueabihf/libc/usr/lib/arm-linux-gnueabihf/4.7.3/libc.a(get_child_max.o)
                0x0002ed40                __get_child_max
 .text          0x0002ed5c        0x0 /opt/ti-sdk-am335x-evm-07.00.00.00/linux-devkit/sysroots/i686-arago-linux/usr/bin/../arm-linux-gnueabihf/libc/usr/lib/arm-linux-gnueabihf/4.7.3/libc.a(environ.o)
 *fill*         0x0002ed5c        0x4 
 .text          0x0002ed60       0x20 /opt/ti-sdk-am335x-evm-07.00.00.00/linux-devkit/sysroots/i686-arago-linux/usr/bin/../arm-linux-gnueabihf/libc/usr/lib/arm-linux-gnueabihf/4.7.3/libc.a(exit-thread.o)
                0x0002ed60                __exit_thread
 .text          0x0002ed80       0x30 /opt/ti-sdk-am335x-evm-07.00.00.00/linux-devkit/sysroots/i686-arago-linux/usr/bin/../arm-linux-gnueabihf/libc/usr/lib/arm-linux-gnueabihf/4.7.3/libc.a(xstat64.o)
                0x0002ed80                ___xstat64
                0x0002ed80                __xstat64
 .text          0x0002edb0       0x30 /opt/ti-sdk-am335x-evm-07.00.00.00/linux-devkit/sysroots/i686-arago-linux/usr/bin/../arm-linux-gnueabihf/libc/usr/lib/arm-linux-gnueabihf/4.7.3/libc.a(fxstat64.o)
                0x0002edb0                ___fxstat64
                0x0002edb0                __fxstat64
 .text          0x0002ede0       0x90 /opt/ti-sdk-am335x-evm-07.00.00.00/linux-devkit/sysroots/i686-arago-linux/usr/bin/../arm-linux-gnueabihf/libc/usr/lib/arm-linux-gnueabihf/4.7.3/libc.a(read.o)
                0x0002ede4                __read_nocancel
                0x0002ee00                __read
                0x0002ee00                __libc_read
                0x0002ee00                read
 .text          0x0002ee70       0x90 /opt/ti-sdk-am335x-evm-07.00.00.00/linux-devkit/sysroots/i686-arago-linux/usr/bin/../arm-linux-gnueabihf/libc/usr/lib/arm-linux-gnueabihf/4.7.3/libc.a(write.o)
                0x0002ee74                __write_nocancel
                0x0002ee90                __write
                0x0002ee90                write
                0x0002ee90                __libc_write
 .text          0x0002ef00       0x20 /opt/ti-sdk-am335x-evm-07.00.00.00/linux-devkit/sysroots/i686-arago-linux/usr/bin/../arm-linux-gnueabihf/libc/usr/lib/arm-linux-gnueabihf/4.7.3/libc.a(dup.o)
                0x0002ef00                __dup
                0x0002ef00                dup
 .text          0x0002ef20      0x4e8 /opt/ti-sdk-am335x-evm-07.00.00.00/linux-devkit/sysroots/i686-arago-linux/usr/bin/../arm-linux-gnueabihf/libc/usr/lib/arm-linux-gnueabihf/4.7.3/libc.a(getcwd.o)
                0x0002ef20                __getcwd
                0x0002ef20                getcwd
 .text          0x0002f408        0x0 /opt/ti-sdk-am335x-evm-07.00.00.00/linux-devkit/sysroots/i686-arago-linux/usr/bin/../arm-linux-gnueabihf/libc/usr/lib/arm-linux-gnueabihf/4.7.3/libc.a(have_o_cloexec.o)
 .text          0x0002f408      0x1ac /opt/ti-sdk-am335x-evm-07.00.00.00/linux-devkit/sysroots/i686-arago-linux/usr/bin/../arm-linux-gnueabihf/libc/usr/lib/arm-linux-gnueabihf/4.7.3/libc.a(tcsetattr.o)
                0x0002f408                tcsetattr
 .text          0x0002f5b4       0xa8 /opt/ti-sdk-am335x-evm-07.00.00.00/linux-devkit/sysroots/i686-arago-linux/usr/bin/../arm-linux-gnueabihf/libc/usr/lib/arm-linux-gnueabihf/4.7.3/libc.a(tcgetattr.o)
                0x0002f5b4                __tcgetattr
                0x0002f5b4                tcgetattr
 .text          0x0002f65c       0x2c /opt/ti-sdk-am335x-evm-07.00.00.00/linux-devkit/sysroots/i686-arago-linux/usr/bin/../arm-linux-gnueabihf/libc/usr/lib/arm-linux-gnueabihf/4.7.3/libc.a(getrlimit.o)
                0x0002f65c                getrlimit
                0x0002f65c                __new_getrlimit
                0x0002f65c                __getrlimit
 .text          0x0002f688       0x54 /opt/ti-sdk-am335x-evm-07.00.00.00/linux-devkit/sysroots/i686-arago-linux/usr/bin/../arm-linux-gnueabihf/libc/usr/lib/arm-linux-gnueabihf/4.7.3/libc.a(sbrk.o)
                0x0002f688                sbrk
                0x0002f688                __sbrk
 *fill*         0x0002f6dc        0x4 
 .text          0x0002f6e0       0x20 /opt/ti-sdk-am335x-evm-07.00.00.00/linux-devkit/sysroots/i686-arago-linux/usr/bin/../arm-linux-gnueabihf/libc/usr/lib/arm-linux-gnueabihf/4.7.3/libc.a(ioctl.o)
                0x0002f6e0                ioctl
                0x0002f6e0                __ioctl
 .text          0x0002f700       0x28 /opt/ti-sdk-am335x-evm-07.00.00.00/linux-devkit/sysroots/i686-arago-linux/usr/bin/../arm-linux-gnueabihf/libc/usr/lib/arm-linux-gnueabihf/4.7.3/libc.a(getpagesize.o)
                0x0002f700                getpagesize
                0x0002f700                __getpagesize
 .text          0x0002f728       0x1c /opt/ti-sdk-am335x-evm-07.00.00.00/linux-devkit/sysroots/i686-arago-linux/usr/bin/../arm-linux-gnueabihf/libc/usr/lib/arm-linux-gnueabihf/4.7.3/libc.a(getdtsz.o)
                0x0002f728                __getdtablesize
                0x0002f728                getdtablesize
 .text          0x0002f744      0x66c /opt/ti-sdk-am335x-evm-07.00.00.00/linux-devkit/sysroots/i686-arago-linux/usr/bin/../arm-linux-gnueabihf/libc/usr/lib/arm-linux-gnueabihf/4.7.3/libc.a(syslog.o)
                0x0002f8f0                __vsyslog_chk
                0x0002fc68                __syslog_chk
                0x0002fc88                __syslog
                0x0002fc88                syslog
                0x0002fcac                __vsyslog
                0x0002fcac                vsyslog
                0x0002fcc0                openlog
                0x0002fd2c                closelog
                0x0002fda0                setlogmask
 .text          0x0002fdb0       0x30 /opt/ti-sdk-am335x-evm-07.00.00.00/linux-devkit/sysroots/i686-arago-linux/usr/bin/../arm-linux-gnueabihf/libc/usr/lib/arm-linux-gnueabihf/4.7.3/libc.a(syscall.o)
                0x0002fdb0                syscall
 .text          0x0002fde0       0x50 /opt/ti-sdk-am335x-evm-07.00.00.00/linux-devkit/sysroots/i686-arago-linux/usr/bin/../arm-linux-gnueabihf/libc/usr/lib/arm-linux-gnueabihf/4.7.3/libc.a(mmap.o)
                0x0002fde0                __mmap
                0x0002fde0                mmap
 .text          0x0002fe30       0x60 /opt/ti-sdk-am335x-evm-07.00.00.00/linux-devkit/sysroots/i686-arago-linux/usr/bin/../arm-linux-gnueabihf/libc/usr/lib/arm-linux-gnueabihf/4.7.3/libc.a(mmap64.o)
                0x0002fe30                __mmap64
                0x0002fe30                mmap64
 .text          0x0002fe90       0x20 /opt/ti-sdk-am335x-evm-07.00.00.00/linux-devkit/sysroots/i686-arago-linux/usr/bin/../arm-linux-gnueabihf/libc/usr/lib/arm-linux-gnueabihf/4.7.3/libc.a(munmap.o)
                0x0002fe90                munmap
                0x0002fe90                __munmap
 .text          0x0002feb0       0x20 /opt/ti-sdk-am335x-evm-07.00.00.00/linux-devkit/sysroots/i686-arago-linux/usr/bin/../arm-linux-gnueabihf/libc/usr/lib/arm-linux-gnueabihf/4.7.3/libc.a(mprotect.o)
                0x0002feb0                __mprotect
                0x0002feb0                mprotect
 .text          0x0002fed0       0x20 /opt/ti-sdk-am335x-evm-07.00.00.00/linux-devkit/sysroots/i686-arago-linux/usr/bin/../arm-linux-gnueabihf/libc/usr/lib/arm-linux-gnueabihf/4.7.3/libc.a(madvise.o)
                0x0002fed0                madvise
 .text          0x0002fef0      0x4c4 /opt/ti-sdk-am335x-evm-07.00.00.00/linux-devkit/sysroots/i686-arago-linux/usr/bin/../arm-linux-gnueabihf/libc/usr/lib/arm-linux-gnueabihf/4.7.3/libc.a(tsearch.o)
                0x00030038                tsearch
                0x00030038                __tsearch
                0x000300e8                tfind
                0x000300e8                __tfind
                0x00030110                tdelete
                0x00030110                __tdelete
                0x0003039c                __twalk
                0x0003039c                twalk
                0x000303ac                __tdestroy
                0x000303ac                tdestroy
 .text          0x000303b4      0x4dc /opt/ti-sdk-am335x-evm-07.00.00.00/linux-devkit/sysroots/i686-arago-linux/usr/bin/../arm-linux-gnueabihf/libc/usr/lib/arm-linux-gnueabihf/4.7.3/libc.a(getsysstats.o)
                0x000305e8                __get_nprocs
                0x000305e8                get_nprocs
                0x00030800                __get_nprocs_conf
                0x00030800                get_nprocs_conf
                0x00030878                get_phys_pages
                0x00030878                __get_phys_pages
                0x00030884                get_avphys_pages
                0x00030884                __get_avphys_pages
 .text          0x00030890       0x10 /opt/ti-sdk-am335x-evm-07.00.00.00/linux-devkit/sysroots/i686-arago-linux/usr/bin/../arm-linux-gnueabihf/libc/usr/lib/arm-linux-gnueabihf/4.7.3/libc.a(getclktck.o)
                0x00030890                __getclktck
 .text          0x000308a0       0x28 /opt/ti-sdk-am335x-evm-07.00.00.00/linux-devkit/sysroots/i686-arago-linux/usr/bin/../arm-linux-gnueabihf/libc/usr/lib/arm-linux-gnueabihf/4.7.3/libc.a(init-misc.o)
                0x000308a0                __init_misc
 .text          0x000308c8       0x3c /opt/ti-sdk-am335x-evm-07.00.00.00/linux-devkit/sysroots/i686-arago-linux/usr/bin/../arm-linux-gnueabihf/libc/usr/lib/arm-linux-gnueabihf/4.7.3/libc.a(llseek.o)
                0x000308c8                __llseek
                0x000308c8                __lseek64
                0x000308c8                __libc_lseek64
                0x000308c8                llseek
                0x000308c8                lseek64
 *fill*         0x00030904        0xc 
 .text          0x00030910       0x20 /opt/ti-sdk-am335x-evm-07.00.00.00/linux-devkit/sysroots/i686-arago-linux/usr/bin/../arm-linux-gnueabihf/libc/usr/lib/arm-linux-gnueabihf/4.7.3/libc.a(mremap.o)
                0x00030910                mremap
                0x00030910                __mremap
 .text          0x00030930       0x90 /opt/ti-sdk-am335x-evm-07.00.00.00/linux-devkit/sysroots/i686-arago-linux/usr/bin/../arm-linux-gnueabihf/libc/usr/lib/arm-linux-gnueabihf/4.7.3/libc.a(connect.o)
                0x00030934                __connect_nocancel
                0x00030950                connect
                0x00030950                __connect_internal
                0x00030950                __connect
                0x00030950                __libc_connect
 .text          0x000309c0       0x90 /opt/ti-sdk-am335x-evm-07.00.00.00/linux-devkit/sysroots/i686-arago-linux/usr/bin/../arm-linux-gnueabihf/libc/usr/lib/arm-linux-gnueabihf/4.7.3/libc.a(send.o)
                0x000309c4                __send_nocancel
                0x000309e0                send
                0x000309e0                __send
                0x000309e0                __libc_send
 .text          0x00030a50       0x20 /opt/ti-sdk-am335x-evm-07.00.00.00/linux-devkit/sysroots/i686-arago-linux/usr/bin/../arm-linux-gnueabihf/libc/usr/lib/arm-linux-gnueabihf/4.7.3/libc.a(socket.o)
                0x00030a50                socket
                0x00030a50                __socket
 .text          0x00030a70        0x0 /opt/ti-sdk-am335x-evm-07.00.00.00/linux-devkit/sysroots/i686-arago-linux/usr/bin/../arm-linux-gnueabihf/libc/usr/lib/arm-linux-gnueabihf/4.7.3/libc.a(have_sock_cloexec.o)
 .text          0x00030a70       0x24 /opt/ti-sdk-am335x-evm-07.00.00.00/linux-devkit/sysroots/i686-arago-linux/usr/bin/../arm-linux-gnueabihf/libc/usr/lib/arm-linux-gnueabihf/4.7.3/libc.a(alloca_cutoff.o)
                0x00030a70                __libc_alloca_cutoff
 .text          0x00030a94       0x60 /opt/ti-sdk-am335x-evm-07.00.00.00/linux-devkit/sysroots/i686-arago-linux/usr/bin/../arm-linux-gnueabihf/libc/usr/lib/arm-linux-gnueabihf/4.7.3/libc.a(libc-lowlevellock.o)
                0x00030a94                __lll_lock_wait_private
 .text          0x00030af4       0xe4 /opt/ti-sdk-am335x-evm-07.00.00.00/linux-devkit/sysroots/i686-arago-linux/usr/bin/../arm-linux-gnueabihf/libc/usr/lib/arm-linux-gnueabihf/4.7.3/libc.a(libc-cancellation.o)
                0x00030af4                __libc_enable_asynccancel
                0x00030b74                __libc_disable_asynccancel
 .text          0x00030bd8      0x11c /opt/ti-sdk-am335x-evm-07.00.00.00/linux-devkit/sysroots/i686-arago-linux/usr/bin/../arm-linux-gnueabihf/libc/usr/lib/arm-linux-gnueabihf/4.7.3/libc.a(register-atfork.o)
                0x00030bd8                __linkin_atfork
                0x00030c04                __register_atfork
 .text          0x00030cf4        0x0 /opt/ti-sdk-am335x-evm-07.00.00.00/linux-devkit/sysroots/i686-arago-linux/usr/bin/../arm-linux-gnueabihf/libc/usr/lib/arm-linux-gnueabihf/4.7.3/libc.a(libc_multiple_threads.o)
 .text          0x00030cf4      0x12c /opt/ti-sdk-am335x-evm-07.00.00.00/linux-devkit/sysroots/i686-arago-linux/usr/bin/../arm-linux-gnueabihf/libc/usr/lib/arm-linux-gnueabihf/4.7.3/libc.a(vfprintf_chk.o)
                0x00030cf4                ___vfprintf_chk
                0x00030cf4                __vfprintf_chk
 .text          0x00030e20       0x90 /opt/ti-sdk-am335x-evm-07.00.00.00/linux-devkit/sysroots/i686-arago-linux/usr/bin/../arm-linux-gnueabihf/libc/usr/lib/arm-linux-gnueabihf/4.7.3/libc.a(backtrace.o)
                0x00030e68                backtrace
                0x00030e68                __backtrace
 .text          0x00030eb0      0x1e0 /opt/ti-sdk-am335x-evm-07.00.00.00/linux-devkit/sysroots/i686-arago-linux/usr/bin/../arm-linux-gnueabihf/libc/usr/lib/arm-linux-gnueabihf/4.7.3/libc.a(backtracesymsfd.o)
                0x00030eb0                __backtrace_symbols_fd
                0x00030eb0                backtrace_symbols_fd
 .text          0x00031090      0x4cc /opt/ti-sdk-am335x-evm-07.00.00.00/linux-devkit/sysroots/i686-arago-linux/usr/bin/../arm-linux-gnueabihf/libc/usr/lib/arm-linux-gnueabihf/4.7.3/libc.a(dl-support.o)
                0x00031090                _dl_aux_init
                0x0003131c                _dl_non_dynamic_init
                0x00031540                _dl_important_hwcaps
 .text          0x0003155c      0x25c /opt/ti-sdk-am335x-evm-07.00.00.00/linux-devkit/sysroots/i686-arago-linux/usr/bin/../arm-linux-gnueabihf/libc/usr/lib/arm-linux-gnueabihf/4.7.3/libc.a(dl-addr.o)
                0x0003155c                _dl_addr_inside_object
                0x00031594                _dl_addr
 .text          0x000317b8       0x3c /opt/ti-sdk-am335x-evm-07.00.00.00/linux-devkit/sysroots/i686-arago-linux/usr/bin/../arm-linux-gnueabihf/libc/usr/lib/arm-linux-gnueabihf/4.7.3/libc.a(enbl-secure.o)
                0x000317b8                __libc_init_secure
 .text          0x000317f4       0xa4 /opt/ti-sdk-am335x-evm-07.00.00.00/linux-devkit/sysroots/i686-arago-linux/usr/bin/../arm-linux-gnueabihf/libc/usr/lib/arm-linux-gnueabihf/4.7.3/libc.a(dl-sysdep.o)
                0x000317f4                _dl_discover_osversion
 .text          0x00031898       0x6c /opt/ti-sdk-am335x-evm-07.00.00.00/linux-devkit/sysroots/i686-arago-linux/usr/bin/../arm-linux-gnueabihf/libc/usr/lib/arm-linux-gnueabihf/4.7.3/libc.a(init-first.o)
                0x00031898                __libc_init_first
                0x000318fc                _dl_start
 *fill*         0x00031904        0xc 
 .text          0x00031910       0x30 /opt/ti-sdk-am335x-evm-07.00.00.00/linux-devkit/sysroots/i686-arago-linux/usr/bin/../arm-linux-gnueabihf/libc/usr/lib/arm-linux-gnueabihf/4.7.3/libc.a(sysdep.o)
                0x00031910                __syscall_error
 .text          0x00031940      0x548 /opt/ti-sdk-am335x-evm-07.00.00.00/linux-devkit/sysroots/i686-arago-linux/usr/bin/../arm-linux-gnueabihf/libc/usr/lib/arm-linux-gnueabihf/4.7.3/libc.a(gconv_open.o)
                0x00031940                __gconv_open
 .text          0x00031e88      0x138 /opt/ti-sdk-am335x-evm-07.00.00.00/linux-devkit/sysroots/i686-arago-linux/usr/bin/../arm-linux-gnueabihf/libc/usr/lib/arm-linux-gnueabihf/4.7.3/libc.a(gconv.o)
                0x00031e88                __gconv
 .text          0x00031fc0       0x60 /opt/ti-sdk-am335x-evm-07.00.00.00/linux-devkit/sysroots/i686-arago-linux/usr/bin/../arm-linux-gnueabihf/libc/usr/lib/arm-linux-gnueabihf/4.7.3/libc.a(gconv_close.o)
                0x00031fc0                __gconv_close
 .text          0x00032020      0x9e0 /opt/ti-sdk-am335x-evm-07.00.00.00/linux-devkit/sysroots/i686-arago-linux/usr/bin/../arm-linux-gnueabihf/libc/usr/lib/arm-linux-gnueabihf/4.7.3/libc.a(gconv_db.o)
                0x00032020                __gconv_alias_compare
                0x00032070                __gconv_get_modules_db
                0x0003207c                __gconv_get_alias_db
                0x00032088                __gconv_release_step
                0x000326d8                __gconv_compare_alias
                0x00032748                __gconv_find_transform
                0x00032960                __gconv_close_transform
 .text          0x00032a00      0x8c0 /opt/ti-sdk-am335x-evm-07.00.00.00/linux-devkit/sysroots/i686-arago-linux/usr/bin/../arm-linux-gnueabihf/libc/usr/lib/arm-linux-gnueabihf/4.7.3/libc.a(gconv_conf.o)
                0x00032d38                __gconv_get_path
                0x00032fd4                __gconv_read_conf
 .text          0x000332c0       0x88 /opt/ti-sdk-am335x-evm-07.00.00.00/linux-devkit/sysroots/i686-arago-linux/usr/bin/../arm-linux-gnueabihf/libc/usr/lib/arm-linux-gnueabihf/4.7.3/libc.a(gconv_builtin.o)
                0x000332c0                __gconv_get_builtin_trans
 .text          0x00033348     0x3dd4 /opt/ti-sdk-am335x-evm-07.00.00.00/linux-devkit/sysroots/i686-arago-linux/usr/bin/../arm-linux-gnueabihf/libc/usr/lib/arm-linux-gnueabihf/4.7.3/libc.a(gconv_simple.o)
                0x00033348                __gconv_btwoc_ascii
                0x00033358                __gconv_transform_internal_ucs4
                0x000336a8                __gconv_transform_ucs4_internal
                0x00033aa8                __gconv_transform_internal_ucs4le
                0x00033de8                __gconv_transform_ucs4le_internal
                0x00034250                __gconv_transform_ascii_internal
                0x0003447c                __gconv_transform_internal_ascii
                0x000349b4                __gconv_transform_internal_utf8
                0x0003512c                __gconv_transform_utf8_internal
                0x00035a04                __gconv_transform_ucs2_internal
                0x00035ea8                __gconv_transform_internal_ucs2
                0x000365a8                __gconv_transform_ucs2reverse_internal
                0x00036a0c                __gconv_transform_internal_ucs2reverse
 .text          0x0003711c      0x4d8 /opt/ti-sdk-am335x-evm-07.00.00.00/linux-devkit/sysroots/i686-arago-linux/usr/bin/../arm-linux-gnueabihf/libc/usr/lib/arm-linux-gnueabihf/4.7.3/libc.a(gconv_trans.o)
                0x000371a8                __gconv_transliterate
                0x00037414                __gconv_translit_find
 .text          0x000375f4      0x550 /opt/ti-sdk-am335x-evm-07.00.00.00/linux-devkit/sysroots/i686-arago-linux/usr/bin/../arm-linux-gnueabihf/libc/usr/lib/arm-linux-gnueabihf/4.7.3/libc.a(gconv_cache.o)
                0x000376e4                __gconv_get_cache
                0x000376f0                __gconv_load_cache
                0x00037830                __gconv_compare_alias_cache
                0x0003787c                __gconv_lookup_cache
                0x00037b34                __gconv_release_cache
 .text          0x00037b44      0x17c /opt/ti-sdk-am335x-evm-07.00.00.00/linux-devkit/sysroots/i686-arago-linux/usr/bin/../arm-linux-gnueabihf/libc/usr/lib/arm-linux-gnueabihf/4.7.3/libc.a(gconv_dl.o)
                0x00037ba8                __gconv_release_shlib
                0x00037bc0                __gconv_find_shlib
 .text          0x00037cc0        0x0 /opt/ti-sdk-am335x-evm-07.00.00.00/linux-devkit/sysroots/i686-arago-linux/usr/bin/../arm-linux-gnueabihf/libc/usr/lib/arm-linux-gnueabihf/4.7.3/libc.a(catnames.o)
 .text          0x00037cc0      0x588 /opt/ti-sdk-am335x-evm-07.00.00.00/linux-devkit/sysroots/i686-arago-linux/usr/bin/../arm-linux-gnueabihf/libc/usr/lib/arm-linux-gnueabihf/4.7.3/libc.a(setlocale.o)
                0x00037e34                setlocale
 .text          0x00038248      0x38c /opt/ti-sdk-am335x-evm-07.00.00.00/linux-devkit/sysroots/i686-arago-linux/usr/bin/../arm-linux-gnueabihf/libc/usr/lib/arm-linux-gnueabihf/4.7.3/libc.a(findlocale.o)
                0x00038248                _nl_find_locale
                0x000385a0                _nl_remove_locale
 .text          0x000385d4      0x498 /opt/ti-sdk-am335x-evm-07.00.00.00/linux-devkit/sysroots/i686-arago-linux/usr/bin/../arm-linux-gnueabihf/libc/usr/lib/arm-linux-gnueabihf/4.7.3/libc.a(loadlocale.o)
                0x000385d4                _nl_intern_locale_data
                0x00038800                _nl_load_locale
                0x00038a30                _nl_unload_locale
 .text          0x00038a6c      0x694 /opt/ti-sdk-am335x-evm-07.00.00.00/linux-devkit/sysroots/i686-arago-linux/usr/bin/../arm-linux-gnueabihf/libc/usr/lib/arm-linux-gnueabihf/4.7.3/libc.a(loadarchive.o)
                0x00038a74                _nl_load_locale_from_archive
 .text          0x00039100        0x0 /opt/ti-sdk-am335x-evm-07.00.00.00/linux-devkit/sysroots/i686-arago-linux/usr/bin/../arm-linux-gnueabihf/libc/usr/lib/arm-linux-gnueabihf/4.7.3/libc.a(C-ctype.o)
 .text          0x00039100        0x0 /opt/ti-sdk-am335x-evm-07.00.00.00/linux-devkit/sysroots/i686-arago-linux/usr/bin/../arm-linux-gnueabihf/libc/usr/lib/arm-linux-gnueabihf/4.7.3/libc.a(SYS_libc.o)
 .text          0x00039100        0x0 /opt/ti-sdk-am335x-evm-07.00.00.00/linux-devkit/sysroots/i686-arago-linux/usr/bin/../arm-linux-gnueabihf/libc/usr/lib/arm-linux-gnueabihf/4.7.3/libc.a(C_name.o)
 .text          0x00039100        0x0 /opt/ti-sdk-am335x-evm-07.00.00.00/linux-devkit/sysroots/i686-arago-linux/usr/bin/../arm-linux-gnueabihf/libc/usr/lib/arm-linux-gnueabihf/4.7.3/libc.a(xlocale.o)
 .text          0x00039100        0x0 /opt/ti-sdk-am335x-evm-07.00.00.00/linux-devkit/sysroots/i686-arago-linux/usr/bin/../arm-linux-gnueabihf/libc/usr/lib/arm-linux-gnueabihf/4.7.3/libc.a(global-locale.o)
 .text          0x00039100       0x60 /opt/ti-sdk-am335x-evm-07.00.00.00/linux-devkit/sysroots/i686-arago-linux/usr/bin/../arm-linux-gnueabihf/libc/usr/lib/arm-linux-gnueabihf/4.7.3/libc.a(lc-ctype.o)
                0x00039100                _nl_postload_ctype
 .text          0x00039160        0x0 /opt/ti-sdk-am335x-evm-07.00.00.00/linux-devkit/sysroots/i686-arago-linux/usr/bin/../arm-linux-gnueabihf/libc/usr/lib/arm-linux-gnueabihf/4.7.3/libc.a(C-messages.o)
 .text          0x00039160        0x0 /opt/ti-sdk-am335x-evm-07.00.00.00/linux-devkit/sysroots/i686-arago-linux/usr/bin/../arm-linux-gnueabihf/libc/usr/lib/arm-linux-gnueabihf/4.7.3/libc.a(C-monetary.o)
 .text          0x00039160        0x0 /opt/ti-sdk-am335x-evm-07.00.00.00/linux-devkit/sysroots/i686-arago-linux/usr/bin/../arm-linux-gnueabihf/libc/usr/lib/arm-linux-gnueabihf/4.7.3/libc.a(C-numeric.o)
 .text          0x00039160        0x0 /opt/ti-sdk-am335x-evm-07.00.00.00/linux-devkit/sysroots/i686-arago-linux/usr/bin/../arm-linux-gnueabihf/libc/usr/lib/arm-linux-gnueabihf/4.7.3/libc.a(C-paper.o)
 .text          0x00039160        0x0 /opt/ti-sdk-am335x-evm-07.00.00.00/linux-devkit/sysroots/i686-arago-linux/usr/bin/../arm-linux-gnueabihf/libc/usr/lib/arm-linux-gnueabihf/4.7.3/libc.a(C-name.o)
 .text          0x00039160        0x0 /opt/ti-sdk-am335x-evm-07.00.00.00/linux-devkit/sysroots/i686-arago-linux/usr/bin/../arm-linux-gnueabihf/libc/usr/lib/arm-linux-gnueabihf/4.7.3/libc.a(C-address.o)
 .text          0x00039160        0x0 /opt/ti-sdk-am335x-evm-07.00.00.00/linux-devkit/sysroots/i686-arago-linux/usr/bin/../arm-linux-gnueabihf/libc/usr/lib/arm-linux-gnueabihf/4.7.3/libc.a(C-telephone.o)
 .text          0x00039160        0x0 /opt/ti-sdk-am335x-evm-07.00.00.00/linux-devkit/sysroots/i686-arago-linux/usr/bin/../arm-linux-gnueabihf/libc/usr/lib/arm-linux-gnueabihf/4.7.3/libc.a(C-measurement.o)
 .text          0x00039160        0x0 /opt/ti-sdk-am335x-evm-07.00.00.00/linux-devkit/sysroots/i686-arago-linux/usr/bin/../arm-linux-gnueabihf/libc/usr/lib/arm-linux-gnueabihf/4.7.3/libc.a(C-identification.o)
 .text          0x00039160        0x0 /opt/ti-sdk-am335x-evm-07.00.00.00/linux-devkit/sysroots/i686-arago-linux/usr/bin/../arm-linux-gnueabihf/libc/usr/lib/arm-linux-gnueabihf/4.7.3/libc.a(C-collate.o)
 .text          0x00039160       0x18 /opt/ti-sdk-am335x-evm-07.00.00.00/linux-devkit/sysroots/i686-arago-linux/usr/bin/../arm-linux-gnueabihf/libc/usr/lib/arm-linux-gnueabihf/4.7.3/libc.a(localename.o)
                0x00039160                __current_locale_name
 .text          0x00039178       0x80 /opt/ti-sdk-am335x-evm-07.00.00.00/linux-devkit/sysroots/i686-arago-linux/usr/bin/../arm-linux-gnueabihf/libc/usr/lib/arm-linux-gnueabihf/4.7.3/libc.a(ctype-info.o)
                0x00039178                __ctype_b_loc
                0x0003918c                __ctype_toupper_loc
                0x000391a0                __ctype_tolower_loc
                0x000391b8                __ctype_init
 .text          0x000391f8       0x3c /opt/ti-sdk-am335x-evm-07.00.00.00/linux-devkit/sysroots/i686-arago-linux/usr/bin/../arm-linux-gnueabihf/libc/usr/lib/arm-linux-gnueabihf/4.7.3/libc.a(setfpucw.o)
                0x000391f8                __setfpucw
 .text          0x00039234        0x0 /opt/ti-sdk-am335x-evm-07.00.00.00/linux-devkit/sysroots/i686-arago-linux/usr/bin/../arm-linux-gnueabihf/libc/usr/lib/arm-linux-gnueabihf/4.7.3/libc.a(fpu_control.o)
 *fill*         0x00039234        0xc 
 .text          0x00039240       0x50 /opt/ti-sdk-am335x-evm-07.00.00.00/linux-devkit/sysroots/i686-arago-linux/usr/bin/../arm-linux-gnueabihf/libc/usr/lib/arm-linux-gnueabihf/4.7.3/libc.a(setjmp.o)
                0x00039240                __sigsetjmp
 .text          0x00039290       0x24 /opt/ti-sdk-am335x-evm-07.00.00.00/linux-devkit/sysroots/i686-arago-linux/usr/bin/../arm-linux-gnueabihf/libc/usr/lib/arm-linux-gnueabihf/4.7.3/libc.a(sigjmp.o)
                0x00039290                __sigjmp_save
 .text          0x000392b4       0x50 /opt/ti-sdk-am335x-evm-07.00.00.00/linux-devkit/sysroots/i686-arago-linux/usr/bin/../arm-linux-gnueabihf/libc/usr/lib/arm-linux-gnueabihf/4.7.3/libc.a(add_n.o)
                0x000392b4                __mpn_add_n
 .text          0x00039304       0x48 /opt/ti-sdk-am335x-evm-07.00.00.00/linux-devkit/sysroots/i686-arago-linux/usr/bin/../arm-linux-gnueabihf/libc/usr/lib/arm-linux-gnueabihf/4.7.3/libc.a(cmp.o)
                0x00039304                __mpn_cmp
 .text          0x0003934c       0x54 /opt/ti-sdk-am335x-evm-07.00.00.00/linux-devkit/sysroots/i686-arago-linux/usr/bin/../arm-linux-gnueabihf/libc/usr/lib/arm-linux-gnueabihf/4.7.3/libc.a(lshift.o)
                0x0003934c                __mpn_lshift
 .text          0x000393a0       0x48 /opt/ti-sdk-am335x-evm-07.00.00.00/linux-devkit/sysroots/i686-arago-linux/usr/bin/../arm-linux-gnueabihf/libc/usr/lib/arm-linux-gnueabihf/4.7.3/libc.a(rshift.o)
                0x000393a0                __mpn_rshift
 .text          0x000393e8      0x260 /opt/ti-sdk-am335x-evm-07.00.00.00/linux-devkit/sysroots/i686-arago-linux/usr/bin/../arm-linux-gnueabihf/libc/usr/lib/arm-linux-gnueabihf/4.7.3/libc.a(mul.o)
                0x000393e8                __mpn_mul
 .text          0x00039648       0x6c /opt/ti-sdk-am335x-evm-07.00.00.00/linux-devkit/sysroots/i686-arago-linux/usr/bin/../arm-linux-gnueabihf/libc/usr/lib/arm-linux-gnueabihf/4.7.3/libc.a(mul_1.o)
                0x00039648                __mpn_mul_1
 .text          0x000396b4      0x590 /opt/ti-sdk-am335x-evm-07.00.00.00/linux-devkit/sysroots/i686-arago-linux/usr/bin/../arm-linux-gnueabihf/libc/usr/lib/arm-linux-gnueabihf/4.7.3/libc.a(mul_n.o)
                0x000396b4                __mpn_impn_mul_n_basecase
                0x00039760                __mpn_impn_mul_n
                0x00039980                __mpn_impn_sqr_n_basecase
                0x00039a28                __mpn_impn_sqr_n
                0x00039bf8                __mpn_mul_n