Archive member included because of file (symbol)

/opt/ti-sdk-am335x-evm-07.00.00.00/linux-devkit/sysroots/i686-arago-linux/usr/bin/../lib/gcc/arm-linux-gnueabihf/4.7.3/libgcc.a(_udivsi3.o)
                              release/libaiff/libaiff.o (__aeabi_uidiv)
/opt/ti-sdk-am335x-evm-07.00.00.00/linux-devkit/sysroots/i686-arago-linux/usr/bin/../lib/gcc/arm-linux-gnueabihf/4.7.3/libgcc.a(_divsi3.o)
                              release/main.o (__aeabi_idiv)
/opt/ti-sdk-am335x-evm-07.00.00.00/linux-devkit/sysroots/i686-arago-linux/usr/bin/../lib/gcc/arm-linux-gnueabihf/4.7.3/libgcc.a(_dvmd_lnx.o)
                              /opt/ti-sdk-am335x-evm-07.00.00.00/linux-devkit/sysroots/i686-arago-linux/usr/bin/../lib/gcc/arm-linux-gnueabihf/4.7.3/libgcc.a(_udivsi3.o) (__aeabi_idiv0)
/opt/ti-sdk-am335x-evm-07.00.00.00/linux-devkit/sysroots/i686-arago-linux/usr/bin/../arm-linux-gnueabihf/libc/usr/lib/arm-linux-gnueabihf/4.7.3/./libc_nonshared.a(elf-init.oS)
                              /opt/ti-sdk-am335x-evm-07.00.00.00/linux-devkit/sysroots/i686-arago-linux/usr/bin/../arm-linux-gnueabihf/libc/usr/lib/arm-linux-gnueabihf/4.7.3/crt1.o (__libc_csu_init)

Allocating common symbols
Common symbol       size              file

inAIO               0x4               release/main.o
g_led_count         0x4               release/main.o
inBuffer            0x4               release/main.o
chanMask            0x4               release/main.o

Discarded input sections

 .note.GNU-stack
                0x00000000        0x0 /opt/ti-sdk-am335x-evm-07.00.00.00/linux-devkit/sysroots/i686-arago-linux/usr/bin/../arm-linux-gnueabihf/libc/usr/lib/arm-linux-gnueabihf/4.7.3/crt1.o
 .gnu_debuglink
                0x00000000        0xc /opt/ti-sdk-am335x-evm-07.00.00.00/linux-devkit/sysroots/i686-arago-linux/usr/bin/../arm-linux-gnueabihf/libc/usr/lib/arm-linux-gnueabihf/4.7.3/crt1.o
 .note.GNU-stack
                0x00000000        0x0 /opt/ti-sdk-am335x-evm-07.00.00.00/linux-devkit/sysroots/i686-arago-linux/usr/bin/../arm-linux-gnueabihf/libc/usr/lib/arm-linux-gnueabihf/4.7.3/crti.o
 .gnu_debuglink
                0x00000000        0xc /opt/ti-sdk-am335x-evm-07.00.00.00/linux-devkit/sysroots/i686-arago-linux/usr/bin/../arm-linux-gnueabihf/libc/usr/lib/arm-linux-gnueabihf/4.7.3/crti.o
 .note.GNU-stack
                0x00000000        0x0 /opt/ti-sdk-am335x-evm-07.00.00.00/linux-devkit/sysroots/i686-arago-linux/usr/bin/../lib/gcc/arm-linux-gnueabihf/4.7.3/crtbegin.o
 .note.GNU-stack
                0x00000000        0x0 release/main.o
 .note.GNU-stack
                0x00000000        0x0 release/recorder_helpers.o
 .note.GNU-stack
                0x00000000        0x0 release/dt78xx_aio.o
 .note.GNU-stack
                0x00000000        0x0 release/dt78xx_misc.o
 .note.GNU-stack
                0x00000000        0x0 release/libaiff/libaiff.o
 .note.GNU-stack
                0x00000000        0x0 release/libaiff/aifx.o
 .note.GNU-stack
                0x00000000        0x0 release/libaiff/extended.o
 .note.GNU-stack
                0x00000000        0x0 release/libaiff/float32.o
 .note.GNU-stack
                0x00000000        0x0 release/libaiff/g711.o
 .note.GNU-stack
                0x00000000        0x0 release/libaiff/iff.o
 .note.GNU-stack
                0x00000000        0x0 release/libaiff/lpcm.o
 .note.GNU-stack
                0x00000000        0x0 release/libaiff/pascal.o
 .note.GNU-stack
                0x00000000        0x0 release/RingBuf/RingBuf.o
 .note.GNU-stack
                0x00000000        0x0 release/sunriset/sunriset.o
 .note.GNU-stack
                0x00000000        0x0 /opt/ti-sdk-am335x-evm-07.00.00.00/linux-devkit/sysroots/i686-arago-linux/usr/bin/../lib/gcc/arm-linux-gnueabihf/4.7.3/libgcc.a(_udivsi3.o)
 .note.GNU-stack
                0x00000000        0x0 /opt/ti-sdk-am335x-evm-07.00.00.00/linux-devkit/sysroots/i686-arago-linux/usr/bin/../lib/gcc/arm-linux-gnueabihf/4.7.3/libgcc.a(_divsi3.o)
 .note.GNU-stack
                0x00000000        0x0 /opt/ti-sdk-am335x-evm-07.00.00.00/linux-devkit/sysroots/i686-arago-linux/usr/bin/../lib/gcc/arm-linux-gnueabihf/4.7.3/libgcc.a(_dvmd_lnx.o)
 .note.GNU-stack
                0x00000000        0x0 /opt/ti-sdk-am335x-evm-07.00.00.00/linux-devkit/sysroots/i686-arago-linux/usr/bin/../arm-linux-gnueabihf/libc/usr/lib/arm-linux-gnueabihf/4.7.3/./libc_nonshared.a(elf-init.oS)
 .note.GNU-stack
                0x00000000        0x0 /opt/ti-sdk-am335x-evm-07.00.00.00/linux-devkit/sysroots/i686-arago-linux/usr/bin/../lib/gcc/arm-linux-gnueabihf/4.7.3/crtend.o
 .note.GNU-stack
                0x00000000        0x0 /opt/ti-sdk-am335x-evm-07.00.00.00/linux-devkit/sysroots/i686-arago-linux/usr/bin/../arm-linux-gnueabihf/libc/usr/lib/arm-linux-gnueabihf/4.7.3/crtn.o
 .gnu_debuglink
                0x00000000        0xc /opt/ti-sdk-am335x-evm-07.00.00.00/linux-devkit/sysroots/i686-arago-linux/usr/bin/../arm-linux-gnueabihf/libc/usr/lib/arm-linux-gnueabihf/4.7.3/crtn.o

Memory Configuration

Name             Origin             Length             Attributes
*default*        0x00000000         0xffffffff

Linker script and memory map

LOAD /opt/ti-sdk-am335x-evm-07.00.00.00/linux-devkit/sysroots/i686-arago-linux/usr/bin/../arm-linux-gnueabihf/libc/usr/lib/arm-linux-gnueabihf/4.7.3/crt1.o
LOAD /opt/ti-sdk-am335x-evm-07.00.00.00/linux-devkit/sysroots/i686-arago-linux/usr/bin/../arm-linux-gnueabihf/libc/usr/lib/arm-linux-gnueabihf/4.7.3/crti.o
LOAD /opt/ti-sdk-am335x-evm-07.00.00.00/linux-devkit/sysroots/i686-arago-linux/usr/bin/../lib/gcc/arm-linux-gnueabihf/4.7.3/crtbegin.o
LOAD release/main.o
LOAD release/recorder_helpers.o
LOAD release/dt78xx_aio.o
LOAD release/dt78xx_misc.o
LOAD release/libaiff/libaiff.o
LOAD release/libaiff/aifx.o
LOAD release/libaiff/extended.o
LOAD release/libaiff/float32.o
LOAD release/libaiff/g711.o
LOAD release/libaiff/iff.o
LOAD release/libaiff/lpcm.o
LOAD release/libaiff/pascal.o
LOAD release/RingBuf/RingBuf.o
LOAD release/sunriset/sunriset.o
LOAD /opt/ti-sdk-am335x-evm-07.00.00.00/linux-devkit/sysroots/i686-arago-linux/usr/bin/../arm-linux-gnueabihf/libc/usr/lib/arm-linux-gnueabihf/4.7.3/libpthread.so
START GROUP
LOAD /opt/ti-sdk-am335x-evm-07.00.00.00/linux-devkit/sysroots/i686-arago-linux/usr/bin/../arm-linux-gnueabihf/libc/usr/lib/arm-linux-gnueabihf/4.7.3/../../lib/libpthread.so.0
LOAD /opt/ti-sdk-am335x-evm-07.00.00.00/linux-devkit/sysroots/i686-arago-linux/usr/bin/../arm-linux-gnueabihf/libc/usr/lib/arm-linux-gnueabihf/4.7.3/./libpthread_nonshared.a
END GROUP
LOAD /opt/ti-sdk-am335x-evm-07.00.00.00/linux-devkit/sysroots/i686-arago-linux/usr/bin/../arm-linux-gnueabihf/libc/usr/lib/arm-linux-gnueabihf/4.7.3/libm.so
LOAD /opt/ti-sdk-am335x-evm-07.00.00.00/linux-devkit/sysroots/i686-arago-linux/usr/bin/../lib/gcc/arm-linux-gnueabihf/4.7.3/libgcc.a
LOAD /opt/ti-sdk-am335x-evm-07.00.00.00/linux-devkit/sysroots/i686-arago-linux/usr/bin/../lib/gcc/arm-linux-gnueabihf/4.7.3/../../../../arm-linux-gnueabihf/lib/libgcc_s.so
START GROUP
LOAD /opt/ti-sdk-am335x-evm-07.00.00.00/linux-devkit/sysroots/i686-arago-linux/usr/bin/../lib/gcc/arm-linux-gnueabihf/4.7.3/../../../../arm-linux-gnueabihf/lib/libgcc_s.so.1
LOAD /opt/ti-sdk-am335x-evm-07.00.00.00/linux-devkit/sysroots/i686-arago-linux/usr/bin/../lib/gcc/arm-linux-gnueabihf/4.7.3/libgcc.a
END GROUP
LOAD /opt/ti-sdk-am335x-evm-07.00.00.00/linux-devkit/sysroots/i686-arago-linux/usr/bin/../arm-linux-gnueabihf/libc/usr/lib/arm-linux-gnueabihf/4.7.3/libc.so
START GROUP
LOAD /opt/ti-sdk-am335x-evm-07.00.00.00/linux-devkit/sysroots/i686-arago-linux/usr/bin/../arm-linux-gnueabihf/libc/usr/lib/arm-linux-gnueabihf/4.7.3/../../lib/libc.so.6
LOAD /opt/ti-sdk-am335x-evm-07.00.00.00/linux-devkit/sysroots/i686-arago-linux/usr/bin/../arm-linux-gnueabihf/libc/usr/lib/arm-linux-gnueabihf/4.7.3/./libc_nonshared.a
LOAD /opt/ti-sdk-am335x-evm-07.00.00.00/linux-devkit/sysroots/i686-arago-linux/usr/bin/../arm-linux-gnueabihf/libc/usr/lib/arm-linux-gnueabihf/4.7.3/../../lib/ld-linux-armhf.so.3
END GROUP
LOAD /opt/ti-sdk-am335x-evm-07.00.00.00/linux-devkit/sysroots/i686-arago-linux/usr/bin/../lib/gcc/arm-linux-gnueabihf/4.7.3/libgcc.a
LOAD /opt/ti-sdk-am335x-evm-07.00.00.00/linux-devkit/sysroots/i686-arago-linux/usr/bin/../lib/gcc/arm-linux-gnueabihf/4.7.3/../../../../arm-linux-gnueabihf/lib/libgcc_s.so
START GROUP
LOAD /opt/ti-sdk-am335x-evm-07.00.00.00/linux-devkit/sysroots/i686-arago-linux/usr/bin/../lib/gcc/arm-linux-gnueabihf/4.7.3/../../../../arm-linux-gnueabihf/lib/libgcc_s.so.1
LOAD /opt/ti-sdk-am335x-evm-07.00.00.00/linux-devkit/sysroots/i686-arago-linux/usr/bin/../lib/gcc/arm-linux-gnueabihf/4.7.3/libgcc.a
END GROUP
LOAD /opt/ti-sdk-am335x-evm-07.00.00.00/linux-devkit/sysroots/i686-arago-linux/usr/bin/../lib/gcc/arm-linux-gnueabihf/4.7.3/crtend.o
LOAD /opt/ti-sdk-am335x-evm-07.00.00.00/linux-devkit/sysroots/i686-arago-linux/usr/bin/../arm-linux-gnueabihf/libc/usr/lib/arm-linux-gnueabihf/4.7.3/crtn.o
                0x00008000                PROVIDE (__executable_start, 0x8000)
                0x00008134                . = (0x8000 + SIZEOF_HEADERS)

.interp         0x00008134       0x19
 *(.interp)
 .interp        0x00008134       0x19 /opt/ti-sdk-am335x-evm-07.00.00.00/linux-devkit/sysroots/i686-arago-linux/usr/bin/../arm-linux-gnueabihf/libc/usr/lib/arm-linux-gnueabihf/4.7.3/crt1.o

.note.ABI-tag   0x00008150       0x20
 .note.ABI-tag  0x00008150       0x20 /opt/ti-sdk-am335x-evm-07.00.00.00/linux-devkit/sysroots/i686-arago-linux/usr/bin/../arm-linux-gnueabihf/libc/usr/lib/arm-linux-gnueabihf/4.7.3/crt1.o

.note.gnu.build-id
                0x00008170       0x24
 *(.note.gnu.build-id)
 .note.gnu.build-id
                0x00008170       0x24 linker stubs

.hash
 *(.hash)

.gnu.hash       0x00008194      0x2fc
 *(.gnu.hash)
 .gnu.hash      0x00008194      0x2fc /opt/ti-sdk-am335x-evm-07.00.00.00/linux-devkit/sysroots/i686-arago-linux/usr/bin/../arm-linux-gnueabihf/libc/usr/lib/arm-linux-gnueabihf/4.7.3/crt1.o

.dynsym         0x00008490      0x3d0
 *(.dynsym)
 .dynsym        0x00008490      0x3d0 /opt/ti-sdk-am335x-evm-07.00.00.00/linux-devkit/sysroots/i686-arago-linux/usr/bin/../arm-linux-gnueabihf/libc/usr/lib/arm-linux-gnueabihf/4.7.3/crt1.o

.dynstr         0x00008860      0x1f3
 *(.dynstr)
 .dynstr        0x00008860      0x1f3 /opt/ti-sdk-am335x-evm-07.00.00.00/linux-devkit/sysroots/i686-arago-linux/usr/bin/../arm-linux-gnueabihf/libc/usr/lib/arm-linux-gnueabihf/4.7.3/crt1.o

.gnu.version    0x00008a54       0x7a
 *(.gnu.version)
 .gnu.version   0x00008a54       0x7a /opt/ti-sdk-am335x-evm-07.00.00.00/linux-devkit/sysroots/i686-arago-linux/usr/bin/../arm-linux-gnueabihf/libc/usr/lib/arm-linux-gnueabihf/4.7.3/crt1.o

.gnu.version_d  0x00008ad0        0x0
 *(.gnu.version_d)
 .gnu.version_d
                0x00000000        0x0 /opt/ti-sdk-am335x-evm-07.00.00.00/linux-devkit/sysroots/i686-arago-linux/usr/bin/../arm-linux-gnueabihf/libc/usr/lib/arm-linux-gnueabihf/4.7.3/crt1.o

.gnu.version_r  0x00008ad0       0x60
 *(.gnu.version_r)
 .gnu.version_r
                0x00008ad0       0x60 /opt/ti-sdk-am335x-evm-07.00.00.00/linux-devkit/sysroots/i686-arago-linux/usr/bin/../arm-linux-gnueabihf/libc/usr/lib/arm-linux-gnueabihf/4.7.3/crt1.o

.rel.dyn        0x00008b30       0x30
 *(.rel.init)
 *(.rel.text .rel.text.* .rel.gnu.linkonce.t.*)
 *(.rel.fini)
 *(.rel.rodata .rel.rodata.* .rel.gnu.linkonce.r.*)
 *(.rel.data.rel.ro .rel.data.rel.ro.* .rel.gnu.linkonce.d.rel.ro.*)
 *(.rel.data .rel.data.* .rel.gnu.linkonce.d.*)
 *(.rel.tdata .rel.tdata.* .rel.gnu.linkonce.td.*)
 *(.rel.tbss .rel.tbss.* .rel.gnu.linkonce.tb.*)
 *(.rel.ctors)
 *(.rel.dtors)
 *(.rel.got)
 .rel.got       0x00008b30        0x8 /opt/ti-sdk-am335x-evm-07.00.00.00/linux-devkit/sysroots/i686-arago-linux/usr/bin/../arm-linux-gnueabihf/libc/usr/lib/arm-linux-gnueabihf/4.7.3/crt1.o
 *(.rel.bss .rel.bss.* .rel.gnu.linkonce.b.*)
 .rel.bss       0x00008b38       0x28 /opt/ti-sdk-am335x-evm-07.00.00.00/linux-devkit/sysroots/i686-arago-linux/usr/bin/../arm-linux-gnueabihf/libc/usr/lib/arm-linux-gnueabihf/4.7.3/crt1.o
                0x00008b60                PROVIDE (__rel_iplt_start, .)
 *(.rel.iplt)
 .rel.iplt      0x00000000        0x0 /opt/ti-sdk-am335x-evm-07.00.00.00/linux-devkit/sysroots/i686-arago-linux/usr/bin/../arm-linux-gnueabihf/libc/usr/lib/arm-linux-gnueabihf/4.7.3/crt1.o
                0x00008b60                PROVIDE (__rel_iplt_end, .)
                0x00008b60                PROVIDE (__rela_iplt_start, .)
                0x00008b60                PROVIDE (__rela_iplt_end, .)

.rela.dyn       0x00008b60        0x0
 *(.rela.init)
 *(.rela.text .rela.text.* .rela.gnu.linkonce.t.*)
 *(.rela.fini)
 *(.rela.rodata .rela.rodata.* .rela.gnu.linkonce.r.*)
 *(.rela.data .rela.data.* .rela.gnu.linkonce.d.*)
 *(.rela.tdata .rela.tdata.* .rela.gnu.linkonce.td.*)
 *(.rela.tbss .rela.tbss.* .rela.gnu.linkonce.tb.*)
 *(.rela.ctors)
 *(.rela.dtors)
 *(.rela.got)
 *(.rela.bss .rela.bss.* .rela.gnu.linkonce.b.*)
                0x00008b60                PROVIDE (__rel_iplt_start, .)
                0x00008b60                PROVIDE (__rel_iplt_end, .)
                0x00008b60                PROVIDE (__rela_iplt_start, .)
 *(.rela.iplt)
                0x00008b60                PROVIDE (__rela_iplt_end, .)

.rel.plt        0x00008b60      0x1b0
 *(.rel.plt)
 .rel.plt       0x00008b60      0x1b0 /opt/ti-sdk-am335x-evm-07.00.00.00/linux-devkit/sysroots/i686-arago-linux/usr/bin/../arm-linux-gnueabihf/libc/usr/lib/arm-linux-gnueabihf/4.7.3/crt1.o

.rela.plt
 *(.rela.plt)

.init           0x00008d10        0xa
 *(SORT(.init))
 .init          0x00008d10        0x8 /opt/ti-sdk-am335x-evm-07.00.00.00/linux-devkit/sysroots/i686-arago-linux/usr/bin/../arm-linux-gnueabihf/libc/usr/lib/arm-linux-gnueabihf/4.7.3/crti.o
                0x00008d10                _init
 .init          0x00008d18        0x2 /opt/ti-sdk-am335x-evm-07.00.00.00/linux-devkit/sysroots/i686-arago-linux/usr/bin/../arm-linux-gnueabihf/libc/usr/lib/arm-linux-gnueabihf/4.7.3/crtn.o

.plt            0x00008d1c      0x2a0
 *(.plt)
 .plt           0x00008d1c      0x2a0 /opt/ti-sdk-am335x-evm-07.00.00.00/linux-devkit/sysroots/i686-arago-linux/usr/bin/../arm-linux-gnueabihf/libc/usr/lib/arm-linux-gnueabihf/4.7.3/crt1.o
                0x00008d30                raise@@GLIBC_2.4
                0x00008d3c                setbuf@@GLIBC_2.4
                0x00008d48                strtol@@GLIBC_2.4
                0x00008d54                memalign@@GLIBC_2.4
                0x00008d60                printf@@GLIBC_2.4
                0x00008d6c                fopen@@GLIBC_2.4
                0x00008d78                memmove@@GLIBC_2.4
                0x00008d84                free@@GLIBC_2.4
                0x00008d90                memcpy@@GLIBC_2.4
                0x00008d9c                _IO_getc@@GLIBC_2.4
                0x00008da8                sincos@@GLIBC_2.4
                0x00008db4                stpcpy@@GLIBC_2.4
                0x00008dc0                perror@@GLIBC_2.4
                0x00008dcc                sigaction@@GLIBC_2.4
                0x00008dd8                fwrite@@GLIBC_2.4
                0x00008de4                ioctl@@GLIBC_2.4
                0x00008df0                tcsetattr@@GLIBC_2.4
                0x00008dfc                gettimeofday@@GLIBC_2.4
                0x00008e08                fread@@GLIBC_2.4
                0x00008e14                floor@@GLIBC_2.4
                0x00008e20                acos@@GLIBC_2.4
                0x00008e2c                malloc@@GLIBC_2.4
                0x00008e38                __libc_start_main@@GLIBC_2.4
                0x00008e44                strerror@@GLIBC_2.4
                0x00008e60                open@@GLIBC_2.4
                0x00008e6c                getopt_long@@GLIBC_2.4
                0x00008e78                getpid@@GLIBC_2.4
                0x00008e84                exit@@GLIBC_2.4
                0x00008e90                syscall@@GLIBC_2.4
                0x00008e9c                sin@@GLIBC_2.4
                0x00008ea8                strtoul@@GLIBC_2.4
                0x00008eb4                strlen@@GLIBC_2.4
                0x00008ec0                fprintf@@GLIBC_2.4
                0x00008ecc                fcntl@@GLIBC_2.4
                0x00008ed8                sqrt@@GLIBC_2.4
                0x00008ee4                __errno_location@@GLIBC_2.4
                0x00008ef0                memset@@GLIBC_2.4
                0x00008efc                gmtime@@GLIBC_2.4
                0x00008f08                fgetc@@GLIBC_2.4
                0x00008f14                strtod@@GLIBC_2.4
                0x00008f20                fileno@@GLIBC_2.4
                0x00008f2c                fclose@@GLIBC_2.4
                0x00008f38                frexp@@GLIBC_2.4
                0x00008f44                sigemptyset@@GLIBC_2.4
                0x00008f50                fputc@@GLIBC_2.4
                0x00008f5c                sprintf@@GLIBC_2.4
                0x00008f68                timegm@@GLIBC_2.4
                0x00008f74                ldexp@@GLIBC_2.4
                0x00008f80                fseek@@GLIBC_2.4
                0x00008f8c                abort@@GLIBC_2.4
                0x00008f98                close@@GLIBC_2.4
                0x00008fa4                atan2@@GLIBC_2.4
                0x00008fb0                tcgetattr@@GLIBC_2.4

.iplt           0x00008fbc        0x0
 *(.iplt)
 .iplt          0x00000000        0x0 /opt/ti-sdk-am335x-evm-07.00.00.00/linux-devkit/sysroots/i686-arago-linux/usr/bin/../arm-linux-gnueabihf/libc/usr/lib/arm-linux-gnueabihf/4.7.3/crt1.o

.text           0x00008fc0     0x7b34
 *(.text.unlikely .text.*_unlikely)
 *(.text.exit .text.exit.*)
 *(.text.startup .text.startup.*)
 .text.startup  0x00008fc0      0x7dc release/main.o
                0x00008fc0                main
 *(.text.hot .text.hot.*)
 *(.text .stub .text.* .gnu.linkonce.t.*)
 .text          0x0000979c       0x38 /opt/ti-sdk-am335x-evm-07.00.00.00/linux-devkit/sysroots/i686-arago-linux/usr/bin/../arm-linux-gnueabihf/libc/usr/lib/arm-linux-gnueabihf/4.7.3/crt1.o
                0x0000979c                _start
 .text          0x000097d4       0x18 /opt/ti-sdk-am335x-evm-07.00.00.00/linux-devkit/sysroots/i686-arago-linux/usr/bin/../arm-linux-gnueabihf/libc/usr/lib/arm-linux-gnueabihf/4.7.3/crti.o
 .text          0x000097ec       0x88 /opt/ti-sdk-am335x-evm-07.00.00.00/linux-devkit/sysroots/i686-arago-linux/usr/bin/../lib/gcc/arm-linux-gnueabihf/4.7.3/crtbegin.o
 .text          0x00009874       0x14 release/main.o
 .text          0x00009888     0x18f0 release/recorder_helpers.o
                0x00009888                isInAIODone
                0x00009948                isInStreamEmpty
                0x000099e0                ledIndicators
                0x00009a10                updateStatusLed
                0x00009ab4                getTime
                0x00009adc                getTimeEpoch
                0x00009b24                timestamp
                0x00009bf4                getPresentTime
                0x00009c1c                createChanMask
                0x00009e44                configChan
                0x00009fa8                initTrig
                0x0000a088                configTrig
                0x0000a0e8                setupAIO
                0x0000a5fc                calcSunUpDown
                0x0000a81c                checkID
                0x0000a84c                openStream
                0x0000a8e4                openAIN
                0x0000a98c                setFile
                0x0000aa80                waitAIO
                0x0000aae4                createAIFF
                0x0000abf0                finishAIFF
                0x0000acec                armStartStream
                0x0000adac                stopStream
                0x0000adc8                createCSV
                0x0000afe4                writeCSV
                0x0000b0a4                finishCSV
 .text          0x0000b178      0x9d8 release/dt78xx_aio.o
                0x0000b178                aio_wait
                0x0000b380                aio_start
                0x0000b420                aio_stop
                0x0000b508                aio_buff_free
                0x0000b5a4                aio_buff_alloc
                0x0000b8b4                aio_create
                0x0000b974                aio_destroy
                0x0000ba28                aio_buff_size
 .text          0x0000bb50      0x228 release/dt78xx_misc.o
                0x0000bb50                sigaction_register
                0x0000bbac                file_sigaction_register
                0x0000bc88                kbhit
                0x0000bd38                kbfini
 .text          0x0000bd78     0x1e48 release/libaiff/libaiff.o
                0x0000bd78                AIFF_OpenFile
                0x0000bff8                AIFF_CloseFile
                0x0000c158                AIFF_GetAttribute
                0x0000c1e8                AIFF_ReadMarker
                0x0000c28c                AIFF_GetInstrumentData
                0x0000c320                AIFF_GetAudioFormat
                0x0000c39c                AIFF_ReadSamples
                0x0000c494                AIFF_ReadSamplesFloat
                0x0000c5a4                AIFF_Seek
                0x0000c6d0                AIFF_ReadSamples32Bit
                0x0000cc00                AIFF_SetAttribute
                0x0000cc20                AIFF_SetAudioFormat
                0x0000cde4                AIFF_StartWritingSamples
                0x0000cea8                AIFF_WriteSamples
                0x0000cfec                AIFF_WriteSamples32Bit
                0x0000d430                AIFF_EndWritingSamples
                0x0000d6c0                AIFF_StartWritingMarkers
                0x0000d780                AIFF_WriteMarker
                0x0000d89c                AIFF_EndWritingMarkers
                0x0000d9ac                AIFF_CloneAttributes
                0x0000db64                AIFFAssertionFailed
 .text          0x0000dbc0      0x828 release/libaiff/aifx.o
                0x0000dbc0                init_aifx
                0x0000dee0                read_aifx_marker
                0x0000e078                get_aifx_instrument
                0x0000e274                do_aifx_prepare
                0x0000e364                get_aifx_enc_name
 .text          0x0000e3e8      0x2b0 release/libaiff/extended.o
                0x0000e3e8                ieee754_write_extended
                0x0000e580                ieee754_read_extended
 .text          0x0000e698      0x440 release/libaiff/float32.o
 .text          0x0000ead8      0x2ec release/libaiff/g711.o
 .text          0x0000edc4      0x4b4 release/libaiff/iff.o
                0x0000edc4                find_iff_chunk
                0x0000eef4                get_iff_attribute
                0x0000ef7c                set_iff_attribute
                0x0000f048                clone_iff_attributes
 .text          0x0000f278      0x5b4 release/libaiff/lpcm.o
                0x0000f2d8                lpcm_swap_samples
                0x0000f60c                lpcm_dequant
 .text          0x0000f82c      0x134 release/libaiff/pascal.o
                0x0000f82c                PASCALInGetLength
                0x0000f84c                PASCALInRead
                0x0000f8dc                PASCALOutGetLength
                0x0000f900                PASCALOutWrite
 .text          0x0000f960      0x3c8 release/RingBuf/RingBuf.o
                0x0000f960                RingBufNextEndIndex
                0x0000f9ac                RingBufIncrEnd
                0x0000f9d0                RingBufIncrStart
                0x0000f9f4                RingBufPeek
                0x0000fa48                RingBufNumElements
                0x0000fa50                RingBufIsFull
                0x0000fa68                RingBufIsEmpty
                0x0000fa78                RingBufPull
                0x0000faf0                RingBufAdd
                0x0000fb5c                RingBuf_new
                0x0000fc44                RingBuf_init
                0x0000fd08                RingBuf_delete
 .text          0x0000fd28      0x850 release/sunriset/sunriset.o
                0x0000fd28                sunpos
                0x0000fea0                __daylen__
                0x00010080                day_astronomical_twilight_length
                0x0001008c                day_nautical_twilight_length
                0x00010098                day_civil_twilight_length
                0x000100a4                day_length
                0x000100b8                sun_RA_dec
                0x000101b8                __sunriset__
                0x000103f0                astronomical_twilight
                0x00010418                nautical_twilight
                0x00010440                civil_twilight
                0x00010468                sun_rise_set
                0x00010498                revolution
                0x000104d8                rev180
                0x00010520                GMST0
 .text          0x00010578      0x278 /opt/ti-sdk-am335x-evm-07.00.00.00/linux-devkit/sysroots/i686-arago-linux/usr/bin/../lib/gcc/arm-linux-gnueabihf/4.7.3/libgcc.a(_udivsi3.o)
                0x00010578                __aeabi_uidiv
                0x00010578                __udivsi3
                0x000107d4                __aeabi_uidivmod
 .text          0x000107f0      0x2b0 /opt/ti-sdk-am335x-evm-07.00.00.00/linux-devkit/sysroots/i686-arago-linux/usr/bin/../lib/gcc/arm-linux-gnueabihf/4.7.3/libgcc.a(_divsi3.o)
                0x000107f0                __divsi3
                0x000107f0                __aeabi_idiv
                0x00010a84                __aeabi_idivmod
 .text          0x00010aa0        0xc /opt/ti-sdk-am335x-evm-07.00.00.00/linux-devkit/sysroots/i686-arago-linux/usr/bin/../lib/gcc/arm-linux-gnueabihf/4.7.3/libgcc.a(_dvmd_lnx.o)
                0x00010aa0                __aeabi_ldiv0
                0x00010aa0                __aeabi_idiv0
 .text          0x00010aac       0x48 /opt/ti-sdk-am335x-evm-07.00.00.00/linux-devkit/sysroots/i686-arago-linux/usr/bin/../arm-linux-gnueabihf/libc/usr/lib/arm-linux-gnueabihf/4.7.3/./libc_nonshared.a(elf-init.oS)
                0x00010aac                __libc_csu_init
                0x00010af0                __libc_csu_fini
 .text          0x00010af4        0x0 /opt/ti-sdk-am335x-evm-07.00.00.00/linux-devkit/sysroots/i686-arago-linux/usr/bin/../lib/gcc/arm-linux-gnueabihf/4.7.3/crtend.o
 .text          0x00010af4        0x0 /opt/ti-sdk-am335x-evm-07.00.00.00/linux-devkit/sysroots/i686-arago-linux/usr/bin/../arm-linux-gnueabihf/libc/usr/lib/arm-linux-gnueabihf/4.7.3/crtn.o
 *(.gnu.warning)
 *(.glue_7t)
 .glue_7t       0x00000000        0x0 linker stubs
 *(.glue_7)
 .glue_7        0x00000000        0x0 linker stubs
 *(.vfp11_veneer)
 .vfp11_veneer  0x00000000        0x0 linker stubs
 *(.v4_bx)
 .v4_bx         0x00000000        0x0 linker stubs

.fini           0x00010af4        0x6
 *(SORT(.fini))
 .fini          0x00010af4        0x4 /opt/ti-sdk-am335x-evm-07.00.00.00/linux-devkit/sysroots/i686-arago-linux/usr/bin/../arm-linux-gnueabihf/libc/usr/lib/arm-linux-gnueabihf/4.7.3/crti.o
                0x00010af4                _fini
 .fini          0x00010af8        0x2 /opt/ti-sdk-am335x-evm-07.00.00.00/linux-devkit/sysroots/i686-arago-linux/usr/bin/../arm-linux-gnueabihf/libc/usr/lib/arm-linux-gnueabihf/4.7.3/crtn.o
                0x00010afa                PROVIDE (__etext, .)
                0x00010afa                PROVIDE (_etext, .)
                0x00010afa                PROVIDE (etext, .)

.rodata         0x00010b00     0x1730
 *(.rodata .rodata.* .gnu.linkonce.r.*)
 .rodata.cst4   0x00010b00        0x4 /opt/ti-sdk-am335x-evm-07.00.00.00/linux-devkit/sysroots/i686-arago-linux/usr/bin/../arm-linux-gnueabihf/libc/usr/lib/arm-linux-gnueabihf/4.7.3/crt1.o
                0x00010b00                _IO_stdin_used
 *fill*         0x00010b04        0x4 
 .rodata        0x00010b08      0x7d0 release/main.o
 .rodata.str1.4
                0x000112d8      0x143 release/main.o
                                0x144 (size before relaxing)
 *fill*         0x0001141b        0x5 
 .rodata        0x00011420      0x7d0 release/recorder_helpers.o
 .rodata.str1.4
                0x00011bf0      0x411 release/recorder_helpers.o
                                0x414 (size before relaxing)
 *fill*         0x00012001        0x7 
 .rodata        0x00012008       0x10 release/dt78xx_aio.o
 .rodata.str1.4
                0x00012018       0x85 release/dt78xx_aio.o
                                 0x88 (size before relaxing)
 *fill*         0x0001209d        0x3 
 .rodata.str1.4
                0x000120a0       0x20 release/dt78xx_misc.o
 .rodata        0x000120c0        0x4 release/libaiff/libaiff.o
 .rodata.str1.4
                0x000120c4       0x6e release/libaiff/libaiff.o
                                 0x70 (size before relaxing)
 *fill*         0x00012132        0x2 
 .rodata.str1.4
                0x00012134       0xe8 release/libaiff/aifx.o
 *fill*         0x0001221c        0x4 
 .rodata        0x00012220       0x10 release/libaiff/iff.o

.rodata1
 *(.rodata1)

.ARM.extab      0x00012230        0x0
 *(.ARM.extab* .gnu.linkonce.armextab.*)
 .ARM.extab     0x00012230        0x0 /opt/ti-sdk-am335x-evm-07.00.00.00/linux-devkit/sysroots/i686-arago-linux/usr/bin/../arm-linux-gnueabihf/libc/usr/lib/arm-linux-gnueabihf/4.7.3/crt1.o
                0x00012230                PROVIDE (__exidx_start, .)

.ARM.exidx      0x00012230        0x8
 *(.ARM.exidx* .gnu.linkonce.armexidx.*)
 .ARM.exidx     0x00012230        0x8 /opt/ti-sdk-am335x-evm-07.00.00.00/linux-devkit/sysroots/i686-arago-linux/usr/bin/../arm-linux-gnueabihf/libc/usr/lib/arm-linux-gnueabihf/4.7.3/crt1.o
                0x00012238                PROVIDE (__exidx_end, .)

.eh_frame_hdr   0x00012238        0x0
 *(.eh_frame_hdr)
 .eh_frame_hdr  0x00000000        0x0 /opt/ti-sdk-am335x-evm-07.00.00.00/linux-devkit/sysroots/i686-arago-linux/usr/bin/../arm-linux-gnueabihf/libc/usr/lib/arm-linux-gnueabihf/4.7.3/crtn.o

.eh_frame       0x00012238        0x4
 *(.eh_frame)
 .eh_frame      0x00012238        0x4 /opt/ti-sdk-am335x-evm-07.00.00.00/linux-devkit/sysroots/i686-arago-linux/usr/bin/../lib/gcc/arm-linux-gnueabihf/4.7.3/crtend.o

.gcc_except_table
 *(.gcc_except_table .gcc_except_table.*)

.exception_ranges
 *(.exception_ranges .exception_ranges*)
                0x0001223c                . = (ALIGN (0x8000) - ((0x8000 - .) & 0x7fff))
                0x0001a23c                . = DATA_SEGMENT_ALIGN (0x8000, 0x1000)

.eh_frame
 *(.eh_frame)

.gcc_except_table
 *(.gcc_except_table .gcc_except_table.*)

.exception_ranges
 *(.exception_ranges .exception_ranges*)

.tdata
 *(.tdata .tdata.* .gnu.linkonce.td.*)

.tbss
 *(.tbss .tbss.* .gnu.linkonce.tb.*)
 *(.tcommon)

.preinit_array  0x0001a23c        0x0
                0x0001a23c                PROVIDE (__preinit_array_start, .)
 *(.preinit_array)
                0x0001a23c                PROVIDE (__preinit_array_end, .)

.init_array     0x0001a23c        0x4
                0x0001a23c                PROVIDE (__init_array_start, .)
 *(SORT(.init_array.*))
 *(.init_array)
 .init_array    0x0001a23c        0x4 /opt/ti-sdk-am335x-evm-07.00.00.00/linux-devkit/sysroots/i686-arago-linux/usr/bin/../lib/gcc/arm-linux-gnueabihf/4.7.3/crtbegin.o
                0x0001a240                PROVIDE (__init_array_end, .)

.fini_array     0x0001a240        0x4
                0x0001a240                PROVIDE (__fini_array_start, .)
 *(SORT(.fini_array.*))
 *(.fini_array)
 .fini_array    0x0001a240        0x4 /opt/ti-sdk-am335x-evm-07.00.00.00/linux-devkit/sysroots/i686-arago-linux/usr/bin/../lib/gcc/arm-linux-gnueabihf/4.7.3/crtbegin.o
                0x0001a244                PROVIDE (__fini_array_end, .)

.ctors
 *crtbegin.o(.ctors)
 *crtbegin?.o(.ctors)
 *(EXCLUDE_FILE(*crtend?.o *crtend.o) .ctors)
 *(SORT(.ctors.*))
 *(.ctors)

.dtors
 *crtbegin.o(.dtors)
 *crtbegin?.o(.dtors)
 *(EXCLUDE_FILE(*crtend?.o *crtend.o) .dtors)
 *(SORT(.dtors.*))
 *(.dtors)

.jcr            0x0001a244        0x4
 *(.jcr)
 .jcr           0x0001a244        0x0 /opt/ti-sdk-am335x-evm-07.00.00.00/linux-devkit/sysroots/i686-arago-linux/usr/bin/../lib/gcc/arm-linux-gnueabihf/4.7.3/crtbegin.o
 .jcr           0x0001a244        0x4 /opt/ti-sdk-am335x-evm-07.00.00.00/linux-devkit/sysroots/i686-arago-linux/usr/bin/../lib/gcc/arm-linux-gnueabihf/4.7.3/crtend.o

.data.rel.ro
 *(.data.rel.ro.local* .gnu.linkonce.d.rel.ro.local.*)
 *(.data.rel.ro .data.rel.ro.* .gnu.linkonce.d.rel.ro.*)

.dynamic        0x0001a248       0xf8
 *(.dynamic)
 .dynamic       0x0001a248       0xf8 /opt/ti-sdk-am335x-evm-07.00.00.00/linux-devkit/sysroots/i686-arago-linux/usr/bin/../arm-linux-gnueabihf/libc/usr/lib/arm-linux-gnueabihf/4.7.3/crt1.o
                0x0001a248                _DYNAMIC
                0x0001a340                . = DATA_SEGMENT_RELRO_END (., 0x0)

.got            0x0001a340       0xe8
 *(.got.plt)
 .got.plt       0x0001a340       0xe4 /opt/ti-sdk-am335x-evm-07.00.00.00/linux-devkit/sysroots/i686-arago-linux/usr/bin/../arm-linux-gnueabihf/libc/usr/lib/arm-linux-gnueabihf/4.7.3/crt1.o
                0x0001a340                _GLOBAL_OFFSET_TABLE_
 *(.igot.plt)
 .igot.plt      0x00000000        0x0 /opt/ti-sdk-am335x-evm-07.00.00.00/linux-devkit/sysroots/i686-arago-linux/usr/bin/../arm-linux-gnueabihf/libc/usr/lib/arm-linux-gnueabihf/4.7.3/crt1.o
 *(.got)
 .got           0x0001a424        0x4 /opt/ti-sdk-am335x-evm-07.00.00.00/linux-devkit/sysroots/i686-arago-linux/usr/bin/../arm-linux-gnueabihf/libc/usr/lib/arm-linux-gnueabihf/4.7.3/crt1.o
 *(.igot)

.data           0x0001a428      0x198
                0x0001a428                PROVIDE (__data_start, .)
 *(.data .data.* .gnu.linkonce.d.*)
 .data          0x0001a428        0x4 /opt/ti-sdk-am335x-evm-07.00.00.00/linux-devkit/sysroots/i686-arago-linux/usr/bin/../arm-linux-gnueabihf/libc/usr/lib/arm-linux-gnueabihf/4.7.3/crt1.o
                0x0001a428                data_start
                0x0001a428                __data_start
 .data          0x0001a42c        0x0 /opt/ti-sdk-am335x-evm-07.00.00.00/linux-devkit/sysroots/i686-arago-linux/usr/bin/../arm-linux-gnueabihf/libc/usr/lib/arm-linux-gnueabihf/4.7.3/crti.o
 .data          0x0001a42c        0x4 /opt/ti-sdk-am335x-evm-07.00.00.00/linux-devkit/sysroots/i686-arago-linux/usr/bin/../lib/gcc/arm-linux-gnueabihf/4.7.3/crtbegin.o
                0x0001a42c                __dso_handle
 .data          0x0001a430       0xe8 release/main.o
                0x0001a430                fileSeconds
                0x0001a434                fileSamples
                0x0001a438                fileBuffers
                0x0001a43c                bufferSamples
                0x0001a440                durationDays
                0x0001a444                autoTrigger
                0x0001a448                numChannels
                0x0001a44c                chanSamples
                0x0001a450                safetyMargin
                0x0001a458                lat
                0x0001a460                lon
                0x0001a508                aInput
                0x0001a50c                outStream
                0x0001a510                inStream
 .data          0x0001a518        0x0 release/recorder_helpers.o
 .data          0x0001a518        0x0 release/dt78xx_aio.o
 .data          0x0001a518        0x0 release/dt78xx_misc.o
 .data          0x0001a518       0x18 release/libaiff/libaiff.o
 .data          0x0001a530       0x30 release/libaiff/aifx.o
 .data          0x0001a560        0x0 release/libaiff/extended.o
 .data          0x0001a560       0x18 release/libaiff/float32.o
                0x0001a560                float32
 .data          0x0001a578       0x30 release/libaiff/g711.o
                0x0001a578                alaw
                0x0001a590                ulaw
 .data          0x0001a5a8        0x0 release/libaiff/iff.o
 .data          0x0001a5a8       0x18 release/libaiff/lpcm.o
                0x0001a5a8                lpcm
 .data          0x0001a5c0        0x0 release/libaiff/pascal.o
 .data          0x0001a5c0        0x0 release/RingBuf/RingBuf.o
 .data          0x0001a5c0        0x0 release/sunriset/sunriset.o
 .data          0x0001a5c0        0x0 /opt/ti-sdk-am335x-evm-07.00.00.00/linux-devkit/sysroots/i686-arago-linux/usr/bin/../lib/gcc/arm-linux-gnueabihf/4.7.3/libgcc.a(_udivsi3.o)
 .data          0x0001a5c0        0x0 /opt/ti-sdk-am335x-evm-07.00.00.00/linux-devkit/sysroots/i686-arago-linux/usr/bin/../lib/gcc/arm-linux-gnueabihf/4.7.3/libgcc.a(_divsi3.o)
 .data          0x0001a5c0        0x0 /opt/ti-sdk-am335x-evm-07.00.00.00/linux-devkit/sysroots/i686-arago-linux/usr/bin/../lib/gcc/arm-linux-gnueabihf/4.7.3/libgcc.a(_dvmd_lnx.o)
 .data          0x0001a5c0        0x0 /opt/ti-sdk-am335x-evm-07.00.00.00/linux-devkit/sysroots/i686-arago-linux/usr/bin/../arm-linux-gnueabihf/libc/usr/lib/arm-linux-gnueabihf/4.7.3/./libc_nonshared.a(elf-init.oS)
 .data          0x0001a5c0        0x0 /opt/ti-sdk-am335x-evm-07.00.00.00/linux-devkit/sysroots/i686-arago-linux/usr/bin/../lib/gcc/arm-linux-gnueabihf/4.7.3/crtend.o
 .data          0x0001a5c0        0x0 /opt/ti-sdk-am335x-evm-07.00.00.00/linux-devkit/sysroots/i686-arago-linux/usr/bin/../arm-linux-gnueabihf/libc/usr/lib/arm-linux-gnueabihf/4.7.3/crtn.o

.tm_clone_table
                0x0001a5c0        0x0
 .tm_clone_table
                0x0001a5c0        0x0 /opt/ti-sdk-am335x-evm-07.00.00.00/linux-devkit/sysroots/i686-arago-linux/usr/bin/../lib/gcc/arm-linux-gnueabihf/4.7.3/crtbegin.o
 .tm_clone_table
                0x0001a5c0        0x0 /opt/ti-sdk-am335x-evm-07.00.00.00/linux-devkit/sysroots/i686-arago-linux/usr/bin/../lib/gcc/arm-linux-gnueabihf/4.7.3/crtend.o

.data1
 *(.data1)
                0x0001a5c0                _edata = .
                0x0001a5c0                PROVIDE (edata, .)
                0x0001a5c0                . = .
                0x0001a5c0                __bss_start = .
                0x0001a5c0                __bss_start__ = .

.bss            0x0001a5c0       0x8c
 *(.dynbss)
 .dynbss        0x0001a5c0       0x1c /opt/ti-sdk-am335x-evm-07.00.00.00/linux-devkit/sysroots/i686-arago-linux/usr/bin/../arm-linux-gnueabihf/libc/usr/lib/arm-linux-gnueabihf/4.7.3/crt1.o
                0x0001a5c0                optind@@GLIBC_2.4
                0x0001a5c8                stderr@@GLIBC_2.4
                0x0001a5d0                stdin@@GLIBC_2.4
                0x0001a5d4                stdout@@GLIBC_2.4
                0x0001a5d8                optarg@@GLIBC_2.4
 *(.bss .bss.* .gnu.linkonce.b.*)
 .bss           0x0001a5dc        0x0 /opt/ti-sdk-am335x-evm-07.00.00.00/linux-devkit/sysroots/i686-arago-linux/usr/bin/../arm-linux-gnueabihf/libc/usr/lib/arm-linux-gnueabihf/4.7.3/crt1.o
 .bss           0x0001a5dc        0x0 /opt/ti-sdk-am335x-evm-07.00.00.00/linux-devkit/sysroots/i686-arago-linux/usr/bin/../arm-linux-gnueabihf/libc/usr/lib/arm-linux-gnueabihf/4.7.3/crti.o
 .bss           0x0001a5dc        0x1 /opt/ti-sdk-am335x-evm-07.00.00.00/linux-devkit/sysroots/i686-arago-linux/usr/bin/../lib/gcc/arm-linux-gnueabihf/4.7.3/crtbegin.o
 *fill*         0x0001a5dd        0x3 
 .bss           0x0001a5e0       0x10 release/main.o
                0x0001a5e4                nightCycle
                0x0001a5e8                fileBuffer
                0x0001a5ec                fileNum
 .bss           0x0001a5f0        0xc release/recorder_helpers.o
 .bss           0x0001a5fc        0x0 release/dt78xx_aio.o
 .bss           0x0001a5fc       0x40 release/dt78xx_misc.o
 .bss           0x0001a63c        0x0 release/libaiff/libaiff.o
 .bss           0x0001a63c        0x0 release/libaiff/aifx.o
 .bss           0x0001a63c        0x0 release/libaiff/extended.o
 .bss           0x0001a63c        0x0 release/libaiff/float32.o
 .bss           0x0001a63c        0x0 release/libaiff/g711.o
 .bss           0x0001a63c        0x0 release/libaiff/iff.o
 .bss           0x0001a63c        0x0 release/libaiff/lpcm.o
 .bss           0x0001a63c        0x0 release/libaiff/pascal.o
 .bss           0x0001a63c        0x0 release/RingBuf/RingBuf.o
 .bss           0x0001a63c        0x0 release/sunriset/sunriset.o
 .bss           0x0001a63c        0x0 /opt/ti-sdk-am335x-evm-07.00.00.00/linux-devkit/sysroots/i686-arago-linux/usr/bin/../lib/gcc/arm-linux-gnueabihf/4.7.3/libgcc.a(_udivsi3.o)
 .bss           0x0001a63c        0x0 /opt/ti-sdk-am335x-evm-07.00.00.00/linux-devkit/sysroots/i686-arago-linux/usr/bin/../lib/gcc/arm-linux-gnueabihf/4.7.3/libgcc.a(_divsi3.o)
 .bss           0x0001a63c        0x0 /opt/ti-sdk-am335x-evm-07.00.00.00/linux-devkit/sysroots/i686-arago-linux/usr/bin/../lib/gcc/arm-linux-gnueabihf/4.7.3/libgcc.a(_dvmd_lnx.o)
 .bss           0x0001a63c        0x0 /opt/ti-sdk-am335x-evm-07.00.00.00/linux-devkit/sysroots/i686-arago-linux/usr/bin/../arm-linux-gnueabihf/libc/usr/lib/arm-linux-gnueabihf/4.7.3/./libc_nonshared.a(elf-init.oS)
 .bss           0x0001a63c        0x0 /opt/ti-sdk-am335x-evm-07.00.00.00/linux-devkit/sysroots/i686-arago-linux/usr/bin/../lib/gcc/arm-linux-gnueabihf/4.7.3/crtend.o
 .bss           0x0001a63c        0x0 /opt/ti-sdk-am335x-evm-07.00.00.00/linux-devkit/sysroots/i686-arago-linux/usr/bin/../arm-linux-gnueabihf/libc/usr/lib/arm-linux-gnueabihf/4.7.3/crtn.o
 *(COMMON)
 COMMON         0x0001a63c       0x10 release/main.o
                0x0001a63c                inAIO
                0x0001a640                g_led_count
                0x0001a644                inBuffer
                0x0001a648                chanMask
                0x0001a64c                . = ALIGN ((. != 0x0)?0x4:0x1)
                0x0001a64c                _bss_end__ = .
                0x0001a64c                __bss_end__ = .
                0x0001a64c                . = ALIGN (0x4)
                0x0001a64c                . = ALIGN (0x4)
                0x0001a64c                __end__ = .
                0x0001a64c                _end = .
                0x0001a64c                PROVIDE (end, .)
                0x0001a64c                . = DATA_SEGMENT_END (.)

.stab
 *(.stab)

.stabstr
 *(.stabstr)

.stab.excl
 *(.stab.excl)

.stab.exclstr
 *(.stab.exclstr)

.stab.index
 *(.stab.index)

.stab.indexstr
 *(.stab.indexstr)

.comment        0x00000000       0x68
 *(.comment)
 .comment       0x00000000       0x68 release/main.o
                                 0x69 (size before relaxing)
 .comment       0x00000000       0x69 release/recorder_helpers.o
 .comment       0x00000000       0x69 release/dt78xx_aio.o
 .comment       0x00000000       0x69 release/dt78xx_misc.o
 .comment       0x00000000       0x69 release/libaiff/libaiff.o
 .comment       0x00000000       0x69 release/libaiff/aifx.o
 .comment       0x00000000       0x69 release/libaiff/extended.o
 .comment       0x00000000       0x69 release/libaiff/float32.o
 .comment       0x00000000       0x69 release/libaiff/g711.o
 .comment       0x00000000       0x69 release/libaiff/iff.o
 .comment       0x00000000       0x69 release/libaiff/lpcm.o
 .comment       0x00000000       0x69 release/libaiff/pascal.o
 .comment       0x00000000       0x69 release/RingBuf/RingBuf.o
 .comment       0x00000000       0x69 release/sunriset/sunriset.o

.ARM.attributes
                0x00000000       0x37
 .ARM.attributes
                0x00000000       0x35 /opt/ti-sdk-am335x-evm-07.00.00.00/linux-devkit/sysroots/i686-arago-linux/usr/bin/../arm-linux-gnueabihf/libc/usr/lib/arm-linux-gnueabihf/4.7.3/crt1.o
 .ARM.attributes
                0x00000035       0x37 /opt/ti-sdk-am335x-evm-07.00.00.00/linux-devkit/sysroots/i686-arago-linux/usr/bin/../arm-linux-gnueabihf/libc/usr/lib/arm-linux-gnueabihf/4.7.3/crti.o
 .ARM.attributes
                0x0000006c       0x35 /opt/ti-sdk-am335x-evm-07.00.00.00/linux-devkit/sysroots/i686-arago-linux/usr/bin/../lib/gcc/arm-linux-gnueabihf/4.7.3/crtbegin.o
 .ARM.attributes
                0x000000a1       0x37 release/main.o
 .ARM.attributes
                0x000000d8       0x37 release/recorder_helpers.o
 .ARM.attributes
                0x0000010f       0x37 release/dt78xx_aio.o
 .ARM.attributes
                0x00000146       0x37 release/dt78xx_misc.o
 .ARM.attributes
                0x0000017d       0x37 release/libaiff/libaiff.o
 .ARM.attributes
                0x000001b4       0x37 release/libaiff/aifx.o
 .ARM.attributes
                0x000001eb       0x37 release/libaiff/extended.o
 .ARM.attributes
                0x00000222       0x37 release/libaiff/float32.o
 .ARM.attributes
                0x00000259       0x37 release/libaiff/g711.o
 .ARM.attributes
                0x00000290       0x37 release/libaiff/iff.o
 .ARM.attributes
                0x000002c7       0x37 release/libaiff/lpcm.o
 .ARM.attributes
                0x000002fe       0x37 release/libaiff/pascal.o
 .ARM.attributes
                0x00000335       0x37 release/RingBuf/RingBuf.o
 .ARM.attributes
                0x0000036c       0x37 release/sunriset/sunriset.o
 .ARM.attributes
                0x000003a3       0x21 /opt/ti-sdk-am335x-evm-07.00.00.00/linux-devkit/sysroots/i686-arago-linux/usr/bin/../lib/gcc/arm-linux-gnueabihf/4.7.3/libgcc.a(_udivsi3.o)
 .ARM.attributes
                0x000003c4       0x21 /opt/ti-sdk-am335x-evm-07.00.00.00/linux-devkit/sysroots/i686-arago-linux/usr/bin/../lib/gcc/arm-linux-gnueabihf/4.7.3/libgcc.a(_divsi3.o)
 .ARM.attributes
                0x000003e5       0x21 /opt/ti-sdk-am335x-evm-07.00.00.00/linux-devkit/sysroots/i686-arago-linux/usr/bin/../lib/gcc/arm-linux-gnueabihf/4.7.3/libgcc.a(_dvmd_lnx.o)
 .ARM.attributes
                0x00000406       0x37 /opt/ti-sdk-am335x-evm-07.00.00.00/linux-devkit/sysroots/i686-arago-linux/usr/bin/../arm-linux-gnueabihf/libc/usr/lib/arm-linux-gnueabihf/4.7.3/./libc_nonshared.a(elf-init.oS)
 .ARM.attributes
                0x0000043d       0x35 /opt/ti-sdk-am335x-evm-07.00.00.00/linux-devkit/sysroots/i686-arago-linux/usr/bin/../lib/gcc/arm-linux-gnueabihf/4.7.3/crtend.o
 .ARM.attributes
                0x00000472       0x37 /opt/ti-sdk-am335x-evm-07.00.00.00/linux-devkit/sysroots/i686-arago-linux/usr/bin/../arm-linux-gnueabihf/libc/usr/lib/arm-linux-gnueabihf/4.7.3/crtn.o

.debug
 *(.debug)

.line
 *(.line)

.debug_srcinfo
 *(.debug_srcinfo)

.debug_sfnames
 *(.debug_sfnames)

.debug_aranges
 *(.debug_aranges)

.debug_pubnames
 *(.debug_pubnames)

.debug_info
 *(.debug_info .gnu.linkonce.wi.*)

.debug_abbrev
 *(.debug_abbrev)

.debug_line
 *(.debug_line)

.debug_frame    0x00000000       0x40
 *(.debug_frame)
 .debug_frame   0x00000000       0x20 /opt/ti-sdk-am335x-evm-07.00.00.00/linux-devkit/sysroots/i686-arago-linux/usr/bin/../lib/gcc/arm-linux-gnueabihf/4.7.3/libgcc.a(_udivsi3.o)
 .debug_frame   0x00000020       0x20 /opt/ti-sdk-am335x-evm-07.00.00.00/linux-devkit/sysroots/i686-arago-linux/usr/bin/../lib/gcc/arm-linux-gnueabihf/4.7.3/libgcc.a(_divsi3.o)

.debug_str
 *(.debug_str)

.debug_loc
 *(.debug_loc)

.debug_macinfo
 *(.debug_macinfo)

.debug_weaknames
 *(.debug_weaknames)

.debug_funcnames
 *(.debug_funcnames)

.debug_typenames
 *(.debug_typenames)

.debug_varnames
 *(.debug_varnames)

.debug_pubtypes
 *(.debug_pubtypes)

.debug_ranges
 *(.debug_ranges)

.debug_macro
 *(.debug_macro)

.gnu.attributes
 *(.gnu.attributes)

.note.gnu.arm.ident
 *(.note.gnu.arm.ident)

/DISCARD/
 *(.note.GNU-stack)
 *(.gnu_debuglink)
 *(.gnu.lto_*)
OUTPUT(release/recorder elf32-littlearm)
