Archive member included because of file (symbol)

/opt/ti-sdk-am335x-evm-07.00.00.00/linux-devkit/sysroots/i686-arago-linux/usr/bin/../arm-linux-gnueabihf/libc/usr/lib/arm-linux-gnueabihf/4.7.3/libpthread.a(ptw-close.o)
                              release/main.o (close)
/opt/ti-sdk-am335x-evm-07.00.00.00/linux-devkit/sysroots/i686-arago-linux/usr/bin/../arm-linux-gnueabihf/libc/usr/lib/arm-linux-gnueabihf/4.7.3/libpthread.a(ptw-fcntl.o)
                              release/dt78xx_misc.o (fcntl)
/opt/ti-sdk-am335x-evm-07.00.00.00/linux-devkit/sysroots/i686-arago-linux/usr/bin/../arm-linux-gnueabihf/libc/usr/lib/arm-linux-gnueabihf/4.7.3/libpthread.a(ptw-open.o)
                              release/recorder_helpers.o (open)
/opt/ti-sdk-am335x-evm-07.00.00.00/linux-devkit/sysroots/i686-arago-linux/usr/bin/../arm-linux-gnueabihf/libc/usr/lib/arm-linux-gnueabihf/4.7.3/libpthread.a(sigaction.o)
                              release/dt78xx_misc.o (sigaction)
/opt/ti-sdk-am335x-evm-07.00.00.00/linux-devkit/sysroots/i686-arago-linux/usr/bin/../arm-linux-gnueabihf/libc/usr/lib/arm-linux-gnueabihf/4.7.3/libpthread.a(errno-loc.o)
                              release/recorder_helpers.o (__errno_location)
/opt/ti-sdk-am335x-evm-07.00.00.00/linux-devkit/sysroots/i686-arago-linux/usr/bin/../arm-linux-gnueabihf/libc/usr/lib/arm-linux-gnueabihf/4.7.3/libpthread.a(vars.o)
                              /opt/ti-sdk-am335x-evm-07.00.00.00/linux-devkit/sysroots/i686-arago-linux/usr/bin/../arm-linux-gnueabihf/libc/usr/lib/arm-linux-gnueabihf/4.7.3/libpthread.a(ptw-close.o) (__pthread_multiple_threads)
/opt/ti-sdk-am335x-evm-07.00.00.00/linux-devkit/sysroots/i686-arago-linux/usr/bin/../arm-linux-gnueabihf/libc/usr/lib/arm-linux-gnueabihf/4.7.3/libpthread.a(cancellation.o)
                              /opt/ti-sdk-am335x-evm-07.00.00.00/linux-devkit/sysroots/i686-arago-linux/usr/bin/../arm-linux-gnueabihf/libc/usr/lib/arm-linux-gnueabihf/4.7.3/libpthread.a(ptw-close.o) (__pthread_enable_asynccancel)
/opt/ti-sdk-am335x-evm-07.00.00.00/linux-devkit/sysroots/i686-arago-linux/usr/bin/../arm-linux-gnueabihf/libc/usr/lib/arm-linux-gnueabihf/4.7.3/libpthread.a(unwind.o)
                              /opt/ti-sdk-am335x-evm-07.00.00.00/linux-devkit/sysroots/i686-arago-linux/usr/bin/../arm-linux-gnueabihf/libc/usr/lib/arm-linux-gnueabihf/4.7.3/libpthread.a(cancellation.o) (__pthread_unwind)
example-applications/libsndfile-1.0.28/src/.libs/libsndfile.a(libsndfile_la-sndfile.o)
                              release/recorder_helpers.o (sf_close)
example-applications/libsndfile-1.0.28/src/.libs/libsndfile.a(libsndfile_la-aiff.o)
                              example-applications/libsndfile-1.0.28/src/.libs/libsndfile.a(libsndfile_la-sndfile.o) (aiff_open)
example-applications/libsndfile-1.0.28/src/.libs/libsndfile.a(libsndfile_la-au.o)
                              example-applications/libsndfile-1.0.28/src/.libs/libsndfile.a(libsndfile_la-sndfile.o) (au_open)
example-applications/libsndfile-1.0.28/src/.libs/libsndfile.a(libsndfile_la-avr.o)
                              example-applications/libsndfile-1.0.28/src/.libs/libsndfile.a(libsndfile_la-sndfile.o) (avr_open)
example-applications/libsndfile-1.0.28/src/.libs/libsndfile.a(libsndfile_la-caf.o)
                              example-applications/libsndfile-1.0.28/src/.libs/libsndfile.a(libsndfile_la-sndfile.o) (caf_open)
example-applications/libsndfile-1.0.28/src/.libs/libsndfile.a(libsndfile_la-dwd.o)
                              example-applications/libsndfile-1.0.28/src/.libs/libsndfile.a(libsndfile_la-sndfile.o) (dwd_open)
example-applications/libsndfile-1.0.28/src/.libs/libsndfile.a(libsndfile_la-flac.o)
                              example-applications/libsndfile-1.0.28/src/.libs/libsndfile.a(libsndfile_la-sndfile.o) (flac_open)
example-applications/libsndfile-1.0.28/src/.libs/libsndfile.a(libsndfile_la-g72x.o)
                              example-applications/libsndfile-1.0.28/src/.libs/libsndfile.a(libsndfile_la-au.o) (g72x_init)
example-applications/libsndfile-1.0.28/src/.libs/libsndfile.a(libsndfile_la-htk.o)
                              example-applications/libsndfile-1.0.28/src/.libs/libsndfile.a(libsndfile_la-sndfile.o) (htk_open)
example-applications/libsndfile-1.0.28/src/.libs/libsndfile.a(libsndfile_la-ircam.o)
                              example-applications/libsndfile-1.0.28/src/.libs/libsndfile.a(libsndfile_la-sndfile.o) (ircam_open)
example-applications/libsndfile-1.0.28/src/.libs/libsndfile.a(libsndfile_la-mat4.o)
                              example-applications/libsndfile-1.0.28/src/.libs/libsndfile.a(libsndfile_la-sndfile.o) (mat4_open)
example-applications/libsndfile-1.0.28/src/.libs/libsndfile.a(libsndfile_la-mat5.o)
                              example-applications/libsndfile-1.0.28/src/.libs/libsndfile.a(libsndfile_la-sndfile.o) (mat5_open)
example-applications/libsndfile-1.0.28/src/.libs/libsndfile.a(libsndfile_la-nist.o)
[...]
Memory Configuration

Name             Origin             Length             Attributes
*default*        0x00000000         0xffffffff

Linker script and memory map

LOAD /opt/ti-sdk-am335x-evm-07.00.00.00/linux-devkit/sysroots/i686-arago-linux/usr/bin/../arm-linux-gnueabihf/libc/usr/lib/arm-linux-gnueabihf/4.7.3/crt1.o
LOAD /opt/ti-sdk-am335x-evm-07.00.00.00/linux-devkit/sysroots/i686-arago-linux/usr/bin/../arm-linux-gnueabihf/libc/usr/lib/arm-linux-gnueabihf/4.7.3/crti.o
LOAD /opt/ti-sdk-am335x-evm-07.00.00.00/linux-devkit/sysroots/i686-arago-linux/usr/bin/../lib/gcc/arm-linux-gnueabihf/4.7.3/crtbeginT.o
LOAD release/main.o
LOAD release/recorder_helpers.o
LOAD release/dt78xx_aio.o
LOAD release/dt78xx_misc.o
LOAD release/sunriset/sunriset.o
LOAD /opt/ti-sdk-am335x-evm-07.00.00.00/linux-devkit/sysroots/i686-arago-linux/usr/bin/../arm-linux-gnueabihf/libc/usr/lib/arm-linux-gnueabihf/4.7.3/libpthread.a
LOAD example-applications/libsndfile-1.0.28/src/.libs/libsndfile.a
LOAD /opt/ti-sdk-am335x-evm-07.00.00.00/linux-devkit/sysroots/i686-arago-linux/usr/bin/../arm-linux-gnueabihf/libc/usr/lib/arm-linux-gnueabihf/4.7.3/libm.a
START GROUP
LOAD /opt/ti-sdk-am335x-evm-07.00.00.00/linux-devkit/sysroots/i686-arago-linux/usr/bin/../lib/gcc/arm-linux-gnueabihf/4.7.3/libgcc.a
LOAD /opt/ti-sdk-am335x-evm-07.00.00.00/linux-devkit/sysroots/i686-arago-linux/usr/bin/../lib/gcc/arm-linux-gnueabihf/4.7.3/libgcc_eh.a
LOAD /opt/ti-sdk-am335x-evm-07.00.00.00/linux-devkit/sysroots/i686-arago-linux/usr/bin/../arm-linux-gnueabihf/libc/usr/lib/arm-linux-gnueabihf/4.7.3/libc.a
END GROUP
LOAD /opt/ti-sdk-am335x-evm-07.00.00.00/linux-devkit/sysroots/i686-arago-linux/usr/bin/../lib/gcc/arm-linux-gnueabihf/4.7.3/crtend.o
LOAD /opt/ti-sdk-am335x-evm-07.00.00.00/linux-devkit/sysroots/i686-arago-linux/usr/bin/../arm-linux-gnueabihf/libc/usr/lib/arm-linux-gnueabihf/4.7.3/crtn.o
                0x00008000                PROVIDE (__executable_start, 0x8000)
                0x000080f4                . = (0x8000 + SIZEOF_HEADERS)

.interp
 *(.interp)

.note.ABI-tag   0x000080f4       0x20
 .note.ABI-tag  0x000080f4       0x20 /opt/ti-sdk-am335x-evm-07.00.00.00/linux-devkit/sysroots/i686-arago-linux/usr/bin/../arm-linux-gnueabihf/libc/usr/lib/arm-linux-gnueabihf/4.7.3/crt1.o

.note.gnu.build-id
                0x00008114       0x24
 *(.note.gnu.build-id)
 .note.gnu.build-id
                0x00008114       0x24 linker stubs

.hash
 *(.hash)

.gnu.hash
 *(.gnu.hash)

.dynsym
 *(.dynsym)

.dynstr
 *(.dynstr)

.gnu.version
 *(.gnu.version)

.gnu.version_d
 *(.gnu.version_d)

.gnu.version_r
 *(.gnu.version_r)

.rel.dyn        0x00008138        0x0
 *(.rel.init)
 *(.rel.text .rel.text.* .rel.gnu.linkonce.t.*)
 *(.rel.fini)
 *(.rel.rodata .rel.rodata.* .rel.gnu.linkonce.r.*)
 *(.rel.data.rel.ro .rel.data.rel.ro.* .rel.gnu.linkonce.d.rel.ro.*)
 *(.rel.data .rel.data.* .rel.gnu.linkonce.d.*)
 *(.rel.tdata .rel.tdata.* .rel.gnu.linkonce.td.*)
 *(.rel.tbss .rel.tbss.* .rel.gnu.linkonce.tb.*)
 *(.rel.ctors)
 *(.rel.dtors)
 *(.rel.got)
 .rel.got       0x00000000        0x0 /opt/ti-sdk-am335x-evm-07.00.00.00/linux-devkit/sysroots/i686-arago-linux/usr/bin/../arm-linux-gnueabihf/libc/usr/lib/arm-linux-gnueabihf/4.7.3/crt1.o
 *(.rel.bss .rel.bss.* .rel.gnu.linkonce.b.*)
                0x00008138                PROVIDE (__rel_iplt_start, .)
 *(.rel.iplt)
 .rel.iplt      0x00000000        0x0 /opt/ti-sdk-am335x-evm-07.00.00.00/linux-devkit/sysroots/i686-arago-linux/usr/bin/../arm-linux-gnueabihf/libc/usr/lib/arm-linux-gnueabihf/4.7.3/crt1.o
                0x00008138                PROVIDE (__rel_iplt_end, .)
                0x00008138                PROVIDE (__rela_iplt_start, .)
                0x00008138                PROVIDE (__rela_iplt_end, .)

.rela.dyn       0x00008138        0x0
 *(.rela.init)
 *(.rela.text .rela.text.* .rela.gnu.linkonce.t.*)
 *(.rela.fini)
 *(.rela.rodata .rela.rodata.* .rela.gnu.linkonce.r.*)
 *(.rela.data .rela.data.* .rela.gnu.linkonce.d.*)
 *(.rela.tdata .rela.tdata.* .rela.gnu.linkonce.td.*)
 *(.rela.tbss .rela.tbss.* .rela.gnu.linkonce.tb.*)
 *(.rela.ctors)
 *(.rela.dtors)
 *(.rela.got)
 *(.rela.bss .rela.bss.* .rela.gnu.linkonce.b.*)
                0x00008138                PROVIDE (__rel_iplt_start, .)
                0x00008138                PROVIDE (__rel_iplt_end, .)
                0x00008138                PROVIDE (__rela_iplt_start, .)
 *(.rela.iplt)
                0x00008138                PROVIDE (__rela_iplt_end, .)

.rel.plt
 *(.rel.plt)

.rela.plt
 *(.rela.plt)

.init           0x00008138        0xa
 *(SORT(.init))
 .init          0x00008138        0x8 /opt/ti-sdk-am335x-evm-07.00.00.00/linux-devkit/sysroots/i686-arago-linux/usr/bin/../arm-linux-gnueabihf/libc/usr/lib/arm-linux-gnueabihf/4.7.3/crti.o
                0x00008138                _init
 .init          0x00008140        0x2 /opt/ti-sdk-am335x-evm-07.00.00.00/linux-devkit/sysroots/i686-arago-linux/usr/bin/../arm-linux-gnueabihf/libc/usr/lib/arm-linux-gnueabihf/4.7.3/crtn.o

.plt
 *(.plt)

.iplt           0x00008144        0x0
 *(.iplt)
 .iplt          0x00000000        0x0 /opt/ti-sdk-am335x-evm-07.00.00.00/linux-devkit/sysroots/i686-arago-linux/usr/bin/../arm-linux-gnueabihf/libc/usr/lib/arm-linux-gnueabihf/4.7.3/crt1.o

.text           0x00008150    0xb3f6a
 *(.text.unlikely .text.*_unlikely)
 .text.unlikely
                0x00008150       0x74 example-applications/libsndfile-1.0.28/src/.libs/libsndfile.a(libsndfile_la-sd2.o)
 .text.unlikely
                0x000081c4       0x68 /opt/ti-sdk-am335x-evm-07.00.00.00/linux-devkit/sysroots/i686-arago-linux/usr/bin/../arm-linux-gnueabihf/libc/usr/lib/arm-linux-gnueabihf/4.7.3/libc.a(findlocale.o)
 .text.unlikely
                0x0000822c      0x204 /opt/ti-sdk-am335x-evm-07.00.00.00/linux-devkit/sysroots/i686-arago-linux/usr/bin/../arm-linux-gnueabihf/libc/usr/lib/arm-linux-gnueabihf/4.7.3/libc.a(vfprintf.o)
 .text.unlikely
                0x00008430      0x164 /opt/ti-sdk-am335x-evm-07.00.00.00/linux-devkit/sysroots/i686-arago-linux/usr/bin/../arm-linux-gnueabihf/libc/usr/lib/arm-linux-gnueabihf/4.7.3/libc.a(printf_fp.o)
 .text.unlikely
                0x00008594      0x174 /opt/ti-sdk-am335x-evm-07.00.00.00/linux-devkit/sysroots/i686-arago-linux/usr/bin/../arm-linux-gnueabihf/libc/usr/lib/arm-linux-gnueabihf/4.7.3/libc.a(vfwprintf.o)
 .text.unlikely
                0x00008708      0x1c0 /opt/ti-sdk-am335x-evm-07.00.00.00/linux-devkit/sysroots/i686-arago-linux/usr/bin/../arm-linux-gnueabihf/libc/usr/lib/arm-linux-gnueabihf/4.7.3/libc.a(dl-load.o)
 *(.text.exit .text.exit.*)
 .text.exit     0x000088c8        0xc /opt/ti-sdk-am335x-evm-07.00.00.00/linux-devkit/sysroots/i686-arago-linux/usr/bin/../arm-linux-gnueabihf/libc/usr/lib/arm-linux-gnueabihf/4.7.3/libc.a(sdlerror.o)
 *(.text.startup .text.startup.*)
 .text.startup  0x000088d4      0x714 release/main.o
                0x000088d4                main
 *(.text.hot .text.hot.*)
 *(.text .stub .text.* .gnu.linkonce.t.*)
 .text          0x00008fe8       0x38 /opt/ti-sdk-am335x-evm-07.00.00.00/linux-devkit/sysroots/i686-arago-linux/usr/bin/../arm-linux-gnueabihf/libc/usr/lib/arm-linux-gnueabihf/4.7.3/crt1.o
                0x00008fe8                _start
 .text          0x00009020       0x18 /opt/ti-sdk-am335x-evm-07.00.00.00/linux-devkit/sysroots/i686-arago-linux/usr/bin/../arm-linux-gnueabihf/libc/usr/lib/arm-linux-gnueabihf/4.7.3/crti.o
 .text          0x00009038       0xb0 /opt/ti-sdk-am335x-evm-07.00.00.00/linux-devkit/sysroots/i686-arago-linux/usr/bin/../lib/gcc/arm-linux-gnueabihf/4.7.3/crtbeginT.o
 .text          0x000090e8       0x14 release/main.o
 *fill*         0x000090fc        0x4 
 .text          0x00009100     0x11f0 release/recorder_helpers.o
                0x000091cc                isInAIODone
                0x000092d4                isInStreamEmpty
                0x000092ec                getPresentTime
                0x00009314                setupAIO
                0x00009cc8                calcSunUpDown
                0x00009ee4                armStartStream
                0x00009fa4                stopStream
                0x00009fc0                writeFile
                0x0000a204                closeFile
                0x0000a2b8                ledIndicators
 .text          0x0000a2f0      0x9d8 release/dt78xx_aio.o
                0x0000a2f0                aio_wait
                0x0000a4f8                aio_start
                0x0000a598                aio_stop
                0x0000a680                aio_buff_free
                0x0000a71c                aio_buff_alloc
                0x0000aa2c                aio_create
                0x0000aaec                aio_destroy
                0x0000aba0                aio_buff_size
 .text          0x0000acc8      0x228 release/dt78xx_misc.o
                0x0000acc8                sigaction_register
                0x0000ad24                file_sigaction_register
                0x0000ae00                kbhit
                0x0000aeb0                kbfini
 .text          0x0000aef0      0x850 release/sunriset/sunriset.o
                0x0000aef0                sunpos
                0x0000b068                __daylen__
                0x0000b248                day_astronomical_twilight_length
                0x0000b254                day_nautical_twilight_length
                0x0000b260                day_civil_twilight_length
                0x0000b26c                day_length
                0x0000b280                sun_RA_dec
                0x0000b380                __sunriset__
                0x0000b5b8                astronomical_twilight
                0x0000b5e0                nautical_twilight
                0x0000b608                civil_twilight
                0x0000b630                sun_rise_set
                0x0000b660                revolution
                0x0000b6a0                rev180
                0x0000b6e8                GMST0
 .text          0x0000b740       0xb0 /opt/ti-sdk-am335x-evm-07.00.00.00/linux-devkit/sysroots/i686-arago-linux/usr/bin/../arm-linux-gnueabihf/libc/usr/lib/arm-linux-gnueabihf/4.7.3/libpthread.a(ptw-close.o)
                0x0000b744                __close_nocancel
                0x0000b760                __libc_close
                0x0000b760                __close
                0x0000b760                close
 .text          0x0000b7f0       0xe0 /opt/ti-sdk-am335x-evm-07.00.00.00/linux-devkit/sysroots/i686-arago-linux/usr/bin/../arm-linux-gnueabihf/libc/usr/lib/arm-linux-gnueabihf/4.7.3/libpthread.a(ptw-fcntl.o)
                0x0000b7f0                __fcntl_nocancel
                0x0000b834                __libc_fcntl
                0x0000b834                __fcntl
                0x0000b834                fcntl
 .text          0x0000b8d0       0xb0 /opt/ti-sdk-am335x-evm-07.00.00.00/linux-devkit/sysroots/i686-arago-linux/usr/bin/../arm-linux-gnueabihf/libc/usr/lib/arm-linux-gnueabihf/4.7.3/libpthread.a(ptw-open.o)
                0x0000b8d4                __open_nocancel
                0x0000b8f0                __open
                0x0000b8f0                __libc_open
                0x0000b8f0                open
 .text          0x0000b980       0xd4 /opt/ti-sdk-am335x-evm-07.00.00.00/linux-devkit/sysroots/i686-arago-linux/usr/bin/../arm-linux-gnueabihf/libc/usr/lib/arm-linux-gnueabihf/4.7.3/libpthread.a(sigaction.o)
                0x0000b980                __libc_sigaction
                0x0000ba30                sigaction
                0x0000ba30                __sigaction
 .text          0x0000ba54       0x14 /opt/ti-sdk-am335x-evm-07.00.00.00/linux-devkit/sysroots/i686-arago-linux/usr/bin/../arm-linux-gnueabihf/libc/usr/lib/arm-linux-gnueabihf/4.7.3/libpthread.a(errno-loc.o)
                0x0000ba54                __errno_location
 .text          0x0000ba68        0x0 /opt/ti-sdk-am335x-evm-07.00.00.00/linux-devkit/sysroots/i686-arago-linux/usr/bin/../arm-linux-gnueabihf/libc/usr/lib/arm-linux-gnueabihf/4.7.3/libpthread.a(vars.o)
 .text          0x0000ba68       0xe4 /opt/ti-sdk-am335x-evm-07.00.00.00/linux-devkit/sysroots/i686-arago-linux/usr/bin/../arm-linux-gnueabihf/libc/usr/lib/arm-linux-gnueabihf/4.7.3/libpthread.a(cancellation.o)
                0x0000ba68                __pthread_enable_asynccancel
                0x0000bae8                __pthread_disable_asynccancel
 .text          0x0000bb4c       0xf8 /opt/ti-sdk-am335x-evm-07.00.00.00/linux-devkit/sysroots/i686-arago-linux/usr/bin/../arm-linux-gnueabihf/libc/usr/lib/arm-linux-gnueabihf/4.7.3/libpthread.a(unwind.o)
                0x0000bc04                __pthread_unwind
                0x0000bc38                __pthread_unwind_next
 *fill*         0x0000bc44        0x4 
 .text          0x0000bc48     0x7270 example-applications/libsndfile-1.0.28/src/.libs/libsndfile.a(libsndfile_la-sndfile.o)
                0x0000c3fc                sf_close
                0x0000c490                sf_write_sync
                0x0000c49c                sf_error_number
                0x0000c518                sf_strerror
                0x0000c604                sf_error
                0x0000c678                sf_perror
                0x0000c77c                sf_error_str
                0x0000c88c                sf_format_check
                0x0000d048                sf_version_string
                0x0000d054                sf_seek
                0x0000d420                sf_command
                0x0000e7cc                sf_get_string
                0x0000e7f8                sf_set_string
                0x0000e89c                sf_current_byterate
                0x0000ea54                sf_read_raw
                0x0000ecd0                sf_read_short
                0x0000ef7c                sf_readf_short
                0x0000f23c                sf_read_int
                0x0000f4f0                sf_readf_int
                0x0000f7b8                sf_read_float
                0x0000fa6c                sf_readf_float
                0x0000fd34                sf_read_double
                0x0000ffe8                sf_readf_double
                0x000102b0                sf_write_raw
                0x00010528                sf_write_short
                0x000107a4                sf_writef_short
                0x00010a20                sf_write_int
                0x00010c9c                sf_writef_int
                0x00010f18                sf_write_float
                0x00011194                sf_writef_float
                0x00011410                sf_write_double
                0x0001168c                sf_writef_double
                0x00011908                psf_open_file
                0x000127b0                sf_open_virtual
                0x0001290c                sf_open_fd
                0x000129d4                sf_open
                0x00012ac8                sf_set_chunk
                0x00012b98                sf_get_chunk_iterator
                0x00012c38                sf_next_chunk_iterator
                0x00012cf8                sf_get_chunk_size
                0x00012dd0                sf_get_chunk_data
 .text          0x00012eb8     0x4520 example-applications/libsndfile-1.0.28/src/.libs/libsndfile.a(libsndfile_la-aiff.o)
                0x00016e44                aiff_open
 .text          0x000173d8      0xb38 example-applications/libsndfile-1.0.28/src/.libs/libsndfile.a(libsndfile_la-au.o)
                0x00017694                au_open
 .text          0x00017f10      0x708 example-applications/libsndfile-1.0.28/src/.libs/libsndfile.a(libsndfile_la-avr.o)
                0x000181a8                avr_open
 .text          0x00018618     0x23d0 example-applications/libsndfile-1.0.28/src/.libs/libsndfile.a(libsndfile_la-caf.o)
                0x0001a6dc                caf_open
 .text          0x0001a9e8       0x10 example-applications/libsndfile-1.0.28/src/.libs/libsndfile.a(libsndfile_la-dwd.o)
                0x0001a9e8                dwd_open
 .text          0x0001a9f8       0x18 example-applications/libsndfile-1.0.28/src/.libs/libsndfile.a(libsndfile_la-flac.o)
                0x0001a9f8                flac_open
 .text          0x0001aa10     0x16a8 example-applications/libsndfile-1.0.28/src/.libs/libsndfile.a(libsndfile_la-g72x.o)
                0x0001bc48                g72x_init
 .text          0x0001c0b8      0x400 example-applications/libsndfile-1.0.28/src/.libs/libsndfile.a(libsndfile_la-htk.o)
                0x0001c214                htk_open
 .text          0x0001c4b8      0x728 example-applications/libsndfile-1.0.28/src/.libs/libsndfile.a(libsndfile_la-ircam.o)
                0x0001c69c                ircam_open
 .text          0x0001cbe0      0xa98 example-applications/libsndfile-1.0.28/src/.libs/libsndfile.a(libsndfile_la-mat4.o)
                0x0001d508                mat4_open
 .text          0x0001d678      0xed8 example-applications/libsndfile-1.0.28/src/.libs/libsndfile.a(libsndfile_la-mat5.o)
                0x0001e3e0                mat5_open
 .text          0x0001e550      0xa68 example-applications/libsndfile-1.0.28/src/.libs/libsndfile.a(libsndfile_la-nist.o)
                0x0001ee1c                nist_open
 .text          0x0001efb8     0x1d18 example-applications/libsndfile-1.0.28/src/.libs/libsndfile.a(libsndfile_la-paf.o)
                0x0002050c                paf_open
 .text          0x00020cd0      0x470 example-applications/libsndfile-1.0.28/src/.libs/libsndfile.a(libsndfile_la-pvf.o)
                0x00020e28                pvf_open
 .text          0x00021140      0x1ec example-applications/libsndfile-1.0.28/src/.libs/libsndfile.a(libsndfile_la-raw.o)
                0x00021140                raw_open
 .text          0x0002132c       0x10 example-applications/libsndfile-1.0.28/src/.libs/libsndfile.a(libsndfile_la-rx2.o)
                0x0002132c                rx2_open
 *fill*         0x0002133c        0x4 
 .text          0x00021340     0x1198 example-applications/libsndfile-1.0.28/src/.libs/libsndfile.a(libsndfile_la-sd2.o)
                0x00021a00                sd2_open
 .text          0x000224d8     0x2540 example-applications/libsndfile-1.0.28/src/.libs/libsndfile.a(libsndfile_la-sds.o)
                0x00024348                sds_open
 .text          0x00024a18      0xc28 example-applications/libsndfile-1.0.28/src/.libs/libsndfile.a(libsndfile_la-svx.o)
                0x00024d44                svx_open
 .text          0x00025640       0x10 example-applications/libsndfile-1.0.28/src/.libs/libsndfile.a(libsndfile_la-txw.o)
                0x00025640                txw_open
 .text          0x00025650      0xf80 example-applications/libsndfile-1.0.28/src/.libs/libsndfile.a(libsndfile_la-voc.o)
                0x00026448                voc_open
 .text          0x000265d0      0x4b0 example-applications/libsndfile-1.0.28/src/.libs/libsndfile.a(libsndfile_la-wve.o)
                0x000267c0                wve_open
 .text          0x00026a80     0x10e8 example-applications/libsndfile-1.0.28/src/.libs/libsndfile.a(libsndfile_la-w64.o)
                0x000270a8                w64_open
 .text          0x00027b68     0x2b10 example-applications/libsndfile-1.0.28/src/.libs/libsndfile.a(libsndfile_la-wavlike.o)
                0x00027b68                wavlike_read_fmt_chunk
                0x00028928                wavlike_write_guid
                0x00028964                wavlike_gen_channel_mask
                0x00028a18                wavlike_analyze
                0x00028bfc                wavlike_format_str
                0x00028c80                wavlike_srate2blocksize
                0x00028cbc                wavlike_read_bext_chunk
                0x00028e84                wavlike_write_bext_chunk
                0x00028fb0                wavlike_read_cart_chunk
                0x000292e4                wavlike_write_cart_chunk
                0x000295b0                wavlike_subchunk_parse
                0x0002a130                wavlike_write_strings
                0x0002a3ac                wavlike_read_peak_chunk
                0x0002a548                wavlike_write_peak_chunk
                0x0002a608                wavlike_write_custom_chunks
 .text          0x0002a678     0x2ed0 example-applications/libsndfile-1.0.28/src/.libs/libsndfile.a(libsndfile_la-wav.o)
                0x0002bf6c                wav_open
 .text          0x0002d548     0x23d0 example-applications/libsndfile-1.0.28/src/.libs/libsndfile.a(libsndfile_la-xi.o)
                0x0002ee40                xi_open
 .text          0x0002f918      0x590 example-applications/libsndfile-1.0.28/src/.libs/libsndfile.a(libsndfile_la-mpc2k.o)
                0x0002fba4                mpc2k_open
 .text          0x0002fea8     0x1910 example-applications/libsndfile-1.0.28/src/.libs/libsndfile.a(libsndfile_la-rf64.o)
                0x00030a34                rf64_open
 .text          0x000317b8     0x23a0 example-applications/libsndfile-1.0.28/src/.libs/libsndfile.a(g72x.o)
                0x000317b8                private_init_state
                0x000318b8                g72x_reader_init
                0x000319a8                g72x_writer_init
                0x00031a98                g72x_decode_block
                0x00031b40                g72x_encode_block
                0x00031bd0                predictor_zero
                0x00032924                predictor_pole
                0x00032d30                step_size
                0x00032d7c                quantize
                0x00032f74                reconstruct
                0x00032fcc                update
 .text          0x00033b58     0x2420 example-applications/libsndfile-1.0.28/src/.libs/libsndfile.a(alac.o)
                0x00035c9c                alac_init
                0x00035f1c                alac_get_desc_chunk_items
 .text          0x00035f78      0xc78 example-applications/libsndfile-1.0.28/src/.libs/libsndfile.a(alaw.o)
                0x00036a80                alaw_init
 .text          0x00036bf0      0x148 example-applications/libsndfile-1.0.28/src/.libs/libsndfile.a(audio_detect.o)
                0x00036bf0                audio_detect
 .text          0x00036d38      0x2d8 example-applications/libsndfile-1.0.28/src/.libs/libsndfile.a(broadcast.o)
                0x00036d38                broadcast_var_alloc
                0x00036d44                broadcast_var_set
                0x00036fd0                broadcast_var_get
 .text          0x00037010      0x19c example-applications/libsndfile-1.0.28/src/.libs/libsndfile.a(cart.o)
                0x00037010                cart_var_alloc
                0x00037018                cart_var_set
                0x00037168                cart_var_get
 .text          0x000371ac      0x100 example-applications/libsndfile-1.0.28/src/.libs/libsndfile.a(chanmap.o)
                0x000371ac                aiff_caf_find_channel_layout_tag
                0x00037230                aiff_caf_of_channel_layout_tag
 .text          0x000372ac      0x73c example-applications/libsndfile-1.0.28/src/.libs/libsndfile.a(chunk.o)
                0x000372ac                psf_next_chunk_iterator
                0x00037358                psf_store_read_chunk_u32
                0x00037458                psf_find_read_chunk_str
                0x00037540                psf_get_chunk_iterator
                0x00037684                psf_find_read_chunk_m32
                0x000376d8                psf_find_read_chunk_iterator
                0x000376f0                psf_store_read_chunk_str
                0x0003787c                psf_save_write_chunk
 .text          0x000379e8      0x5f0 example-applications/libsndfile-1.0.28/src/.libs/libsndfile.a(command.o)
                0x000379e8                psf_get_format_simple_count
                0x000379f0                psf_get_format_simple
                0x00037a40                psf_get_format_major_count
                0x00037a48                psf_get_format_major
                0x00037a9c                psf_get_format_subtype_count
                0x00037aa4                psf_get_format_subtype
                0x00037afc                psf_get_format_info
                0x00037c1c                psf_calc_signal_max
                0x00037d90                psf_calc_max_all_channels
                0x00037f28                psf_get_signal_max
                0x00037f8c                psf_get_max_all_channels
 .text          0x00037fd8     0x4d18 example-applications/libsndfile-1.0.28/src/.libs/libsndfile.a(common.o)
                0x00037fd8                psf_allocate
                0x00038040                psf_log_printf
                0x000390f4                psf_asciiheader_printf
                0x0003917c                psf_binheader_writef
                0x0003a704                psf_binheader_readf
                0x0003b5b4                psf_default_seek
                0x0003b68c                psf_hexdump
                0x0003bb40                psf_log_SF_INFO
                0x0003bc60                psf_memset
                0x0003bd08                psf_cues_alloc
                0x0003bd2c                psf_cues_dup
                0x0003bd60                psf_get_cues
                0x0003bdb8                psf_instrument_alloc
                0x0003bdec                psf_sanitize_string
                0x0003be18                psf_get_date_str
                0x0003bec0                subformat_to_bytewidth
                0x0003bee8                s_bitwidth_to_subformat
                0x0003bf1c                u_bitwidth_to_subformat
                0x0003bf50                psf_rand_int32
                0x0003c000                append_snprintf
                0x0003c05c                psf_strlcpy_crlf
                0x0003c104                psf_decode_frame_count
                0x0003c200                str_of_major_format
                0x0003c460                str_of_minor_format
                0x0003c774                str_of_open_mode
                0x0003c7cc                str_of_endianness
                0x0003c824                psf_f2s_array
                0x0003c874                psf_f2s_clip_array
                0x0003c900                psf_d2s_array
                0x0003c958                psf_d2s_clip_array
                0x0003c9f0                psf_f2i_array
                0x0003ca44                psf_f2i_clip_array
                0x0003cae0                psf_d2i_array
                0x0003cb38                psf_d2i_clip_array
                0x0003cbd0                psf_open_tmpfile
 .text          0x0003ccf0      0x914 example-applications/libsndfile-1.0.28/src/.libs/libsndfile.a(dither.o)
                0x0003d3a4                dither_init
 *fill*         0x0003d604        0x4 
 .text          0x0003d608     0x2f10 example-applications/libsndfile-1.0.28/src/.libs/libsndfile.a(double64.o)
                0x0003e894                double64_init
                0x0003ef68                double64_be_read
                0x0003f068                double64_le_read
                0x0003f870                double64_be_write
                0x0003f998                double64_le_write
 .text          0x00040518     0x20a8 example-applications/libsndfile-1.0.28/src/.libs/libsndfile.a(dwvw.o)
                0x00042338                dwvw_init
 .text          0x000425c0      0xf2c example-applications/libsndfile-1.0.28/src/.libs/libsndfile.a(file_io.o)
                0x00042614                psf_fopen
                0x000426dc                psf_fclose
                0x00042770                psf_open_rsrc
                0x00042a9c                psf_get_filelen
                0x00042be8                psf_close_rsrc
                0x00042c34                psf_set_stdio
                0x00042c98                psf_set_file
                0x00042ca4                psf_file_valid
                0x00042cb8                psf_fread
                0x00042e48                psf_fwrite
                0x00042ff4                psf_ftell
                0x000430d0                psf_fseek
                0x000432a4                psf_fgets
                0x00043368                psf_is_pipe
                0x000433f4                psf_ftruncate
                0x00043458                psf_init_files
                0x00043478                psf_use_rsrc
                0x000434cc                psf_fsync
 *fill*         0x000434ec        0x4 
 .text          0x000434f0     0x2df8 example-applications/libsndfile-1.0.28/src/.libs/libsndfile.a(float32.o)
                0x000446d8                float32_init
                0x00044db4                float32_be_read
                0x00044e6c                float32_le_read
                0x000455e8                float32_le_write
                0x000461ec                float32_be_write
 .text          0x000462e8     0x15d0 example-applications/libsndfile-1.0.28/src/.libs/libsndfile.a(gsm610.o)
                0x00047558                gsm610_init
 .text          0x000478b8       0xf4 example-applications/libsndfile-1.0.28/src/.libs/libsndfile.a(id3.o)
                0x000478b8                id3_skip
 *fill*         0x000479ac        0x4 
 .text          0x000479b0     0x23f0 example-applications/libsndfile-1.0.28/src/.libs/libsndfile.a(ima_adpcm.o)
                0x00049a28                wavlike_ima_init
                0x00049bf8                aiff_ima_init
 .text          0x00049da0     0x2100 example-applications/libsndfile-1.0.28/src/.libs/libsndfile.a(ms_adpcm.o)
                0x0004bad0                wavlike_msadpcm_init
                0x0004bdfc                wavlike_msadpcm_write_adapt_coeffs
 .text          0x0004bea0       0x1c example-applications/libsndfile-1.0.28/src/.libs/libsndfile.a(ogg.o)
                0x0004bea0                ogg_open
 *fill*         0x0004bebc        0x4 
 .text          0x0004bec0     0x5b30 example-applications/libsndfile-1.0.28/src/.libs/libsndfile.a(pcm.o)
                0x000512c4                pcm_init
 .text          0x000519f0      0x43c example-applications/libsndfile-1.0.28/src/.libs/libsndfile.a(strings.o)
                0x000519f0                psf_store_string
                0x00051d80                psf_set_string
                0x00051d9c                psf_get_string
                0x00051df4                psf_location_string_count
 *fill*         0x00051e2c        0x4 
 .text          0x00051e30      0xc50 example-applications/libsndfile-1.0.28/src/.libs/libsndfile.a(ulaw.o)
                0x00052910                ulaw_init
 .text          0x00052a80      0xf60 example-applications/libsndfile-1.0.28/src/.libs/libsndfile.a(vox_adpcm.o)
                0x000537f4                vox_adpcm_init
 .text          0x000539e0       0x58 example-applications/libsndfile-1.0.28/src/.libs/libsndfile.a(gsm_create.o)
                0x000539e0                gsm_create
                0x00053a14                gsm_init
 .text          0x00053a38      0xcf8 example-applications/libsndfile-1.0.28/src/.libs/libsndfile.a(gsm_decode.o)
                0x00053a38                gsm_decode
 .text          0x00054730        0xc example-applications/libsndfile-1.0.28/src/.libs/libsndfile.a(gsm_destroy.o)
                0x00054730                gsm_destroy
 .text          0x0005473c      0xfa8 example-applications/libsndfile-1.0.28/src/.libs/libsndfile.a(gsm_encode.o)
                0x0005473c                gsm_encode
 .text          0x000556e4       0xb0 example-applications/libsndfile-1.0.28/src/.libs/libsndfile.a(gsm_option.o)
                0x000556e4                gsm_option
 .text          0x00055794      0x1c4 example-applications/libsndfile-1.0.28/src/.libs/libsndfile.a(g721.o)
                0x00055794                g721_encoder
                0x00055880                g721_decoder
 .text          0x00055958      0x1ec example-applications/libsndfile-1.0.28/src/.libs/libsndfile.a(g723_16.o)
                0x00055958                g723_16_encoder
                0x00055a70                g723_16_decoder
 .text          0x00055b44      0x1c4 example-applications/libsndfile-1.0.28/src/.libs/libsndfile.a(g723_24.o)
                0x00055b44                g723_24_encoder
                0x00055c34                g723_24_decoder
 .text          0x00055d08      0x1c4 example-applications/libsndfile-1.0.28/src/.libs/libsndfile.a(g723_40.o)
                0x00055d08                g723_40_encoder
                0x00055df8                g723_40_decoder
 .text          0x00055ecc      0x2fc example-applications/libsndfile-1.0.28/src/.libs/libsndfile.a(ALACBitUtilities.o)
                0x00055ecc                BitBufferInit
                0x00055ee8                BitBufferRead
                0x00055f38                BitBufferReadSmall
                0x00055f80                BitBufferReadOne
                0x00055fb8                BitBufferPeek
                0x00055fec                BitBufferPeekOne
                0x00056008                BitBufferUnpackBERSize
                0x00056038                BitBufferGetPosition
                0x00056058                BitBufferAdvance
                0x00056080                BitBufferRewind
                0x000560ec                BitBufferWrite
                0x00056184                BitBufferByteAlign
                0x000561ac                BitBufferReset
 .text          0x000561c8      0xfa4 example-applications/libsndfile-1.0.28/src/.libs/libsndfile.a(alac_decoder.o)
                0x000561c8                alac_decoder_init
                0x000563b0                alac_decode
 .text          0x0005716c     0x2ab4 example-applications/libsndfile-1.0.28/src/.libs/libsndfile.a(alac_encoder.o)
                0x00058cb8                alac_set_fastmode
                0x00058cc0                alac_encode
                0x00059650                alac_get_magic_cookie_size
                0x00059660                alac_get_magic_cookie
                0x000597e0                alac_encoder_init
                0x00059bc4                alac_get_source_format
 .text          0x00059c20      0xa88 example-applications/libsndfile-1.0.28/src/.libs/libsndfile.a(dp_dec.o)
                0x00059c20                unpc_block
 .text          0x0005a6a8      0xdac example-applications/libsndfile-1.0.28/src/.libs/libsndfile.a(dp_enc.o)
                0x0005a6a8                init_coefs
                0x0005a7a4                copy_coefs
                0x0005a84c                pc_block
 .text          0x0005b454      0x538 example-applications/libsndfile-1.0.28/src/.libs/libsndfile.a(matrix_dec.o)
                0x0005b454                unmix16
                0x0005b4fc                unmix20
                0x0005b5a4                unmix24
                0x0005b74c                unmix32
                0x0005b87c                copyPredictorTo24
                0x0005b8a4                copyPredictorTo24Shift
                0x0005b8ec                copyPredictorTo20
                0x0005b914                copyPredictorTo32
                0x0005b948                copyPredictorTo32Shift
 .text          0x0005b98c      0x444 example-applications/libsndfile-1.0.28/src/.libs/libsndfile.a(matrix_enc.o)
                0x0005b98c                mix16
                0x0005ba2c                mix20
                0x0005bad8                mix24
                0x0005bc6c                mix32
 .text          0x0005bdd0      0x294 example-applications/libsndfile-1.0.28/src/.libs/libsndfile.a(ima_oki_adpcm.o)
                0x0005bdd0                ima_oki_adpcm_init
                0x0005be3c                adpcm_decode
                0x0005bf08                adpcm_encode
                0x0005bf58                ima_oki_adpcm_decode_block
                0x0005bfc4                ima_oki_adpcm_encode_block
 .text          0x0005c064      0x14c example-applications/libsndfile-1.0.28/src/.libs/libsndfile.a(code.o)
                0x0005c064                Gsm_Coder
 .text          0x0005c1b0      0x2b4 example-applications/libsndfile-1.0.28/src/.libs/libsndfile.a(decode.o)
                0x0005c1b0                Gsm_Decoder
 *fill*         0x0005c464        0x4 
 .text          0x0005c468     0x30c8 example-applications/libsndfile-1.0.28/src/.libs/libsndfile.a(long_term.o)
                0x0005f02c                Gsm_Long_Term_Predictor
                0x0005f36c                Gsm_Long_Term_Synthesis_Filtering
 .text          0x0005f530     0x1950 example-applications/libsndfile-1.0.28/src/.libs/libsndfile.a(lpc.o)
                0x00060260                Gsm_LPC_Analysis
 .text          0x00060e80      0x244 example-applications/libsndfile-1.0.28/src/.libs/libsndfile.a(preprocess.o)
                0x00060e80                Gsm_Preprocess
 .text          0x000610c4     0x161c example-applications/libsndfile-1.0.28/src/.libs/libsndfile.a(rpe.o)
                0x000616f4                Gsm_RPE_Encoding
                0x00062494                Gsm_RPE_Decoding
 .text          0x000626e0     0x4e3c example-applications/libsndfile-1.0.28/src/.libs/libsndfile.a(short_term.o)
                0x00063800                Gsm_Short_Term_Analysis_Filter
                0x00065674                Gsm_Short_Term_Synthesis_Filter
 .text          0x0006751c        0x0 example-applications/libsndfile-1.0.28/src/.libs/libsndfile.a(table.o)
 .text          0x0006751c      0x534 example-applications/libsndfile-1.0.28/src/.libs/libsndfile.a(ag_dec.o)
                0x0006751c                set_ag_params
                0x00067564                set_standard_ag_params
                0x00067594                dyn_decomp
 .text          0x00067a50      0x5dc example-applications/libsndfile-1.0.28/src/.libs/libsndfile.a(ag_enc.o)
                0x00067a50                dyn_comp
 .text          0x0006802c      0x5fc example-applications/libsndfile-1.0.28/src/.libs/libsndfile.a(add.o)
                0x0006802c                gsm_add
                0x00068058                gsm_sub
                0x00068084                gsm_mult
                0x000680bc                gsm_mult_r
                0x000680dc                gsm_abs
                0x000680f8                gsm_L_mult
                0x00068140                gsm_L_add
                0x00068198                gsm_L_sub
                0x000681f8                gsm_norm
                0x000682f0                gsm_asr
                0x0006833c                gsm_asl
                0x00068384                gsm_L_asr
                0x000683cc                gsm_L_asl
                0x00068404                gsm_div
 .text          0x00068628       0xe8 /opt/ti-sdk-am335x-evm-07.00.00.00/linux-devkit/sysroots/i686-arago-linux/usr/bin/../arm-linux-gnueabihf/libc/usr/lib/arm-linux-gnueabihf/4.7.3/libm.a(s_floor.o)
                0x00068628                floor
                0x00068628                __floor
                0x00068628                floorl
                0x00068628                __floorl
 .text          0x00068710     0x2eb8 /opt/ti-sdk-am335x-evm-07.00.00.00/linux-devkit/sysroots/i686-arago-linux/usr/bin/../arm-linux-gnueabihf/libc/usr/lib/arm-linux-gnueabihf/4.7.3/libm.a(s_sin.o)
                0x000691d0                sinl
                0x000691d0                __sinl
                0x000691d0                sin
                0x000691d0                __sin
                0x0006a748                cos
                0x0006a748                __cosl
                0x0006a748                cosl
                0x0006a748                __cos
 .text          0x0006b5c8       0x54 /opt/ti-sdk-am335x-evm-07.00.00.00/linux-devkit/sysroots/i686-arago-linux/usr/bin/../arm-linux-gnueabihf/libc/usr/lib/arm-linux-gnueabihf/4.7.3/libm.a(w_acos.o)
                0x0006b5c8                __acosl
                0x0006b5c8                __acos
                0x0006b5c8                acosl
                0x0006b5c8                acos
 .text          0x0006b61c       0x3c /opt/ti-sdk-am335x-evm-07.00.00.00/linux-devkit/sysroots/i686-arago-linux/usr/bin/../arm-linux-gnueabihf/libc/usr/lib/arm-linux-gnueabihf/4.7.3/libm.a(w_atan2.o)
                0x0006b61c                __atan2l
                0x0006b61c                atan2l
                0x0006b61c                __atan2
                0x0006b61c                atan2
 .text          0x0006b658       0x6c /opt/ti-sdk-am335x-evm-07.00.00.00/linux-devkit/sysroots/i686-arago-linux/usr/bin/../arm-linux-gnueabihf/libc/usr/lib/arm-linux-gnueabihf/4.7.3/libm.a(w_fmod.o)
                0x0006b658                __fmod
                0x0006b658                __fmodl
                0x0006b658                fmod
                0x0006b658                fmodl
 .text          0x0006b6c4      0x16c /opt/ti-sdk-am335x-evm-07.00.00.00/linux-devkit/sysroots/i686-arago-linux/usr/bin/../arm-linux-gnueabihf/libc/usr/lib/arm-linux-gnueabihf/4.7.3/libm.a(w_pow.o)
                0x0006b6c4                __pow
                0x0006b6c4                pow
                0x0006b6c4                powl
                0x0006b6c4                __powl
 .text          0x0006b830       0x28 /opt/ti-sdk-am335x-evm-07.00.00.00/linux-devkit/sysroots/i686-arago-linux/usr/bin/../arm-linux-gnueabihf/libc/usr/lib/arm-linux-gnueabihf/4.7.3/libm.a(w_sqrt.o)
                0x0006b830                sqrt
                0x0006b830                sqrtl
                0x0006b830                __sqrt
                0x0006b830                __sqrtl
 .text          0x0006b858       0x4c /opt/ti-sdk-am335x-evm-07.00.00.00/linux-devkit/sysroots/i686-arago-linux/usr/bin/../arm-linux-gnueabihf/libc/usr/lib/arm-linux-gnueabihf/4.7.3/libm.a(s_sincos.o)
                0x0006b858                __sincos
                0x0006b858                sincos
                0x0006b858                __sincosl
                0x0006b858                sincosl
 .text          0x0006b8a4       0xc0 /opt/ti-sdk-am335x-evm-07.00.00.00/linux-devkit/sysroots/i686-arago-linux/usr/bin/../arm-linux-gnueabihf/libc/usr/lib/arm-linux-gnueabihf/4.7.3/libm.a(s_lrint.o)
                0x0006b8a4                __lrint
                0x0006b8a4                __lrintl
                0x0006b8a4                lrint
                0x0006b8a4                lrintl
 .text          0x0006b964       0x1c /opt/ti-sdk-am335x-evm-07.00.00.00/linux-devkit/sysroots/i686-arago-linux/usr/bin/../arm-linux-gnueabihf/libc/usr/lib/arm-linux-gnueabihf/4.7.3/libm.a(s_isinf_ns.o)
                0x0006b964                __isinf_ns
 .text          0x0006b980       0x1c /opt/ti-sdk-am335x-evm-07.00.00.00/linux-devkit/sysroots/i686-arago-linux/usr/bin/../arm-linux-gnueabihf/libc/usr/lib/arm-linux-gnueabihf/4.7.3/libm.a(m_isnan.o)
                0x0006b980                __isnanl
                0x0006b980                __isnan
                0x0006b980                isnan
                0x0006b980                isnanl
 .text          0x0006b99c       0x14 /opt/ti-sdk-am335x-evm-07.00.00.00/linux-devkit/sysroots/i686-arago-linux/usr/bin/../arm-linux-gnueabihf/libc/usr/lib/arm-linux-gnueabihf/4.7.3/libm.a(m_finite.o)
                0x0006b99c                __finite
                0x0006b99c                finitel
                0x0006b99c                finite
                0x0006b99c                __finitel
 .text          0x0006b9b0       0x70 /opt/ti-sdk-am335x-evm-07.00.00.00/linux-devkit/sysroots/i686-arago-linux/usr/bin/../arm-linux-gnueabihf/libc/usr/lib/arm-linux-gnueabihf/4.7.3/libm.a(m_frexp.o)
                0x0006b9b0                __frexp
                0x0006b9b0                __frexpl
                0x0006b9b0                frexpl
                0x0006b9b0                frexp
 .text          0x0006ba20        0xc /opt/ti-sdk-am335x-evm-07.00.00.00/linux-devkit/sysroots/i686-arago-linux/usr/bin/../arm-linux-gnueabihf/libc/usr/lib/arm-linux-gnueabihf/4.7.3/libm.a(m_signbit.o)
                0x0006ba20                __signbit
 .text          0x0006ba2c       0x84 /opt/ti-sdk-am335x-evm-07.00.00.00/linux-devkit/sysroots/i686-arago-linux/usr/bin/../arm-linux-gnueabihf/libc/usr/lib/arm-linux-gnueabihf/4.7.3/libm.a(s_lrintf.o)
                0x0006ba2c                __lrintf
                0x0006ba2c                lrintf
 .text          0x0006bab0      0x370 /opt/ti-sdk-am335x-evm-07.00.00.00/linux-devkit/sysroots/i686-arago-linux/usr/bin/../arm-linux-gnueabihf/libc/usr/lib/arm-linux-gnueabihf/4.7.3/libm.a(branred.o)
                0x0006bab0                __branred
 .text          0x0006be20     0x1148 /opt/ti-sdk-am335x-evm-07.00.00.00/linux-devkit/sysroots/i686-arago-linux/usr/bin/../arm-linux-gnueabihf/libc/usr/lib/arm-linux-gnueabihf/4.7.3/libm.a(dosincos.o)
                0x0006be20                __dubsin
                0x0006c64c                __dubcos
                0x0006ce6c                __docos
 .text          0x0006cf68      0x840 /opt/ti-sdk-am335x-evm-07.00.00.00/linux-devkit/sysroots/i686-arago-linux/usr/bin/../arm-linux-gnueabihf/libc/usr/lib/arm-linux-gnueabihf/4.7.3/libm.a(sincos32.o)
                0x0006cf68                __c32
                0x0006d1d0                __sin32
                0x0006d2a4                __cos32
                0x0006d3b8                __mpsin
                0x0006d444                __mpcos
                0x0006d4d4                __mpranred
                0x0006d6bc                __mpsin1
                0x0006d730                __mpcos1
 .text          0x0006d7a8        0x0 /opt/ti-sdk-am335x-evm-07.00.00.00/linux-devkit/sysroots/i686-arago-linux/usr/bin/../arm-linux-gnueabihf/libc/usr/lib/arm-linux-gnueabihf/4.7.3/libm.a(sincostab.o)
 .text          0x0006d7a8     0x2240 /opt/ti-sdk-am335x-evm-07.00.00.00/linux-devkit/sysroots/i686-arago-linux/usr/bin/../arm-linux-gnueabihf/libc/usr/lib/arm-linux-gnueabihf/4.7.3/libm.a(k_standard.o)
                0x0006d7a8                __kernel_standard
                0x0006f9d4                __kernel_standard_f
 .text          0x0006f9e8        0x0 /opt/ti-sdk-am335x-evm-07.00.00.00/linux-devkit/sysroots/i686-arago-linux/usr/bin/../arm-linux-gnueabihf/libc/usr/lib/arm-linux-gnueabihf/4.7.3/libm.a(s_lib_version.o)
 .text          0x0006f9e8        0x4 /opt/ti-sdk-am335x-evm-07.00.00.00/linux-devkit/sysroots/i686-arago-linux/usr/bin/../arm-linux-gnueabihf/libc/usr/lib/arm-linux-gnueabihf/4.7.3/libm.a(s_matherr.o)
                0x0006f9e8                __matherr
                0x0006f9e8                matherr
 .text          0x0006f9ec       0xc0 /opt/ti-sdk-am335x-evm-07.00.00.00/linux-devkit/sysroots/i686-arago-linux/usr/bin/../arm-linux-gnueabihf/libc/usr/lib/arm-linux-gnueabihf/4.7.3/libm.a(fraiseexcpt.o)
                0x0006f9ec                feraiseexcept
 *fill*         0x0006faac        0x4 
 .text          0x0006fab0     0x1d40 /opt/ti-sdk-am335x-evm-07.00.00.00/linux-devkit/sysroots/i686-arago-linux/usr/bin/../arm-linux-gnueabihf/libc/usr/lib/arm-linux-gnueabihf/4.7.3/libm.a(e_asin.o)
                0x0006fab0                __asin_finite
                0x0006fab0                __ieee754_asin
                0x0007083c                __acos_finite
                0x0007083c                __ieee754_acos
 .text          0x000717f0     0x30b8 /opt/ti-sdk-am335x-evm-07.00.00.00/linux-devkit/sysroots/i686-arago-linux/usr/bin/../arm-linux-gnueabihf/libc/usr/lib/arm-linux-gnueabihf/4.7.3/libm.a(e_atan2.o)
                0x00071948                __ieee754_atan2
                0x00071948                __atan2_finite
 .text          0x000748a8      0x2c4 /opt/ti-sdk-am335x-evm-07.00.00.00/linux-devkit/sysroots/i686-arago-linux/usr/bin/../arm-linux-gnueabihf/libc/usr/lib/arm-linux-gnueabihf/4.7.3/libm.a(e_fmod.o)
                0x000748a8                __fmod_finite
                0x000748a8                __ieee754_fmod
 *fill*         0x00074b6c        0x4 
 .text          0x00074b70      0xc18 /opt/ti-sdk-am335x-evm-07.00.00.00/linux-devkit/sysroots/i686-arago-linux/usr/bin/../arm-linux-gnueabihf/libc/usr/lib/arm-linux-gnueabihf/4.7.3/libm.a(e_pow.o)
                0x00074c10                __pow_finite
                0x00074c10                __ieee754_pow
 .text          0x00075788      0x1f8 /opt/ti-sdk-am335x-evm-07.00.00.00/linux-devkit/sysroots/i686-arago-linux/usr/bin/../arm-linux-gnueabihf/libc/usr/lib/arm-linux-gnueabihf/4.7.3/libm.a(e_sqrt.o)
                0x00075788                __sqrt_finite
                0x00075788                __ieee754_sqrt
 .text          0x00075980      0x104 /opt/ti-sdk-am335x-evm-07.00.00.00/linux-devkit/sysroots/i686-arago-linux/usr/bin/../arm-linux-gnueabihf/libc/usr/lib/arm-linux-gnueabihf/4.7.3/libm.a(s_rint.o)
                0x00075980                rintl
                0x00075980                rint
                0x00075980                __rintl
                0x00075980                __rint
 *fill*         0x00075a84        0x4 
 .text          0x00075a88      0x508 /opt/ti-sdk-am335x-evm-07.00.00.00/linux-devkit/sysroots/i686-arago-linux/usr/bin/../arm-linux-gnueabihf/libc/usr/lib/arm-linux-gnueabihf/4.7.3/libm.a(doasin.o)
                0x00075a88                __doasin
 .text          0x00075f90      0xda4 /opt/ti-sdk-am335x-evm-07.00.00.00/linux-devkit/sysroots/i686-arago-linux/usr/bin/../arm-linux-gnueabihf/libc/usr/lib/arm-linux-gnueabihf/4.7.3/libm.a(mpa.o)
                0x00076550                __acr
                0x000765ec                __cpy
                0x0007660c                __mp_dbl
                0x000767dc                __dbl_mp
                0x00076900                __add
                0x000769f8                __sub
                0x00076b04                __mul
                0x00076c40                __dvd
 .text          0x00076d34       0xdc /opt/ti-sdk-am335x-evm-07.00.00.00/linux-devkit/sysroots/i686-arago-linux/usr/bin/../arm-linux-gnueabihf/libc/usr/lib/arm-linux-gnueabihf/4.7.3/libm.a(mpatan2.o)
                0x00076d34                __mpatan2
 .text          0x00076e10      0x258 /opt/ti-sdk-am335x-evm-07.00.00.00/linux-devkit/sysroots/i686-arago-linux/usr/bin/../arm-linux-gnueabihf/libc/usr/lib/arm-linux-gnueabihf/4.7.3/libm.a(mpatan.o)
                0x00076e10                __mpatan
 .text          0x00077068      0x1d0 /opt/ti-sdk-am335x-evm-07.00.00.00/linux-devkit/sysroots/i686-arago-linux/usr/bin/../arm-linux-gnueabihf/libc/usr/lib/arm-linux-gnueabihf/4.7.3/libm.a(mpsqrt.o)
                0x00077068                __mpsqrt
 .text          0x00077238      0x138 /opt/ti-sdk-am335x-evm-07.00.00.00/linux-devkit/sysroots/i686-arago-linux/usr/bin/../arm-linux-gnueabihf/libc/usr/lib/arm-linux-gnueabihf/4.7.3/libm.a(slowpow.o)
                0x00077238                __slowpow
 .text          0x00077370      0x718 /opt/ti-sdk-am335x-evm-07.00.00.00/linux-devkit/sysroots/i686-arago-linux/usr/bin/../arm-linux-gnueabihf/libc/usr/lib/arm-linux-gnueabihf/4.7.3/libm.a(e_exp.o)
                0x00077370                __ieee754_exp
                0x00077370                __exp_finite
                0x000776dc                __exp1
 .text          0x00077a88      0x198 /opt/ti-sdk-am335x-evm-07.00.00.00/linux-devkit/sysroots/i686-arago-linux/usr/bin/../arm-linux-gnueabihf/libc/usr/lib/arm-linux-gnueabihf/4.7.3/libm.a(halfulp.o)
                0x00077a88                __halfulp
 .text          0x00077c20      0x2d8 /opt/ti-sdk-am335x-evm-07.00.00.00/linux-devkit/sysroots/i686-arago-linux/usr/bin/../arm-linux-gnueabihf/libc/usr/lib/arm-linux-gnueabihf/4.7.3/libm.a(mpexp.o)
                0x00077c20                __mpexp
 .text          0x00077ef8       0x9c /opt/ti-sdk-am335x-evm-07.00.00.00/linux-devkit/sysroots/i686-arago-linux/usr/bin/../arm-linux-gnueabihf/libc/usr/lib/arm-linux-gnueabihf/4.7.3/libm.a(mplog.o)
                0x00077ef8                __mplog
 *fill*         0x00077f94        0x4 
 .text          0x00077f98       0xd0 /opt/ti-sdk-am335x-evm-07.00.00.00/linux-devkit/sysroots/i686-arago-linux/usr/bin/../arm-linux-gnueabihf/libc/usr/lib/arm-linux-gnueabihf/4.7.3/libm.a(slowexp.o)
                0x00077f98                __slowexp
 .text          0x00078068      0x278 /opt/ti-sdk-am335x-evm-07.00.00.00/linux-devkit/sysroots/i686-arago-linux/usr/bin/../lib/gcc/arm-linux-gnueabihf/4.7.3/libgcc.a(_udivsi3.o)
                0x00078068                __udivsi3
                0x00078068                __aeabi_uidiv
                0x000782c4                __aeabi_uidivmod
 .text          0x000782e0      0x2b0 /opt/ti-sdk-am335x-evm-07.00.00.00/linux-devkit/sysroots/i686-arago-linux/usr/bin/../lib/gcc/arm-linux-gnueabihf/4.7.3/libgcc.a(_divsi3.o)
                0x000782e0                __aeabi_idiv
                0x000782e0                __divsi3
                0x00078574                __aeabi_idivmod
 .text          0x00078590      0x370 /opt/ti-sdk-am335x-evm-07.00.00.00/linux-devkit/sysroots/i686-arago-linux/usr/bin/../lib/gcc/arm-linux-gnueabihf/4.7.3/libgcc.a(_arm_addsubdf3.o)
                0x00078590                __aeabi_drsub
                0x00078598                __aeabi_dsub
                0x00078598                __subdf3
                0x0007859c                __adddf3
                0x0007859c                __aeabi_dadd
                0x00078814                __aeabi_ui2d
                0x00078814                __floatunsidf
                0x00078834                __floatsidf
                0x00078834                __aeabi_i2d
                0x00078858                __extendsfdf2
                0x00078858                __aeabi_f2d
                0x00078894                __aeabi_ul2d
                0x00078894                __floatundidf
                0x000788a4                __floatdidf
                0x000788a4                __aeabi_l2d
 .text          0x00078900      0x21c /opt/ti-sdk-am335x-evm-07.00.00.00/linux-devkit/sysroots/i686-arago-linux/usr/bin/../lib/gcc/arm-linux-gnueabihf/4.7.3/libgcc.a(_arm_addsubsf3.o)
                0x00078900                __aeabi_frsub
                0x00078908                __subsf3
                0x00078908                __aeabi_fsub
                0x0007890c                __aeabi_fadd
                0x0007890c                __addsf3
                0x00078a6c                __aeabi_ui2f
                0x00078a6c                __floatunsisf
                0x00078a74                __aeabi_i2f
                0x00078a74                __floatsisf
                0x00078a90                __floatundisf
                0x00078a90                __aeabi_ul2f
                0x00078aa0                __floatdisf
                0x00078aa0                __aeabi_l2f
 .text          0x00078b1c       0x38 /opt/ti-sdk-am335x-evm-07.00.00.00/linux-devkit/sysroots/i686-arago-linux/usr/bin/../lib/gcc/arm-linux-gnueabihf/4.7.3/libgcc.a(_aeabi_ldivmod.o)
                0x00078b1c                __aeabi_ldivmod
 .text          0x00078b54        0xc /opt/ti-sdk-am335x-evm-07.00.00.00/linux-devkit/sysroots/i686-arago-linux/usr/bin/../lib/gcc/arm-linux-gnueabihf/4.7.3/libgcc.a(_dvmd_lnx.o)
                0x00078b54                __aeabi_ldiv0
                0x00078b54                __aeabi_idiv0
 .text          0x00078b60       0x60 /opt/ti-sdk-am335x-evm-07.00.00.00/linux-devkit/sysroots/i686-arago-linux/usr/bin/../lib/gcc/arm-linux-gnueabihf/4.7.3/libgcc.a(bpabi.o)
                0x00078b60                __gnu_ldivmod_helper
                0x00078b90                __gnu_uldivmod_helper
 .text          0x00078bc0      0x34c /opt/ti-sdk-am335x-evm-07.00.00.00/linux-devkit/sysroots/i686-arago-linux/usr/bin/../lib/gcc/arm-linux-gnueabihf/4.7.3/libgcc.a(_divdi3.o)
                0x00078bc0                __divdi3
 .text          0x00078f0c      0x2f8 /opt/ti-sdk-am335x-evm-07.00.00.00/linux-devkit/sysroots/i686-arago-linux/usr/bin/../lib/gcc/arm-linux-gnueabihf/4.7.3/libgcc.a(_udivdi3.o)
                0x00078f0c                __udivdi3
 .text          0x00079204      0xa4c /opt/ti-sdk-am335x-evm-07.00.00.00/linux-devkit/sysroots/i686-arago-linux/usr/bin/../lib/gcc/arm-linux-gnueabihf/4.7.3/libgcc_eh.a(unwind-arm.o)
                0x000794ec                _Unwind_GetCFA
                0x000794f0                __gnu_Unwind_RaiseException
                0x00079550                __gnu_Unwind_ForcedUnwind
                0x00079568                __gnu_Unwind_Resume
                0x000795ac                __gnu_Unwind_Resume_or_Rethrow
                0x000795c4                _Unwind_Complete
                0x000795c8                _Unwind_DeleteException
                0x000795d8                _Unwind_VRS_Get
                0x00079624                _Unwind_VRS_Set
                0x00079960                __aeabi_unwind_cpp_pr2
                0x00079968                __aeabi_unwind_cpp_pr1
                0x00079970                __aeabi_unwind_cpp_pr0
                0x00079978                __gnu_Unwind_Backtrace
                0x000799e8                _Unwind_VRS_Pop
 .text          0x00079c50      0x1ac /opt/ti-sdk-am335x-evm-07.00.00.00/linux-devkit/sysroots/i686-arago-linux/usr/bin/../lib/gcc/arm-linux-gnueabihf/4.7.3/libgcc_eh.a(libunwind.o)
                0x00079c50                __restore_core_regs
                0x00079c50                restore_core_regs
                0x00079c68                __gnu_Unwind_Restore_VFP
                0x00079c70                __gnu_Unwind_Save_VFP
                0x00079c78                __gnu_Unwind_Restore_VFP_D
                0x00079c80                __gnu_Unwind_Save_VFP_D
                0x00079c88                __gnu_Unwind_Restore_VFP_D_16_to_31
                0x00079c90                __gnu_Unwind_Save_VFP_D_16_to_31
                0x00079c98                __gnu_Unwind_Restore_WMMXD
                0x00079cdc                __gnu_Unwind_Save_WMMXD
                0x00079d20                __gnu_Unwind_Restore_WMMXC
                0x00079d34                __gnu_Unwind_Save_WMMXC
                0x00079d48                ___Unwind_RaiseException
                0x00079d48                _Unwind_RaiseException
                0x00079d6c                ___Unwind_Resume
                0x00079d6c                _Unwind_Resume
                0x00079d90                _Unwind_Resume_or_Rethrow
                0x00079d90                ___Unwind_Resume_or_Rethrow
                0x00079db4                ___Unwind_ForcedUnwind
                0x00079db4                _Unwind_ForcedUnwind
                0x00079dd8                _Unwind_Backtrace
                0x00079dd8                ___Unwind_Backtrace
 .text          0x00079dfc      0x3c0 /opt/ti-sdk-am335x-evm-07.00.00.00/linux-devkit/sysroots/i686-arago-linux/usr/bin/../lib/gcc/arm-linux-gnueabihf/4.7.3/libgcc_eh.a(pr-support.o)
                0x00079e48                __gnu_unwind_execute
                0x0007a160                __gnu_unwind_frame
                0x0007a18c                _Unwind_GetRegionStart
                0x0007a198                _Unwind_GetLanguageSpecificData
                0x0007a1ac                _Unwind_GetDataRelBase
                0x0007a1b4                _Unwind_GetTextRelBase
 .text          0x0007a1bc      0x190 /opt/ti-sdk-am335x-evm-07.00.00.00/linux-devkit/sysroots/i686-arago-linux/usr/bin/../arm-linux-gnueabihf/libc/usr/lib/arm-linux-gnueabihf/4.7.3/libc.a(libc-start.o)
                0x0007a1bc                __libc_start_main
 .text          0x0007a34c       0xc0 /opt/ti-sdk-am335x-evm-07.00.00.00/linux-devkit/sysroots/i686-arago-linux/usr/bin/../arm-linux-gnueabihf/libc/usr/lib/arm-linux-gnueabihf/4.7.3/libc.a(check_fds.o)
                0x0007a3e8                __libc_check_standard_fds
 .text          0x0007a40c      0x230 /opt/ti-sdk-am335x-evm-07.00.00.00/linux-devkit/sysroots/i686-arago-linux/usr/bin/../arm-linux-gnueabihf/libc/usr/lib/arm-linux-gnueabihf/4.7.3/libc.a(libc-tls.o)
                0x0007a40c                __libc_setup_tls
                0x0007a5b0                _dl_tls_setup
                0x0007a624                __pthread_initialize_minimal
                0x0007a62c                __tls_get_addr
 .text          0x0007a63c       0xa0 /opt/ti-sdk-am335x-evm-07.00.00.00/linux-devkit/sysroots/i686-arago-linux/usr/bin/../arm-linux-gnueabihf/libc/usr/lib/arm-linux-gnueabihf/4.7.3/libc.a(elf-init.o)
                0x0007a63c                __libc_csu_irel
                0x0007a640                __libc_csu_init
                0x0007a6b0                __libc_csu_fini
 .text          0x0007a6dc        0x0 /opt/ti-sdk-am335x-evm-07.00.00.00/linux-devkit/sysroots/i686-arago-linux/usr/bin/../arm-linux-gnueabihf/libc/usr/lib/arm-linux-gnueabihf/4.7.3/libc.a(errno.o)
 *fill*         0x0007a6dc        0x4 
 .text          0x0007a6e0       0x10 /opt/ti-sdk-am335x-evm-07.00.00.00/linux-devkit/sysroots/i686-arago-linux/usr/bin/../arm-linux-gnueabihf/libc/usr/lib/arm-linux-gnueabihf/4.7.3/libc.a(libc-do-syscall.o)
                0x0007a6e0                __libc_do_syscall
 .text          0x0007a6f0      0x134 /opt/ti-sdk-am335x-evm-07.00.00.00/linux-devkit/sysroots/i686-arago-linux/usr/bin/../arm-linux-gnueabihf/libc/usr/lib/arm-linux-gnueabihf/4.7.3/libc.a(assert.o)
                0x0007a6f0                __assert_fail_base
                0x0007a7f4                __assert_fail
 .text          0x0007a824       0x80 /opt/ti-sdk-am335x-evm-07.00.00.00/linux-devkit/sysroots/i686-arago-linux/usr/bin/../arm-linux-gnueabihf/libc/usr/lib/arm-linux-gnueabihf/4.7.3/libc.a(ctype-info.o)
                0x0007a824                __ctype_b_loc
                0x0007a838                __ctype_toupper_loc
                0x0007a84c                __ctype_tolower_loc
                0x0007a864                __ctype_init
 .text          0x0007a8a4       0x14 /opt/ti-sdk-am335x-evm-07.00.00.00/linux-devkit/sysroots/i686-arago-linux/usr/bin/../arm-linux-gnueabihf/libc/usr/lib/arm-linux-gnueabihf/4.7.3/libc.a(dcgettext.o)
                0x0007a8a4                __dcgettext
                0x0007a8a4                dcgettext
 .text          0x0007a8b8      0xea4 /opt/ti-sdk-am335x-evm-07.00.00.00/linux-devkit/sysroots/i686-arago-linux/usr/bin/../arm-linux-gnueabihf/libc/usr/lib/arm-linux-gnueabihf/4.7.3/libc.a(dcigettext.o)
                0x0007aa2c                _nl_find_msg
                0x0007b228                __dcigettext
 .text          0x0007b75c      0x188 /opt/ti-sdk-am335x-evm-07.00.00.00/linux-devkit/sysroots/i686-arago-linux/usr/bin/../arm-linux-gnueabihf/libc/usr/lib/arm-linux-gnueabihf/4.7.3/libc.a(finddomain.o)
                0x0007b75c                _nl_find_domain
 .text          0x0007b8e4      0xe44 /opt/ti-sdk-am335x-evm-07.00.00.00/linux-devkit/sysroots/i686-arago-linux/usr/bin/../arm-linux-gnueabihf/libc/usr/lib/arm-linux-gnueabihf/4.7.3/libc.a(loadmsgcat.o)
                0x0007b8e4                _nl_load_domain
 .text          0x0007c728      0x3f4 /opt/ti-sdk-am335x-evm-07.00.00.00/linux-devkit/sysroots/i686-arago-linux/usr/bin/../arm-linux-gnueabihf/libc/usr/lib/arm-linux-gnueabihf/4.7.3/libc.a(localealias.o)
                0x0007ca0c                _nl_expand_alias
 .text          0x0007cb1c      0x3d0 /opt/ti-sdk-am335x-evm-07.00.00.00/linux-devkit/sysroots/i686-arago-linux/usr/bin/../arm-linux-gnueabihf/libc/usr/lib/arm-linux-gnueabihf/4.7.3/libc.a(l10nflist.o)
                0x0007cb1c                _nl_make_l10nflist
                0x0007ce44                _nl_normalize_codeset
 .text          0x0007ceec      0x150 /opt/ti-sdk-am335x-evm-07.00.00.00/linux-devkit/sysroots/i686-arago-linux/usr/bin/../arm-linux-gnueabihf/libc/usr/lib/arm-linux-gnueabihf/4.7.3/libc.a(explodename.o)
                0x0007ceec                _nl_explode_name
 .text          0x0007d03c      0x5a8 /opt/ti-sdk-am335x-evm-07.00.00.00/linux-devkit/sysroots/i686-arago-linux/usr/bin/../arm-linux-gnueabihf/libc/usr/lib/arm-linux-gnueabihf/4.7.3/libc.a(plural.o)
                0x0007d03c                __gettext_free_exp
                0x0007d100                __gettextparse
 .text          0x0007d5e4       0x94 /opt/ti-sdk-am335x-evm-07.00.00.00/linux-devkit/sysroots/i686-arago-linux/usr/bin/../arm-linux-gnueabihf/libc/usr/lib/arm-linux-gnueabihf/4.7.3/libc.a(plural-exp.o)
                0x0007d5e4                __gettext_extract_plural
 .text          0x0007d678       0x24 /opt/ti-sdk-am335x-evm-07.00.00.00/linux-devkit/sysroots/i686-arago-linux/usr/bin/../arm-linux-gnueabihf/libc/usr/lib/arm-linux-gnueabihf/4.7.3/libc.a(hash-string.o)
                0x0007d678                __hash_string
 *fill*         0x0007d69c        0x4 
 .text          0x0007d6a0       0x10 /opt/ti-sdk-am335x-evm-07.00.00.00/linux-devkit/sysroots/i686-arago-linux/usr/bin/../arm-linux-gnueabihf/libc/usr/lib/arm-linux-gnueabihf/4.7.3/libc.a(bsd-_setjmp.o)
                0x0007d6a0                _setjmp
 .text          0x0007d6b0       0x2c /opt/ti-sdk-am335x-evm-07.00.00.00/linux-devkit/sysroots/i686-arago-linux/usr/bin/../arm-linux-gnueabihf/libc/usr/lib/arm-linux-gnueabihf/4.7.3/libc.a(longjmp.o)
                0x0007d6b0                longjmp
                0x0007d6b0                _longjmp
                0x0007d6b0                siglongjmp
                0x0007d6b0                __libc_longjmp
                0x0007d6b0                __libc_siglongjmp
 *fill*         0x0007d6dc        0x4 
 .text          0x0007d6e0       0x60 /opt/ti-sdk-am335x-evm-07.00.00.00/linux-devkit/sysroots/i686-arago-linux/usr/bin/../arm-linux-gnueabihf/libc/usr/lib/arm-linux-gnueabihf/4.7.3/libc.a(__longjmp.o)
                0x0007d6e0                __longjmp
 .text          0x0007d740       0x20 /opt/ti-sdk-am335x-evm-07.00.00.00/linux-devkit/sysroots/i686-arago-linux/usr/bin/../arm-linux-gnueabihf/libc/usr/lib/arm-linux-gnueabihf/4.7.3/libc.a(jmp-unwind.o)
                0x0007d740                _longjmp_unwind
 .text          0x0007d760       0x7c /opt/ti-sdk-am335x-evm-07.00.00.00/linux-devkit/sysroots/i686-arago-linux/usr/bin/../arm-linux-gnueabihf/libc/usr/lib/arm-linux-gnueabihf/4.7.3/libc.a(raise.o)
                0x0007d760                gsignal
                0x0007d760                raise
 .text          0x0007d7dc       0x64 /opt/ti-sdk-am335x-evm-07.00.00.00/linux-devkit/sysroots/i686-arago-linux/usr/bin/../arm-linux-gnueabihf/libc/usr/lib/arm-linux-gnueabihf/4.7.3/libc.a(sigprocmask.o)
                0x0007d7dc                __sigprocmask
                0x0007d7dc                sigprocmask
 .text          0x0007d840       0x28 /opt/ti-sdk-am335x-evm-07.00.00.00/linux-devkit/sysroots/i686-arago-linux/usr/bin/../arm-linux-gnueabihf/libc/usr/lib/arm-linux-gnueabihf/4.7.3/libc.a(sigempty.o)
                0x0007d840                sigemptyset
 *fill*         0x0007d868        0x8 
 .text          0x0007d870       0x50 /opt/ti-sdk-am335x-evm-07.00.00.00/linux-devkit/sysroots/i686-arago-linux/usr/bin/../arm-linux-gnueabihf/libc/usr/lib/arm-linux-gnueabihf/4.7.3/libc.a(sigrestorer.o)
                0x0007d880                __default_sa_restorer_v1
                0x0007d890                __default_sa_restorer_v2
                0x0007d8a0                __default_rt_sa_restorer_v1
                0x0007d8b0                __default_rt_sa_restorer_v2
 .text          0x0007d8c0      0x17c /opt/ti-sdk-am335x-evm-07.00.00.00/linux-devkit/sysroots/i686-arago-linux/usr/bin/../arm-linux-gnueabihf/libc/usr/lib/arm-linux-gnueabihf/4.7.3/libc.a(abort.o)
                0x0007d8c0                abort
 .text          0x0007da3c       0x48 /opt/ti-sdk-am335x-evm-07.00.00.00/linux-devkit/sysroots/i686-arago-linux/usr/bin/../arm-linux-gnueabihf/libc/usr/lib/arm-linux-gnueabihf/4.7.3/libc.a(bsearch.o)
                0x0007da3c                bsearch
 .text          0x0007da84      0x3f4 /opt/ti-sdk-am335x-evm-07.00.00.00/linux-devkit/sysroots/i686-arago-linux/usr/bin/../arm-linux-gnueabihf/libc/usr/lib/arm-linux-gnueabihf/4.7.3/libc.a(msort.o)
                0x0007dc7c                qsort_r
                0x0007de68                qsort
 .text          0x0007de78       0xbc /opt/ti-sdk-am335x-evm-07.00.00.00/linux-devkit/sysroots/i686-arago-linux/usr/bin/../arm-linux-gnueabihf/libc/usr/lib/arm-linux-gnueabihf/4.7.3/libc.a(getenv.o)
                0x0007de78                getenv
 .text          0x0007df34       0x84 /opt/ti-sdk-am335x-evm-07.00.00.00/linux-devkit/sysroots/i686-arago-linux/usr/bin/../arm-linux-gnueabihf/libc/usr/lib/arm-linux-gnueabihf/4.7.3/libc.a(exit.o)
                0x0007df34                __run_exit_handlers
                0x0007dfa8                exit
 .text          0x0007dfb8      0x168 /opt/ti-sdk-am335x-evm-07.00.00.00/linux-devkit/sysroots/i686-arago-linux/usr/bin/../arm-linux-gnueabihf/libc/usr/lib/arm-linux-gnueabihf/4.7.3/libc.a(cxa_atexit.o)
                0x0007dfb8                __new_exitfn
                0x0007e0e8                __internal_atexit
                0x0007e114                __cxa_atexit
 .text          0x0007e120       0x40 /opt/ti-sdk-am335x-evm-07.00.00.00/linux-devkit/sysroots/i686-arago-linux/usr/bin/../arm-linux-gnueabihf/libc/usr/lib/arm-linux-gnueabihf/4.7.3/libc.a(strtol.o)
                0x0007e120                __strtol_internal
                0x0007e140                strtol
 .text          0x0007e160       0x40 /opt/ti-sdk-am335x-evm-07.00.00.00/linux-devkit/sysroots/i686-arago-linux/usr/bin/../arm-linux-gnueabihf/libc/usr/lib/arm-linux-gnueabihf/4.7.3/libc.a(strtoul.o)
                0x0007e160                __strtoul_internal
                0x0007e180                strtoul
 .text          0x0007e1a0      0x310 /opt/ti-sdk-am335x-evm-07.00.00.00/linux-devkit/sysroots/i686-arago-linux/usr/bin/../arm-linux-gnueabihf/libc/usr/lib/arm-linux-gnueabihf/4.7.3/libc.a(strtol_l.o)
                0x0007e1a0                ____strtol_l_internal
                0x0007e4a0                strtol_l
                0x0007e4a0                __strtol_l
 .text          0x0007e4b0      0x2fc /opt/ti-sdk-am335x-evm-07.00.00.00/linux-devkit/sysroots/i686-arago-linux/usr/bin/../arm-linux-gnueabihf/libc/usr/lib/arm-linux-gnueabihf/4.7.3/libc.a(strtoul_l.o)
                0x0007e4b0                ____strtoul_l_internal
                0x0007e79c                strtoul_l
                0x0007e79c                __strtoul_l
 .text          0x0007e7ac       0x34 /opt/ti-sdk-am335x-evm-07.00.00.00/linux-devkit/sysroots/i686-arago-linux/usr/bin/../arm-linux-gnueabihf/libc/usr/lib/arm-linux-gnueabihf/4.7.3/libc.a(strtod.o)
                0x0007e7ac                __strtod_internal
                0x0007e7c4                strtod
 .text          0x0007e7e0     0x1888 /opt/ti-sdk-am335x-evm-07.00.00.00/linux-devkit/sysroots/i686-arago-linux/usr/bin/../arm-linux-gnueabihf/libc/usr/lib/arm-linux-gnueabihf/4.7.3/libc.a(strtod_l.o)
                0x0007eb28                ____strtod_l_internal
                0x0008005c                __strtod_l
                0x0008005c                strtod_l
 .text          0x00080068      0x17c /opt/ti-sdk-am335x-evm-07.00.00.00/linux-devkit/sysroots/i686-arago-linux/usr/bin/../arm-linux-gnueabihf/libc/usr/lib/arm-linux-gnueabihf/4.7.3/libc.a(grouping.o)
                0x00080068                __correctly_grouped_prefixmb
 .text          0x000801e4        0x0 /opt/ti-sdk-am335x-evm-07.00.00.00/linux-devkit/sysroots/i686-arago-linux/usr/bin/../arm-linux-gnueabihf/libc/usr/lib/arm-linux-gnueabihf/4.7.3/libc.a(tens_in_limb.o)
 .text          0x000801e4        0x0 /opt/ti-sdk-am335x-evm-07.00.00.00/linux-devkit/sysroots/i686-arago-linux/usr/bin/../arm-linux-gnueabihf/libc/usr/lib/arm-linux-gnueabihf/4.7.3/libc.a(fpioconst.o)
 .text          0x000801e4       0x20 /opt/ti-sdk-am335x-evm-07.00.00.00/linux-devkit/sysroots/i686-arago-linux/usr/bin/../arm-linux-gnueabihf/libc/usr/lib/arm-linux-gnueabihf/4.7.3/libc.a(fprintf.o)
                0x000801e4                fprintf
                0x000801e4                _IO_fprintf
                0x000801e4                __fprintf
 .text          0x00080204       0x28 /opt/ti-sdk-am335x-evm-07.00.00.00/linux-devkit/sysroots/i686-arago-linux/usr/bin/../arm-linux-gnueabihf/libc/usr/lib/arm-linux-gnueabihf/4.7.3/libc.a(printf.o)
                0x00080204                __printf
                0x00080204                printf
                0x00080204                _IO_printf
 .text          0x0008022c       0x20 /opt/ti-sdk-am335x-evm-07.00.00.00/linux-devkit/sysroots/i686-arago-linux/usr/bin/../arm-linux-gnueabihf/libc/usr/lib/arm-linux-gnueabihf/4.7.3/libc.a(snprintf.o)
                0x0008022c                snprintf
                0x0008022c                __snprintf
 .text          0x0008024c       0x20 /opt/ti-sdk-am335x-evm-07.00.00.00/linux-devkit/sysroots/i686-arago-linux/usr/bin/../arm-linux-gnueabihf/libc/usr/lib/arm-linux-gnueabihf/4.7.3/libc.a(sprintf.o)
                0x0008024c                sprintf
                0x0008024c                __sprintf
                0x0008024c                _IO_sprintf
 .text          0x0008026c       0x20 /opt/ti-sdk-am335x-evm-07.00.00.00/linux-devkit/sysroots/i686-arago-linux/usr/bin/../arm-linux-gnueabihf/libc/usr/lib/arm-linux-gnueabihf/4.7.3/libc.a(asprintf.o)
                0x0008026c                __asprintf
                0x0008026c                asprintf
                0x0008026c                ___asprintf
 .text          0x0008028c       0x20 /opt/ti-sdk-am335x-evm-07.00.00.00/linux-devkit/sysroots/i686-arago-linux/usr/bin/../arm-linux-gnueabihf/libc/usr/lib/arm-linux-gnueabihf/4.7.3/libc.a(sscanf.o)
                0x0008028c                __sscanf
                0x0008028c                sscanf
                0x0008028c                _IO_sscanf
 .text          0x000802ac       0xd8 /opt/ti-sdk-am335x-evm-07.00.00.00/linux-devkit/sysroots/i686-arago-linux/usr/bin/../arm-linux-gnueabihf/libc/usr/lib/arm-linux-gnueabihf/4.7.3/libc.a(perror.o)
                0x000802fc                perror
 .text          0x00080384       0x38 /opt/ti-sdk-am335x-evm-07.00.00.00/linux-devkit/sysroots/i686-arago-linux/usr/bin/../arm-linux-gnueabihf/libc/usr/lib/arm-linux-gnueabihf/4.7.3/libc.a(remove.o)
                0x00080384                remove
 .text          0x000803bc       0xa0 /opt/ti-sdk-am335x-evm-07.00.00.00/linux-devkit/sysroots/i686-arago-linux/usr/bin/../arm-linux-gnueabihf/libc/usr/lib/arm-linux-gnueabihf/4.7.3/libc.a(fxprintf.o)
                0x000803bc                __fxprintf
 .text          0x0008045c      0x1e8 /opt/ti-sdk-am335x-evm-07.00.00.00/linux-devkit/sysroots/i686-arago-linux/usr/bin/../arm-linux-gnueabihf/libc/usr/lib/arm-linux-gnueabihf/4.7.3/libc.a(iofclose.o)
                0x0008045c                _IO_fclose
                0x0008045c                _IO_new_fclose
                0x0008045c                fclose
                0x0008045c                __new_fclose
 .text          0x00080644      0x168 /opt/ti-sdk-am335x-evm-07.00.00.00/linux-devkit/sysroots/i686-arago-linux/usr/bin/../arm-linux-gnueabihf/libc/usr/lib/arm-linux-gnueabihf/4.7.3/libc.a(iofdopen.o)
                0x00080644                __new_fdopen
                0x00080644                _IO_new_fdopen
                0x00080644                _IO_fdopen
                0x00080644                fdopen
 .text          0x000807ac      0x110 /opt/ti-sdk-am335x-evm-07.00.00.00/linux-devkit/sysroots/i686-arago-linux/usr/bin/../arm-linux-gnueabihf/libc/usr/lib/arm-linux-gnueabihf/4.7.3/libc.a(iofflush.o)
                0x000807ac                _IO_fflush
                0x000807ac                fflush
 .text          0x000808bc       0xd4 /opt/ti-sdk-am335x-evm-07.00.00.00/linux-devkit/sysroots/i686-arago-linux/usr/bin/../arm-linux-gnueabihf/libc/usr/lib/arm-linux-gnueabihf/4.7.3/libc.a(iofopen.o)
                0x000808bc                __fopen_maybe_mmap
                0x000808ec                __fopen_internal
                0x00080988                _IO_new_fopen
                0x00080988                fopen
                0x00080988                _IO_fopen
                0x00080988                __new_fopen
 .text          0x00080990      0x124 /opt/ti-sdk-am335x-evm-07.00.00.00/linux-devkit/sysroots/i686-arago-linux/usr/bin/../arm-linux-gnueabihf/libc/usr/lib/arm-linux-gnueabihf/4.7.3/libc.a(iofputs.o)
                0x00080990                _IO_fputs
                0x00080990                fputs
 .text          0x00080ab4      0x124 /opt/ti-sdk-am335x-evm-07.00.00.00/linux-devkit/sysroots/i686-arago-linux/usr/bin/../arm-linux-gnueabihf/libc/usr/lib/arm-linux-gnueabihf/4.7.3/libc.a(iofread.o)
                0x00080ab4                _IO_fread
                0x00080ab4                fread
 .text          0x00080bd8      0x154 /opt/ti-sdk-am335x-evm-07.00.00.00/linux-devkit/sysroots/i686-arago-linux/usr/bin/../arm-linux-gnueabihf/libc/usr/lib/arm-linux-gnueabihf/4.7.3/libc.a(iofwrite.o)
                0x00080bd8                _IO_fwrite
                0x00080bd8                fwrite
 .text          0x00080d2c      0x15c /opt/ti-sdk-am335x-evm-07.00.00.00/linux-devkit/sysroots/i686-arago-linux/usr/bin/../arm-linux-gnueabihf/libc/usr/lib/arm-linux-gnueabihf/4.7.3/libc.a(ioputs.o)
                0x00080d2c                puts
                0x00080d2c                _IO_puts
 .text          0x00080e88       0x60 /opt/ti-sdk-am335x-evm-07.00.00.00/linux-devkit/sysroots/i686-arago-linux/usr/bin/../arm-linux-gnueabihf/libc/usr/lib/arm-linux-gnueabihf/4.7.3/libc.a(iovsprintf.o)
                0x00080e88                vsprintf
                0x00080e88                _IO_vsprintf
                0x00080e88                __IO_vsprintf
 .text          0x00080ee8       0x48 /opt/ti-sdk-am335x-evm-07.00.00.00/linux-devkit/sysroots/i686-arago-linux/usr/bin/../arm-linux-gnueabihf/libc/usr/lib/arm-linux-gnueabihf/4.7.3/libc.a(iovsscanf.o)
                0x00080ee8                vsscanf
                0x00080ee8                __vsscanf
                0x00080ee8                _IO_vsscanf
 .text          0x00080f30        0x8 /opt/ti-sdk-am335x-evm-07.00.00.00/linux-devkit/sysroots/i686-arago-linux/usr/bin/../arm-linux-gnueabihf/libc/usr/lib/arm-linux-gnueabihf/4.7.3/libc.a(iofopen64.o)
                0x00080f30                _IO_fopen64
                0x00080f30                fopen64
 .text          0x00080f38      0x11c /opt/ti-sdk-am335x-evm-07.00.00.00/linux-devkit/sysroots/i686-arago-linux/usr/bin/../arm-linux-gnueabihf/libc/usr/lib/arm-linux-gnueabihf/4.7.3/libc.a(putchar.o)
                0x00080f38                putchar
 .text          0x00081054       0x28 /opt/ti-sdk-am335x-evm-07.00.00.00/linux-devkit/sysroots/i686-arago-linux/usr/bin/../arm-linux-gnueabihf/libc/usr/lib/arm-linux-gnueabihf/4.7.3/libc.a(fileno.o)
                0x00081054                fileno_unlocked
                0x00081054                fileno
 .text          0x0008107c      0x110 /opt/ti-sdk-am335x-evm-07.00.00.00/linux-devkit/sysroots/i686-arago-linux/usr/bin/../arm-linux-gnueabihf/libc/usr/lib/arm-linux-gnueabihf/4.7.3/libc.a(fputc.o)
                0x0008107c                fputc
 .text          0x0008118c      0x118 /opt/ti-sdk-am335x-evm-07.00.00.00/linux-devkit/sysroots/i686-arago-linux/usr/bin/../arm-linux-gnueabihf/libc/usr/lib/arm-linux-gnueabihf/4.7.3/libc.a(fseek.o)
                0x0008118c                fseek
 .text          0x000812a4      0x108 /opt/ti-sdk-am335x-evm-07.00.00.00/linux-devkit/sysroots/i686-arago-linux/usr/bin/../arm-linux-gnueabihf/libc/usr/lib/arm-linux-gnueabihf/4.7.3/libc.a(getc.o)
                0x000812a4                getc
                0x000812a4                _IO_getc
                0x000812a4                fgetc
 .text          0x000813ac        0x8 /opt/ti-sdk-am335x-evm-07.00.00.00/linux-devkit/sysroots/i686-arago-linux/usr/bin/../arm-linux-gnueabihf/libc/usr/lib/arm-linux-gnueabihf/4.7.3/libc.a(setbuf.o)
                0x000813ac                setbuf
 .text          0x000813b4       0xd4 /opt/ti-sdk-am335x-evm-07.00.00.00/linux-devkit/sysroots/i686-arago-linux/usr/bin/../arm-linux-gnueabihf/libc/usr/lib/arm-linux-gnueabihf/4.7.3/libc.a(vasprintf.o)
                0x000813b4                _IO_vasprintf
                0x000813b4                vasprintf
 .text          0x00081488       0x9c /opt/ti-sdk-am335x-evm-07.00.00.00/linux-devkit/sysroots/i686-arago-linux/usr/bin/../arm-linux-gnueabihf/libc/usr/lib/arm-linux-gnueabihf/4.7.3/libc.a(vsnprintf.o)
                0x000814c4                vsnprintf
                0x000814c4                _IO_vsnprintf
                0x000814c4                __vsnprintf
 .text          0x00081524        0x4 /opt/ti-sdk-am335x-evm-07.00.00.00/linux-devkit/sysroots/i686-arago-linux/usr/bin/../arm-linux-gnueabihf/libc/usr/lib/arm-linux-gnueabihf/4.7.3/libc.a(fcloseall.o)
                0x00081524                __fcloseall
                0x00081524                fcloseall
 .text          0x00081528      0x32c /opt/ti-sdk-am335x-evm-07.00.00.00/linux-devkit/sysroots/i686-arago-linux/usr/bin/../arm-linux-gnueabihf/libc/usr/lib/arm-linux-gnueabihf/4.7.3/libc.a(libc_fatal.o)
                0x00081528                __libc_message
                0x00081840                __libc_fatal
 .text          0x00081854       0x6c /opt/ti-sdk-am335x-evm-07.00.00.00/linux-devkit/sysroots/i686-arago-linux/usr/bin/../arm-linux-gnueabihf/libc/usr/lib/arm-linux-gnueabihf/4.7.3/libc.a(iofgets_u.o)
                0x00081854                fgets_unlocked
 .text          0x000818c0      0xce4 /opt/ti-sdk-am335x-evm-07.00.00.00/linux-devkit/sysroots/i686-arago-linux/usr/bin/../arm-linux-gnueabihf/libc/usr/lib/arm-linux-gnueabihf/4.7.3/libc.a(wfileops.o)
                0x000818c0                _IO_wfile_seekoff
                0x00081c60                _IO_wfile_underflow
                0x00082180                _IO_wdo_write
                0x00082240                _IO_wfile_xsputn
                0x00082324                _IO_wfile_sync
                0x00082400                _IO_wfile_overflow
 .text          0x000825a4     0x15d4 /opt/ti-sdk-am335x-evm-07.00.00.00/linux-devkit/sysroots/i686-arago-linux/usr/bin/../arm-linux-gnueabihf/libc/usr/lib/arm-linux-gnueabihf/4.7.3/libc.a(fileops.o)
                0x00082628                _IO_file_seek
                0x00082770                _IO_file_underflow_maybe_mmap
                0x00082784                _IO_file_close
                0x000827b4                _IO_file_close_mmap
                0x000829ec                _IO_file_xsgetn
                0x00082bac                _IO_file_write
                0x00082bac                _IO_new_file_write
                0x00082c24                _IO_file_stat
                0x00082c30                _IO_file_seekoff
                0x00082c30                _IO_new_file_seekoff
                0x00082f0c                _IO_file_setbuf
                0x00082f0c                _IO_new_file_setbuf
                0x00082f2c                _IO_file_setbuf_mmap
                0x00082f64                _IO_file_seekoff_mmap
                0x00083034                _IO_file_underflow_mmap
                0x0008306c                _IO_new_file_xsputn
                0x0008306c                _IO_file_xsputn
                0x0008317c                _IO_file_read
                0x000831b8                _IO_new_file_init
                0x000831b8                _IO_file_init
                0x000831e0                _IO_file_open
                0x000832b8                _IO_new_file_attach
                0x000832b8                _IO_file_attach
                0x00083330                _IO_new_do_write
                0x00083330                _IO_do_write
                0x0008334c                _IO_file_sync
                0x0008334c                _IO_new_file_sync
                0x000833e4                _IO_file_finish
                0x000833e4                _IO_new_file_finish
                0x0008342c                _IO_new_file_close_it
                0x0008342c                _IO_file_close_it
                0x000834fc                _IO_new_file_fopen
                0x000834fc                _IO_file_fopen
                0x00083868                _IO_file_underflow
                0x00083868                _IO_new_file_underflow
                0x00083a40                _IO_file_overflow
                0x00083a40                _IO_new_file_overflow
 .text          0x00083b78     0x1254 /opt/ti-sdk-am335x-evm-07.00.00.00/linux-devkit/sysroots/i686-arago-linux/usr/bin/../arm-linux-gnueabihf/libc/usr/lib/arm-linux-gnueabihf/4.7.3/libc.a(genops.o)
                0x00083d30                _IO_un_link
                0x00083ef4                _IO_link_in
                0x00084098                _IO_least_marker
                0x000840b0                _IO_switch_to_main_get_area
                0x000840d0                _IO_switch_to_backup_area
                0x000840f0                _IO_switch_to_get_mode
                0x00084138                _IO_free_backup_area
                0x0008416c                __overflow
                0x00084184                __underflow
                0x00084210                __uflow
                0x000842a4                _IO_setb
                0x000842e8                _IO_doallocbuf
                0x00084320                _IO_default_underflow
                0x00084328                _IO_default_uflow
                0x00084344                _IO_default_xsputn
                0x000843b4                _IO_sgetn
                0x000843c0                _IO_default_xsgetn
                0x00084420                _IO_default_setbuf
                0x00084484                _IO_default_seekpos
                0x0008449c                _IO_default_doallocate
                0x000844d4                _IO_old_init
                0x0008450c                _IO_no_init
                0x00084544                _IO_init
                0x0008455c                _IO_default_sync
                0x00084560                _IO_default_finish
                0x000845b0                _IO_default_seekoff
                0x000845bc                _IO_sputbackc
                0x000845f0                _IO_sungetc
                0x00084620                _IO_adjust_column
                0x0008464c                _IO_flush_all_lockp
                0x00084834                _IO_cleanup
                0x00084950                _IO_flush_all
                0x00084958                _IO_flush_all_linebuffered
                0x00084958                _flushlbf
                0x00084b14                _IO_init_marker
                0x00084b44                _IO_remove_marker
                0x00084b68                _IO_marker_difference
                0x00084b70                _IO_marker_delta
                0x00084b90                _IO_seekmark
                0x00084bf0                _IO_unsave_markers
                0x00084c04                _IO_default_pbackfail
                0x00084cd0                _IO_default_seek
                0x00084cdc                _IO_default_stat
                0x00084ce4                _IO_default_read
                0x00084cec                _IO_default_write
                0x00084cf0                _IO_default_showmanyc
                0x00084cf8                _IO_default_imbue
                0x00084cfc                _IO_iter_begin
                0x00084d08                _IO_iter_end
                0x00084d0c                _IO_iter_next
                0x00084d10                _IO_iter_file
                0x00084d14                _IO_list_lock
                0x00084d60                _IO_list_unlock
                0x00084db8                _IO_list_resetlock
 .text          0x00084dcc        0x0 /opt/ti-sdk-am335x-evm-07.00.00.00/linux-devkit/sysroots/i686-arago-linux/usr/bin/../arm-linux-gnueabihf/libc/usr/lib/arm-linux-gnueabihf/4.7.3/libc.a(stdfiles.o)
 .text          0x00084dcc        0x0 /opt/ti-sdk-am335x-evm-07.00.00.00/linux-devkit/sysroots/i686-arago-linux/usr/bin/../arm-linux-gnueabihf/libc/usr/lib/arm-linux-gnueabihf/4.7.3/libc.a(stdio.o)
 .text          0x00084dcc      0x44c /opt/ti-sdk-am335x-evm-07.00.00.00/linux-devkit/sysroots/i686-arago-linux/usr/bin/../arm-linux-gnueabihf/libc/usr/lib/arm-linux-gnueabihf/4.7.3/libc.a(strops.o)
                0x00084dcc                _IO_str_underflow
                0x00084e04                _IO_str_finish
                0x00084e28                _IO_str_pbackfail
                0x00084e48                _IO_str_overflow
                0x0008504c                _IO_str_seekoff
                0x0008519c                _IO_str_init_static_internal
                0x000851e4                _IO_str_init_static
                0x000851ec                _IO_str_init_readonly
                0x00085204                _IO_str_count
 .text          0x00085218     0x4e80 /opt/ti-sdk-am335x-evm-07.00.00.00/linux-devkit/sysroots/i686-arago-linux/usr/bin/../arm-linux-gnueabihf/libc/usr/lib/arm-linux-gnueabihf/4.7.3/libc.a(malloc.o)
                0x00088358                __malloc_check_init
                0x00088768                malloc_set_state
                0x00088768                __malloc_set_state
                0x00088aec                malloc
                0x00088aec                __malloc
                0x00088aec                __libc_malloc
                0x00088e28                malloc_get_state
                0x00088e28                __malloc_get_state
                0x00088f90                __cfree
                0x00088f90                __free
                0x00088f90                __libc_free
                0x00088f90                cfree
                0x00088f90                free
                0x00089000                __libc_realloc
                0x00089000                realloc
                0x00089000                __realloc
                0x00089218                __libc_memalign
                0x00089218                __memalign
                0x00089218                memalign
                0x000894ac                __libc_valloc
                0x000894ac                valloc
                0x000894ac                __valloc
                0x000896b4                pvalloc
                0x000896b4                __libc_pvalloc
                0x000896b4                __pvalloc
                0x000898cc                __calloc
                0x000898cc                calloc
                0x000898cc                __libc_calloc
                0x00089bf0                __malloc_trim
                0x00089bf0                malloc_trim
                0x00089dd4                malloc_usable_size
                0x00089dd4                __malloc_usable_size
                0x00089dfc                malloc_stats
                0x00089dfc                __malloc_stats
                0x00089f44                __mallinfo
                0x00089f44                __libc_mallinfo
                0x00089f44                mallinfo
                0x00089fcc                __libc_mallopt
                0x00089fcc                mallopt
                0x00089fcc                __mallopt
                0x00089fd0                __posix_memalign
                0x00089fd0                posix_memalign
                0x0008a018                malloc_info
 .text          0x0008a098       0x10 /opt/ti-sdk-am335x-evm-07.00.00.00/linux-devkit/sysroots/i686-arago-linux/usr/bin/../arm-linux-gnueabihf/libc/usr/lib/arm-linux-gnueabihf/4.7.3/libc.a(morecore.o)
                0x0008a098                __default_morecore
 *fill*         0x0008a0a8        0x8 
 .text          0x0008a0b0       0x20 /opt/ti-sdk-am335x-evm-07.00.00.00/linux-devkit/sysroots/i686-arago-linux/usr/bin/../arm-linux-gnueabihf/libc/usr/lib/arm-linux-gnueabihf/4.7.3/libc.a(strchr.o)
                0x0008a0b0                index
                0x0008a0b0                strchr
 .text          0x0008a0d0       0x18 /opt/ti-sdk-am335x-evm-07.00.00.00/linux-devkit/sysroots/i686-arago-linux/usr/bin/../arm-linux-gnueabihf/libc/usr/lib/arm-linux-gnueabihf/4.7.3/libc.a(strcmp.o)
                0x0008a0d0                strcmp
 .text          0x0008a0e8       0x10 /opt/ti-sdk-am335x-evm-07.00.00.00/linux-devkit/sysroots/i686-arago-linux/usr/bin/../arm-linux-gnueabihf/libc/usr/lib/arm-linux-gnueabihf/4.7.3/libc.a(strcpy.o)
                0x0008a0e8                strcpy
 .text          0x0008a0f8       0x20 /opt/ti-sdk-am335x-evm-07.00.00.00/linux-devkit/sysroots/i686-arago-linux/usr/bin/../arm-linux-gnueabihf/libc/usr/lib/arm-linux-gnueabihf/4.7.3/libc.a(strdup.o)
                0x0008a0f8                __strdup
                0x0008a0f8                strdup
 .text          0x0008a118       0x6c /opt/ti-sdk-am335x-evm-07.00.00.00/linux-devkit/sysroots/i686-arago-linux/usr/bin/../arm-linux-gnueabihf/libc/usr/lib/arm-linux-gnueabihf/4.7.3/libc.a(strerror.o)
                0x0008a118                strerror
 .text          0x0008a184       0xe8 /opt/ti-sdk-am335x-evm-07.00.00.00/linux-devkit/sysroots/i686-arago-linux/usr/bin/../arm-linux-gnueabihf/libc/usr/lib/arm-linux-gnueabihf/4.7.3/libc.a(_strerror.o)
                0x0008a184                __strerror_r
                0x0008a184                strerror_r
 *fill*         0x0008a26c        0x4 
 .text          0x0008a270       0x60 /opt/ti-sdk-am335x-evm-07.00.00.00/linux-devkit/sysroots/i686-arago-linux/usr/bin/../arm-linux-gnueabihf/libc/usr/lib/arm-linux-gnueabihf/4.7.3/libc.a(strlen.o)
                0x0008a270                strlen
 .text          0x0008a2d0       0x74 /opt/ti-sdk-am335x-evm-07.00.00.00/linux-devkit/sysroots/i686-arago-linux/usr/bin/../arm-linux-gnueabihf/libc/usr/lib/arm-linux-gnueabihf/4.7.3/libc.a(strncat.o)
                0x0008a2d0                strncat