Archive member included because of file (symbol)

/opt/ti-sdk-am335x-evm-07.00.00.00/linux-devkit/sysroots/i686-arago-linux/usr/bin/../arm-linux-gnueabihf/libc/usr/lib/arm-linux-gnueabihf/4.7.3/libpthread.a(ptw-close.o)
                              release/main.o (close)
/opt/ti-sdk-am335x-evm-07.00.00.00/linux-devkit/sysroots/i686-arago-linux/usr/bin/../arm-linux-gnueabihf/libc/usr/lib/arm-linux-gnueabihf/4.7.3/libpthread.a(ptw-fcntl.o)
                              release/dt78xx_misc.o (fcntl)
/opt/ti-sdk-am335x-evm-07.00.00.00/linux-devkit/sysroots/i686-arago-linux/usr/bin/../arm-linux-gnueabihf/libc/usr/lib/arm-linux-gnueabihf/4.7.3/libpthread.a(ptw-open.o)
                              release/recorder_helpers.o (open)
/opt/ti-sdk-am335x-evm-07.00.00.00/linux-devkit/sysroots/i686-arago-linux/usr/bin/../arm-linux-gnueabihf/libc/usr/lib/arm-linux-gnueabihf/4.7.3/libpthread.a(sigaction.o)
                              release/dt78xx_misc.o (sigaction)
/opt/ti-sdk-am335x-evm-07.00.00.00/linux-devkit/sysroots/i686-arago-linux/usr/bin/../arm-linux-gnueabihf/libc/usr/lib/arm-linux-gnueabihf/4.7.3/libpthread.a(errno-loc.o)
                              release/recorder_helpers.o (__errno_location)
/opt/ti-sdk-am335x-evm-07.00.00.00/linux-devkit/sysroots/i686-arago-linux/usr/bin/../arm-linux-gnueabihf/libc/usr/lib/arm-linux-gnueabihf/4.7.3/libpthread.a(vars.o)
                              /opt/ti-sdk-am335x-evm-07.00.00.00/linux-devkit/sysroots/i686-arago-linux/usr/bin/../arm-linux-gnueabihf/libc/usr/lib/arm-linux-gnueabihf/4.7.3/libpthread.a(ptw-close.o) (__pthread_multiple_threads)
/opt/ti-sdk-am335x-evm-07.00.00.00/linux-devkit/sysroots/i686-arago-linux/usr/bin/../arm-linux-gnueabihf/libc/usr/lib/arm-linux-gnueabihf/4.7.3/libpthread.a(cancellation.o)
                              /opt/ti-sdk-am335x-evm-07.00.00.00/linux-devkit/sysroots/i686-arago-linux/usr/bin/../arm-linux-gnueabihf/libc/usr/lib/arm-linux-gnueabihf/4.7.3/libpthread.a(ptw-close.o) (__pthread_enable_asynccancel)
/opt/ti-sdk-am335x-evm-07.00.00.00/linux-devkit/sysroots/i686-arago-linux/usr/bin/../arm-linux-gnueabihf/libc/usr/lib/arm-linux-gnueabihf/4.7.3/libpthread.a(unwind.o)
                              /opt/ti-sdk-am335x-evm-07.00.00.00/linux-devkit/sysroots/i686-arago-linux/usr/bin/../arm-linux-gnueabihf/libc/usr/lib/arm-linux-gnueabihf/4.7.3/libpthread.a(cancellation.o) (__pthread_unwind)
example-applications/libsndfile-1.0.28/src/.libs/libsndfile.a(libsndfile_la-sndfile.o)
                              release/recorder_helpers.o (sf_close)
example-applications/libsndfile-1.0.28/src/.libs/libsndfile.a(libsndfile_la-aiff.o)
                              example-applications/libsndfile-1.0.28/src/.libs/libsndfile.a(libsndfile_la-sndfile.o) (aiff_open)
example-applications/libsndfile-1.0.28/src/.libs/libsndfile.a(libsndfile_la-au.o)
                              example-applications/libsndfile-1.0.28/src/.libs/libsndfile.a(libsndfile_la-sndfile.o) (au_open)
example-applications/libsndfile-1.0.28/src/.libs/libsndfile.a(libsndfile_la-avr.o)
                              example-applications/libsndfile-1.0.28/src/.libs/libsndfile.a(libsndfile_la-sndfile.o) (avr_open)
example-applications/libsndfile-1.0.28/src/.libs/libsndfile.a(libsndfile_la-caf.o)
                              example-applications/libsndfile-1.0.28/src/.libs/libsndfile.a(libsndfile_la-sndfile.o) (caf_open)
example-applications/libsndfile-1.0.28/src/.libs/libsndfile.a(libsndfile_la-dwd.o)
                              example-applications/libsndfile-1.0.28/src/.libs/libsndfile.a(libsndfile_la-sndfile.o) (dwd_open)
example-applications/libsndfile-1.0.28/src/.libs/libsndfile.a(libsndfile_la-flac.o)
                              example-applications/libsndfile-1.0.28/src/.libs/libsndfile.a(libsndfile_la-sndfile.o) (flac_open)
example-applications/libsndfile-1.0.28/src/.libs/libsndfile.a(libsndfile_la-g72x.o)
                              example-applications/libsndfile-1.0.28/src/.libs/libsndfile.a(libsndfile_la-au.o) (g72x_init)
example-applications/libsndfile-1.0.28/src/.libs/libsndfile.a(libsndfile_la-htk.o)
                              example-applications/libsndfile-1.0.28/src/.libs/libsndfile.a(libsndfile_la-sndfile.o) (htk_open)
example-applications/libsndfile-1.0.28/src/.libs/libsndfile.a(libsndfile_la-ircam.o)
                              example-applications/libsndfile-1.0.28/src/.libs/libsndfile.a(libsndfile_la-sndfile.o) (ircam_open)
example-applications/libsndfile-1.0.28/src/.libs/libsndfile.a(libsndfile_la-mat4.o)
                              example-applications/libsndfile-1.0.28/src/.libs/libsndfile.a(libsndfile_la-sndfile.o) (mat4_open)
example-applications/libsndfile-1.0.28/src/.libs/libsndfile.a(libsndfile_la-mat5.o)
                              example-applications/libsndfile-1.0.28/src/.libs/libsndfile.a(libsndfile_la-sndfile.o) (mat5_open)
example-applications/libsndfile-1.0.28/src/.libs/libsndfile.a(libsndfile_la-nist.o)
[...]
Memory Configuration

Name             Origin             Length             Attributes
*default*        0x00000000         0xffffffff

Linker script and memory map

LOAD /opt/ti-sdk-am335x-evm-07.00.00.00/linux-devkit/sysroots/i686-arago-linux/usr/bin/../arm-linux-gnueabihf/libc/usr/lib/arm-linux-gnueabihf/4.7.3/crt1.o
LOAD /opt/ti-sdk-am335x-evm-07.00.00.00/linux-devkit/sysroots/i686-arago-linux/usr/bin/../arm-linux-gnueabihf/libc/usr/lib/arm-linux-gnueabihf/4.7.3/crti.o
LOAD /opt/ti-sdk-am335x-evm-07.00.00.00/linux-devkit/sysroots/i686-arago-linux/usr/bin/../lib/gcc/arm-linux-gnueabihf/4.7.3/crtbeginT.o
LOAD release/main.o
LOAD release/recorder_helpers.o
LOAD release/dt78xx_aio.o
LOAD release/dt78xx_misc.o
LOAD release/sunriset/sunriset.o
LOAD /opt/ti-sdk-am335x-evm-07.00.00.00/linux-devkit/sysroots/i686-arago-linux/usr/bin/../arm-linux-gnueabihf/libc/usr/lib/arm-linux-gnueabihf/4.7.3/libpthread.a
LOAD example-applications/libsndfile-1.0.28/src/.libs/libsndfile.a
LOAD /opt/ti-sdk-am335x-evm-07.00.00.00/linux-devkit/sysroots/i686-arago-linux/usr/bin/../arm-linux-gnueabihf/libc/usr/lib/arm-linux-gnueabihf/4.7.3/libm.a
START GROUP
LOAD /opt/ti-sdk-am335x-evm-07.00.00.00/linux-devkit/sysroots/i686-arago-linux/usr/bin/../lib/gcc/arm-linux-gnueabihf/4.7.3/libgcc.a
LOAD /opt/ti-sdk-am335x-evm-07.00.00.00/linux-devkit/sysroots/i686-arago-linux/usr/bin/../lib/gcc/arm-linux-gnueabihf/4.7.3/libgcc_eh.a
LOAD /opt/ti-sdk-am335x-evm-07.00.00.00/linux-devkit/sysroots/i686-arago-linux/usr/bin/../arm-linux-gnueabihf/libc/usr/lib/arm-linux-gnueabihf/4.7.3/libc.a
END GROUP
LOAD /opt/ti-sdk-am335x-evm-07.00.00.00/linux-devkit/sysroots/i686-arago-linux/usr/bin/../lib/gcc/arm-linux-gnueabihf/4.7.3/crtend.o
LOAD /opt/ti-sdk-am335x-evm-07.00.00.00/linux-devkit/sysroots/i686-arago-linux/usr/bin/../arm-linux-gnueabihf/libc/usr/lib/arm-linux-gnueabihf/4.7.3/crtn.o
                0x00008000                PROVIDE (__executable_start, 0x8000)
                0x000080f4                . = (0x8000 + SIZEOF_HEADERS)

.interp
 *(.interp)

.note.ABI-tag   0x000080f4       0x20
 .note.ABI-tag  0x000080f4       0x20 /opt/ti-sdk-am335x-evm-07.00.00.00/linux-devkit/sysroots/i686-arago-linux/usr/bin/../arm-linux-gnueabihf/libc/usr/lib/arm-linux-gnueabihf/4.7.3/crt1.o

.note.gnu.build-id
                0x00008114       0x24
 *(.note.gnu.build-id)
 .note.gnu.build-id
                0x00008114       0x24 linker stubs

.hash
 *(.hash)

.gnu.hash
 *(.gnu.hash)

.dynsym
 *(.dynsym)

.dynstr
 *(.dynstr)

.gnu.version
 *(.gnu.version)

.gnu.version_d
 *(.gnu.version_d)

.gnu.version_r
 *(.gnu.version_r)

.rel.dyn        0x00008138        0x0
 *(.rel.init)
 *(.rel.text .rel.text.* .rel.gnu.linkonce.t.*)
 *(.rel.fini)
 *(.rel.rodata .rel.rodata.* .rel.gnu.linkonce.r.*)
 *(.rel.data.rel.ro .rel.data.rel.ro.* .rel.gnu.linkonce.d.rel.ro.*)
 *(.rel.data .rel.data.* .rel.gnu.linkonce.d.*)
 *(.rel.tdata .rel.tdata.* .rel.gnu.linkonce.td.*)
 *(.rel.tbss .rel.tbss.* .rel.gnu.linkonce.tb.*)
 *(.rel.ctors)
 *(.rel.dtors)
 *(.rel.got)
 .rel.got       0x00000000        0x0 /opt/ti-sdk-am335x-evm-07.00.00.00/linux-devkit/sysroots/i686-arago-linux/usr/bin/../arm-linux-gnueabihf/libc/usr/lib/arm-linux-gnueabihf/4.7.3/crt1.o
 *(.rel.bss .rel.bss.* .rel.gnu.linkonce.b.*)
                0x00008138                PROVIDE (__rel_iplt_start, .)
 *(.rel.iplt)
 .rel.iplt      0x00000000        0x0 /opt/ti-sdk-am335x-evm-07.00.00.00/linux-devkit/sysroots/i686-arago-linux/usr/bin/../arm-linux-gnueabihf/libc/usr/lib/arm-linux-gnueabihf/4.7.3/crt1.o
                0x00008138                PROVIDE (__rel_iplt_end, .)
                0x00008138                PROVIDE (__rela_iplt_start, .)
                0x00008138                PROVIDE (__rela_iplt_end, .)

.rela.dyn       0x00008138        0x0
 *(.rela.init)
 *(.rela.text .rela.text.* .rela.gnu.linkonce.t.*)
 *(.rela.fini)
 *(.rela.rodata .rela.rodata.* .rela.gnu.linkonce.r.*)
 *(.rela.data .rela.data.* .rela.gnu.linkonce.d.*)
 *(.rela.tdata .rela.tdata.* .rela.gnu.linkonce.td.*)
 *(.rela.tbss .rela.tbss.* .rela.gnu.linkonce.tb.*)
 *(.rela.ctors)
 *(.rela.dtors)
 *(.rela.got)
 *(.rela.bss .rela.bss.* .rela.gnu.linkonce.b.*)
                0x00008138                PROVIDE (__rel_iplt_start, .)
                0x00008138                PROVIDE (__rel_iplt_end, .)
                0x00008138                PROVIDE (__rela_iplt_start, .)
 *(.rela.iplt)
                0x00008138                PROVIDE (__rela_iplt_end, .)

.rel.plt
 *(.rel.plt)

.rela.plt
 *(.rela.plt)

.init           0x00008138        0xa
 *(SORT(.init))
 .init          0x00008138        0x8 /opt/ti-sdk-am335x-evm-07.00.00.00/linux-devkit/sysroots/i686-arago-linux/usr/bin/../arm-linux-gnueabihf/libc/usr/lib/arm-linux-gnueabihf/4.7.3/crti.o
                0x00008138                _init
 .init          0x00008140        0x2 /opt/ti-sdk-am335x-evm-07.00.00.00/linux-devkit/sysroots/i686-arago-linux/usr/bin/../arm-linux-gnueabihf/libc/usr/lib/arm-linux-gnueabihf/4.7.3/crtn.o

.plt
 *(.plt)

.iplt           0x00008144        0x0
 *(.iplt)
 .iplt          0x00000000        0x0 /opt/ti-sdk-am335x-evm-07.00.00.00/linux-devkit/sysroots/i686-arago-linux/usr/bin/../arm-linux-gnueabihf/libc/usr/lib/arm-linux-gnueabihf/4.7.3/crt1.o

.text           0x00008150    0xb3eb0
 *(.text.unlikely .text.*_unlikely)
 .text.unlikely
                0x00008150       0x74 example-applications/libsndfile-1.0.28/src/.libs/libsndfile.a(libsndfile_la-sd2.o)
 .text.unlikely
                0x000081c4       0x68 /opt/ti-sdk-am335x-evm-07.00.00.00/linux-devkit/sysroots/i686-arago-linux/usr/bin/../arm-linux-gnueabihf/libc/usr/lib/arm-linux-gnueabihf/4.7.3/libc.a(findlocale.o)
 .text.unlikely
                0x0000822c      0x204 /opt/ti-sdk-am335x-evm-07.00.00.00/linux-devkit/sysroots/i686-arago-linux/usr/bin/../arm-linux-gnueabihf/libc/usr/lib/arm-linux-gnueabihf/4.7.3/libc.a(vfprintf.o)
 .text.unlikely
                0x00008430      0x164 /opt/ti-sdk-am335x-evm-07.00.00.00/linux-devkit/sysroots/i686-arago-linux/usr/bin/../arm-linux-gnueabihf/libc/usr/lib/arm-linux-gnueabihf/4.7.3/libc.a(printf_fp.o)
 .text.unlikely
                0x00008594      0x174 /opt/ti-sdk-am335x-evm-07.00.00.00/linux-devkit/sysroots/i686-arago-linux/usr/bin/../arm-linux-gnueabihf/libc/usr/lib/arm-linux-gnueabihf/4.7.3/libc.a(vfwprintf.o)
 .text.unlikely
                0x00008708      0x1c0 /opt/ti-sdk-am335x-evm-07.00.00.00/linux-devkit/sysroots/i686-arago-linux/usr/bin/../arm-linux-gnueabihf/libc/usr/lib/arm-linux-gnueabihf/4.7.3/libc.a(dl-load.o)
 *(.text.exit .text.exit.*)
 .text.exit     0x000088c8        0xc /opt/ti-sdk-am335x-evm-07.00.00.00/linux-devkit/sysroots/i686-arago-linux/usr/bin/../arm-linux-gnueabihf/libc/usr/lib/arm-linux-gnueabihf/4.7.3/libc.a(sdlerror.o)
 *(.text.startup .text.startup.*)
 .text.startup  0x000088d4      0x6a4 release/main.o
                0x000088d4                main
 *(.text.hot .text.hot.*)
 *(.text .stub .text.* .gnu.linkonce.t.*)
 .text          0x00008f78       0x38 /opt/ti-sdk-am335x-evm-07.00.00.00/linux-devkit/sysroots/i686-arago-linux/usr/bin/../arm-linux-gnueabihf/libc/usr/lib/arm-linux-gnueabihf/4.7.3/crt1.o
                0x00008f78                _start
 .text          0x00008fb0       0x18 /opt/ti-sdk-am335x-evm-07.00.00.00/linux-devkit/sysroots/i686-arago-linux/usr/bin/../arm-linux-gnueabihf/libc/usr/lib/arm-linux-gnueabihf/4.7.3/crti.o
 .text          0x00008fc8       0xb0 /opt/ti-sdk-am335x-evm-07.00.00.00/linux-devkit/sysroots/i686-arago-linux/usr/bin/../lib/gcc/arm-linux-gnueabihf/4.7.3/crtbeginT.o
 .text          0x00009078       0x14 release/main.o
 *fill*         0x0000908c        0x4 
 .text          0x00009090     0x11a8 release/recorder_helpers.o
                0x0000915c                isInStreamEmpty
                0x00009284                isInAIODone
                0x000094e4                getPresentTime
                0x0000950c                setupAIO
                0x00009e88                calcSunUpDown
                0x0000a0a4                armStartStream
                0x0000a164                stopStream
                0x0000a180                closeFile
 .text          0x0000a238      0x9d8 release/dt78xx_aio.o
                0x0000a238                aio_wait
                0x0000a440                aio_start
                0x0000a4e0                aio_stop
                0x0000a5c8                aio_buff_free
                0x0000a664                aio_buff_alloc
                0x0000a974                aio_create
                0x0000aa34                aio_destroy
                0x0000aae8                aio_buff_size
 .text          0x0000ac10      0x228 release/dt78xx_misc.o
                0x0000ac10                sigaction_register
                0x0000ac6c                file_sigaction_register
                0x0000ad48                kbhit
                0x0000adf8                kbfini
 .text          0x0000ae38      0x850 release/sunriset/sunriset.o
                0x0000ae38                sunpos
                0x0000afb0                __daylen__
                0x0000b190                day_astronomical_twilight_length
                0x0000b19c                day_nautical_twilight_length
                0x0000b1a8                day_civil_twilight_length
                0x0000b1b4                day_length
                0x0000b1c8                sun_RA_dec
                0x0000b2c8                __sunriset__
                0x0000b500                astronomical_twilight
                0x0000b528                nautical_twilight
                0x0000b550                civil_twilight
                0x0000b578                sun_rise_set
                0x0000b5a8                revolution
                0x0000b5e8                rev180
                0x0000b630                GMST0
 *fill*         0x0000b688        0x8 
 .text          0x0000b690       0xb0 /opt/ti-sdk-am335x-evm-07.00.00.00/linux-devkit/sysroots/i686-arago-linux/usr/bin/../arm-linux-gnueabihf/libc/usr/lib/arm-linux-gnueabihf/4.7.3/libpthread.a(ptw-close.o)
                0x0000b694                __close_nocancel
                0x0000b6b0                __libc_close
                0x0000b6b0                __close
                0x0000b6b0                close
 .text          0x0000b740       0xe0 /opt/ti-sdk-am335x-evm-07.00.00.00/linux-devkit/sysroots/i686-arago-linux/usr/bin/../arm-linux-gnueabihf/libc/usr/lib/arm-linux-gnueabihf/4.7.3/libpthread.a(ptw-fcntl.o)
                0x0000b740                __fcntl_nocancel
                0x0000b784                __libc_fcntl
                0x0000b784                __fcntl
                0x0000b784                fcntl
 .text          0x0000b820       0xb0 /opt/ti-sdk-am335x-evm-07.00.00.00/linux-devkit/sysroots/i686-arago-linux/usr/bin/../arm-linux-gnueabihf/libc/usr/lib/arm-linux-gnueabihf/4.7.3/libpthread.a(ptw-open.o)
                0x0000b824                __open_nocancel
                0x0000b840                __open
                0x0000b840                __libc_open
                0x0000b840                open
 .text          0x0000b8d0       0xd4 /opt/ti-sdk-am335x-evm-07.00.00.00/linux-devkit/sysroots/i686-arago-linux/usr/bin/../arm-linux-gnueabihf/libc/usr/lib/arm-linux-gnueabihf/4.7.3/libpthread.a(sigaction.o)
                0x0000b8d0                __libc_sigaction
                0x0000b980                sigaction
                0x0000b980                __sigaction
 .text          0x0000b9a4       0x14 /opt/ti-sdk-am335x-evm-07.00.00.00/linux-devkit/sysroots/i686-arago-linux/usr/bin/../arm-linux-gnueabihf/libc/usr/lib/arm-linux-gnueabihf/4.7.3/libpthread.a(errno-loc.o)
                0x0000b9a4                __errno_location
 .text          0x0000b9b8        0x0 /opt/ti-sdk-am335x-evm-07.00.00.00/linux-devkit/sysroots/i686-arago-linux/usr/bin/../arm-linux-gnueabihf/libc/usr/lib/arm-linux-gnueabihf/4.7.3/libpthread.a(vars.o)
 .text          0x0000b9b8       0xe4 /opt/ti-sdk-am335x-evm-07.00.00.00/linux-devkit/sysroots/i686-arago-linux/usr/bin/../arm-linux-gnueabihf/libc/usr/lib/arm-linux-gnueabihf/4.7.3/libpthread.a(cancellation.o)
                0x0000b9b8                __pthread_enable_asynccancel
                0x0000ba38                __pthread_disable_asynccancel
 .text          0x0000ba9c       0xf8 /opt/ti-sdk-am335x-evm-07.00.00.00/linux-devkit/sysroots/i686-arago-linux/usr/bin/../arm-linux-gnueabihf/libc/usr/lib/arm-linux-gnueabihf/4.7.3/libpthread.a(unwind.o)
                0x0000bb54                __pthread_unwind
                0x0000bb88                __pthread_unwind_next
 *fill*         0x0000bb94        0x4 
 .text          0x0000bb98     0x7270 example-applications/libsndfile-1.0.28/src/.libs/libsndfile.a(libsndfile_la-sndfile.o)
                0x0000c34c                sf_close
                0x0000c3e0                sf_write_sync
                0x0000c3ec                sf_error_number
                0x0000c468                sf_strerror
                0x0000c554                sf_error
                0x0000c5c8                sf_perror
                0x0000c6cc                sf_error_str
                0x0000c7dc                sf_format_check
                0x0000cf98                sf_version_string
                0x0000cfa4                sf_seek
                0x0000d370                sf_command
                0x0000e71c                sf_get_string
                0x0000e748                sf_set_string
                0x0000e7ec                sf_current_byterate
                0x0000e9a4                sf_read_raw
                0x0000ec20                sf_read_short
                0x0000eecc                sf_readf_short
                0x0000f18c                sf_read_int
                0x0000f440                sf_readf_int
                0x0000f708                sf_read_float
                0x0000f9bc                sf_readf_float
                0x0000fc84                sf_read_double
                0x0000ff38                sf_readf_double
                0x00010200                sf_write_raw
                0x00010478                sf_write_short
                0x000106f4                sf_writef_short
                0x00010970                sf_write_int
                0x00010bec                sf_writef_int
                0x00010e68                sf_write_float
                0x000110e4                sf_writef_float
                0x00011360                sf_write_double
                0x000115dc                sf_writef_double
                0x00011858                psf_open_file
                0x00012700                sf_open_virtual
                0x0001285c                sf_open_fd
                0x00012924                sf_open
                0x00012a18                sf_set_chunk
                0x00012ae8                sf_get_chunk_iterator
                0x00012b88                sf_next_chunk_iterator
                0x00012c48                sf_get_chunk_size
                0x00012d20                sf_get_chunk_data
 .text          0x00012e08     0x4520 example-applications/libsndfile-1.0.28/src/.libs/libsndfile.a(libsndfile_la-aiff.o)
                0x00016d94                aiff_open
 .text          0x00017328      0xb38 example-applications/libsndfile-1.0.28/src/.libs/libsndfile.a(libsndfile_la-au.o)
                0x000175e4                au_open
 .text          0x00017e60      0x708 example-applications/libsndfile-1.0.28/src/.libs/libsndfile.a(libsndfile_la-avr.o)
                0x000180f8                avr_open
 .text          0x00018568     0x23d0 example-applications/libsndfile-1.0.28/src/.libs/libsndfile.a(libsndfile_la-caf.o)
                0x0001a62c                caf_open
 .text          0x0001a938       0x10 example-applications/libsndfile-1.0.28/src/.libs/libsndfile.a(libsndfile_la-dwd.o)
                0x0001a938                dwd_open
 .text          0x0001a948       0x18 example-applications/libsndfile-1.0.28/src/.libs/libsndfile.a(libsndfile_la-flac.o)
                0x0001a948                flac_open
 .text          0x0001a960     0x16a8 example-applications/libsndfile-1.0.28/src/.libs/libsndfile.a(libsndfile_la-g72x.o)
                0x0001bb98                g72x_init
 .text          0x0001c008      0x400 example-applications/libsndfile-1.0.28/src/.libs/libsndfile.a(libsndfile_la-htk.o)
                0x0001c164                htk_open
 .text          0x0001c408      0x728 example-applications/libsndfile-1.0.28/src/.libs/libsndfile.a(libsndfile_la-ircam.o)
                0x0001c5ec                ircam_open
 .text          0x0001cb30      0xa98 example-applications/libsndfile-1.0.28/src/.libs/libsndfile.a(libsndfile_la-mat4.o)
                0x0001d458                mat4_open
 .text          0x0001d5c8      0xed8 example-applications/libsndfile-1.0.28/src/.libs/libsndfile.a(libsndfile_la-mat5.o)
                0x0001e330                mat5_open
 .text          0x0001e4a0      0xa68 example-applications/libsndfile-1.0.28/src/.libs/libsndfile.a(libsndfile_la-nist.o)
                0x0001ed6c                nist_open
 .text          0x0001ef08     0x1d18 example-applications/libsndfile-1.0.28/src/.libs/libsndfile.a(libsndfile_la-paf.o)
                0x0002045c                paf_open
 .text          0x00020c20      0x470 example-applications/libsndfile-1.0.28/src/.libs/libsndfile.a(libsndfile_la-pvf.o)
                0x00020d78                pvf_open
 .text          0x00021090      0x1ec example-applications/libsndfile-1.0.28/src/.libs/libsndfile.a(libsndfile_la-raw.o)
                0x00021090                raw_open
 .text          0x0002127c       0x10 example-applications/libsndfile-1.0.28/src/.libs/libsndfile.a(libsndfile_la-rx2.o)
                0x0002127c                rx2_open
 *fill*         0x0002128c        0x4 
 .text          0x00021290     0x1198 example-applications/libsndfile-1.0.28/src/.libs/libsndfile.a(libsndfile_la-sd2.o)
                0x00021950                sd2_open
 .text          0x00022428     0x2540 example-applications/libsndfile-1.0.28/src/.libs/libsndfile.a(libsndfile_la-sds.o)
                0x00024298                sds_open
 .text          0x00024968      0xc28 example-applications/libsndfile-1.0.28/src/.libs/libsndfile.a(libsndfile_la-svx.o)
                0x00024c94                svx_open
 .text          0x00025590       0x10 example-applications/libsndfile-1.0.28/src/.libs/libsndfile.a(libsndfile_la-txw.o)
                0x00025590                txw_open
 .text          0x000255a0      0xf80 example-applications/libsndfile-1.0.28/src/.libs/libsndfile.a(libsndfile_la-voc.o)
                0x00026398                voc_open
 .text          0x00026520      0x4b0 example-applications/libsndfile-1.0.28/src/.libs/libsndfile.a(libsndfile_la-wve.o)
                0x00026710                wve_open
 .text          0x000269d0     0x10e8 example-applications/libsndfile-1.0.28/src/.libs/libsndfile.a(libsndfile_la-w64.o)
                0x00026ff8                w64_open
 .text          0x00027ab8     0x2b10 example-applications/libsndfile-1.0.28/src/.libs/libsndfile.a(libsndfile_la-wavlike.o)
                0x00027ab8                wavlike_read_fmt_chunk
                0x00028878                wavlike_write_guid
                0x000288b4                wavlike_gen_channel_mask
                0x00028968                wavlike_analyze
                0x00028b4c                wavlike_format_str
                0x00028bd0                wavlike_srate2blocksize
                0x00028c0c                wavlike_read_bext_chunk
                0x00028dd4                wavlike_write_bext_chunk
                0x00028f00                wavlike_read_cart_chunk
                0x00029234                wavlike_write_cart_chunk
                0x00029500                wavlike_subchunk_parse
                0x0002a080                wavlike_write_strings
                0x0002a2fc                wavlike_read_peak_chunk
                0x0002a498                wavlike_write_peak_chunk
                0x0002a558                wavlike_write_custom_chunks
 .text          0x0002a5c8     0x2ed0 example-applications/libsndfile-1.0.28/src/.libs/libsndfile.a(libsndfile_la-wav.o)
                0x0002bebc                wav_open
 .text          0x0002d498     0x23d0 example-applications/libsndfile-1.0.28/src/.libs/libsndfile.a(libsndfile_la-xi.o)
                0x0002ed90                xi_open
 .text          0x0002f868      0x590 example-applications/libsndfile-1.0.28/src/.libs/libsndfile.a(libsndfile_la-mpc2k.o)
                0x0002faf4                mpc2k_open
 .text          0x0002fdf8     0x1910 example-applications/libsndfile-1.0.28/src/.libs/libsndfile.a(libsndfile_la-rf64.o)
                0x00030984                rf64_open
 .text          0x00031708     0x23a0 example-applications/libsndfile-1.0.28/src/.libs/libsndfile.a(g72x.o)
                0x00031708                private_init_state
                0x00031808                g72x_reader_init
                0x000318f8                g72x_writer_init
                0x000319e8                g72x_decode_block
                0x00031a90                g72x_encode_block
                0x00031b20                predictor_zero
                0x00032874                predictor_pole
                0x00032c80                step_size
                0x00032ccc                quantize
                0x00032ec4                reconstruct
                0x00032f1c                update
 .text          0x00033aa8     0x2420 example-applications/libsndfile-1.0.28/src/.libs/libsndfile.a(alac.o)
                0x00035bec                alac_init
                0x00035e6c                alac_get_desc_chunk_items
 .text          0x00035ec8      0xc78 example-applications/libsndfile-1.0.28/src/.libs/libsndfile.a(alaw.o)
                0x000369d0                alaw_init
 .text          0x00036b40      0x148 example-applications/libsndfile-1.0.28/src/.libs/libsndfile.a(audio_detect.o)
                0x00036b40                audio_detect
 .text          0x00036c88      0x2d8 example-applications/libsndfile-1.0.28/src/.libs/libsndfile.a(broadcast.o)
                0x00036c88                broadcast_var_alloc
                0x00036c94                broadcast_var_set
                0x00036f20                broadcast_var_get
 .text          0x00036f60      0x19c example-applications/libsndfile-1.0.28/src/.libs/libsndfile.a(cart.o)
                0x00036f60                cart_var_alloc
                0x00036f68                cart_var_set
                0x000370b8                cart_var_get
 .text          0x000370fc      0x100 example-applications/libsndfile-1.0.28/src/.libs/libsndfile.a(chanmap.o)
                0x000370fc                aiff_caf_find_channel_layout_tag
                0x00037180                aiff_caf_of_channel_layout_tag
 .text          0x000371fc      0x73c example-applications/libsndfile-1.0.28/src/.libs/libsndfile.a(chunk.o)
                0x000371fc                psf_next_chunk_iterator
                0x000372a8                psf_store_read_chunk_u32
                0x000373a8                psf_find_read_chunk_str
                0x00037490                psf_get_chunk_iterator
                0x000375d4                psf_find_read_chunk_m32
                0x00037628                psf_find_read_chunk_iterator
                0x00037640                psf_store_read_chunk_str
                0x000377cc                psf_save_write_chunk
 .text          0x00037938      0x5f0 example-applications/libsndfile-1.0.28/src/.libs/libsndfile.a(command.o)
                0x00037938                psf_get_format_simple_count
                0x00037940                psf_get_format_simple
                0x00037990                psf_get_format_major_count
                0x00037998                psf_get_format_major
                0x000379ec                psf_get_format_subtype_count
                0x000379f4                psf_get_format_subtype
                0x00037a4c                psf_get_format_info
                0x00037b6c                psf_calc_signal_max
                0x00037ce0                psf_calc_max_all_channels
                0x00037e78                psf_get_signal_max
                0x00037edc                psf_get_max_all_channels
 .text          0x00037f28     0x4d18 example-applications/libsndfile-1.0.28/src/.libs/libsndfile.a(common.o)
                0x00037f28                psf_allocate
                0x00037f90                psf_log_printf
                0x00039044                psf_asciiheader_printf
                0x000390cc                psf_binheader_writef
                0x0003a654                psf_binheader_readf
                0x0003b504                psf_default_seek
                0x0003b5dc                psf_hexdump
                0x0003ba90                psf_log_SF_INFO
                0x0003bbb0                psf_memset
                0x0003bc58                psf_cues_alloc
                0x0003bc7c                psf_cues_dup
                0x0003bcb0                psf_get_cues
                0x0003bd08                psf_instrument_alloc
                0x0003bd3c                psf_sanitize_string
                0x0003bd68                psf_get_date_str
                0x0003be10                subformat_to_bytewidth
                0x0003be38                s_bitwidth_to_subformat
                0x0003be6c                u_bitwidth_to_subformat
                0x0003bea0                psf_rand_int32
                0x0003bf50                append_snprintf
                0x0003bfac                psf_strlcpy_crlf
                0x0003c054                psf_decode_frame_count
                0x0003c150                str_of_major_format
                0x0003c3b0                str_of_minor_format
                0x0003c6c4                str_of_open_mode
                0x0003c71c                str_of_endianness
                0x0003c774                psf_f2s_array
                0x0003c7c4                psf_f2s_clip_array
                0x0003c850                psf_d2s_array
                0x0003c8a8                psf_d2s_clip_array
                0x0003c940                psf_f2i_array
                0x0003c994                psf_f2i_clip_array
                0x0003ca30                psf_d2i_array
                0x0003ca88                psf_d2i_clip_array
                0x0003cb20                psf_open_tmpfile
 .text          0x0003cc40      0x914 example-applications/libsndfile-1.0.28/src/.libs/libsndfile.a(dither.o)
                0x0003d2f4                dither_init
 *fill*         0x0003d554        0x4 
 .text          0x0003d558     0x2f10 example-applications/libsndfile-1.0.28/src/.libs/libsndfile.a(double64.o)
                0x0003e7e4                double64_init
                0x0003eeb8                double64_be_read
                0x0003efb8                double64_le_read
                0x0003f7c0                double64_be_write
                0x0003f8e8                double64_le_write
 .text          0x00040468     0x20a8 example-applications/libsndfile-1.0.28/src/.libs/libsndfile.a(dwvw.o)
                0x00042288                dwvw_init
 .text          0x00042510      0xf2c example-applications/libsndfile-1.0.28/src/.libs/libsndfile.a(file_io.o)
                0x00042564                psf_fopen
                0x0004262c                psf_fclose
                0x000426c0                psf_open_rsrc
                0x000429ec                psf_get_filelen
                0x00042b38                psf_close_rsrc
                0x00042b84                psf_set_stdio
                0x00042be8                psf_set_file
                0x00042bf4                psf_file_valid
                0x00042c08                psf_fread
                0x00042d98                psf_fwrite
                0x00042f44                psf_ftell
                0x00043020                psf_fseek
                0x000431f4                psf_fgets
                0x000432b8                psf_is_pipe
                0x00043344                psf_ftruncate
                0x000433a8                psf_init_files
                0x000433c8                psf_use_rsrc
                0x0004341c                psf_fsync
 *fill*         0x0004343c        0x4 
 .text          0x00043440     0x2df8 example-applications/libsndfile-1.0.28/src/.libs/libsndfile.a(float32.o)
                0x00044628                float32_init
                0x00044d04                float32_be_read
                0x00044dbc                float32_le_read
                0x00045538                float32_le_write
                0x0004613c                float32_be_write
 .text          0x00046238     0x15d0 example-applications/libsndfile-1.0.28/src/.libs/libsndfile.a(gsm610.o)
                0x000474a8                gsm610_init
 .text          0x00047808       0xf4 example-applications/libsndfile-1.0.28/src/.libs/libsndfile.a(id3.o)
                0x00047808                id3_skip
 *fill*         0x000478fc        0x4 
 .text          0x00047900     0x23f0 example-applications/libsndfile-1.0.28/src/.libs/libsndfile.a(ima_adpcm.o)
                0x00049978                wavlike_ima_init
                0x00049b48                aiff_ima_init
 .text          0x00049cf0     0x2100 example-applications/libsndfile-1.0.28/src/.libs/libsndfile.a(ms_adpcm.o)
                0x0004ba20                wavlike_msadpcm_init
                0x0004bd4c                wavlike_msadpcm_write_adapt_coeffs
 .text          0x0004bdf0       0x1c example-applications/libsndfile-1.0.28/src/.libs/libsndfile.a(ogg.o)
                0x0004bdf0                ogg_open
 *fill*         0x0004be0c        0x4 
 .text          0x0004be10     0x5b30 example-applications/libsndfile-1.0.28/src/.libs/libsndfile.a(pcm.o)
                0x00051214                pcm_init
 .text          0x00051940      0x43c example-applications/libsndfile-1.0.28/src/.libs/libsndfile.a(strings.o)
                0x00051940                psf_store_string
                0x00051cd0                psf_set_string
                0x00051cec                psf_get_string
                0x00051d44                psf_location_string_count
 *fill*         0x00051d7c        0x4 
 .text          0x00051d80      0xc50 example-applications/libsndfile-1.0.28/src/.libs/libsndfile.a(ulaw.o)
                0x00052860                ulaw_init
 .text          0x000529d0      0xf60 example-applications/libsndfile-1.0.28/src/.libs/libsndfile.a(vox_adpcm.o)
                0x00053744                vox_adpcm_init
 .text          0x00053930       0x58 example-applications/libsndfile-1.0.28/src/.libs/libsndfile.a(gsm_create.o)
                0x00053930                gsm_create
                0x00053964                gsm_init
 .text          0x00053988      0xcf8 example-applications/libsndfile-1.0.28/src/.libs/libsndfile.a(gsm_decode.o)
                0x00053988                gsm_decode
 .text          0x00054680        0xc example-applications/libsndfile-1.0.28/src/.libs/libsndfile.a(gsm_destroy.o)
                0x00054680                gsm_destroy
 .text          0x0005468c      0xfa8 example-applications/libsndfile-1.0.28/src/.libs/libsndfile.a(gsm_encode.o)
                0x0005468c                gsm_encode
 .text          0x00055634       0xb0 example-applications/libsndfile-1.0.28/src/.libs/libsndfile.a(gsm_option.o)
                0x00055634                gsm_option
 .text          0x000556e4      0x1c4 example-applications/libsndfile-1.0.28/src/.libs/libsndfile.a(g721.o)
                0x000556e4                g721_encoder
                0x000557d0                g721_decoder
 .text          0x000558a8      0x1ec example-applications/libsndfile-1.0.28/src/.libs/libsndfile.a(g723_16.o)
                0x000558a8                g723_16_encoder
                0x000559c0                g723_16_decoder
 .text          0x00055a94      0x1c4 example-applications/libsndfile-1.0.28/src/.libs/libsndfile.a(g723_24.o)
                0x00055a94                g723_24_encoder
                0x00055b84                g723_24_decoder
 .text          0x00055c58      0x1c4 example-applications/libsndfile-1.0.28/src/.libs/libsndfile.a(g723_40.o)
                0x00055c58                g723_40_encoder
                0x00055d48                g723_40_decoder
 .text          0x00055e1c      0x2fc example-applications/libsndfile-1.0.28/src/.libs/libsndfile.a(ALACBitUtilities.o)
                0x00055e1c                BitBufferInit
                0x00055e38                BitBufferRead
                0x00055e88                BitBufferReadSmall
                0x00055ed0                BitBufferReadOne
                0x00055f08                BitBufferPeek
                0x00055f3c                BitBufferPeekOne
                0x00055f58                BitBufferUnpackBERSize
                0x00055f88                BitBufferGetPosition
                0x00055fa8                BitBufferAdvance
                0x00055fd0                BitBufferRewind
                0x0005603c                BitBufferWrite
                0x000560d4                BitBufferByteAlign
                0x000560fc                BitBufferReset
 .text          0x00056118      0xfa4 example-applications/libsndfile-1.0.28/src/.libs/libsndfile.a(alac_decoder.o)
                0x00056118                alac_decoder_init
                0x00056300                alac_decode
 .text          0x000570bc     0x2ab4 example-applications/libsndfile-1.0.28/src/.libs/libsndfile.a(alac_encoder.o)
                0x00058c08                alac_set_fastmode
                0x00058c10                alac_encode
                0x000595a0                alac_get_magic_cookie_size
                0x000595b0                alac_get_magic_cookie
                0x00059730                alac_encoder_init
                0x00059b14                alac_get_source_format
 .text          0x00059b70      0xa88 example-applications/libsndfile-1.0.28/src/.libs/libsndfile.a(dp_dec.o)
                0x00059b70                unpc_block
 .text          0x0005a5f8      0xdac example-applications/libsndfile-1.0.28/src/.libs/libsndfile.a(dp_enc.o)
                0x0005a5f8                init_coefs
                0x0005a6f4                copy_coefs
                0x0005a79c                pc_block
 .text          0x0005b3a4      0x538 example-applications/libsndfile-1.0.28/src/.libs/libsndfile.a(matrix_dec.o)
                0x0005b3a4                unmix16
                0x0005b44c                unmix20
                0x0005b4f4                unmix24
                0x0005b69c                unmix32
                0x0005b7cc                copyPredictorTo24
                0x0005b7f4                copyPredictorTo24Shift
                0x0005b83c                copyPredictorTo20
                0x0005b864                copyPredictorTo32
                0x0005b898                copyPredictorTo32Shift
 .text          0x0005b8dc      0x444 example-applications/libsndfile-1.0.28/src/.libs/libsndfile.a(matrix_enc.o)
                0x0005b8dc                mix16
                0x0005b97c                mix20
                0x0005ba28                mix24
                0x0005bbbc                mix32
 .text          0x0005bd20      0x294 example-applications/libsndfile-1.0.28/src/.libs/libsndfile.a(ima_oki_adpcm.o)
                0x0005bd20                ima_oki_adpcm_init
                0x0005bd8c                adpcm_decode
                0x0005be58                adpcm_encode
                0x0005bea8                ima_oki_adpcm_decode_block
                0x0005bf14                ima_oki_adpcm_encode_block
 .text          0x0005bfb4      0x14c example-applications/libsndfile-1.0.28/src/.libs/libsndfile.a(code.o)
                0x0005bfb4                Gsm_Coder
 .text          0x0005c100      0x2b4 example-applications/libsndfile-1.0.28/src/.libs/libsndfile.a(decode.o)
                0x0005c100                Gsm_Decoder
 *fill*         0x0005c3b4        0x4 
 .text          0x0005c3b8     0x30c8 example-applications/libsndfile-1.0.28/src/.libs/libsndfile.a(long_term.o)
                0x0005ef7c                Gsm_Long_Term_Predictor
                0x0005f2bc                Gsm_Long_Term_Synthesis_Filtering
 .text          0x0005f480     0x1950 example-applications/libsndfile-1.0.28/src/.libs/libsndfile.a(lpc.o)
                0x000601b0                Gsm_LPC_Analysis
 .text          0x00060dd0      0x244 example-applications/libsndfile-1.0.28/src/.libs/libsndfile.a(preprocess.o)
                0x00060dd0                Gsm_Preprocess
 .text          0x00061014     0x161c example-applications/libsndfile-1.0.28/src/.libs/libsndfile.a(rpe.o)
                0x00061644                Gsm_RPE_Encoding
                0x000623e4                Gsm_RPE_Decoding
 .text          0x00062630     0x4e3c example-applications/libsndfile-1.0.28/src/.libs/libsndfile.a(short_term.o)
                0x00063750                Gsm_Short_Term_Analysis_Filter
                0x000655c4                Gsm_Short_Term_Synthesis_Filter
 .text          0x0006746c        0x0 example-applications/libsndfile-1.0.28/src/.libs/libsndfile.a(table.o)
 .text          0x0006746c      0x534 example-applications/libsndfile-1.0.28/src/.libs/libsndfile.a(ag_dec.o)
                0x0006746c                set_ag_params
                0x000674b4                set_standard_ag_params
                0x000674e4                dyn_decomp
 .text          0x000679a0      0x5dc example-applications/libsndfile-1.0.28/src/.libs/libsndfile.a(ag_enc.o)
                0x000679a0                dyn_comp
 .text          0x00067f7c      0x5fc example-applications/libsndfile-1.0.28/src/.libs/libsndfile.a(add.o)
                0x00067f7c                gsm_add
                0x00067fa8                gsm_sub
                0x00067fd4                gsm_mult
                0x0006800c                gsm_mult_r
                0x0006802c                gsm_abs
                0x00068048                gsm_L_mult
                0x00068090                gsm_L_add
                0x000680e8                gsm_L_sub
                0x00068148                gsm_norm
                0x00068240                gsm_asr
                0x0006828c                gsm_asl
                0x000682d4                gsm_L_asr
                0x0006831c                gsm_L_asl
                0x00068354                gsm_div
 .text          0x00068578       0xe8 /opt/ti-sdk-am335x-evm-07.00.00.00/linux-devkit/sysroots/i686-arago-linux/usr/bin/../arm-linux-gnueabihf/libc/usr/lib/arm-linux-gnueabihf/4.7.3/libm.a(s_floor.o)
                0x00068578                floor
                0x00068578                __floor
                0x00068578                floorl
                0x00068578                __floorl
 .text          0x00068660     0x2eb8 /opt/ti-sdk-am335x-evm-07.00.00.00/linux-devkit/sysroots/i686-arago-linux/usr/bin/../arm-linux-gnueabihf/libc/usr/lib/arm-linux-gnueabihf/4.7.3/libm.a(s_sin.o)
                0x00069120                sinl
                0x00069120                __sinl
                0x00069120                sin
                0x00069120                __sin
                0x0006a698                cos
                0x0006a698                __cosl
                0x0006a698                cosl
                0x0006a698                __cos
 .text          0x0006b518       0x54 /opt/ti-sdk-am335x-evm-07.00.00.00/linux-devkit/sysroots/i686-arago-linux/usr/bin/../arm-linux-gnueabihf/libc/usr/lib/arm-linux-gnueabihf/4.7.3/libm.a(w_acos.o)
                0x0006b518                __acosl
                0x0006b518                __acos
                0x0006b518                acosl
                0x0006b518                acos
 .text          0x0006b56c       0x3c /opt/ti-sdk-am335x-evm-07.00.00.00/linux-devkit/sysroots/i686-arago-linux/usr/bin/../arm-linux-gnueabihf/libc/usr/lib/arm-linux-gnueabihf/4.7.3/libm.a(w_atan2.o)
                0x0006b56c                __atan2l
                0x0006b56c                atan2l
                0x0006b56c                __atan2
                0x0006b56c                atan2
 .text          0x0006b5a8       0x6c /opt/ti-sdk-am335x-evm-07.00.00.00/linux-devkit/sysroots/i686-arago-linux/usr/bin/../arm-linux-gnueabihf/libc/usr/lib/arm-linux-gnueabihf/4.7.3/libm.a(w_fmod.o)
                0x0006b5a8                __fmod
                0x0006b5a8                __fmodl
                0x0006b5a8                fmod
                0x0006b5a8                fmodl
 .text          0x0006b614      0x16c /opt/ti-sdk-am335x-evm-07.00.00.00/linux-devkit/sysroots/i686-arago-linux/usr/bin/../arm-linux-gnueabihf/libc/usr/lib/arm-linux-gnueabihf/4.7.3/libm.a(w_pow.o)
                0x0006b614                __pow
                0x0006b614                pow
                0x0006b614                powl
                0x0006b614                __powl
 .text          0x0006b780       0x28 /opt/ti-sdk-am335x-evm-07.00.00.00/linux-devkit/sysroots/i686-arago-linux/usr/bin/../arm-linux-gnueabihf/libc/usr/lib/arm-linux-gnueabihf/4.7.3/libm.a(w_sqrt.o)
                0x0006b780                sqrt
                0x0006b780                sqrtl
                0x0006b780                __sqrt
                0x0006b780                __sqrtl
 .text          0x0006b7a8       0x4c /opt/ti-sdk-am335x-evm-07.00.00.00/linux-devkit/sysroots/i686-arago-linux/usr/bin/../arm-linux-gnueabihf/libc/usr/lib/arm-linux-gnueabihf/4.7.3/libm.a(s_sincos.o)
                0x0006b7a8                __sincos
                0x0006b7a8                sincos
                0x0006b7a8                __sincosl
                0x0006b7a8                sincosl
 .text          0x0006b7f4       0xc0 /opt/ti-sdk-am335x-evm-07.00.00.00/linux-devkit/sysroots/i686-arago-linux/usr/bin/../arm-linux-gnueabihf/libc/usr/lib/arm-linux-gnueabihf/4.7.3/libm.a(s_lrint.o)
                0x0006b7f4                __lrint
                0x0006b7f4                __lrintl
                0x0006b7f4                lrint
                0x0006b7f4                lrintl
 .text          0x0006b8b4       0x1c /opt/ti-sdk-am335x-evm-07.00.00.00/linux-devkit/sysroots/i686-arago-linux/usr/bin/../arm-linux-gnueabihf/libc/usr/lib/arm-linux-gnueabihf/4.7.3/libm.a(s_isinf_ns.o)
                0x0006b8b4                __isinf_ns
 .text          0x0006b8d0       0x1c /opt/ti-sdk-am335x-evm-07.00.00.00/linux-devkit/sysroots/i686-arago-linux/usr/bin/../arm-linux-gnueabihf/libc/usr/lib/arm-linux-gnueabihf/4.7.3/libm.a(m_isnan.o)
                0x0006b8d0                __isnanl
                0x0006b8d0                __isnan
                0x0006b8d0                isnan
                0x0006b8d0                isnanl
 .text          0x0006b8ec       0x14 /opt/ti-sdk-am335x-evm-07.00.00.00/linux-devkit/sysroots/i686-arago-linux/usr/bin/../arm-linux-gnueabihf/libc/usr/lib/arm-linux-gnueabihf/4.7.3/libm.a(m_finite.o)
                0x0006b8ec                __finite
                0x0006b8ec                finitel
                0x0006b8ec                finite
                0x0006b8ec                __finitel
 .text          0x0006b900       0x70 /opt/ti-sdk-am335x-evm-07.00.00.00/linux-devkit/sysroots/i686-arago-linux/usr/bin/../arm-linux-gnueabihf/libc/usr/lib/arm-linux-gnueabihf/4.7.3/libm.a(m_frexp.o)
                0x0006b900                __frexp
                0x0006b900                __frexpl
                0x0006b900                frexpl
                0x0006b900                frexp
 .text          0x0006b970        0xc /opt/ti-sdk-am335x-evm-07.00.00.00/linux-devkit/sysroots/i686-arago-linux/usr/bin/../arm-linux-gnueabihf/libc/usr/lib/arm-linux-gnueabihf/4.7.3/libm.a(m_signbit.o)
                0x0006b970                __signbit
 .text          0x0006b97c       0x84 /opt/ti-sdk-am335x-evm-07.00.00.00/linux-devkit/sysroots/i686-arago-linux/usr/bin/../arm-linux-gnueabihf/libc/usr/lib/arm-linux-gnueabihf/4.7.3/libm.a(s_lrintf.o)
                0x0006b97c                __lrintf
                0x0006b97c                lrintf
 .text          0x0006ba00      0x370 /opt/ti-sdk-am335x-evm-07.00.00.00/linux-devkit/sysroots/i686-arago-linux/usr/bin/../arm-linux-gnueabihf/libc/usr/lib/arm-linux-gnueabihf/4.7.3/libm.a(branred.o)
                0x0006ba00                __branred
 .text          0x0006bd70     0x1148 /opt/ti-sdk-am335x-evm-07.00.00.00/linux-devkit/sysroots/i686-arago-linux/usr/bin/../arm-linux-gnueabihf/libc/usr/lib/arm-linux-gnueabihf/4.7.3/libm.a(dosincos.o)
                0x0006bd70                __dubsin
                0x0006c59c                __dubcos
                0x0006cdbc                __docos
 .text          0x0006ceb8      0x840 /opt/ti-sdk-am335x-evm-07.00.00.00/linux-devkit/sysroots/i686-arago-linux/usr/bin/../arm-linux-gnueabihf/libc/usr/lib/arm-linux-gnueabihf/4.7.3/libm.a(sincos32.o)
                0x0006ceb8                __c32
                0x0006d120                __sin32
                0x0006d1f4                __cos32
                0x0006d308                __mpsin
                0x0006d394                __mpcos
                0x0006d424                __mpranred
                0x0006d60c                __mpsin1
                0x0006d680                __mpcos1
 .text          0x0006d6f8        0x0 /opt/ti-sdk-am335x-evm-07.00.00.00/linux-devkit/sysroots/i686-arago-linux/usr/bin/../arm-linux-gnueabihf/libc/usr/lib/arm-linux-gnueabihf/4.7.3/libm.a(sincostab.o)
 .text          0x0006d6f8     0x2240 /opt/ti-sdk-am335x-evm-07.00.00.00/linux-devkit/sysroots/i686-arago-linux/usr/bin/../arm-linux-gnueabihf/libc/usr/lib/arm-linux-gnueabihf/4.7.3/libm.a(k_standard.o)
                0x0006d6f8                __kernel_standard
                0x0006f924                __kernel_standard_f
 .text          0x0006f938        0x0 /opt/ti-sdk-am335x-evm-07.00.00.00/linux-devkit/sysroots/i686-arago-linux/usr/bin/../arm-linux-gnueabihf/libc/usr/lib/arm-linux-gnueabihf/4.7.3/libm.a(s_lib_version.o)
 .text          0x0006f938        0x4 /opt/ti-sdk-am335x-evm-07.00.00.00/linux-devkit/sysroots/i686-arago-linux/usr/bin/../arm-linux-gnueabihf/libc/usr/lib/arm-linux-gnueabihf/4.7.3/libm.a(s_matherr.o)
                0x0006f938                __matherr
                0x0006f938                matherr
 .text          0x0006f93c       0xc0 /opt/ti-sdk-am335x-evm-07.00.00.00/linux-devkit/sysroots/i686-arago-linux/usr/bin/../arm-linux-gnueabihf/libc/usr/lib/arm-linux-gnueabihf/4.7.3/libm.a(fraiseexcpt.o)
                0x0006f93c                feraiseexcept
 *fill*         0x0006f9fc        0x4 
 .text          0x0006fa00     0x1d40 /opt/ti-sdk-am335x-evm-07.00.00.00/linux-devkit/sysroots/i686-arago-linux/usr/bin/../arm-linux-gnueabihf/libc/usr/lib/arm-linux-gnueabihf/4.7.3/libm.a(e_asin.o)
                0x0006fa00                __asin_finite
                0x0006fa00                __ieee754_asin
                0x0007078c                __acos_finite
                0x0007078c                __ieee754_acos
 .text          0x00071740     0x30b8 /opt/ti-sdk-am335x-evm-07.00.00.00/linux-devkit/sysroots/i686-arago-linux/usr/bin/../arm-linux-gnueabihf/libc/usr/lib/arm-linux-gnueabihf/4.7.3/libm.a(e_atan2.o)
                0x00071898                __ieee754_atan2
                0x00071898                __atan2_finite
 .text          0x000747f8      0x2c4 /opt/ti-sdk-am335x-evm-07.00.00.00/linux-devkit/sysroots/i686-arago-linux/usr/bin/../arm-linux-gnueabihf/libc/usr/lib/arm-linux-gnueabihf/4.7.3/libm.a(e_fmod.o)
                0x000747f8                __fmod_finite
                0x000747f8                __ieee754_fmod
 *fill*         0x00074abc        0x4 
 .text          0x00074ac0      0xc18 /opt/ti-sdk-am335x-evm-07.00.00.00/linux-devkit/sysroots/i686-arago-linux/usr/bin/../arm-linux-gnueabihf/libc/usr/lib/arm-linux-gnueabihf/4.7.3/libm.a(e_pow.o)
                0x00074b60                __pow_finite
                0x00074b60                __ieee754_pow
 .text          0x000756d8      0x1f8 /opt/ti-sdk-am335x-evm-07.00.00.00/linux-devkit/sysroots/i686-arago-linux/usr/bin/../arm-linux-gnueabihf/libc/usr/lib/arm-linux-gnueabihf/4.7.3/libm.a(e_sqrt.o)
                0x000756d8                __sqrt_finite
                0x000756d8                __ieee754_sqrt
 .text          0x000758d0      0x104 /opt/ti-sdk-am335x-evm-07.00.00.00/linux-devkit/sysroots/i686-arago-linux/usr/bin/../arm-linux-gnueabihf/libc/usr/lib/arm-linux-gnueabihf/4.7.3/libm.a(s_rint.o)
                0x000758d0                rintl
                0x000758d0                rint
                0x000758d0                __rintl
                0x000758d0                __rint
 *fill*         0x000759d4        0x4 
 .text          0x000759d8      0x508 /opt/ti-sdk-am335x-evm-07.00.00.00/linux-devkit/sysroots/i686-arago-linux/usr/bin/../arm-linux-gnueabihf/libc/usr/lib/arm-linux-gnueabihf/4.7.3/libm.a(doasin.o)
                0x000759d8                __doasin
 .text          0x00075ee0      0xda4 /opt/ti-sdk-am335x-evm-07.00.00.00/linux-devkit/sysroots/i686-arago-linux/usr/bin/../arm-linux-gnueabihf/libc/usr/lib/arm-linux-gnueabihf/4.7.3/libm.a(mpa.o)
                0x000764a0                __acr
                0x0007653c                __cpy
                0x0007655c                __mp_dbl
                0x0007672c                __dbl_mp
                0x00076850                __add
                0x00076948                __sub
                0x00076a54                __mul
                0x00076b90                __dvd
 .text          0x00076c84       0xdc /opt/ti-sdk-am335x-evm-07.00.00.00/linux-devkit/sysroots/i686-arago-linux/usr/bin/../arm-linux-gnueabihf/libc/usr/lib/arm-linux-gnueabihf/4.7.3/libm.a(mpatan2.o)
                0x00076c84                __mpatan2
 .text          0x00076d60      0x258 /opt/ti-sdk-am335x-evm-07.00.00.00/linux-devkit/sysroots/i686-arago-linux/usr/bin/../arm-linux-gnueabihf/libc/usr/lib/arm-linux-gnueabihf/4.7.3/libm.a(mpatan.o)
                0x00076d60                __mpatan
 .text          0x00076fb8      0x1d0 /opt/ti-sdk-am335x-evm-07.00.00.00/linux-devkit/sysroots/i686-arago-linux/usr/bin/../arm-linux-gnueabihf/libc/usr/lib/arm-linux-gnueabihf/4.7.3/libm.a(mpsqrt.o)
                0x00076fb8                __mpsqrt
 .text          0x00077188      0x138 /opt/ti-sdk-am335x-evm-07.00.00.00/linux-devkit/sysroots/i686-arago-linux/usr/bin/../arm-linux-gnueabihf/libc/usr/lib/arm-linux-gnueabihf/4.7.3/libm.a(slowpow.o)
                0x00077188                __slowpow
 .text          0x000772c0      0x718 /opt/ti-sdk-am335x-evm-07.00.00.00/linux-devkit/sysroots/i686-arago-linux/usr/bin/../arm-linux-gnueabihf/libc/usr/lib/arm-linux-gnueabihf/4.7.3/libm.a(e_exp.o)
                0x000772c0                __ieee754_exp
                0x000772c0                __exp_finite
                0x0007762c                __exp1
 .text          0x000779d8      0x198 /opt/ti-sdk-am335x-evm-07.00.00.00/linux-devkit/sysroots/i686-arago-linux/usr/bin/../arm-linux-gnueabihf/libc/usr/lib/arm-linux-gnueabihf/4.7.3/libm.a(halfulp.o)
                0x000779d8                __halfulp
 .text          0x00077b70      0x2d8 /opt/ti-sdk-am335x-evm-07.00.00.00/linux-devkit/sysroots/i686-arago-linux/usr/bin/../arm-linux-gnueabihf/libc/usr/lib/arm-linux-gnueabihf/4.7.3/libm.a(mpexp.o)
                0x00077b70                __mpexp
 .text          0x00077e48       0x9c /opt/ti-sdk-am335x-evm-07.00.00.00/linux-devkit/sysroots/i686-arago-linux/usr/bin/../arm-linux-gnueabihf/libc/usr/lib/arm-linux-gnueabihf/4.7.3/libm.a(mplog.o)
                0x00077e48                __mplog
 *fill*         0x00077ee4        0x4 
 .text          0x00077ee8       0xd0 /opt/ti-sdk-am335x-evm-07.00.00.00/linux-devkit/sysroots/i686-arago-linux/usr/bin/../arm-linux-gnueabihf/libc/usr/lib/arm-linux-gnueabihf/4.7.3/libm.a(slowexp.o)
                0x00077ee8                __slowexp
 .text          0x00077fb8      0x278 /opt/ti-sdk-am335x-evm-07.00.00.00/linux-devkit/sysroots/i686-arago-linux/usr/bin/../lib/gcc/arm-linux-gnueabihf/4.7.3/libgcc.a(_udivsi3.o)
                0x00077fb8                __udivsi3
                0x00077fb8                __aeabi_uidiv
                0x00078214                __aeabi_uidivmod
 .text          0x00078230      0x2b0 /opt/ti-sdk-am335x-evm-07.00.00.00/linux-devkit/sysroots/i686-arago-linux/usr/bin/../lib/gcc/arm-linux-gnueabihf/4.7.3/libgcc.a(_divsi3.o)
                0x00078230                __aeabi_idiv
                0x00078230                __divsi3
                0x000784c4                __aeabi_idivmod
 .text          0x000784e0      0x370 /opt/ti-sdk-am335x-evm-07.00.00.00/linux-devkit/sysroots/i686-arago-linux/usr/bin/../lib/gcc/arm-linux-gnueabihf/4.7.3/libgcc.a(_arm_addsubdf3.o)
                0x000784e0                __aeabi_drsub
                0x000784e8                __aeabi_dsub
                0x000784e8                __subdf3
                0x000784ec                __adddf3
                0x000784ec                __aeabi_dadd
                0x00078764                __aeabi_ui2d
                0x00078764                __floatunsidf
                0x00078784                __floatsidf
                0x00078784                __aeabi_i2d
                0x000787a8                __extendsfdf2
                0x000787a8                __aeabi_f2d
                0x000787e4                __aeabi_ul2d
                0x000787e4                __floatundidf
                0x000787f4                __floatdidf
                0x000787f4                __aeabi_l2d
 .text          0x00078850      0x21c /opt/ti-sdk-am335x-evm-07.00.00.00/linux-devkit/sysroots/i686-arago-linux/usr/bin/../lib/gcc/arm-linux-gnueabihf/4.7.3/libgcc.a(_arm_addsubsf3.o)
                0x00078850                __aeabi_frsub
                0x00078858                __subsf3
                0x00078858                __aeabi_fsub
                0x0007885c                __aeabi_fadd
                0x0007885c                __addsf3
                0x000789bc                __aeabi_ui2f
                0x000789bc                __floatunsisf
                0x000789c4                __aeabi_i2f
                0x000789c4                __floatsisf
                0x000789e0                __floatundisf
                0x000789e0                __aeabi_ul2f
                0x000789f0                __floatdisf
                0x000789f0                __aeabi_l2f
 .text          0x00078a6c       0x38 /opt/ti-sdk-am335x-evm-07.00.00.00/linux-devkit/sysroots/i686-arago-linux/usr/bin/../lib/gcc/arm-linux-gnueabihf/4.7.3/libgcc.a(_aeabi_ldivmod.o)
                0x00078a6c                __aeabi_ldivmod
 .text          0x00078aa4        0xc /opt/ti-sdk-am335x-evm-07.00.00.00/linux-devkit/sysroots/i686-arago-linux/usr/bin/../lib/gcc/arm-linux-gnueabihf/4.7.3/libgcc.a(_dvmd_lnx.o)
                0x00078aa4                __aeabi_ldiv0
                0x00078aa4                __aeabi_idiv0
 .text          0x00078ab0       0x60 /opt/ti-sdk-am335x-evm-07.00.00.00/linux-devkit/sysroots/i686-arago-linux/usr/bin/../lib/gcc/arm-linux-gnueabihf/4.7.3/libgcc.a(bpabi.o)
                0x00078ab0                __gnu_ldivmod_helper
                0x00078ae0                __gnu_uldivmod_helper
 .text          0x00078b10      0x34c /opt/ti-sdk-am335x-evm-07.00.00.00/linux-devkit/sysroots/i686-arago-linux/usr/bin/../lib/gcc/arm-linux-gnueabihf/4.7.3/libgcc.a(_divdi3.o)
                0x00078b10                __divdi3
 .text          0x00078e5c      0x2f8 /opt/ti-sdk-am335x-evm-07.00.00.00/linux-devkit/sysroots/i686-arago-linux/usr/bin/../lib/gcc/arm-linux-gnueabihf/4.7.3/libgcc.a(_udivdi3.o)
                0x00078e5c                __udivdi3
 .text          0x00079154      0xa4c /opt/ti-sdk-am335x-evm-07.00.00.00/linux-devkit/sysroots/i686-arago-linux/usr/bin/../lib/gcc/arm-linux-gnueabihf/4.7.3/libgcc_eh.a(unwind-arm.o)
                0x0007943c                _Unwind_GetCFA
                0x00079440                __gnu_Unwind_RaiseException
                0x000794a0                __gnu_Unwind_ForcedUnwind
                0x000794b8                __gnu_Unwind_Resume
                0x000794fc                __gnu_Unwind_Resume_or_Rethrow
                0x00079514                _Unwind_Complete
                0x00079518                _Unwind_DeleteException
                0x00079528                _Unwind_VRS_Get
                0x00079574                _Unwind_VRS_Set
                0x000798b0                __aeabi_unwind_cpp_pr2
                0x000798b8                __aeabi_unwind_cpp_pr1
                0x000798c0                __aeabi_unwind_cpp_pr0
                0x000798c8                __gnu_Unwind_Backtrace
                0x00079938                _Unwind_VRS_Pop
 .text          0x00079ba0      0x1ac /opt/ti-sdk-am335x-evm-07.00.00.00/linux-devkit/sysroots/i686-arago-linux/usr/bin/../lib/gcc/arm-linux-gnueabihf/4.7.3/libgcc_eh.a(libunwind.o)
                0x00079ba0                __restore_core_regs
                0x00079ba0                restore_core_regs
                0x00079bb8                __gnu_Unwind_Restore_VFP
                0x00079bc0                __gnu_Unwind_Save_VFP
                0x00079bc8                __gnu_Unwind_Restore_VFP_D
                0x00079bd0                __gnu_Unwind_Save_VFP_D
                0x00079bd8                __gnu_Unwind_Restore_VFP_D_16_to_31
                0x00079be0                __gnu_Unwind_Save_VFP_D_16_to_31
                0x00079be8                __gnu_Unwind_Restore_WMMXD
                0x00079c2c                __gnu_Unwind_Save_WMMXD
                0x00079c70                __gnu_Unwind_Restore_WMMXC
                0x00079c84                __gnu_Unwind_Save_WMMXC
                0x00079c98                ___Unwind_RaiseException
                0x00079c98                _Unwind_RaiseException
                0x00079cbc                ___Unwind_Resume
                0x00079cbc                _Unwind_Resume
                0x00079ce0                _Unwind_Resume_or_Rethrow
                0x00079ce0                ___Unwind_Resume_or_Rethrow
                0x00079d04                ___Unwind_ForcedUnwind
                0x00079d04                _Unwind_ForcedUnwind
                0x00079d28                _Unwind_Backtrace
                0x00079d28                ___Unwind_Backtrace
 .text          0x00079d4c      0x3c0 /opt/ti-sdk-am335x-evm-07.00.00.00/linux-devkit/sysroots/i686-arago-linux/usr/bin/../lib/gcc/arm-linux-gnueabihf/4.7.3/libgcc_eh.a(pr-support.o)
                0x00079d98                __gnu_unwind_execute
                0x0007a0b0                __gnu_unwind_frame
                0x0007a0dc                _Unwind_GetRegionStart
                0x0007a0e8                _Unwind_GetLanguageSpecificData
                0x0007a0fc                _Unwind_GetDataRelBase
                0x0007a104                _Unwind_GetTextRelBase
 .text          0x0007a10c      0x190 /opt/ti-sdk-am335x-evm-07.00.00.00/linux-devkit/sysroots/i686-arago-linux/usr/bin/../arm-linux-gnueabihf/libc/usr/lib/arm-linux-gnueabihf/4.7.3/libc.a(libc-start.o)
                0x0007a10c                __libc_start_main
 .text          0x0007a29c       0xc0 /opt/ti-sdk-am335x-evm-07.00.00.00/linux-devkit/sysroots/i686-arago-linux/usr/bin/../arm-linux-gnueabihf/libc/usr/lib/arm-linux-gnueabihf/4.7.3/libc.a(check_fds.o)
                0x0007a338                __libc_check_standard_fds
 .text          0x0007a35c      0x230 /opt/ti-sdk-am335x-evm-07.00.00.00/linux-devkit/sysroots/i686-arago-linux/usr/bin/../arm-linux-gnueabihf/libc/usr/lib/arm-linux-gnueabihf/4.7.3/libc.a(libc-tls.o)
                0x0007a35c                __libc_setup_tls
                0x0007a500                _dl_tls_setup
                0x0007a574                __pthread_initialize_minimal
                0x0007a57c                __tls_get_addr
 .text          0x0007a58c       0xa0 /opt/ti-sdk-am335x-evm-07.00.00.00/linux-devkit/sysroots/i686-arago-linux/usr/bin/../arm-linux-gnueabihf/libc/usr/lib/arm-linux-gnueabihf/4.7.3/libc.a(elf-init.o)
                0x0007a58c                __libc_csu_irel
                0x0007a590                __libc_csu_init
                0x0007a600                __libc_csu_fini
 .text          0x0007a62c        0x0 /opt/ti-sdk-am335x-evm-07.00.00.00/linux-devkit/sysroots/i686-arago-linux/usr/bin/../arm-linux-gnueabihf/libc/usr/lib/arm-linux-gnueabihf/4.7.3/libc.a(errno.o)
 *fill*         0x0007a62c        0x4 
 .text          0x0007a630       0x10 /opt/ti-sdk-am335x-evm-07.00.00.00/linux-devkit/sysroots/i686-arago-linux/usr/bin/../arm-linux-gnueabihf/libc/usr/lib/arm-linux-gnueabihf/4.7.3/libc.a(libc-do-syscall.o)
                0x0007a630                __libc_do_syscall
 .text          0x0007a640      0x134 /opt/ti-sdk-am335x-evm-07.00.00.00/linux-devkit/sysroots/i686-arago-linux/usr/bin/../arm-linux-gnueabihf/libc/usr/lib/arm-linux-gnueabihf/4.7.3/libc.a(assert.o)
                0x0007a640                __assert_fail_base
                0x0007a744                __assert_fail
 .text          0x0007a774       0x80 /opt/ti-sdk-am335x-evm-07.00.00.00/linux-devkit/sysroots/i686-arago-linux/usr/bin/../arm-linux-gnueabihf/libc/usr/lib/arm-linux-gnueabihf/4.7.3/libc.a(ctype-info.o)
                0x0007a774                __ctype_b_loc
                0x0007a788                __ctype_toupper_loc
                0x0007a79c                __ctype_tolower_loc
                0x0007a7b4                __ctype_init
 .text          0x0007a7f4       0x14 /opt/ti-sdk-am335x-evm-07.00.00.00/linux-devkit/sysroots/i686-arago-linux/usr/bin/../arm-linux-gnueabihf/libc/usr/lib/arm-linux-gnueabihf/4.7.3/libc.a(dcgettext.o)
                0x0007a7f4                __dcgettext
                0x0007a7f4                dcgettext
 .text          0x0007a808      0xea4 /opt/ti-sdk-am335x-evm-07.00.00.00/linux-devkit/sysroots/i686-arago-linux/usr/bin/../arm-linux-gnueabihf/libc/usr/lib/arm-linux-gnueabihf/4.7.3/libc.a(dcigettext.o)
                0x0007a97c                _nl_find_msg
                0x0007b178                __dcigettext
 .text          0x0007b6ac      0x188 /opt/ti-sdk-am335x-evm-07.00.00.00/linux-devkit/sysroots/i686-arago-linux/usr/bin/../arm-linux-gnueabihf/libc/usr/lib/arm-linux-gnueabihf/4.7.3/libc.a(finddomain.o)
                0x0007b6ac                _nl_find_domain
 .text          0x0007b834      0xe44 /opt/ti-sdk-am335x-evm-07.00.00.00/linux-devkit/sysroots/i686-arago-linux/usr/bin/../arm-linux-gnueabihf/libc/usr/lib/arm-linux-gnueabihf/4.7.3/libc.a(loadmsgcat.o)
                0x0007b834                _nl_load_domain
 .text          0x0007c678      0x3f4 /opt/ti-sdk-am335x-evm-07.00.00.00/linux-devkit/sysroots/i686-arago-linux/usr/bin/../arm-linux-gnueabihf/libc/usr/lib/arm-linux-gnueabihf/4.7.3/libc.a(localealias.o)
                0x0007c95c                _nl_expand_alias
 .text          0x0007ca6c      0x3d0 /opt/ti-sdk-am335x-evm-07.00.00.00/linux-devkit/sysroots/i686-arago-linux/usr/bin/../arm-linux-gnueabihf/libc/usr/lib/arm-linux-gnueabihf/4.7.3/libc.a(l10nflist.o)
                0x0007ca6c                _nl_make_l10nflist
                0x0007cd94                _nl_normalize_codeset
 .text          0x0007ce3c      0x150 /opt/ti-sdk-am335x-evm-07.00.00.00/linux-devkit/sysroots/i686-arago-linux/usr/bin/../arm-linux-gnueabihf/libc/usr/lib/arm-linux-gnueabihf/4.7.3/libc.a(explodename.o)
                0x0007ce3c                _nl_explode_name
 .text          0x0007cf8c      0x5a8 /opt/ti-sdk-am335x-evm-07.00.00.00/linux-devkit/sysroots/i686-arago-linux/usr/bin/../arm-linux-gnueabihf/libc/usr/lib/arm-linux-gnueabihf/4.7.3/libc.a(plural.o)
                0x0007cf8c                __gettext_free_exp
                0x0007d050                __gettextparse
 .text          0x0007d534       0x94 /opt/ti-sdk-am335x-evm-07.00.00.00/linux-devkit/sysroots/i686-arago-linux/usr/bin/../arm-linux-gnueabihf/libc/usr/lib/arm-linux-gnueabihf/4.7.3/libc.a(plural-exp.o)
                0x0007d534                __gettext_extract_plural
 .text          0x0007d5c8       0x24 /opt/ti-sdk-am335x-evm-07.00.00.00/linux-devkit/sysroots/i686-arago-linux/usr/bin/../arm-linux-gnueabihf/libc/usr/lib/arm-linux-gnueabihf/4.7.3/libc.a(hash-string.o)
                0x0007d5c8                __hash_string
 *fill*         0x0007d5ec        0x4 
 .text          0x0007d5f0       0x10 /opt/ti-sdk-am335x-evm-07.00.00.00/linux-devkit/sysroots/i686-arago-linux/usr/bin/../arm-linux-gnueabihf/libc/usr/lib/arm-linux-gnueabihf/4.7.3/libc.a(bsd-_setjmp.o)
                0x0007d5f0                _setjmp
 .text          0x0007d600       0x2c /opt/ti-sdk-am335x-evm-07.00.00.00/linux-devkit/sysroots/i686-arago-linux/usr/bin/../arm-linux-gnueabihf/libc/usr/lib/arm-linux-gnueabihf/4.7.3/libc.a(longjmp.o)
                0x0007d600                longjmp
                0x0007d600                _longjmp
                0x0007d600                siglongjmp
                0x0007d600                __libc_longjmp
                0x0007d600                __libc_siglongjmp
 *fill*         0x0007d62c        0x4 
 .text          0x0007d630       0x60 /opt/ti-sdk-am335x-evm-07.00.00.00/linux-devkit/sysroots/i686-arago-linux/usr/bin/../arm-linux-gnueabihf/libc/usr/lib/arm-linux-gnueabihf/4.7.3/libc.a(__longjmp.o)
                0x0007d630                __longjmp
 .text          0x0007d690       0x20 /opt/ti-sdk-am335x-evm-07.00.00.00/linux-devkit/sysroots/i686-arago-linux/usr/bin/../arm-linux-gnueabihf/libc/usr/lib/arm-linux-gnueabihf/4.7.3/libc.a(jmp-unwind.o)
                0x0007d690                _longjmp_unwind
 .text          0x0007d6b0       0x7c /opt/ti-sdk-am335x-evm-07.00.00.00/linux-devkit/sysroots/i686-arago-linux/usr/bin/../arm-linux-gnueabihf/libc/usr/lib/arm-linux-gnueabihf/4.7.3/libc.a(raise.o)
                0x0007d6b0                gsignal
                0x0007d6b0                raise
 .text          0x0007d72c       0x64 /opt/ti-sdk-am335x-evm-07.00.00.00/linux-devkit/sysroots/i686-arago-linux/usr/bin/../arm-linux-gnueabihf/libc/usr/lib/arm-linux-gnueabihf/4.7.3/libc.a(sigprocmask.o)
                0x0007d72c                __sigprocmask
                0x0007d72c                sigprocmask
 .text          0x0007d790       0x28 /opt/ti-sdk-am335x-evm-07.00.00.00/linux-devkit/sysroots/i686-arago-linux/usr/bin/../arm-linux-gnueabihf/libc/usr/lib/arm-linux-gnueabihf/4.7.3/libc.a(sigempty.o)
                0x0007d790                sigemptyset
 *fill*         0x0007d7b8        0x8 
 .text          0x0007d7c0       0x50 /opt/ti-sdk-am335x-evm-07.00.00.00/linux-devkit/sysroots/i686-arago-linux/usr/bin/../arm-linux-gnueabihf/libc/usr/lib/arm-linux-gnueabihf/4.7.3/libc.a(sigrestorer.o)
                0x0007d7d0                __default_sa_restorer_v1
                0x0007d7e0                __default_sa_restorer_v2
                0x0007d7f0                __default_rt_sa_restorer_v1
                0x0007d800                __default_rt_sa_restorer_v2
 .text          0x0007d810      0x17c /opt/ti-sdk-am335x-evm-07.00.00.00/linux-devkit/sysroots/i686-arago-linux/usr/bin/../arm-linux-gnueabihf/libc/usr/lib/arm-linux-gnueabihf/4.7.3/libc.a(abort.o)
                0x0007d810                abort
 .text          0x0007d98c       0x48 /opt/ti-sdk-am335x-evm-07.00.00.00/linux-devkit/sysroots/i686-arago-linux/usr/bin/../arm-linux-gnueabihf/libc/usr/lib/arm-linux-gnueabihf/4.7.3/libc.a(bsearch.o)
                0x0007d98c                bsearch
 .text          0x0007d9d4      0x3f4 /opt/ti-sdk-am335x-evm-07.00.00.00/linux-devkit/sysroots/i686-arago-linux/usr/bin/../arm-linux-gnueabihf/libc/usr/lib/arm-linux-gnueabihf/4.7.3/libc.a(msort.o)
                0x0007dbcc                qsort_r
                0x0007ddb8                qsort
 .text          0x0007ddc8       0xbc /opt/ti-sdk-am335x-evm-07.00.00.00/linux-devkit/sysroots/i686-arago-linux/usr/bin/../arm-linux-gnueabihf/libc/usr/lib/arm-linux-gnueabihf/4.7.3/libc.a(getenv.o)
                0x0007ddc8                getenv
 .text          0x0007de84       0x84 /opt/ti-sdk-am335x-evm-07.00.00.00/linux-devkit/sysroots/i686-arago-linux/usr/bin/../arm-linux-gnueabihf/libc/usr/lib/arm-linux-gnueabihf/4.7.3/libc.a(exit.o)
                0x0007de84                __run_exit_handlers
                0x0007def8                exit
 .text          0x0007df08      0x168 /opt/ti-sdk-am335x-evm-07.00.00.00/linux-devkit/sysroots/i686-arago-linux/usr/bin/../arm-linux-gnueabihf/libc/usr/lib/arm-linux-gnueabihf/4.7.3/libc.a(cxa_atexit.o)
                0x0007df08                __new_exitfn
                0x0007e038                __internal_atexit
                0x0007e064                __cxa_atexit
 .text          0x0007e070       0x40 /opt/ti-sdk-am335x-evm-07.00.00.00/linux-devkit/sysroots/i686-arago-linux/usr/bin/../arm-linux-gnueabihf/libc/usr/lib/arm-linux-gnueabihf/4.7.3/libc.a(strtol.o)
                0x0007e070                __strtol_internal
                0x0007e090                strtol
 .text          0x0007e0b0       0x40 /opt/ti-sdk-am335x-evm-07.00.00.00/linux-devkit/sysroots/i686-arago-linux/usr/bin/../arm-linux-gnueabihf/libc/usr/lib/arm-linux-gnueabihf/4.7.3/libc.a(strtoul.o)
                0x0007e0b0                __strtoul_internal
                0x0007e0d0                strtoul
 .text          0x0007e0f0      0x310 /opt/ti-sdk-am335x-evm-07.00.00.00/linux-devkit/sysroots/i686-arago-linux/usr/bin/../arm-linux-gnueabihf/libc/usr/lib/arm-linux-gnueabihf/4.7.3/libc.a(strtol_l.o)
                0x0007e0f0                ____strtol_l_internal
                0x0007e3f0                strtol_l
                0x0007e3f0                __strtol_l
 .text          0x0007e400      0x2fc /opt/ti-sdk-am335x-evm-07.00.00.00/linux-devkit/sysroots/i686-arago-linux/usr/bin/../arm-linux-gnueabihf/libc/usr/lib/arm-linux-gnueabihf/4.7.3/libc.a(strtoul_l.o)
                0x0007e400                ____strtoul_l_internal
                0x0007e6ec                strtoul_l
                0x0007e6ec                __strtoul_l
 .text          0x0007e6fc       0x34 /opt/ti-sdk-am335x-evm-07.00.00.00/linux-devkit/sysroots/i686-arago-linux/usr/bin/../arm-linux-gnueabihf/libc/usr/lib/arm-linux-gnueabihf/4.7.3/libc.a(strtod.o)
                0x0007e6fc                __strtod_internal
                0x0007e714                strtod
 .text          0x0007e730     0x1888 /opt/ti-sdk-am335x-evm-07.00.00.00/linux-devkit/sysroots/i686-arago-linux/usr/bin/../arm-linux-gnueabihf/libc/usr/lib/arm-linux-gnueabihf/4.7.3/libc.a(strtod_l.o)
                0x0007ea78                ____strtod_l_internal
                0x0007ffac                __strtod_l
                0x0007ffac                strtod_l
 .text          0x0007ffb8      0x17c /opt/ti-sdk-am335x-evm-07.00.00.00/linux-devkit/sysroots/i686-arago-linux/usr/bin/../arm-linux-gnueabihf/libc/usr/lib/arm-linux-gnueabihf/4.7.3/libc.a(grouping.o)
                0x0007ffb8                __correctly_grouped_prefixmb
 .text          0x00080134        0x0 /opt/ti-sdk-am335x-evm-07.00.00.00/linux-devkit/sysroots/i686-arago-linux/usr/bin/../arm-linux-gnueabihf/libc/usr/lib/arm-linux-gnueabihf/4.7.3/libc.a(tens_in_limb.o)
 .text          0x00080134        0x0 /opt/ti-sdk-am335x-evm-07.00.00.00/linux-devkit/sysroots/i686-arago-linux/usr/bin/../arm-linux-gnueabihf/libc/usr/lib/arm-linux-gnueabihf/4.7.3/libc.a(fpioconst.o)
 .text          0x00080134       0x20 /opt/ti-sdk-am335x-evm-07.00.00.00/linux-devkit/sysroots/i686-arago-linux/usr/bin/../arm-linux-gnueabihf/libc/usr/lib/arm-linux-gnueabihf/4.7.3/libc.a(fprintf.o)
                0x00080134                fprintf
                0x00080134                _IO_fprintf
                0x00080134                __fprintf
 .text          0x00080154       0x28 /opt/ti-sdk-am335x-evm-07.00.00.00/linux-devkit/sysroots/i686-arago-linux/usr/bin/../arm-linux-gnueabihf/libc/usr/lib/arm-linux-gnueabihf/4.7.3/libc.a(printf.o)
                0x00080154                __printf
                0x00080154                printf
                0x00080154                _IO_printf
 .text          0x0008017c       0x20 /opt/ti-sdk-am335x-evm-07.00.00.00/linux-devkit/sysroots/i686-arago-linux/usr/bin/../arm-linux-gnueabihf/libc/usr/lib/arm-linux-gnueabihf/4.7.3/libc.a(snprintf.o)
                0x0008017c                snprintf
                0x0008017c                __snprintf
 .text          0x0008019c       0x20 /opt/ti-sdk-am335x-evm-07.00.00.00/linux-devkit/sysroots/i686-arago-linux/usr/bin/../arm-linux-gnueabihf/libc/usr/lib/arm-linux-gnueabihf/4.7.3/libc.a(sprintf.o)
                0x0008019c                sprintf
                0x0008019c                __sprintf
                0x0008019c                _IO_sprintf
 .text          0x000801bc       0x20 /opt/ti-sdk-am335x-evm-07.00.00.00/linux-devkit/sysroots/i686-arago-linux/usr/bin/../arm-linux-gnueabihf/libc/usr/lib/arm-linux-gnueabihf/4.7.3/libc.a(asprintf.o)
                0x000801bc                __asprintf
                0x000801bc                asprintf
                0x000801bc                ___asprintf
 .text          0x000801dc       0x20 /opt/ti-sdk-am335x-evm-07.00.00.00/linux-devkit/sysroots/i686-arago-linux/usr/bin/../arm-linux-gnueabihf/libc/usr/lib/arm-linux-gnueabihf/4.7.3/libc.a(sscanf.o)
                0x000801dc                __sscanf
                0x000801dc                sscanf
                0x000801dc                _IO_sscanf
 .text          0x000801fc       0xd8 /opt/ti-sdk-am335x-evm-07.00.00.00/linux-devkit/sysroots/i686-arago-linux/usr/bin/../arm-linux-gnueabihf/libc/usr/lib/arm-linux-gnueabihf/4.7.3/libc.a(perror.o)
                0x0008024c                perror
 .text          0x000802d4       0x38 /opt/ti-sdk-am335x-evm-07.00.00.00/linux-devkit/sysroots/i686-arago-linux/usr/bin/../arm-linux-gnueabihf/libc/usr/lib/arm-linux-gnueabihf/4.7.3/libc.a(remove.o)
                0x000802d4                remove
 .text          0x0008030c       0xa0 /opt/ti-sdk-am335x-evm-07.00.00.00/linux-devkit/sysroots/i686-arago-linux/usr/bin/../arm-linux-gnueabihf/libc/usr/lib/arm-linux-gnueabihf/4.7.3/libc.a(fxprintf.o)
                0x0008030c                __fxprintf
 .text          0x000803ac      0x1e8 /opt/ti-sdk-am335x-evm-07.00.00.00/linux-devkit/sysroots/i686-arago-linux/usr/bin/../arm-linux-gnueabihf/libc/usr/lib/arm-linux-gnueabihf/4.7.3/libc.a(iofclose.o)
                0x000803ac                _IO_fclose
                0x000803ac                _IO_new_fclose
                0x000803ac                fclose
                0x000803ac                __new_fclose
 .text          0x00080594      0x168 /opt/ti-sdk-am335x-evm-07.00.00.00/linux-devkit/sysroots/i686-arago-linux/usr/bin/../arm-linux-gnueabihf/libc/usr/lib/arm-linux-gnueabihf/4.7.3/libc.a(iofdopen.o)
                0x00080594                __new_fdopen
                0x00080594                _IO_new_fdopen
                0x00080594                _IO_fdopen
                0x00080594                fdopen
 .text          0x000806fc      0x110 /opt/ti-sdk-am335x-evm-07.00.00.00/linux-devkit/sysroots/i686-arago-linux/usr/bin/../arm-linux-gnueabihf/libc/usr/lib/arm-linux-gnueabihf/4.7.3/libc.a(iofflush.o)
                0x000806fc                _IO_fflush
                0x000806fc                fflush
 .text          0x0008080c       0xd4 /opt/ti-sdk-am335x-evm-07.00.00.00/linux-devkit/sysroots/i686-arago-linux/usr/bin/../arm-linux-gnueabihf/libc/usr/lib/arm-linux-gnueabihf/4.7.3/libc.a(iofopen.o)
                0x0008080c                __fopen_maybe_mmap
                0x0008083c                __fopen_internal
                0x000808d8                _IO_new_fopen
                0x000808d8                fopen
                0x000808d8                _IO_fopen
                0x000808d8                __new_fopen
 .text          0x000808e0      0x124 /opt/ti-sdk-am335x-evm-07.00.00.00/linux-devkit/sysroots/i686-arago-linux/usr/bin/../arm-linux-gnueabihf/libc/usr/lib/arm-linux-gnueabihf/4.7.3/libc.a(iofputs.o)
                0x000808e0                _IO_fputs
                0x000808e0                fputs
 .text          0x00080a04      0x124 /opt/ti-sdk-am335x-evm-07.00.00.00/linux-devkit/sysroots/i686-arago-linux/usr/bin/../arm-linux-gnueabihf/libc/usr/lib/arm-linux-gnueabihf/4.7.3/libc.a(iofread.o)
                0x00080a04                _IO_fread
                0x00080a04                fread
 .text          0x00080b28      0x154 /opt/ti-sdk-am335x-evm-07.00.00.00/linux-devkit/sysroots/i686-arago-linux/usr/bin/../arm-linux-gnueabihf/libc/usr/lib/arm-linux-gnueabihf/4.7.3/libc.a(iofwrite.o)
                0x00080b28                _IO_fwrite
                0x00080b28                fwrite
 .text          0x00080c7c      0x15c /opt/ti-sdk-am335x-evm-07.00.00.00/linux-devkit/sysroots/i686-arago-linux/usr/bin/../arm-linux-gnueabihf/libc/usr/lib/arm-linux-gnueabihf/4.7.3/libc.a(ioputs.o)
                0x00080c7c                puts
                0x00080c7c                _IO_puts
 .text          0x00080dd8       0x60 /opt/ti-sdk-am335x-evm-07.00.00.00/linux-devkit/sysroots/i686-arago-linux/usr/bin/../arm-linux-gnueabihf/libc/usr/lib/arm-linux-gnueabihf/4.7.3/libc.a(iovsprintf.o)
                0x00080dd8                vsprintf
                0x00080dd8                _IO_vsprintf
                0x00080dd8                __IO_vsprintf
 .text          0x00080e38       0x48 /opt/ti-sdk-am335x-evm-07.00.00.00/linux-devkit/sysroots/i686-arago-linux/usr/bin/../arm-linux-gnueabihf/libc/usr/lib/arm-linux-gnueabihf/4.7.3/libc.a(iovsscanf.o)
                0x00080e38                vsscanf
                0x00080e38                __vsscanf
                0x00080e38                _IO_vsscanf
 .text          0x00080e80        0x8 /opt/ti-sdk-am335x-evm-07.00.00.00/linux-devkit/sysroots/i686-arago-linux/usr/bin/../arm-linux-gnueabihf/libc/usr/lib/arm-linux-gnueabihf/4.7.3/libc.a(iofopen64.o)
                0x00080e80                _IO_fopen64
                0x00080e80                fopen64
 .text          0x00080e88      0x11c /opt/ti-sdk-am335x-evm-07.00.00.00/linux-devkit/sysroots/i686-arago-linux/usr/bin/../arm-linux-gnueabihf/libc/usr/lib/arm-linux-gnueabihf/4.7.3/libc.a(putchar.o)
                0x00080e88                putchar
 .text          0x00080fa4       0x28 /opt/ti-sdk-am335x-evm-07.00.00.00/linux-devkit/sysroots/i686-arago-linux/usr/bin/../arm-linux-gnueabihf/libc/usr/lib/arm-linux-gnueabihf/4.7.3/libc.a(fileno.o)
                0x00080fa4                fileno_unlocked
                0x00080fa4                fileno
 .text          0x00080fcc      0x110 /opt/ti-sdk-am335x-evm-07.00.00.00/linux-devkit/sysroots/i686-arago-linux/usr/bin/../arm-linux-gnueabihf/libc/usr/lib/arm-linux-gnueabihf/4.7.3/libc.a(fputc.o)
                0x00080fcc                fputc
 .text          0x000810dc      0x118 /opt/ti-sdk-am335x-evm-07.00.00.00/linux-devkit/sysroots/i686-arago-linux/usr/bin/../arm-linux-gnueabihf/libc/usr/lib/arm-linux-gnueabihf/4.7.3/libc.a(fseek.o)
                0x000810dc                fseek
 .text          0x000811f4      0x108 /opt/ti-sdk-am335x-evm-07.00.00.00/linux-devkit/sysroots/i686-arago-linux/usr/bin/../arm-linux-gnueabihf/libc/usr/lib/arm-linux-gnueabihf/4.7.3/libc.a(getc.o)
                0x000811f4                getc
                0x000811f4                _IO_getc
                0x000811f4                fgetc
 .text          0x000812fc        0x8 /opt/ti-sdk-am335x-evm-07.00.00.00/linux-devkit/sysroots/i686-arago-linux/usr/bin/../arm-linux-gnueabihf/libc/usr/lib/arm-linux-gnueabihf/4.7.3/libc.a(setbuf.o)
                0x000812fc                setbuf
 .text          0x00081304       0xd4 /opt/ti-sdk-am335x-evm-07.00.00.00/linux-devkit/sysroots/i686-arago-linux/usr/bin/../arm-linux-gnueabihf/libc/usr/lib/arm-linux-gnueabihf/4.7.3/libc.a(vasprintf.o)
                0x00081304                _IO_vasprintf
                0x00081304                vasprintf
 .text          0x000813d8       0x9c /opt/ti-sdk-am335x-evm-07.00.00.00/linux-devkit/sysroots/i686-arago-linux/usr/bin/../arm-linux-gnueabihf/libc/usr/lib/arm-linux-gnueabihf/4.7.3/libc.a(vsnprintf.o)
                0x00081414                vsnprintf
                0x00081414                _IO_vsnprintf
                0x00081414                __vsnprintf
 .text          0x00081474        0x4 /opt/ti-sdk-am335x-evm-07.00.00.00/linux-devkit/sysroots/i686-arago-linux/usr/bin/../arm-linux-gnueabihf/libc/usr/lib/arm-linux-gnueabihf/4.7.3/libc.a(fcloseall.o)
                0x00081474                __fcloseall
                0x00081474                fcloseall
 .text          0x00081478      0x32c /opt/ti-sdk-am335x-evm-07.00.00.00/linux-devkit/sysroots/i686-arago-linux/usr/bin/../arm-linux-gnueabihf/libc/usr/lib/arm-linux-gnueabihf/4.7.3/libc.a(libc_fatal.o)
                0x00081478                __libc_message
                0x00081790                __libc_fatal
 .text          0x000817a4       0x6c /opt/ti-sdk-am335x-evm-07.00.00.00/linux-devkit/sysroots/i686-arago-linux/usr/bin/../arm-linux-gnueabihf/libc/usr/lib/arm-linux-gnueabihf/4.7.3/libc.a(iofgets_u.o)
                0x000817a4                fgets_unlocked
 .text          0x00081810      0xce4 /opt/ti-sdk-am335x-evm-07.00.00.00/linux-devkit/sysroots/i686-arago-linux/usr/bin/../arm-linux-gnueabihf/libc/usr/lib/arm-linux-gnueabihf/4.7.3/libc.a(wfileops.o)
                0x00081810                _IO_wfile_seekoff
                0x00081bb0                _IO_wfile_underflow
                0x000820d0                _IO_wdo_write
                0x00082190                _IO_wfile_xsputn
                0x00082274                _IO_wfile_sync
                0x00082350                _IO_wfile_overflow
 .text          0x000824f4     0x15d4 /opt/ti-sdk-am335x-evm-07.00.00.00/linux-devkit/sysroots/i686-arago-linux/usr/bin/../arm-linux-gnueabihf/libc/usr/lib/arm-linux-gnueabihf/4.7.3/libc.a(fileops.o)
                0x00082578                _IO_file_seek
                0x000826c0                _IO_file_underflow_maybe_mmap
                0x000826d4                _IO_file_close
                0x00082704                _IO_file_close_mmap
                0x0008293c                _IO_file_xsgetn
                0x00082afc                _IO_file_write
                0x00082afc                _IO_new_file_write
                0x00082b74                _IO_file_stat
                0x00082b80                _IO_file_seekoff
                0x00082b80                _IO_new_file_seekoff
                0x00082e5c                _IO_file_setbuf
                0x00082e5c                _IO_new_file_setbuf
                0x00082e7c                _IO_file_setbuf_mmap
                0x00082eb4                _IO_file_seekoff_mmap
                0x00082f84                _IO_file_underflow_mmap
                0x00082fbc                _IO_new_file_xsputn
                0x00082fbc                _IO_file_xsputn
                0x000830cc                _IO_file_read
                0x00083108                _IO_new_file_init
                0x00083108                _IO_file_init
                0x00083130                _IO_file_open
                0x00083208                _IO_new_file_attach
                0x00083208                _IO_file_attach
                0x00083280                _IO_new_do_write
                0x00083280                _IO_do_write
                0x0008329c                _IO_file_sync
                0x0008329c                _IO_new_file_sync
                0x00083334                _IO_file_finish
                0x00083334                _IO_new_file_finish
                0x0008337c                _IO_new_file_close_it
                0x0008337c                _IO_file_close_it
                0x0008344c                _IO_new_file_fopen
                0x0008344c                _IO_file_fopen
                0x000837b8                _IO_file_underflow
                0x000837b8                _IO_new_file_underflow
                0x00083990                _IO_file_overflow
                0x00083990                _IO_new_file_overflow
 .text          0x00083ac8     0x1254 /opt/ti-sdk-am335x-evm-07.00.00.00/linux-devkit/sysroots/i686-arago-linux/usr/bin/../arm-linux-gnueabihf/libc/usr/lib/arm-linux-gnueabihf/4.7.3/libc.a(genops.o)
                0x00083c80                _IO_un_link
                0x00083e44                _IO_link_in
                0x00083fe8                _IO_least_marker
                0x00084000                _IO_switch_to_main_get_area
                0x00084020                _IO_switch_to_backup_area
                0x00084040                _IO_switch_to_get_mode
                0x00084088                _IO_free_backup_area
                0x000840bc                __overflow
                0x000840d4                __underflow
                0x00084160                __uflow
                0x000841f4                _IO_setb
                0x00084238                _IO_doallocbuf
                0x00084270                _IO_default_underflow
                0x00084278                _IO_default_uflow
                0x00084294                _IO_default_xsputn
                0x00084304                _IO_sgetn
                0x00084310                _IO_default_xsgetn
                0x00084370                _IO_default_setbuf
                0x000843d4                _IO_default_seekpos
                0x000843ec                _IO_default_doallocate
                0x00084424                _IO_old_init
                0x0008445c                _IO_no_init
                0x00084494                _IO_init
                0x000844ac                _IO_default_sync
                0x000844b0                _IO_default_finish
                0x00084500                _IO_default_seekoff
                0x0008450c                _IO_sputbackc
                0x00084540                _IO_sungetc
                0x00084570                _IO_adjust_column
                0x0008459c                _IO_flush_all_lockp
                0x00084784                _IO_cleanup
                0x000848a0                _IO_flush_all
                0x000848a8                _IO_flush_all_linebuffered
                0x000848a8                _flushlbf
                0x00084a64                _IO_init_marker
                0x00084a94                _IO_remove_marker
                0x00084ab8                _IO_marker_difference
                0x00084ac0                _IO_marker_delta
                0x00084ae0                _IO_seekmark
                0x00084b40                _IO_unsave_markers
                0x00084b54                _IO_default_pbackfail
                0x00084c20                _IO_default_seek
                0x00084c2c                _IO_default_stat
                0x00084c34                _IO_default_read
                0x00084c3c                _IO_default_write
                0x00084c40                _IO_default_showmanyc
                0x00084c48                _IO_default_imbue
                0x00084c4c                _IO_iter_begin
                0x00084c58                _IO_iter_end
                0x00084c5c                _IO_iter_next
                0x00084c60                _IO_iter_file
                0x00084c64                _IO_list_lock
                0x00084cb0                _IO_list_unlock
                0x00084d08                _IO_list_resetlock
 .text          0x00084d1c        0x0 /opt/ti-sdk-am335x-evm-07.00.00.00/linux-devkit/sysroots/i686-arago-linux/usr/bin/../arm-linux-gnueabihf/libc/usr/lib/arm-linux-gnueabihf/4.7.3/libc.a(stdfiles.o)
 .text          0x00084d1c        0x0 /opt/ti-sdk-am335x-evm-07.00.00.00/linux-devkit/sysroots/i686-arago-linux/usr/bin/../arm-linux-gnueabihf/libc/usr/lib/arm-linux-gnueabihf/4.7.3/libc.a(stdio.o)
 .text          0x00084d1c      0x44c /opt/ti-sdk-am335x-evm-07.00.00.00/linux-devkit/sysroots/i686-arago-linux/usr/bin/../arm-linux-gnueabihf/libc/usr/lib/arm-linux-gnueabihf/4.7.3/libc.a(strops.o)
                0x00084d1c                _IO_str_underflow
                0x00084d54                _IO_str_finish
                0x00084d78                _IO_str_pbackfail
                0x00084d98                _IO_str_overflow
                0x00084f9c                _IO_str_seekoff
                0x000850ec                _IO_str_init_static_internal
                0x00085134                _IO_str_init_static
                0x0008513c                _IO_str_init_readonly
                0x00085154                _IO_str_count
 .text          0x00085168     0x4e80 /opt/ti-sdk-am335x-evm-07.00.00.00/linux-devkit/sysroots/i686-arago-linux/usr/bin/../arm-linux-gnueabihf/libc/usr/lib/arm-linux-gnueabihf/4.7.3/libc.a(malloc.o)
                0x000882a8                __malloc_check_init
                0x000886b8                malloc_set_state
                0x000886b8                __malloc_set_state
                0x00088a3c                malloc
                0x00088a3c                __malloc
                0x00088a3c                __libc_malloc
                0x00088d78                malloc_get_state
                0x00088d78                __malloc_get_state
                0x00088ee0                __cfree
                0x00088ee0                __free
                0x00088ee0                __libc_free
                0x00088ee0                cfree
                0x00088ee0                free
                0x00088f50                __libc_realloc
                0x00088f50                realloc
                0x00088f50                __realloc
                0x00089168                __libc_memalign
                0x00089168                __memalign
                0x00089168                memalign
                0x000893fc                __libc_valloc
                0x000893fc                valloc
                0x000893fc                __valloc
                0x00089604                pvalloc
                0x00089604                __libc_pvalloc
                0x00089604                __pvalloc
                0x0008981c                __calloc
                0x0008981c                calloc
                0x0008981c                __libc_calloc
                0x00089b40                __malloc_trim
                0x00089b40                malloc_trim
                0x00089d24                malloc_usable_size
                0x00089d24                __malloc_usable_size
                0x00089d4c                malloc_stats
                0x00089d4c                __malloc_stats
                0x00089e94                __mallinfo
                0x00089e94                __libc_mallinfo
                0x00089e94                mallinfo
                0x00089f1c                __libc_mallopt
                0x00089f1c                mallopt
                0x00089f1c                __mallopt
                0x00089f20                __posix_memalign
                0x00089f20                posix_memalign
                0x00089f68                malloc_info
 .text          0x00089fe8       0x10 /opt/ti-sdk-am335x-evm-07.00.00.00/linux-devkit/sysroots/i686-arago-linux/usr/bin/../arm-linux-gnueabihf/libc/usr/lib/arm-linux-gnueabihf/4.7.3/libc.a(morecore.o)
                0x00089fe8                __default_morecore
 *fill*         0x00089ff8        0x8 
 .text          0x0008a000       0x20 /opt/ti-sdk-am335x-evm-07.00.00.00/linux-devkit/sysroots/i686-arago-linux/usr/bin/../arm-linux-gnueabihf/libc/usr/lib/arm-linux-gnueabihf/4.7.3/libc.a(strchr.o)
                0x0008a000                index
                0x0008a000                strchr
 .text          0x0008a020       0x18 /opt/ti-sdk-am335x-evm-07.00.00.00/linux-devkit/sysroots/i686-arago-linux/usr/bin/../arm-linux-gnueabihf/libc/usr/lib/arm-linux-gnueabihf/4.7.3/libc.a(strcmp.o)
                0x0008a020                strcmp
 .text          0x0008a038       0x10 /opt/ti-sdk-am335x-evm-07.00.00.00/linux-devkit/sysroots/i686-arago-linux/usr/bin/../arm-linux-gnueabihf/libc/usr/lib/arm-linux-gnueabihf/4.7.3/libc.a(strcpy.o)
                0x0008a038                strcpy
 .text          0x0008a048       0x20 /opt/ti-sdk-am335x-evm-07.00.00.00/linux-devkit/sysroots/i686-arago-linux/usr/bin/../arm-linux-gnueabihf/libc/usr/lib/arm-linux-gnueabihf/4.7.3/libc.a(strdup.o)
                0x0008a048                __strdup
                0x0008a048                strdup
 .text          0x0008a068       0x6c /opt/ti-sdk-am335x-evm-07.00.00.00/linux-devkit/sysroots/i686-arago-linux/usr/bin/../arm-linux-gnueabihf/libc/usr/lib/arm-linux-gnueabihf/4.7.3/libc.a(strerror.o)
                0x0008a068                strerror
 .text          0x0008a0d4       0xe8 /opt/ti-sdk-am335x-evm-07.00.00.00/linux-devkit/sysroots/i686-arago-linux/usr/bin/../arm-linux-gnueabihf/libc/usr/lib/arm-linux-gnueabihf/4.7.3/libc.a(_strerror.o)
                0x0008a0d4                __strerror_r
                0x0008a0d4                strerror_r
 *fill*         0x0008a1bc        0x4 
 .text          0x0008a1c0       0x60 /opt/ti-sdk-am335x-evm-07.00.00.00/linux-devkit/sysroots/i686-arago-linux/usr/bin/../arm-linux-gnueabihf/libc/usr/lib/arm-linux-gnueabihf/4.7.3/libc.a(strlen.o)
                0x0008a1c0                strlen
 .text          0x0008a220       0x74 /opt/ti-sdk-am335x-evm-07.00.00.00/linux-devkit/sysroots/i686-arago-linux/usr/bin/../arm-linux-gnueabihf/libc/usr/lib/arm-linux-gnueabihf/4.7.3/libc.a(strncat.o)
                0x0008a220                strncat