Archive member included because of file (symbol)

/opt/ti-sdk-am335x-evm-07.00.00.00/linux-devkit/sysroots/i686-arago-linux/usr/bin/../lib/gcc/arm-linux-gnueabihf/4.7.3/libgcc.a(_udivsi3.o)
                              release/libaiff/libaiff.o (__aeabi_uidiv)
/opt/ti-sdk-am335x-evm-07.00.00.00/linux-devkit/sysroots/i686-arago-linux/usr/bin/../lib/gcc/arm-linux-gnueabihf/4.7.3/libgcc.a(_divsi3.o)
                              release/main.o (__aeabi_idiv)
/opt/ti-sdk-am335x-evm-07.00.00.00/linux-devkit/sysroots/i686-arago-linux/usr/bin/../lib/gcc/arm-linux-gnueabihf/4.7.3/libgcc.a(_dvmd_lnx.o)
                              /opt/ti-sdk-am335x-evm-07.00.00.00/linux-devkit/sysroots/i686-arago-linux/usr/bin/../lib/gcc/arm-linux-gnueabihf/4.7.3/libgcc.a(_udivsi3.o) (__aeabi_idiv0)
/opt/ti-sdk-am335x-evm-07.00.00.00/linux-devkit/sysroots/i686-arago-linux/usr/bin/../arm-linux-gnueabihf/libc/usr/lib/arm-linux-gnueabihf/4.7.3/./libc_nonshared.a(elf-init.oS)
                              /opt/ti-sdk-am335x-evm-07.00.00.00/linux-devkit/sysroots/i686-arago-linux/usr/bin/../arm-linux-gnueabihf/libc/usr/lib/arm-linux-gnueabihf/4.7.3/crt1.o (__libc_csu_init)

Allocating common symbols
Common symbol       size              file

inAIO               0x4               release/main.o
g_led_count         0x4               release/main.o
inBuffer            0x4               release/main.o
chanMask            0x4               release/main.o

Discarded input sections

 .note.GNU-stack
                0x00000000        0x0 /opt/ti-sdk-am335x-evm-07.00.00.00/linux-devkit/sysroots/i686-arago-linux/usr/bin/../arm-linux-gnueabihf/libc/usr/lib/arm-linux-gnueabihf/4.7.3/crt1.o
 .gnu_debuglink
                0x00000000        0xc /opt/ti-sdk-am335x-evm-07.00.00.00/linux-devkit/sysroots/i686-arago-linux/usr/bin/../arm-linux-gnueabihf/libc/usr/lib/arm-linux-gnueabihf/4.7.3/crt1.o
 .note.GNU-stack
                0x00000000        0x0 /opt/ti-sdk-am335x-evm-07.00.00.00/linux-devkit/sysroots/i686-arago-linux/usr/bin/../arm-linux-gnueabihf/libc/usr/lib/arm-linux-gnueabihf/4.7.3/crti.o
 .gnu_debuglink
                0x00000000        0xc /opt/ti-sdk-am335x-evm-07.00.00.00/linux-devkit/sysroots/i686-arago-linux/usr/bin/../arm-linux-gnueabihf/libc/usr/lib/arm-linux-gnueabihf/4.7.3/crti.o
 .note.GNU-stack
                0x00000000        0x0 /opt/ti-sdk-am335x-evm-07.00.00.00/linux-devkit/sysroots/i686-arago-linux/usr/bin/../lib/gcc/arm-linux-gnueabihf/4.7.3/crtbegin.o
 .note.GNU-stack
                0x00000000        0x0 release/main.o
 .note.GNU-stack
                0x00000000        0x0 release/recorder_helpers.o
 .note.GNU-stack
                0x00000000        0x0 release/dt78xx_aio.o
 .note.GNU-stack
                0x00000000        0x0 release/dt78xx_misc.o
 .note.GNU-stack
                0x00000000        0x0 release/libaiff/libaiff.o
 .note.GNU-stack
                0x00000000        0x0 release/libaiff/aifx.o
 .note.GNU-stack
                0x00000000        0x0 release/libaiff/extended.o
 .note.GNU-stack
                0x00000000        0x0 release/libaiff/float32.o
 .note.GNU-stack
                0x00000000        0x0 release/libaiff/g711.o
 .note.GNU-stack
                0x00000000        0x0 release/libaiff/iff.o
 .note.GNU-stack
                0x00000000        0x0 release/libaiff/lpcm.o
 .note.GNU-stack
                0x00000000        0x0 release/libaiff/pascal.o
 .note.GNU-stack
                0x00000000        0x0 release/RingBuf/RingBuf.o
 .note.GNU-stack
                0x00000000        0x0 release/sunriset/sunriset.o
 .note.GNU-stack
                0x00000000        0x0 /opt/ti-sdk-am335x-evm-07.00.00.00/linux-devkit/sysroots/i686-arago-linux/usr/bin/../lib/gcc/arm-linux-gnueabihf/4.7.3/libgcc.a(_udivsi3.o)
 .note.GNU-stack
                0x00000000        0x0 /opt/ti-sdk-am335x-evm-07.00.00.00/linux-devkit/sysroots/i686-arago-linux/usr/bin/../lib/gcc/arm-linux-gnueabihf/4.7.3/libgcc.a(_divsi3.o)
 .note.GNU-stack
                0x00000000        0x0 /opt/ti-sdk-am335x-evm-07.00.00.00/linux-devkit/sysroots/i686-arago-linux/usr/bin/../lib/gcc/arm-linux-gnueabihf/4.7.3/libgcc.a(_dvmd_lnx.o)
 .note.GNU-stack
                0x00000000        0x0 /opt/ti-sdk-am335x-evm-07.00.00.00/linux-devkit/sysroots/i686-arago-linux/usr/bin/../arm-linux-gnueabihf/libc/usr/lib/arm-linux-gnueabihf/4.7.3/./libc_nonshared.a(elf-init.oS)
 .note.GNU-stack
                0x00000000        0x0 /opt/ti-sdk-am335x-evm-07.00.00.00/linux-devkit/sysroots/i686-arago-linux/usr/bin/../lib/gcc/arm-linux-gnueabihf/4.7.3/crtend.o
 .note.GNU-stack
                0x00000000        0x0 /opt/ti-sdk-am335x-evm-07.00.00.00/linux-devkit/sysroots/i686-arago-linux/usr/bin/../arm-linux-gnueabihf/libc/usr/lib/arm-linux-gnueabihf/4.7.3/crtn.o
 .gnu_debuglink
                0x00000000        0xc /opt/ti-sdk-am335x-evm-07.00.00.00/linux-devkit/sysroots/i686-arago-linux/usr/bin/../arm-linux-gnueabihf/libc/usr/lib/arm-linux-gnueabihf/4.7.3/crtn.o

Memory Configuration

Name             Origin             Length             Attributes
*default*        0x00000000         0xffffffff

Linker script and memory map

LOAD /opt/ti-sdk-am335x-evm-07.00.00.00/linux-devkit/sysroots/i686-arago-linux/usr/bin/../arm-linux-gnueabihf/libc/usr/lib/arm-linux-gnueabihf/4.7.3/crt1.o
LOAD /opt/ti-sdk-am335x-evm-07.00.00.00/linux-devkit/sysroots/i686-arago-linux/usr/bin/../arm-linux-gnueabihf/libc/usr/lib/arm-linux-gnueabihf/4.7.3/crti.o
LOAD /opt/ti-sdk-am335x-evm-07.00.00.00/linux-devkit/sysroots/i686-arago-linux/usr/bin/../lib/gcc/arm-linux-gnueabihf/4.7.3/crtbegin.o
LOAD release/main.o
LOAD release/recorder_helpers.o
LOAD release/dt78xx_aio.o
LOAD release/dt78xx_misc.o
LOAD release/libaiff/libaiff.o
LOAD release/libaiff/aifx.o
LOAD release/libaiff/extended.o
LOAD release/libaiff/float32.o
LOAD release/libaiff/g711.o
LOAD release/libaiff/iff.o
LOAD release/libaiff/lpcm.o
LOAD release/libaiff/pascal.o
LOAD release/RingBuf/RingBuf.o
LOAD release/sunriset/sunriset.o
LOAD /opt/ti-sdk-am335x-evm-07.00.00.00/linux-devkit/sysroots/i686-arago-linux/usr/bin/../arm-linux-gnueabihf/libc/usr/lib/arm-linux-gnueabihf/4.7.3/libpthread.so
START GROUP
LOAD /opt/ti-sdk-am335x-evm-07.00.00.00/linux-devkit/sysroots/i686-arago-linux/usr/bin/../arm-linux-gnueabihf/libc/usr/lib/arm-linux-gnueabihf/4.7.3/../../lib/libpthread.so.0
LOAD /opt/ti-sdk-am335x-evm-07.00.00.00/linux-devkit/sysroots/i686-arago-linux/usr/bin/../arm-linux-gnueabihf/libc/usr/lib/arm-linux-gnueabihf/4.7.3/./libpthread_nonshared.a
END GROUP
LOAD /opt/ti-sdk-am335x-evm-07.00.00.00/linux-devkit/sysroots/i686-arago-linux/usr/bin/../arm-linux-gnueabihf/libc/usr/lib/arm-linux-gnueabihf/4.7.3/libm.so
LOAD /opt/ti-sdk-am335x-evm-07.00.00.00/linux-devkit/sysroots/i686-arago-linux/usr/bin/../lib/gcc/arm-linux-gnueabihf/4.7.3/libgcc.a
LOAD /opt/ti-sdk-am335x-evm-07.00.00.00/linux-devkit/sysroots/i686-arago-linux/usr/bin/../lib/gcc/arm-linux-gnueabihf/4.7.3/../../../../arm-linux-gnueabihf/lib/libgcc_s.so
START GROUP
LOAD /opt/ti-sdk-am335x-evm-07.00.00.00/linux-devkit/sysroots/i686-arago-linux/usr/bin/../lib/gcc/arm-linux-gnueabihf/4.7.3/../../../../arm-linux-gnueabihf/lib/libgcc_s.so.1
LOAD /opt/ti-sdk-am335x-evm-07.00.00.00/linux-devkit/sysroots/i686-arago-linux/usr/bin/../lib/gcc/arm-linux-gnueabihf/4.7.3/libgcc.a
END GROUP
LOAD /opt/ti-sdk-am335x-evm-07.00.00.00/linux-devkit/sysroots/i686-arago-linux/usr/bin/../arm-linux-gnueabihf/libc/usr/lib/arm-linux-gnueabihf/4.7.3/libc.so
START GROUP
LOAD /opt/ti-sdk-am335x-evm-07.00.00.00/linux-devkit/sysroots/i686-arago-linux/usr/bin/../arm-linux-gnueabihf/libc/usr/lib/arm-linux-gnueabihf/4.7.3/../../lib/libc.so.6
LOAD /opt/ti-sdk-am335x-evm-07.00.00.00/linux-devkit/sysroots/i686-arago-linux/usr/bin/../arm-linux-gnueabihf/libc/usr/lib/arm-linux-gnueabihf/4.7.3/./libc_nonshared.a
LOAD /opt/ti-sdk-am335x-evm-07.00.00.00/linux-devkit/sysroots/i686-arago-linux/usr/bin/../arm-linux-gnueabihf/libc/usr/lib/arm-linux-gnueabihf/4.7.3/../../lib/ld-linux-armhf.so.3
END GROUP
LOAD /opt/ti-sdk-am335x-evm-07.00.00.00/linux-devkit/sysroots/i686-arago-linux/usr/bin/../lib/gcc/arm-linux-gnueabihf/4.7.3/libgcc.a
LOAD /opt/ti-sdk-am335x-evm-07.00.00.00/linux-devkit/sysroots/i686-arago-linux/usr/bin/../lib/gcc/arm-linux-gnueabihf/4.7.3/../../../../arm-linux-gnueabihf/lib/libgcc_s.so
START GROUP
LOAD /opt/ti-sdk-am335x-evm-07.00.00.00/linux-devkit/sysroots/i686-arago-linux/usr/bin/../lib/gcc/arm-linux-gnueabihf/4.7.3/../../../../arm-linux-gnueabihf/lib/libgcc_s.so.1
LOAD /opt/ti-sdk-am335x-evm-07.00.00.00/linux-devkit/sysroots/i686-arago-linux/usr/bin/../lib/gcc/arm-linux-gnueabihf/4.7.3/libgcc.a
END GROUP
LOAD /opt/ti-sdk-am335x-evm-07.00.00.00/linux-devkit/sysroots/i686-arago-linux/usr/bin/../lib/gcc/arm-linux-gnueabihf/4.7.3/crtend.o
LOAD /opt/ti-sdk-am335x-evm-07.00.00.00/linux-devkit/sysroots/i686-arago-linux/usr/bin/../arm-linux-gnueabihf/libc/usr/lib/arm-linux-gnueabihf/4.7.3/crtn.o
                0x00008000                PROVIDE (__executable_start, 0x8000)
                0x00008134                . = (0x8000 + SIZEOF_HEADERS)

.interp         0x00008134       0x19
 *(.interp)
 .interp        0x00008134       0x19 /opt/ti-sdk-am335x-evm-07.00.00.00/linux-devkit/sysroots/i686-arago-linux/usr/bin/../arm-linux-gnueabihf/libc/usr/lib/arm-linux-gnueabihf/4.7.3/crt1.o

.note.ABI-tag   0x00008150       0x20
 .note.ABI-tag  0x00008150       0x20 /opt/ti-sdk-am335x-evm-07.00.00.00/linux-devkit/sysroots/i686-arago-linux/usr/bin/../arm-linux-gnueabihf/libc/usr/lib/arm-linux-gnueabihf/4.7.3/crt1.o

.note.gnu.build-id
                0x00008170       0x24
 *(.note.gnu.build-id)
 .note.gnu.build-id
                0x00008170       0x24 linker stubs

.hash
 *(.hash)

.gnu.hash       0x00008194      0x300
 *(.gnu.hash)
 .gnu.hash      0x00008194      0x300 /opt/ti-sdk-am335x-evm-07.00.00.00/linux-devkit/sysroots/i686-arago-linux/usr/bin/../arm-linux-gnueabihf/libc/usr/lib/arm-linux-gnueabihf/4.7.3/crt1.o

.dynsym         0x00008494      0x3e0
 *(.dynsym)
 .dynsym        0x00008494      0x3e0 /opt/ti-sdk-am335x-evm-07.00.00.00/linux-devkit/sysroots/i686-arago-linux/usr/bin/../arm-linux-gnueabihf/libc/usr/lib/arm-linux-gnueabihf/4.7.3/crt1.o

.dynstr         0x00008874      0x1fa
 *(.dynstr)
 .dynstr        0x00008874      0x1fa /opt/ti-sdk-am335x-evm-07.00.00.00/linux-devkit/sysroots/i686-arago-linux/usr/bin/../arm-linux-gnueabihf/libc/usr/lib/arm-linux-gnueabihf/4.7.3/crt1.o

.gnu.version    0x00008a6e       0x7c
 *(.gnu.version)
 .gnu.version   0x00008a6e       0x7c /opt/ti-sdk-am335x-evm-07.00.00.00/linux-devkit/sysroots/i686-arago-linux/usr/bin/../arm-linux-gnueabihf/libc/usr/lib/arm-linux-gnueabihf/4.7.3/crt1.o

.gnu.version_d  0x00008aec        0x0
 *(.gnu.version_d)
 .gnu.version_d
                0x00000000        0x0 /opt/ti-sdk-am335x-evm-07.00.00.00/linux-devkit/sysroots/i686-arago-linux/usr/bin/../arm-linux-gnueabihf/libc/usr/lib/arm-linux-gnueabihf/4.7.3/crt1.o

.gnu.version_r  0x00008aec       0x60
 *(.gnu.version_r)
 .gnu.version_r
                0x00008aec       0x60 /opt/ti-sdk-am335x-evm-07.00.00.00/linux-devkit/sysroots/i686-arago-linux/usr/bin/../arm-linux-gnueabihf/libc/usr/lib/arm-linux-gnueabihf/4.7.3/crt1.o

.rel.dyn        0x00008b4c       0x30
 *(.rel.init)
 *(.rel.text .rel.text.* .rel.gnu.linkonce.t.*)
 *(.rel.fini)
 *(.rel.rodata .rel.rodata.* .rel.gnu.linkonce.r.*)
 *(.rel.data.rel.ro .rel.data.rel.ro.* .rel.gnu.linkonce.d.rel.ro.*)
 *(.rel.data .rel.data.* .rel.gnu.linkonce.d.*)
 *(.rel.tdata .rel.tdata.* .rel.gnu.linkonce.td.*)
 *(.rel.tbss .rel.tbss.* .rel.gnu.linkonce.tb.*)
 *(.rel.ctors)
 *(.rel.dtors)
 *(.rel.got)
 .rel.got       0x00008b4c        0x8 /opt/ti-sdk-am335x-evm-07.00.00.00/linux-devkit/sysroots/i686-arago-linux/usr/bin/../arm-linux-gnueabihf/libc/usr/lib/arm-linux-gnueabihf/4.7.3/crt1.o
 *(.rel.bss .rel.bss.* .rel.gnu.linkonce.b.*)
 .rel.bss       0x00008b54       0x28 /opt/ti-sdk-am335x-evm-07.00.00.00/linux-devkit/sysroots/i686-arago-linux/usr/bin/../arm-linux-gnueabihf/libc/usr/lib/arm-linux-gnueabihf/4.7.3/crt1.o
                0x00008b7c                PROVIDE (__rel_iplt_start, .)
 *(.rel.iplt)
 .rel.iplt      0x00000000        0x0 /opt/ti-sdk-am335x-evm-07.00.00.00/linux-devkit/sysroots/i686-arago-linux/usr/bin/../arm-linux-gnueabihf/libc/usr/lib/arm-linux-gnueabihf/4.7.3/crt1.o
                0x00008b7c                PROVIDE (__rel_iplt_end, .)
                0x00008b7c                PROVIDE (__rela_iplt_start, .)
                0x00008b7c                PROVIDE (__rela_iplt_end, .)

.rela.dyn       0x00008b7c        0x0
 *(.rela.init)
 *(.rela.text .rela.text.* .rela.gnu.linkonce.t.*)
 *(.rela.fini)
 *(.rela.rodata .rela.rodata.* .rela.gnu.linkonce.r.*)
 *(.rela.data .rela.data.* .rela.gnu.linkonce.d.*)
 *(.rela.tdata .rela.tdata.* .rela.gnu.linkonce.td.*)
 *(.rela.tbss .rela.tbss.* .rela.gnu.linkonce.tb.*)
 *(.rela.ctors)
 *(.rela.dtors)
 *(.rela.got)
 *(.rela.bss .rela.bss.* .rela.gnu.linkonce.b.*)
                0x00008b7c                PROVIDE (__rel_iplt_start, .)
                0x00008b7c                PROVIDE (__rel_iplt_end, .)
                0x00008b7c                PROVIDE (__rela_iplt_start, .)
 *(.rela.iplt)
                0x00008b7c                PROVIDE (__rela_iplt_end, .)

.rel.plt        0x00008b7c      0x1b8
 *(.rel.plt)
 .rel.plt       0x00008b7c      0x1b8 /opt/ti-sdk-am335x-evm-07.00.00.00/linux-devkit/sysroots/i686-arago-linux/usr/bin/../arm-linux-gnueabihf/libc/usr/lib/arm-linux-gnueabihf/4.7.3/crt1.o

.rela.plt
 *(.rela.plt)

.init           0x00008d34        0xa
 *(SORT(.init))
 .init          0x00008d34        0x8 /opt/ti-sdk-am335x-evm-07.00.00.00/linux-devkit/sysroots/i686-arago-linux/usr/bin/../arm-linux-gnueabihf/libc/usr/lib/arm-linux-gnueabihf/4.7.3/crti.o
                0x00008d34                _init
 .init          0x00008d3c        0x2 /opt/ti-sdk-am335x-evm-07.00.00.00/linux-devkit/sysroots/i686-arago-linux/usr/bin/../arm-linux-gnueabihf/libc/usr/lib/arm-linux-gnueabihf/4.7.3/crtn.o

.plt            0x00008d40      0x2ac
 *(.plt)
 .plt           0x00008d40      0x2ac /opt/ti-sdk-am335x-evm-07.00.00.00/linux-devkit/sysroots/i686-arago-linux/usr/bin/../arm-linux-gnueabihf/libc/usr/lib/arm-linux-gnueabihf/4.7.3/crt1.o
                0x00008d54                raise@@GLIBC_2.4
                0x00008d60                setbuf@@GLIBC_2.4
                0x00008d6c                strtol@@GLIBC_2.4
                0x00008d78                memalign@@GLIBC_2.4
                0x00008d84                printf@@GLIBC_2.4
                0x00008d90                fopen@@GLIBC_2.4
                0x00008d9c                fflush@@GLIBC_2.4
                0x00008da8                memmove@@GLIBC_2.4
                0x00008db4                free@@GLIBC_2.4
                0x00008dc0                memcpy@@GLIBC_2.4
                0x00008dcc                _IO_getc@@GLIBC_2.4
                0x00008dd8                sincos@@GLIBC_2.4
                0x00008de4                stpcpy@@GLIBC_2.4
                0x00008df0                perror@@GLIBC_2.4
                0x00008dfc                sigaction@@GLIBC_2.4
                0x00008e08                fwrite@@GLIBC_2.4
                0x00008e14                ioctl@@GLIBC_2.4
                0x00008e20                tcsetattr@@GLIBC_2.4
                0x00008e2c                gettimeofday@@GLIBC_2.4
                0x00008e38                fread@@GLIBC_2.4
                0x00008e44                floor@@GLIBC_2.4
                0x00008e50                acos@@GLIBC_2.4
                0x00008e5c                malloc@@GLIBC_2.4
                0x00008e68                __libc_start_main@@GLIBC_2.4
                0x00008e74                strerror@@GLIBC_2.4
                0x00008e90                open@@GLIBC_2.4
                0x00008e9c                getopt_long@@GLIBC_2.4
                0x00008ea8                getpid@@GLIBC_2.4
                0x00008eb4                exit@@GLIBC_2.4
                0x00008ec0                syscall@@GLIBC_2.4
                0x00008ecc                sin@@GLIBC_2.4
                0x00008ed8                strtoul@@GLIBC_2.4
                0x00008ee4                strlen@@GLIBC_2.4
                0x00008ef0                fprintf@@GLIBC_2.4
                0x00008efc                fcntl@@GLIBC_2.4
                0x00008f08                sqrt@@GLIBC_2.4
                0x00008f14                __errno_location@@GLIBC_2.4
                0x00008f20                memset@@GLIBC_2.4
                0x00008f2c                gmtime@@GLIBC_2.4
                0x00008f38                fgetc@@GLIBC_2.4
                0x00008f44                strtod@@GLIBC_2.4
                0x00008f50                fileno@@GLIBC_2.4
                0x00008f5c                fclose@@GLIBC_2.4
                0x00008f68                frexp@@GLIBC_2.4
                0x00008f74                sigemptyset@@GLIBC_2.4
                0x00008f80                fputc@@GLIBC_2.4
                0x00008f8c                sprintf@@GLIBC_2.4
                0x00008f98                timegm@@GLIBC_2.4
                0x00008fa4                ldexp@@GLIBC_2.4
                0x00008fb0                fseek@@GLIBC_2.4
                0x00008fbc                abort@@GLIBC_2.4
                0x00008fc8                close@@GLIBC_2.4
                0x00008fd4                atan2@@GLIBC_2.4
                0x00008fe0                tcgetattr@@GLIBC_2.4

.iplt           0x00008fec        0x0
 *(.iplt)
 .iplt          0x00000000        0x0 /opt/ti-sdk-am335x-evm-07.00.00.00/linux-devkit/sysroots/i686-arago-linux/usr/bin/../arm-linux-gnueabihf/libc/usr/lib/arm-linux-gnueabihf/4.7.3/crt1.o

.text           0x00008ff0     0x78cc
 *(.text.unlikely .text.*_unlikely)
 *(.text.exit .text.exit.*)
 *(.text.startup .text.startup.*)
 .text.startup  0x00008ff0      0xe7c release/main.o
                0x00008ff0                main
 *(.text.hot .text.hot.*)
 *(.text .stub .text.* .gnu.linkonce.t.*)
 .text          0x00009e6c       0x38 /opt/ti-sdk-am335x-evm-07.00.00.00/linux-devkit/sysroots/i686-arago-linux/usr/bin/../arm-linux-gnueabihf/libc/usr/lib/arm-linux-gnueabihf/4.7.3/crt1.o
                0x00009e6c                _start
 .text          0x00009ea4       0x18 /opt/ti-sdk-am335x-evm-07.00.00.00/linux-devkit/sysroots/i686-arago-linux/usr/bin/../arm-linux-gnueabihf/libc/usr/lib/arm-linux-gnueabihf/4.7.3/crti.o
 .text          0x00009ebc       0x88 /opt/ti-sdk-am335x-evm-07.00.00.00/linux-devkit/sysroots/i686-arago-linux/usr/bin/../lib/gcc/arm-linux-gnueabihf/4.7.3/crtbegin.o
 .text          0x00009f44       0x14 release/main.o
 .text          0x00009f58      0xfe8 release/recorder_helpers.o
                0x00009f58                isInStreamEmpty
                0x00009ff0                isInAIODone
                0x0000a0ac                ledIndicators
                0x0000a0dc                updateStatusLed
                0x0000a180                getTime
                0x0000a1a8                getTimeEpoch
                0x0000a1f0                timestamp
                0x0000a2c0                getPresentTime
                0x0000a2e8                createChanMask
                0x0000a510                configChan
                0x0000a674                initTrig
                0x0000a754                configTrig
                0x0000a7b4                calcSunUpDown
                0x0000a9d4                checkID
                0x0000aa04                checkRate
                0x0000aa48                openStream
                0x0000aae0                openAIN
                0x0000ab88                setMetadata
                0x0000ac54                getFileQueue
                0x0000ac98                writeFileQueue
 .text          0x0000af40      0x9d8 release/dt78xx_aio.o
                0x0000af40                aio_wait
                0x0000b148                aio_start
                0x0000b1e8                aio_stop
                0x0000b2d0                aio_buff_free
                0x0000b36c                aio_buff_alloc
                0x0000b67c                aio_create
                0x0000b73c                aio_destroy
                0x0000b7f0                aio_buff_size
 .text          0x0000b918      0x228 release/dt78xx_misc.o
                0x0000b918                sigaction_register
                0x0000b974                file_sigaction_register
                0x0000ba50                kbhit
                0x0000bb00                kbfini
 .text          0x0000bb40     0x1e48 release/libaiff/libaiff.o
                0x0000bb40                AIFF_OpenFile
                0x0000bdc0                AIFF_CloseFile
                0x0000bf20                AIFF_GetAttribute
                0x0000bfb0                AIFF_ReadMarker
                0x0000c054                AIFF_GetInstrumentData
                0x0000c0e8                AIFF_GetAudioFormat
                0x0000c164                AIFF_ReadSamples
                0x0000c25c                AIFF_ReadSamplesFloat
                0x0000c36c                AIFF_Seek
                0x0000c498                AIFF_ReadSamples32Bit
                0x0000c9c8                AIFF_SetAttribute
                0x0000c9e8                AIFF_SetAudioFormat
                0x0000cbac                AIFF_StartWritingSamples
                0x0000cc70                AIFF_WriteSamples
                0x0000cdb4                AIFF_WriteSamples32Bit
                0x0000d1f8                AIFF_EndWritingSamples
                0x0000d488                AIFF_StartWritingMarkers
                0x0000d548                AIFF_WriteMarker
                0x0000d664                AIFF_EndWritingMarkers
                0x0000d774                AIFF_CloneAttributes
                0x0000d92c                AIFFAssertionFailed
 .text          0x0000d988      0x828 release/libaiff/aifx.o
                0x0000d988                init_aifx
                0x0000dca8                read_aifx_marker
                0x0000de40                get_aifx_instrument
                0x0000e03c                do_aifx_prepare
                0x0000e12c                get_aifx_enc_name
 .text          0x0000e1b0      0x2b0 release/libaiff/extended.o
                0x0000e1b0                ieee754_write_extended
                0x0000e348                ieee754_read_extended
 .text          0x0000e460      0x440 release/libaiff/float32.o
 .text          0x0000e8a0      0x2ec release/libaiff/g711.o
 .text          0x0000eb8c      0x4b4 release/libaiff/iff.o
                0x0000eb8c                find_iff_chunk
                0x0000ecbc                get_iff_attribute
                0x0000ed44                set_iff_attribute
                0x0000ee10                clone_iff_attributes
 .text          0x0000f040      0x5b4 release/libaiff/lpcm.o
                0x0000f0a0                lpcm_swap_samples
                0x0000f3d4                lpcm_dequant
 .text          0x0000f5f4      0x134 release/libaiff/pascal.o
                0x0000f5f4                PASCALInGetLength
                0x0000f614                PASCALInRead
                0x0000f6a4                PASCALOutGetLength
                0x0000f6c8                PASCALOutWrite
 .text          0x0000f728      0x3c8 release/RingBuf/RingBuf.o
                0x0000f728                RingBufNextEndIndex
                0x0000f774                RingBufIncrEnd
                0x0000f798                RingBufIncrStart
                0x0000f7bc                RingBufPeek
                0x0000f810                RingBufNumElements
                0x0000f818                RingBufIsFull
                0x0000f830                RingBufIsEmpty
                0x0000f840                RingBufPull
                0x0000f8b8                RingBufAdd
                0x0000f924                RingBuf_new
                0x0000fa0c                RingBuf_init
                0x0000fad0                RingBuf_delete
 .text          0x0000faf0      0x850 release/sunriset/sunriset.o
                0x0000faf0                sunpos
                0x0000fc68                __daylen__
                0x0000fe48                day_astronomical_twilight_length
                0x0000fe54                day_nautical_twilight_length
                0x0000fe60                day_civil_twilight_length
                0x0000fe6c                day_length
                0x0000fe80                sun_RA_dec
                0x0000ff80                __sunriset__
                0x000101b8                astronomical_twilight
                0x000101e0                nautical_twilight
                0x00010208                civil_twilight
                0x00010230                sun_rise_set
                0x00010260                revolution
                0x000102a0                rev180
                0x000102e8                GMST0
 .text          0x00010340      0x278 /opt/ti-sdk-am335x-evm-07.00.00.00/linux-devkit/sysroots/i686-arago-linux/usr/bin/../lib/gcc/arm-linux-gnueabihf/4.7.3/libgcc.a(_udivsi3.o)
                0x00010340                __aeabi_uidiv
                0x00010340                __udivsi3
                0x0001059c                __aeabi_uidivmod
 .text          0x000105b8      0x2b0 /opt/ti-sdk-am335x-evm-07.00.00.00/linux-devkit/sysroots/i686-arago-linux/usr/bin/../lib/gcc/arm-linux-gnueabihf/4.7.3/libgcc.a(_divsi3.o)
                0x000105b8                __divsi3
                0x000105b8                __aeabi_idiv
                0x0001084c                __aeabi_idivmod
 .text          0x00010868        0xc /opt/ti-sdk-am335x-evm-07.00.00.00/linux-devkit/sysroots/i686-arago-linux/usr/bin/../lib/gcc/arm-linux-gnueabihf/4.7.3/libgcc.a(_dvmd_lnx.o)
                0x00010868                __aeabi_ldiv0
                0x00010868                __aeabi_idiv0
 .text          0x00010874       0x48 /opt/ti-sdk-am335x-evm-07.00.00.00/linux-devkit/sysroots/i686-arago-linux/usr/bin/../arm-linux-gnueabihf/libc/usr/lib/arm-linux-gnueabihf/4.7.3/./libc_nonshared.a(elf-init.oS)
                0x00010874                __libc_csu_init
                0x000108b8                __libc_csu_fini
 .text          0x000108bc        0x0 /opt/ti-sdk-am335x-evm-07.00.00.00/linux-devkit/sysroots/i686-arago-linux/usr/bin/../lib/gcc/arm-linux-gnueabihf/4.7.3/crtend.o
 .text          0x000108bc        0x0 /opt/ti-sdk-am335x-evm-07.00.00.00/linux-devkit/sysroots/i686-arago-linux/usr/bin/../arm-linux-gnueabihf/libc/usr/lib/arm-linux-gnueabihf/4.7.3/crtn.o
 *(.gnu.warning)
 *(.glue_7t)
 .glue_7t       0x00000000        0x0 linker stubs
 *(.glue_7)
 .glue_7        0x00000000        0x0 linker stubs
 *(.vfp11_veneer)
 .vfp11_veneer  0x00000000        0x0 linker stubs
 *(.v4_bx)
 .v4_bx         0x00000000        0x0 linker stubs

.fini           0x000108bc        0x6
 *(SORT(.fini))
 .fini          0x000108bc        0x4 /opt/ti-sdk-am335x-evm-07.00.00.00/linux-devkit/sysroots/i686-arago-linux/usr/bin/../arm-linux-gnueabihf/libc/usr/lib/arm-linux-gnueabihf/4.7.3/crti.o
                0x000108bc                _fini
 .fini          0x000108c0        0x2 /opt/ti-sdk-am335x-evm-07.00.00.00/linux-devkit/sysroots/i686-arago-linux/usr/bin/../arm-linux-gnueabihf/libc/usr/lib/arm-linux-gnueabihf/4.7.3/crtn.o
                0x000108c2                PROVIDE (__etext, .)
                0x000108c2                PROVIDE (_etext, .)
                0x000108c2                PROVIDE (etext, .)

.rodata         0x000108c8     0x1698
 *(.rodata .rodata.* .gnu.linkonce.r.*)
 .rodata.cst4   0x000108c8        0x4 /opt/ti-sdk-am335x-evm-07.00.00.00/linux-devkit/sysroots/i686-arago-linux/usr/bin/../arm-linux-gnueabihf/libc/usr/lib/arm-linux-gnueabihf/4.7.3/crt1.o
                0x000108c8                _IO_stdin_used
 *fill*         0x000108cc        0x4 
 .rodata        0x000108d0      0x7d0 release/main.o
 .rodata.str1.4
                0x000110a0      0x417 release/main.o
                                0x418 (size before relaxing)
 *fill*         0x000114b7        0x1 
 .rodata        0x000114b8      0x7d0 release/recorder_helpers.o
 .rodata.str1.4
                0x00011c88       0xb0 release/recorder_helpers.o
 .rodata        0x00011d38       0x10 release/dt78xx_aio.o
 .rodata.str1.4
                0x00011d48       0x85 release/dt78xx_aio.o
                                 0x88 (size before relaxing)
 *fill*         0x00011dcd        0x3 
 .rodata.str1.4
                0x00011dd0       0x20 release/dt78xx_misc.o
 .rodata        0x00011df0        0x4 release/libaiff/libaiff.o
 .rodata.str1.4
                0x00011df4       0x6e release/libaiff/libaiff.o
                                 0x70 (size before relaxing)
 *fill*         0x00011e62        0x2 
 .rodata.str1.4
                0x00011e64       0xe8 release/libaiff/aifx.o
 *fill*         0x00011f4c        0x4 
 .rodata        0x00011f50       0x10 release/libaiff/iff.o

.rodata1
 *(.rodata1)

.ARM.extab      0x00011f60        0x0
 *(.ARM.extab* .gnu.linkonce.armextab.*)
 .ARM.extab     0x00011f60        0x0 /opt/ti-sdk-am335x-evm-07.00.00.00/linux-devkit/sysroots/i686-arago-linux/usr/bin/../arm-linux-gnueabihf/libc/usr/lib/arm-linux-gnueabihf/4.7.3/crt1.o
                0x00011f60                PROVIDE (__exidx_start, .)

.ARM.exidx      0x00011f60        0x8
 *(.ARM.exidx* .gnu.linkonce.armexidx.*)
 .ARM.exidx     0x00011f60        0x8 /opt/ti-sdk-am335x-evm-07.00.00.00/linux-devkit/sysroots/i686-arago-linux/usr/bin/../arm-linux-gnueabihf/libc/usr/lib/arm-linux-gnueabihf/4.7.3/crt1.o
                0x00011f68                PROVIDE (__exidx_end, .)

.eh_frame_hdr   0x00011f68        0x0
 *(.eh_frame_hdr)
 .eh_frame_hdr  0x00000000        0x0 /opt/ti-sdk-am335x-evm-07.00.00.00/linux-devkit/sysroots/i686-arago-linux/usr/bin/../arm-linux-gnueabihf/libc/usr/lib/arm-linux-gnueabihf/4.7.3/crtn.o

.eh_frame       0x00011f68        0x4
 *(.eh_frame)
 .eh_frame      0x00011f68        0x4 /opt/ti-sdk-am335x-evm-07.00.00.00/linux-devkit/sysroots/i686-arago-linux/usr/bin/../lib/gcc/arm-linux-gnueabihf/4.7.3/crtend.o

.gcc_except_table
 *(.gcc_except_table .gcc_except_table.*)

.exception_ranges
 *(.exception_ranges .exception_ranges*)
                0x00011f6c                . = (ALIGN (0x8000) - ((0x8000 - .) & 0x7fff))
                0x0001a000                . = DATA_SEGMENT_ALIGN (0x8000, 0x1000)

.eh_frame
 *(.eh_frame)

.gcc_except_table
 *(.gcc_except_table .gcc_except_table.*)

.exception_ranges
 *(.exception_ranges .exception_ranges*)

.tdata
 *(.tdata .tdata.* .gnu.linkonce.td.*)

.tbss
 *(.tbss .tbss.* .gnu.linkonce.tb.*)
 *(.tcommon)

.preinit_array  0x0001a000        0x0
                0x0001a000                PROVIDE (__preinit_array_start, .)
 *(.preinit_array)
                0x0001a000                PROVIDE (__preinit_array_end, .)

.init_array     0x0001a000        0x4
                0x0001a000                PROVIDE (__init_array_start, .)
 *(SORT(.init_array.*))
 *(.init_array)
 .init_array    0x0001a000        0x4 /opt/ti-sdk-am335x-evm-07.00.00.00/linux-devkit/sysroots/i686-arago-linux/usr/bin/../lib/gcc/arm-linux-gnueabihf/4.7.3/crtbegin.o
                0x0001a004                PROVIDE (__init_array_end, .)

.fini_array     0x0001a004        0x4
                0x0001a004                PROVIDE (__fini_array_start, .)
 *(SORT(.fini_array.*))
 *(.fini_array)
 .fini_array    0x0001a004        0x4 /opt/ti-sdk-am335x-evm-07.00.00.00/linux-devkit/sysroots/i686-arago-linux/usr/bin/../lib/gcc/arm-linux-gnueabihf/4.7.3/crtbegin.o
                0x0001a008                PROVIDE (__fini_array_end, .)

.ctors
 *crtbegin.o(.ctors)
 *crtbegin?.o(.ctors)
 *(EXCLUDE_FILE(*crtend?.o *crtend.o) .ctors)
 *(SORT(.ctors.*))
 *(.ctors)

.dtors
 *crtbegin.o(.dtors)
 *crtbegin?.o(.dtors)
 *(EXCLUDE_FILE(*crtend?.o *crtend.o) .dtors)
 *(SORT(.dtors.*))
 *(.dtors)

.jcr            0x0001a008        0x4
 *(.jcr)
 .jcr           0x0001a008        0x0 /opt/ti-sdk-am335x-evm-07.00.00.00/linux-devkit/sysroots/i686-arago-linux/usr/bin/../lib/gcc/arm-linux-gnueabihf/4.7.3/crtbegin.o
 .jcr           0x0001a008        0x4 /opt/ti-sdk-am335x-evm-07.00.00.00/linux-devkit/sysroots/i686-arago-linux/usr/bin/../lib/gcc/arm-linux-gnueabihf/4.7.3/crtend.o

.data.rel.ro
 *(.data.rel.ro.local* .gnu.linkonce.d.rel.ro.local.*)
 *(.data.rel.ro .data.rel.ro.* .gnu.linkonce.d.rel.ro.*)

.dynamic        0x0001a00c       0xf8
 *(.dynamic)
 .dynamic       0x0001a00c       0xf8 /opt/ti-sdk-am335x-evm-07.00.00.00/linux-devkit/sysroots/i686-arago-linux/usr/bin/../arm-linux-gnueabihf/libc/usr/lib/arm-linux-gnueabihf/4.7.3/crt1.o
                0x0001a00c                _DYNAMIC
                0x0001a104                . = DATA_SEGMENT_RELRO_END (., 0x0)

.got            0x0001a104       0xec
 *(.got.plt)
 .got.plt       0x0001a104       0xe8 /opt/ti-sdk-am335x-evm-07.00.00.00/linux-devkit/sysroots/i686-arago-linux/usr/bin/../arm-linux-gnueabihf/libc/usr/lib/arm-linux-gnueabihf/4.7.3/crt1.o
                0x0001a104                _GLOBAL_OFFSET_TABLE_
 *(.igot.plt)
 .igot.plt      0x00000000        0x0 /opt/ti-sdk-am335x-evm-07.00.00.00/linux-devkit/sysroots/i686-arago-linux/usr/bin/../arm-linux-gnueabihf/libc/usr/lib/arm-linux-gnueabihf/4.7.3/crt1.o
 *(.got)
 .got           0x0001a1ec        0x4 /opt/ti-sdk-am335x-evm-07.00.00.00/linux-devkit/sysroots/i686-arago-linux/usr/bin/../arm-linux-gnueabihf/libc/usr/lib/arm-linux-gnueabihf/4.7.3/crt1.o
 *(.igot)

.data           0x0001a1f0      0x198
                0x0001a1f0                PROVIDE (__data_start, .)
 *(.data .data.* .gnu.linkonce.d.*)
 .data          0x0001a1f0        0x4 /opt/ti-sdk-am335x-evm-07.00.00.00/linux-devkit/sysroots/i686-arago-linux/usr/bin/../arm-linux-gnueabihf/libc/usr/lib/arm-linux-gnueabihf/4.7.3/crt1.o
                0x0001a1f0                data_start
                0x0001a1f0                __data_start
 .data          0x0001a1f4        0x0 /opt/ti-sdk-am335x-evm-07.00.00.00/linux-devkit/sysroots/i686-arago-linux/usr/bin/../arm-linux-gnueabihf/libc/usr/lib/arm-linux-gnueabihf/4.7.3/crti.o
 .data          0x0001a1f4        0x4 /opt/ti-sdk-am335x-evm-07.00.00.00/linux-devkit/sysroots/i686-arago-linux/usr/bin/../lib/gcc/arm-linux-gnueabihf/4.7.3/crtbegin.o
                0x0001a1f4                __dso_handle
 .data          0x0001a1f8       0xe8 release/main.o
                0x0001a1f8                fileSeconds
                0x0001a1fc                fileSamples
                0x0001a200                fileBuffers
                0x0001a204                bufferSamples
                0x0001a208                durationDays
                0x0001a20c                autoTrigger
                0x0001a210                numChannels
                0x0001a214                chanSamples
                0x0001a218                safetyMargin
                0x0001a220                lat
                0x0001a228                lon
                0x0001a2d0                inStream
                0x0001a2d4                aInput
                0x0001a2d8                outStream
 .data          0x0001a2e0        0x0 release/recorder_helpers.o
 .data          0x0001a2e0        0x0 release/dt78xx_aio.o
 .data          0x0001a2e0        0x0 release/dt78xx_misc.o
 .data          0x0001a2e0       0x18 release/libaiff/libaiff.o
 .data          0x0001a2f8       0x30 release/libaiff/aifx.o
 .data          0x0001a328        0x0 release/libaiff/extended.o
 .data          0x0001a328       0x18 release/libaiff/float32.o
                0x0001a328                float32
 .data          0x0001a340       0x30 release/libaiff/g711.o
                0x0001a340                alaw
                0x0001a358                ulaw
 .data          0x0001a370        0x0 release/libaiff/iff.o
 .data          0x0001a370       0x18 release/libaiff/lpcm.o
                0x0001a370                lpcm
 .data          0x0001a388        0x0 release/libaiff/pascal.o
 .data          0x0001a388        0x0 release/RingBuf/RingBuf.o
 .data          0x0001a388        0x0 release/sunriset/sunriset.o
 .data          0x0001a388        0x0 /opt/ti-sdk-am335x-evm-07.00.00.00/linux-devkit/sysroots/i686-arago-linux/usr/bin/../lib/gcc/arm-linux-gnueabihf/4.7.3/libgcc.a(_udivsi3.o)
 .data          0x0001a388        0x0 /opt/ti-sdk-am335x-evm-07.00.00.00/linux-devkit/sysroots/i686-arago-linux/usr/bin/../lib/gcc/arm-linux-gnueabihf/4.7.3/libgcc.a(_divsi3.o)
 .data          0x0001a388        0x0 /opt/ti-sdk-am335x-evm-07.00.00.00/linux-devkit/sysroots/i686-arago-linux/usr/bin/../lib/gcc/arm-linux-gnueabihf/4.7.3/libgcc.a(_dvmd_lnx.o)
 .data          0x0001a388        0x0 /opt/ti-sdk-am335x-evm-07.00.00.00/linux-devkit/sysroots/i686-arago-linux/usr/bin/../arm-linux-gnueabihf/libc/usr/lib/arm-linux-gnueabihf/4.7.3/./libc_nonshared.a(elf-init.oS)
 .data          0x0001a388        0x0 /opt/ti-sdk-am335x-evm-07.00.00.00/linux-devkit/sysroots/i686-arago-linux/usr/bin/../lib/gcc/arm-linux-gnueabihf/4.7.3/crtend.o
 .data          0x0001a388        0x0 /opt/ti-sdk-am335x-evm-07.00.00.00/linux-devkit/sysroots/i686-arago-linux/usr/bin/../arm-linux-gnueabihf/libc/usr/lib/arm-linux-gnueabihf/4.7.3/crtn.o

.tm_clone_table
                0x0001a388        0x0
 .tm_clone_table
                0x0001a388        0x0 /opt/ti-sdk-am335x-evm-07.00.00.00/linux-devkit/sysroots/i686-arago-linux/usr/bin/../lib/gcc/arm-linux-gnueabihf/4.7.3/crtbegin.o
 .tm_clone_table
                0x0001a388        0x0 /opt/ti-sdk-am335x-evm-07.00.00.00/linux-devkit/sysroots/i686-arago-linux/usr/bin/../lib/gcc/arm-linux-gnueabihf/4.7.3/crtend.o

.data1
 *(.data1)
                0x0001a388                _edata = .
                0x0001a388                PROVIDE (edata, .)
                0x0001a388                . = .
                0x0001a388                __bss_start = .
                0x0001a388                __bss_start__ = .

.bss            0x0001a388       0x84
 *(.dynbss)
 .dynbss        0x0001a388       0x1c /opt/ti-sdk-am335x-evm-07.00.00.00/linux-devkit/sysroots/i686-arago-linux/usr/bin/../arm-linux-gnueabihf/libc/usr/lib/arm-linux-gnueabihf/4.7.3/crt1.o
                0x0001a388                optind@@GLIBC_2.4
                0x0001a390                stderr@@GLIBC_2.4
                0x0001a398                stdin@@GLIBC_2.4
                0x0001a39c                stdout@@GLIBC_2.4
                0x0001a3a0                optarg@@GLIBC_2.4
 *(.bss .bss.* .gnu.linkonce.b.*)
 .bss           0x0001a3a4        0x0 /opt/ti-sdk-am335x-evm-07.00.00.00/linux-devkit/sysroots/i686-arago-linux/usr/bin/../arm-linux-gnueabihf/libc/usr/lib/arm-linux-gnueabihf/4.7.3/crt1.o
 .bss           0x0001a3a4        0x0 /opt/ti-sdk-am335x-evm-07.00.00.00/linux-devkit/sysroots/i686-arago-linux/usr/bin/../arm-linux-gnueabihf/libc/usr/lib/arm-linux-gnueabihf/4.7.3/crti.o
 .bss           0x0001a3a4        0x1 /opt/ti-sdk-am335x-evm-07.00.00.00/linux-devkit/sysroots/i686-arago-linux/usr/bin/../lib/gcc/arm-linux-gnueabihf/4.7.3/crtbegin.o
 *fill*         0x0001a3a5        0x3 
 .bss           0x0001a3a8        0x8 release/main.o
                0x0001a3ac                nightCycle
 .bss           0x0001a3b0        0xc release/recorder_helpers.o
 .bss           0x0001a3bc        0x0 release/dt78xx_aio.o
 .bss           0x0001a3bc       0x40 release/dt78xx_misc.o
 .bss           0x0001a3fc        0x0 release/libaiff/libaiff.o
 .bss           0x0001a3fc        0x0 release/libaiff/aifx.o
 .bss           0x0001a3fc        0x0 release/libaiff/extended.o
 .bss           0x0001a3fc        0x0 release/libaiff/float32.o
 .bss           0x0001a3fc        0x0 release/libaiff/g711.o
 .bss           0x0001a3fc        0x0 release/libaiff/iff.o
 .bss           0x0001a3fc        0x0 release/libaiff/lpcm.o
 .bss           0x0001a3fc        0x0 release/libaiff/pascal.o
 .bss           0x0001a3fc        0x0 release/RingBuf/RingBuf.o
 .bss           0x0001a3fc        0x0 release/sunriset/sunriset.o
 .bss           0x0001a3fc        0x0 /opt/ti-sdk-am335x-evm-07.00.00.00/linux-devkit/sysroots/i686-arago-linux/usr/bin/../lib/gcc/arm-linux-gnueabihf/4.7.3/libgcc.a(_udivsi3.o)
 .bss           0x0001a3fc        0x0 /opt/ti-sdk-am335x-evm-07.00.00.00/linux-devkit/sysroots/i686-arago-linux/usr/bin/../lib/gcc/arm-linux-gnueabihf/4.7.3/libgcc.a(_divsi3.o)
 .bss           0x0001a3fc        0x0 /opt/ti-sdk-am335x-evm-07.00.00.00/linux-devkit/sysroots/i686-arago-linux/usr/bin/../lib/gcc/arm-linux-gnueabihf/4.7.3/libgcc.a(_dvmd_lnx.o)
 .bss           0x0001a3fc        0x0 /opt/ti-sdk-am335x-evm-07.00.00.00/linux-devkit/sysroots/i686-arago-linux/usr/bin/../arm-linux-gnueabihf/libc/usr/lib/arm-linux-gnueabihf/4.7.3/./libc_nonshared.a(elf-init.oS)
 .bss           0x0001a3fc        0x0 /opt/ti-sdk-am335x-evm-07.00.00.00/linux-devkit/sysroots/i686-arago-linux/usr/bin/../lib/gcc/arm-linux-gnueabihf/4.7.3/crtend.o
 .bss           0x0001a3fc        0x0 /opt/ti-sdk-am335x-evm-07.00.00.00/linux-devkit/sysroots/i686-arago-linux/usr/bin/../arm-linux-gnueabihf/libc/usr/lib/arm-linux-gnueabihf/4.7.3/crtn.o
 *(COMMON)
 COMMON         0x0001a3fc       0x10 release/main.o
                0x0001a3fc                inAIO
                0x0001a400                g_led_count
                0x0001a404                inBuffer
                0x0001a408                chanMask
                0x0001a40c                . = ALIGN ((. != 0x0)?0x4:0x1)
                0x0001a40c                _bss_end__ = .
                0x0001a40c                __bss_end__ = .
                0x0001a40c                . = ALIGN (0x4)
                0x0001a40c                . = ALIGN (0x4)
                0x0001a40c                __end__ = .
                0x0001a40c                _end = .
                0x0001a40c                PROVIDE (end, .)
                0x0001a40c                . = DATA_SEGMENT_END (.)

.stab
 *(.stab)

.stabstr
 *(.stabstr)

.stab.excl
 *(.stab.excl)

.stab.exclstr
 *(.stab.exclstr)

.stab.index
 *(.stab.index)

.stab.indexstr
 *(.stab.indexstr)

.comment        0x00000000       0x68
 *(.comment)
 .comment       0x00000000       0x68 release/main.o
                                 0x69 (size before relaxing)
 .comment       0x00000000       0x69 release/recorder_helpers.o
 .comment       0x00000000       0x69 release/dt78xx_aio.o
 .comment       0x00000000       0x69 release/dt78xx_misc.o
 .comment       0x00000000       0x69 release/libaiff/libaiff.o
 .comment       0x00000000       0x69 release/libaiff/aifx.o
 .comment       0x00000000       0x69 release/libaiff/extended.o
 .comment       0x00000000       0x69 release/libaiff/float32.o
 .comment       0x00000000       0x69 release/libaiff/g711.o
 .comment       0x00000000       0x69 release/libaiff/iff.o
 .comment       0x00000000       0x69 release/libaiff/lpcm.o
 .comment       0x00000000       0x69 release/libaiff/pascal.o
 .comment       0x00000000       0x69 release/RingBuf/RingBuf.o
 .comment       0x00000000       0x69 release/sunriset/sunriset.o

.ARM.attributes
                0x00000000       0x37
 .ARM.attributes
                0x00000000       0x35 /opt/ti-sdk-am335x-evm-07.00.00.00/linux-devkit/sysroots/i686-arago-linux/usr/bin/../arm-linux-gnueabihf/libc/usr/lib/arm-linux-gnueabihf/4.7.3/crt1.o
 .ARM.attributes
                0x00000035       0x37 /opt/ti-sdk-am335x-evm-07.00.00.00/linux-devkit/sysroots/i686-arago-linux/usr/bin/../arm-linux-gnueabihf/libc/usr/lib/arm-linux-gnueabihf/4.7.3/crti.o
 .ARM.attributes
                0x0000006c       0x35 /opt/ti-sdk-am335x-evm-07.00.00.00/linux-devkit/sysroots/i686-arago-linux/usr/bin/../lib/gcc/arm-linux-gnueabihf/4.7.3/crtbegin.o
 .ARM.attributes
                0x000000a1       0x37 release/main.o
 .ARM.attributes
                0x000000d8       0x37 release/recorder_helpers.o
 .ARM.attributes
                0x0000010f       0x37 release/dt78xx_aio.o
 .ARM.attributes
                0x00000146       0x37 release/dt78xx_misc.o
 .ARM.attributes
                0x0000017d       0x37 release/libaiff/libaiff.o
 .ARM.attributes
                0x000001b4       0x37 release/libaiff/aifx.o
 .ARM.attributes
                0x000001eb       0x37 release/libaiff/extended.o
 .ARM.attributes
                0x00000222       0x37 release/libaiff/float32.o
 .ARM.attributes
                0x00000259       0x37 release/libaiff/g711.o
 .ARM.attributes
                0x00000290       0x37 release/libaiff/iff.o
 .ARM.attributes
                0x000002c7       0x37 release/libaiff/lpcm.o
 .ARM.attributes
                0x000002fe       0x37 release/libaiff/pascal.o
 .ARM.attributes
                0x00000335       0x37 release/RingBuf/RingBuf.o
 .ARM.attributes
                0x0000036c       0x37 release/sunriset/sunriset.o
 .ARM.attributes
                0x000003a3       0x21 /opt/ti-sdk-am335x-evm-07.00.00.00/linux-devkit/sysroots/i686-arago-linux/usr/bin/../lib/gcc/arm-linux-gnueabihf/4.7.3/libgcc.a(_udivsi3.o)
 .ARM.attributes
                0x000003c4       0x21 /opt/ti-sdk-am335x-evm-07.00.00.00/linux-devkit/sysroots/i686-arago-linux/usr/bin/../lib/gcc/arm-linux-gnueabihf/4.7.3/libgcc.a(_divsi3.o)
 .ARM.attributes
                0x000003e5       0x21 /opt/ti-sdk-am335x-evm-07.00.00.00/linux-devkit/sysroots/i686-arago-linux/usr/bin/../lib/gcc/arm-linux-gnueabihf/4.7.3/libgcc.a(_dvmd_lnx.o)
 .ARM.attributes
                0x00000406       0x37 /opt/ti-sdk-am335x-evm-07.00.00.00/linux-devkit/sysroots/i686-arago-linux/usr/bin/../arm-linux-gnueabihf/libc/usr/lib/arm-linux-gnueabihf/4.7.3/./libc_nonshared.a(elf-init.oS)
 .ARM.attributes
                0x0000043d       0x35 /opt/ti-sdk-am335x-evm-07.00.00.00/linux-devkit/sysroots/i686-arago-linux/usr/bin/../lib/gcc/arm-linux-gnueabihf/4.7.3/crtend.o
 .ARM.attributes
                0x00000472       0x37 /opt/ti-sdk-am335x-evm-07.00.00.00/linux-devkit/sysroots/i686-arago-linux/usr/bin/../arm-linux-gnueabihf/libc/usr/lib/arm-linux-gnueabihf/4.7.3/crtn.o

.debug
 *(.debug)

.line
 *(.line)

.debug_srcinfo
 *(.debug_srcinfo)

.debug_sfnames
 *(.debug_sfnames)

.debug_aranges
 *(.debug_aranges)

.debug_pubnames
 *(.debug_pubnames)

.debug_info
 *(.debug_info .gnu.linkonce.wi.*)

.debug_abbrev
 *(.debug_abbrev)

.debug_line
 *(.debug_line)

.debug_frame    0x00000000       0x40
 *(.debug_frame)
 .debug_frame   0x00000000       0x20 /opt/ti-sdk-am335x-evm-07.00.00.00/linux-devkit/sysroots/i686-arago-linux/usr/bin/../lib/gcc/arm-linux-gnueabihf/4.7.3/libgcc.a(_udivsi3.o)
 .debug_frame   0x00000020       0x20 /opt/ti-sdk-am335x-evm-07.00.00.00/linux-devkit/sysroots/i686-arago-linux/usr/bin/../lib/gcc/arm-linux-gnueabihf/4.7.3/libgcc.a(_divsi3.o)

.debug_str
 *(.debug_str)

.debug_loc
 *(.debug_loc)

.debug_macinfo
 *(.debug_macinfo)

.debug_weaknames
 *(.debug_weaknames)

.debug_funcnames
 *(.debug_funcnames)

.debug_typenames
 *(.debug_typenames)

.debug_varnames
 *(.debug_varnames)

.debug_pubtypes
 *(.debug_pubtypes)

.debug_ranges
 *(.debug_ranges)

.debug_macro
 *(.debug_macro)

.gnu.attributes
 *(.gnu.attributes)

.note.gnu.arm.ident
 *(.note.gnu.arm.ident)

/DISCARD/
 *(.note.GNU-stack)
 *(.gnu_debuglink)
 *(.gnu.lto_*)
OUTPUT(release/recorder elf32-littlearm)
