Archive member included because of file (symbol)

/opt/ti-sdk-am335x-evm-07.00.00.00/linux-devkit/sysroots/i686-arago-linux/usr/bin/../arm-linux-gnueabihf/libc/usr/lib/arm-linux-gnueabihf/4.7.3/libpthread.a(ptw-close.o)
                              release/main.o (close)
/opt/ti-sdk-am335x-evm-07.00.00.00/linux-devkit/sysroots/i686-arago-linux/usr/bin/../arm-linux-gnueabihf/libc/usr/lib/arm-linux-gnueabihf/4.7.3/libpthread.a(ptw-fcntl.o)
                              release/dt78xx_misc.o (fcntl)
/opt/ti-sdk-am335x-evm-07.00.00.00/linux-devkit/sysroots/i686-arago-linux/usr/bin/../arm-linux-gnueabihf/libc/usr/lib/arm-linux-gnueabihf/4.7.3/libpthread.a(ptw-open.o)
                              release/recorder_helpers.o (open)
/opt/ti-sdk-am335x-evm-07.00.00.00/linux-devkit/sysroots/i686-arago-linux/usr/bin/../arm-linux-gnueabihf/libc/usr/lib/arm-linux-gnueabihf/4.7.3/libpthread.a(sigaction.o)
                              release/dt78xx_misc.o (sigaction)
/opt/ti-sdk-am335x-evm-07.00.00.00/linux-devkit/sysroots/i686-arago-linux/usr/bin/../arm-linux-gnueabihf/libc/usr/lib/arm-linux-gnueabihf/4.7.3/libpthread.a(errno-loc.o)
                              release/recorder_helpers.o (__errno_location)
/opt/ti-sdk-am335x-evm-07.00.00.00/linux-devkit/sysroots/i686-arago-linux/usr/bin/../arm-linux-gnueabihf/libc/usr/lib/arm-linux-gnueabihf/4.7.3/libpthread.a(vars.o)
                              /opt/ti-sdk-am335x-evm-07.00.00.00/linux-devkit/sysroots/i686-arago-linux/usr/bin/../arm-linux-gnueabihf/libc/usr/lib/arm-linux-gnueabihf/4.7.3/libpthread.a(ptw-close.o) (__pthread_multiple_threads)
/opt/ti-sdk-am335x-evm-07.00.00.00/linux-devkit/sysroots/i686-arago-linux/usr/bin/../arm-linux-gnueabihf/libc/usr/lib/arm-linux-gnueabihf/4.7.3/libpthread.a(cancellation.o)
                              /opt/ti-sdk-am335x-evm-07.00.00.00/linux-devkit/sysroots/i686-arago-linux/usr/bin/../arm-linux-gnueabihf/libc/usr/lib/arm-linux-gnueabihf/4.7.3/libpthread.a(ptw-close.o) (__pthread_enable_asynccancel)
/opt/ti-sdk-am335x-evm-07.00.00.00/linux-devkit/sysroots/i686-arago-linux/usr/bin/../arm-linux-gnueabihf/libc/usr/lib/arm-linux-gnueabihf/4.7.3/libpthread.a(unwind.o)
                              /opt/ti-sdk-am335x-evm-07.00.00.00/linux-devkit/sysroots/i686-arago-linux/usr/bin/../arm-linux-gnueabihf/libc/usr/lib/arm-linux-gnueabihf/4.7.3/libpthread.a(cancellation.o) (__pthread_unwind)
example-applications/libsndfile-1.0.28/src/.libs/libsndfile.a(libsndfile_la-sndfile.o)
                              release/recorder_helpers.o (sf_close)
example-applications/libsndfile-1.0.28/src/.libs/libsndfile.a(libsndfile_la-aiff.o)
                              example-applications/libsndfile-1.0.28/src/.libs/libsndfile.a(libsndfile_la-sndfile.o) (aiff_open)
example-applications/libsndfile-1.0.28/src/.libs/libsndfile.a(libsndfile_la-au.o)
                              example-applications/libsndfile-1.0.28/src/.libs/libsndfile.a(libsndfile_la-sndfile.o) (au_open)
example-applications/libsndfile-1.0.28/src/.libs/libsndfile.a(libsndfile_la-avr.o)
                              example-applications/libsndfile-1.0.28/src/.libs/libsndfile.a(libsndfile_la-sndfile.o) (avr_open)
example-applications/libsndfile-1.0.28/src/.libs/libsndfile.a(libsndfile_la-caf.o)
                              example-applications/libsndfile-1.0.28/src/.libs/libsndfile.a(libsndfile_la-sndfile.o) (caf_open)
example-applications/libsndfile-1.0.28/src/.libs/libsndfile.a(libsndfile_la-dwd.o)
                              example-applications/libsndfile-1.0.28/src/.libs/libsndfile.a(libsndfile_la-sndfile.o) (dwd_open)
example-applications/libsndfile-1.0.28/src/.libs/libsndfile.a(libsndfile_la-flac.o)
                              example-applications/libsndfile-1.0.28/src/.libs/libsndfile.a(libsndfile_la-sndfile.o) (flac_open)
example-applications/libsndfile-1.0.28/src/.libs/libsndfile.a(libsndfile_la-g72x.o)
                              example-applications/libsndfile-1.0.28/src/.libs/libsndfile.a(libsndfile_la-au.o) (g72x_init)
example-applications/libsndfile-1.0.28/src/.libs/libsndfile.a(libsndfile_la-htk.o)
                              example-applications/libsndfile-1.0.28/src/.libs/libsndfile.a(libsndfile_la-sndfile.o) (htk_open)
example-applications/libsndfile-1.0.28/src/.libs/libsndfile.a(libsndfile_la-ircam.o)
                              example-applications/libsndfile-1.0.28/src/.libs/libsndfile.a(libsndfile_la-sndfile.o) (ircam_open)
example-applications/libsndfile-1.0.28/src/.libs/libsndfile.a(libsndfile_la-mat4.o)
                              example-applications/libsndfile-1.0.28/src/.libs/libsndfile.a(libsndfile_la-sndfile.o) (mat4_open)
example-applications/libsndfile-1.0.28/src/.libs/libsndfile.a(libsndfile_la-mat5.o)
                              example-applications/libsndfile-1.0.28/src/.libs/libsndfile.a(libsndfile_la-sndfile.o) (mat5_open)
example-applications/libsndfile-1.0.28/src/.libs/libsndfile.a(libsndfile_la-nist.o)
[...]
Memory Configuration

Name             Origin             Length             Attributes
*default*        0x00000000         0xffffffff

Linker script and memory map

LOAD /opt/ti-sdk-am335x-evm-07.00.00.00/linux-devkit/sysroots/i686-arago-linux/usr/bin/../arm-linux-gnueabihf/libc/usr/lib/arm-linux-gnueabihf/4.7.3/crt1.o
LOAD /opt/ti-sdk-am335x-evm-07.00.00.00/linux-devkit/sysroots/i686-arago-linux/usr/bin/../arm-linux-gnueabihf/libc/usr/lib/arm-linux-gnueabihf/4.7.3/crti.o
LOAD /opt/ti-sdk-am335x-evm-07.00.00.00/linux-devkit/sysroots/i686-arago-linux/usr/bin/../lib/gcc/arm-linux-gnueabihf/4.7.3/crtbeginT.o
LOAD release/main.o
LOAD release/recorder_helpers.o
LOAD release/dt78xx_aio.o
LOAD release/dt78xx_misc.o
LOAD release/sunriset/sunriset.o
LOAD /opt/ti-sdk-am335x-evm-07.00.00.00/linux-devkit/sysroots/i686-arago-linux/usr/bin/../arm-linux-gnueabihf/libc/usr/lib/arm-linux-gnueabihf/4.7.3/libpthread.a
LOAD example-applications/libsndfile-1.0.28/src/.libs/libsndfile.a
LOAD /opt/ti-sdk-am335x-evm-07.00.00.00/linux-devkit/sysroots/i686-arago-linux/usr/bin/../arm-linux-gnueabihf/libc/usr/lib/arm-linux-gnueabihf/4.7.3/libm.a
START GROUP
LOAD /opt/ti-sdk-am335x-evm-07.00.00.00/linux-devkit/sysroots/i686-arago-linux/usr/bin/../lib/gcc/arm-linux-gnueabihf/4.7.3/libgcc.a
LOAD /opt/ti-sdk-am335x-evm-07.00.00.00/linux-devkit/sysroots/i686-arago-linux/usr/bin/../lib/gcc/arm-linux-gnueabihf/4.7.3/libgcc_eh.a
LOAD /opt/ti-sdk-am335x-evm-07.00.00.00/linux-devkit/sysroots/i686-arago-linux/usr/bin/../arm-linux-gnueabihf/libc/usr/lib/arm-linux-gnueabihf/4.7.3/libc.a
END GROUP
LOAD /opt/ti-sdk-am335x-evm-07.00.00.00/linux-devkit/sysroots/i686-arago-linux/usr/bin/../lib/gcc/arm-linux-gnueabihf/4.7.3/crtend.o
LOAD /opt/ti-sdk-am335x-evm-07.00.00.00/linux-devkit/sysroots/i686-arago-linux/usr/bin/../arm-linux-gnueabihf/libc/usr/lib/arm-linux-gnueabihf/4.7.3/crtn.o
                0x00008000                PROVIDE (__executable_start, 0x8000)
                0x000080f4                . = (0x8000 + SIZEOF_HEADERS)

.interp
 *(.interp)

.note.ABI-tag   0x000080f4       0x20
 .note.ABI-tag  0x000080f4       0x20 /opt/ti-sdk-am335x-evm-07.00.00.00/linux-devkit/sysroots/i686-arago-linux/usr/bin/../arm-linux-gnueabihf/libc/usr/lib/arm-linux-gnueabihf/4.7.3/crt1.o

.note.gnu.build-id
                0x00008114       0x24
 *(.note.gnu.build-id)
 .note.gnu.build-id
                0x00008114       0x24 linker stubs

.hash
 *(.hash)

.gnu.hash
 *(.gnu.hash)

.dynsym
 *(.dynsym)

.dynstr
 *(.dynstr)

.gnu.version
 *(.gnu.version)

.gnu.version_d
 *(.gnu.version_d)

.gnu.version_r
 *(.gnu.version_r)

.rel.dyn        0x00008138        0x0
 *(.rel.init)
 *(.rel.text .rel.text.* .rel.gnu.linkonce.t.*)
 *(.rel.fini)
 *(.rel.rodata .rel.rodata.* .rel.gnu.linkonce.r.*)
 *(.rel.data.rel.ro .rel.data.rel.ro.* .rel.gnu.linkonce.d.rel.ro.*)
 *(.rel.data .rel.data.* .rel.gnu.linkonce.d.*)
 *(.rel.tdata .rel.tdata.* .rel.gnu.linkonce.td.*)
 *(.rel.tbss .rel.tbss.* .rel.gnu.linkonce.tb.*)
 *(.rel.ctors)
 *(.rel.dtors)
 *(.rel.got)
 .rel.got       0x00000000        0x0 /opt/ti-sdk-am335x-evm-07.00.00.00/linux-devkit/sysroots/i686-arago-linux/usr/bin/../arm-linux-gnueabihf/libc/usr/lib/arm-linux-gnueabihf/4.7.3/crt1.o
 *(.rel.bss .rel.bss.* .rel.gnu.linkonce.b.*)
                0x00008138                PROVIDE (__rel_iplt_start, .)
 *(.rel.iplt)
 .rel.iplt      0x00000000        0x0 /opt/ti-sdk-am335x-evm-07.00.00.00/linux-devkit/sysroots/i686-arago-linux/usr/bin/../arm-linux-gnueabihf/libc/usr/lib/arm-linux-gnueabihf/4.7.3/crt1.o
                0x00008138                PROVIDE (__rel_iplt_end, .)
                0x00008138                PROVIDE (__rela_iplt_start, .)
                0x00008138                PROVIDE (__rela_iplt_end, .)

.rela.dyn       0x00008138        0x0
 *(.rela.init)
 *(.rela.text .rela.text.* .rela.gnu.linkonce.t.*)
 *(.rela.fini)
 *(.rela.rodata .rela.rodata.* .rela.gnu.linkonce.r.*)
 *(.rela.data .rela.data.* .rela.gnu.linkonce.d.*)
 *(.rela.tdata .rela.tdata.* .rela.gnu.linkonce.td.*)
 *(.rela.tbss .rela.tbss.* .rela.gnu.linkonce.tb.*)
 *(.rela.ctors)
 *(.rela.dtors)
 *(.rela.got)
 *(.rela.bss .rela.bss.* .rela.gnu.linkonce.b.*)
                0x00008138                PROVIDE (__rel_iplt_start, .)
                0x00008138                PROVIDE (__rel_iplt_end, .)
                0x00008138                PROVIDE (__rela_iplt_start, .)
 *(.rela.iplt)
                0x00008138                PROVIDE (__rela_iplt_end, .)

.rel.plt
 *(.rel.plt)

.rela.plt
 *(.rela.plt)

.init           0x00008138        0xa
 *(SORT(.init))
 .init          0x00008138        0x8 /opt/ti-sdk-am335x-evm-07.00.00.00/linux-devkit/sysroots/i686-arago-linux/usr/bin/../arm-linux-gnueabihf/libc/usr/lib/arm-linux-gnueabihf/4.7.3/crti.o
                0x00008138                _init
 .init          0x00008140        0x2 /opt/ti-sdk-am335x-evm-07.00.00.00/linux-devkit/sysroots/i686-arago-linux/usr/bin/../arm-linux-gnueabihf/libc/usr/lib/arm-linux-gnueabihf/4.7.3/crtn.o

.plt
 *(.plt)

.iplt           0x00008144        0x0
 *(.iplt)
 .iplt          0x00000000        0x0 /opt/ti-sdk-am335x-evm-07.00.00.00/linux-devkit/sysroots/i686-arago-linux/usr/bin/../arm-linux-gnueabihf/libc/usr/lib/arm-linux-gnueabihf/4.7.3/crt1.o

.text           0x00008150    0xb3f00
 *(.text.unlikely .text.*_unlikely)
 .text.unlikely
                0x00008150       0x74 example-applications/libsndfile-1.0.28/src/.libs/libsndfile.a(libsndfile_la-sd2.o)
 .text.unlikely
                0x000081c4       0x68 /opt/ti-sdk-am335x-evm-07.00.00.00/linux-devkit/sysroots/i686-arago-linux/usr/bin/../arm-linux-gnueabihf/libc/usr/lib/arm-linux-gnueabihf/4.7.3/libc.a(findlocale.o)
 .text.unlikely
                0x0000822c      0x204 /opt/ti-sdk-am335x-evm-07.00.00.00/linux-devkit/sysroots/i686-arago-linux/usr/bin/../arm-linux-gnueabihf/libc/usr/lib/arm-linux-gnueabihf/4.7.3/libc.a(vfprintf.o)
 .text.unlikely
                0x00008430      0x164 /opt/ti-sdk-am335x-evm-07.00.00.00/linux-devkit/sysroots/i686-arago-linux/usr/bin/../arm-linux-gnueabihf/libc/usr/lib/arm-linux-gnueabihf/4.7.3/libc.a(printf_fp.o)
 .text.unlikely
                0x00008594      0x174 /opt/ti-sdk-am335x-evm-07.00.00.00/linux-devkit/sysroots/i686-arago-linux/usr/bin/../arm-linux-gnueabihf/libc/usr/lib/arm-linux-gnueabihf/4.7.3/libc.a(vfwprintf.o)
 .text.unlikely
                0x00008708      0x1c0 /opt/ti-sdk-am335x-evm-07.00.00.00/linux-devkit/sysroots/i686-arago-linux/usr/bin/../arm-linux-gnueabihf/libc/usr/lib/arm-linux-gnueabihf/4.7.3/libc.a(dl-load.o)
 *(.text.exit .text.exit.*)
 .text.exit     0x000088c8        0xc /opt/ti-sdk-am335x-evm-07.00.00.00/linux-devkit/sysroots/i686-arago-linux/usr/bin/../arm-linux-gnueabihf/libc/usr/lib/arm-linux-gnueabihf/4.7.3/libc.a(sdlerror.o)
 *(.text.startup .text.startup.*)
 .text.startup  0x000088d4      0x6e4 release/main.o
                0x000088d4                main
 *(.text.hot .text.hot.*)
 *(.text .stub .text.* .gnu.linkonce.t.*)
 .text          0x00008fb8       0x38 /opt/ti-sdk-am335x-evm-07.00.00.00/linux-devkit/sysroots/i686-arago-linux/usr/bin/../arm-linux-gnueabihf/libc/usr/lib/arm-linux-gnueabihf/4.7.3/crt1.o
                0x00008fb8                _start
 .text          0x00008ff0       0x18 /opt/ti-sdk-am335x-evm-07.00.00.00/linux-devkit/sysroots/i686-arago-linux/usr/bin/../arm-linux-gnueabihf/libc/usr/lib/arm-linux-gnueabihf/4.7.3/crti.o
 .text          0x00009008       0xb0 /opt/ti-sdk-am335x-evm-07.00.00.00/linux-devkit/sysroots/i686-arago-linux/usr/bin/../lib/gcc/arm-linux-gnueabihf/4.7.3/crtbeginT.o
 .text          0x000090b8       0x14 release/main.o
 *fill*         0x000090cc        0x4 
 .text          0x000090d0     0x11b8 release/recorder_helpers.o
                0x0000919c                isInAIODone
                0x000092a4                isInStreamEmpty
                0x000092bc                getPresentTime
                0x000092e4                setupAIO
                0x00009c60                calcSunUpDown
                0x00009e7c                armStartStream
                0x00009f3c                stopStream
                0x00009f58                writeFile
                0x0000a19c                closeFile
                0x0000a250                ledIndicators
 .text          0x0000a288      0x9d8 release/dt78xx_aio.o
                0x0000a288                aio_wait
                0x0000a490                aio_start
                0x0000a530                aio_stop
                0x0000a618                aio_buff_free
                0x0000a6b4                aio_buff_alloc
                0x0000a9c4                aio_create
                0x0000aa84                aio_destroy
                0x0000ab38                aio_buff_size
 .text          0x0000ac60      0x228 release/dt78xx_misc.o
                0x0000ac60                sigaction_register
                0x0000acbc                file_sigaction_register
                0x0000ad98                kbhit
                0x0000ae48                kbfini
 .text          0x0000ae88      0x850 release/sunriset/sunriset.o
                0x0000ae88                sunpos
                0x0000b000                __daylen__
                0x0000b1e0                day_astronomical_twilight_length
                0x0000b1ec                day_nautical_twilight_length
                0x0000b1f8                day_civil_twilight_length
                0x0000b204                day_length
                0x0000b218                sun_RA_dec
                0x0000b318                __sunriset__
                0x0000b550                astronomical_twilight
                0x0000b578                nautical_twilight
                0x0000b5a0                civil_twilight
                0x0000b5c8                sun_rise_set
                0x0000b5f8                revolution
                0x0000b638                rev180
                0x0000b680                GMST0
 *fill*         0x0000b6d8        0x8 
 .text          0x0000b6e0       0xb0 /opt/ti-sdk-am335x-evm-07.00.00.00/linux-devkit/sysroots/i686-arago-linux/usr/bin/../arm-linux-gnueabihf/libc/usr/lib/arm-linux-gnueabihf/4.7.3/libpthread.a(ptw-close.o)
                0x0000b6e4                __close_nocancel
                0x0000b700                __libc_close
                0x0000b700                __close
                0x0000b700                close
 .text          0x0000b790       0xe0 /opt/ti-sdk-am335x-evm-07.00.00.00/linux-devkit/sysroots/i686-arago-linux/usr/bin/../arm-linux-gnueabihf/libc/usr/lib/arm-linux-gnueabihf/4.7.3/libpthread.a(ptw-fcntl.o)
                0x0000b790                __fcntl_nocancel
                0x0000b7d4                __libc_fcntl
                0x0000b7d4                __fcntl
                0x0000b7d4                fcntl
 .text          0x0000b870       0xb0 /opt/ti-sdk-am335x-evm-07.00.00.00/linux-devkit/sysroots/i686-arago-linux/usr/bin/../arm-linux-gnueabihf/libc/usr/lib/arm-linux-gnueabihf/4.7.3/libpthread.a(ptw-open.o)
                0x0000b874                __open_nocancel
                0x0000b890                __open
                0x0000b890                __libc_open
                0x0000b890                open
 .text          0x0000b920       0xd4 /opt/ti-sdk-am335x-evm-07.00.00.00/linux-devkit/sysroots/i686-arago-linux/usr/bin/../arm-linux-gnueabihf/libc/usr/lib/arm-linux-gnueabihf/4.7.3/libpthread.a(sigaction.o)
                0x0000b920                __libc_sigaction
                0x0000b9d0                sigaction
                0x0000b9d0                __sigaction
 .text          0x0000b9f4       0x14 /opt/ti-sdk-am335x-evm-07.00.00.00/linux-devkit/sysroots/i686-arago-linux/usr/bin/../arm-linux-gnueabihf/libc/usr/lib/arm-linux-gnueabihf/4.7.3/libpthread.a(errno-loc.o)
                0x0000b9f4                __errno_location
 .text          0x0000ba08        0x0 /opt/ti-sdk-am335x-evm-07.00.00.00/linux-devkit/sysroots/i686-arago-linux/usr/bin/../arm-linux-gnueabihf/libc/usr/lib/arm-linux-gnueabihf/4.7.3/libpthread.a(vars.o)
 .text          0x0000ba08       0xe4 /opt/ti-sdk-am335x-evm-07.00.00.00/linux-devkit/sysroots/i686-arago-linux/usr/bin/../arm-linux-gnueabihf/libc/usr/lib/arm-linux-gnueabihf/4.7.3/libpthread.a(cancellation.o)
                0x0000ba08                __pthread_enable_asynccancel
                0x0000ba88                __pthread_disable_asynccancel
 .text          0x0000baec       0xf8 /opt/ti-sdk-am335x-evm-07.00.00.00/linux-devkit/sysroots/i686-arago-linux/usr/bin/../arm-linux-gnueabihf/libc/usr/lib/arm-linux-gnueabihf/4.7.3/libpthread.a(unwind.o)
                0x0000bba4                __pthread_unwind
                0x0000bbd8                __pthread_unwind_next
 *fill*         0x0000bbe4        0x4 
 .text          0x0000bbe8     0x7270 example-applications/libsndfile-1.0.28/src/.libs/libsndfile.a(libsndfile_la-sndfile.o)
                0x0000c39c                sf_close
                0x0000c430                sf_write_sync
                0x0000c43c                sf_error_number
                0x0000c4b8                sf_strerror
                0x0000c5a4                sf_error
                0x0000c618                sf_perror
                0x0000c71c                sf_error_str
                0x0000c82c                sf_format_check
                0x0000cfe8                sf_version_string
                0x0000cff4                sf_seek
                0x0000d3c0                sf_command
                0x0000e76c                sf_get_string
                0x0000e798                sf_set_string
                0x0000e83c                sf_current_byterate
                0x0000e9f4                sf_read_raw
                0x0000ec70                sf_read_short
                0x0000ef1c                sf_readf_short
                0x0000f1dc                sf_read_int
                0x0000f490                sf_readf_int
                0x0000f758                sf_read_float
                0x0000fa0c                sf_readf_float
                0x0000fcd4                sf_read_double
                0x0000ff88                sf_readf_double
                0x00010250                sf_write_raw
                0x000104c8                sf_write_short
                0x00010744                sf_writef_short
                0x000109c0                sf_write_int
                0x00010c3c                sf_writef_int
                0x00010eb8                sf_write_float
                0x00011134                sf_writef_float
                0x000113b0                sf_write_double
                0x0001162c                sf_writef_double
                0x000118a8                psf_open_file
                0x00012750                sf_open_virtual
                0x000128ac                sf_open_fd
                0x00012974                sf_open
                0x00012a68                sf_set_chunk
                0x00012b38                sf_get_chunk_iterator
                0x00012bd8                sf_next_chunk_iterator
                0x00012c98                sf_get_chunk_size
                0x00012d70                sf_get_chunk_data
 .text          0x00012e58     0x4520 example-applications/libsndfile-1.0.28/src/.libs/libsndfile.a(libsndfile_la-aiff.o)
                0x00016de4                aiff_open
 .text          0x00017378      0xb38 example-applications/libsndfile-1.0.28/src/.libs/libsndfile.a(libsndfile_la-au.o)
                0x00017634                au_open
 .text          0x00017eb0      0x708 example-applications/libsndfile-1.0.28/src/.libs/libsndfile.a(libsndfile_la-avr.o)
                0x00018148                avr_open
 .text          0x000185b8     0x23d0 example-applications/libsndfile-1.0.28/src/.libs/libsndfile.a(libsndfile_la-caf.o)
                0x0001a67c                caf_open
 .text          0x0001a988       0x10 example-applications/libsndfile-1.0.28/src/.libs/libsndfile.a(libsndfile_la-dwd.o)
                0x0001a988                dwd_open
 .text          0x0001a998       0x18 example-applications/libsndfile-1.0.28/src/.libs/libsndfile.a(libsndfile_la-flac.o)
                0x0001a998                flac_open
 .text          0x0001a9b0     0x16a8 example-applications/libsndfile-1.0.28/src/.libs/libsndfile.a(libsndfile_la-g72x.o)
                0x0001bbe8                g72x_init
 .text          0x0001c058      0x400 example-applications/libsndfile-1.0.28/src/.libs/libsndfile.a(libsndfile_la-htk.o)
                0x0001c1b4                htk_open
 .text          0x0001c458      0x728 example-applications/libsndfile-1.0.28/src/.libs/libsndfile.a(libsndfile_la-ircam.o)
                0x0001c63c                ircam_open
 .text          0x0001cb80      0xa98 example-applications/libsndfile-1.0.28/src/.libs/libsndfile.a(libsndfile_la-mat4.o)
                0x0001d4a8                mat4_open
 .text          0x0001d618      0xed8 example-applications/libsndfile-1.0.28/src/.libs/libsndfile.a(libsndfile_la-mat5.o)
                0x0001e380                mat5_open
 .text          0x0001e4f0      0xa68 example-applications/libsndfile-1.0.28/src/.libs/libsndfile.a(libsndfile_la-nist.o)
                0x0001edbc                nist_open
 .text          0x0001ef58     0x1d18 example-applications/libsndfile-1.0.28/src/.libs/libsndfile.a(libsndfile_la-paf.o)
                0x000204ac                paf_open
 .text          0x00020c70      0x470 example-applications/libsndfile-1.0.28/src/.libs/libsndfile.a(libsndfile_la-pvf.o)
                0x00020dc8                pvf_open
 .text          0x000210e0      0x1ec example-applications/libsndfile-1.0.28/src/.libs/libsndfile.a(libsndfile_la-raw.o)
                0x000210e0                raw_open
 .text          0x000212cc       0x10 example-applications/libsndfile-1.0.28/src/.libs/libsndfile.a(libsndfile_la-rx2.o)
                0x000212cc                rx2_open
 *fill*         0x000212dc        0x4 
 .text          0x000212e0     0x1198 example-applications/libsndfile-1.0.28/src/.libs/libsndfile.a(libsndfile_la-sd2.o)
                0x000219a0                sd2_open
 .text          0x00022478     0x2540 example-applications/libsndfile-1.0.28/src/.libs/libsndfile.a(libsndfile_la-sds.o)
                0x000242e8                sds_open
 .text          0x000249b8      0xc28 example-applications/libsndfile-1.0.28/src/.libs/libsndfile.a(libsndfile_la-svx.o)
                0x00024ce4                svx_open
 .text          0x000255e0       0x10 example-applications/libsndfile-1.0.28/src/.libs/libsndfile.a(libsndfile_la-txw.o)
                0x000255e0                txw_open
 .text          0x000255f0      0xf80 example-applications/libsndfile-1.0.28/src/.libs/libsndfile.a(libsndfile_la-voc.o)
                0x000263e8                voc_open
 .text          0x00026570      0x4b0 example-applications/libsndfile-1.0.28/src/.libs/libsndfile.a(libsndfile_la-wve.o)
                0x00026760                wve_open
 .text          0x00026a20     0x10e8 example-applications/libsndfile-1.0.28/src/.libs/libsndfile.a(libsndfile_la-w64.o)
                0x00027048                w64_open
 .text          0x00027b08     0x2b10 example-applications/libsndfile-1.0.28/src/.libs/libsndfile.a(libsndfile_la-wavlike.o)
                0x00027b08                wavlike_read_fmt_chunk
                0x000288c8                wavlike_write_guid
                0x00028904                wavlike_gen_channel_mask
                0x000289b8                wavlike_analyze
                0x00028b9c                wavlike_format_str
                0x00028c20                wavlike_srate2blocksize
                0x00028c5c                wavlike_read_bext_chunk
                0x00028e24                wavlike_write_bext_chunk
                0x00028f50                wavlike_read_cart_chunk
                0x00029284                wavlike_write_cart_chunk
                0x00029550                wavlike_subchunk_parse
                0x0002a0d0                wavlike_write_strings
                0x0002a34c                wavlike_read_peak_chunk
                0x0002a4e8                wavlike_write_peak_chunk
                0x0002a5a8                wavlike_write_custom_chunks
 .text          0x0002a618     0x2ed0 example-applications/libsndfile-1.0.28/src/.libs/libsndfile.a(libsndfile_la-wav.o)
                0x0002bf0c                wav_open
 .text          0x0002d4e8     0x23d0 example-applications/libsndfile-1.0.28/src/.libs/libsndfile.a(libsndfile_la-xi.o)
                0x0002ede0                xi_open
 .text          0x0002f8b8      0x590 example-applications/libsndfile-1.0.28/src/.libs/libsndfile.a(libsndfile_la-mpc2k.o)
                0x0002fb44                mpc2k_open
 .text          0x0002fe48     0x1910 example-applications/libsndfile-1.0.28/src/.libs/libsndfile.a(libsndfile_la-rf64.o)
                0x000309d4                rf64_open
 .text          0x00031758     0x23a0 example-applications/libsndfile-1.0.28/src/.libs/libsndfile.a(g72x.o)
                0x00031758                private_init_state
                0x00031858                g72x_reader_init
                0x00031948                g72x_writer_init
                0x00031a38                g72x_decode_block
                0x00031ae0                g72x_encode_block
                0x00031b70                predictor_zero
                0x000328c4                predictor_pole
                0x00032cd0                step_size
                0x00032d1c                quantize
                0x00032f14                reconstruct
                0x00032f6c                update
 .text          0x00033af8     0x2420 example-applications/libsndfile-1.0.28/src/.libs/libsndfile.a(alac.o)
                0x00035c3c                alac_init
                0x00035ebc                alac_get_desc_chunk_items
 .text          0x00035f18      0xc78 example-applications/libsndfile-1.0.28/src/.libs/libsndfile.a(alaw.o)
                0x00036a20                alaw_init
 .text          0x00036b90      0x148 example-applications/libsndfile-1.0.28/src/.libs/libsndfile.a(audio_detect.o)
                0x00036b90                audio_detect
 .text          0x00036cd8      0x2d8 example-applications/libsndfile-1.0.28/src/.libs/libsndfile.a(broadcast.o)
                0x00036cd8                broadcast_var_alloc
                0x00036ce4                broadcast_var_set
                0x00036f70                broadcast_var_get
 .text          0x00036fb0      0x19c example-applications/libsndfile-1.0.28/src/.libs/libsndfile.a(cart.o)
                0x00036fb0                cart_var_alloc
                0x00036fb8                cart_var_set
                0x00037108                cart_var_get
 .text          0x0003714c      0x100 example-applications/libsndfile-1.0.28/src/.libs/libsndfile.a(chanmap.o)
                0x0003714c                aiff_caf_find_channel_layout_tag
                0x000371d0                aiff_caf_of_channel_layout_tag
 .text          0x0003724c      0x73c example-applications/libsndfile-1.0.28/src/.libs/libsndfile.a(chunk.o)
                0x0003724c                psf_next_chunk_iterator
                0x000372f8                psf_store_read_chunk_u32
                0x000373f8                psf_find_read_chunk_str
                0x000374e0                psf_get_chunk_iterator
                0x00037624                psf_find_read_chunk_m32
                0x00037678                psf_find_read_chunk_iterator
                0x00037690                psf_store_read_chunk_str
                0x0003781c                psf_save_write_chunk
 .text          0x00037988      0x5f0 example-applications/libsndfile-1.0.28/src/.libs/libsndfile.a(command.o)
                0x00037988                psf_get_format_simple_count
                0x00037990                psf_get_format_simple
                0x000379e0                psf_get_format_major_count
                0x000379e8                psf_get_format_major
                0x00037a3c                psf_get_format_subtype_count
                0x00037a44                psf_get_format_subtype
                0x00037a9c                psf_get_format_info
                0x00037bbc                psf_calc_signal_max
                0x00037d30                psf_calc_max_all_channels
                0x00037ec8                psf_get_signal_max
                0x00037f2c                psf_get_max_all_channels
 .text          0x00037f78     0x4d18 example-applications/libsndfile-1.0.28/src/.libs/libsndfile.a(common.o)
                0x00037f78                psf_allocate
                0x00037fe0                psf_log_printf
                0x00039094                psf_asciiheader_printf
                0x0003911c                psf_binheader_writef
                0x0003a6a4                psf_binheader_readf
                0x0003b554                psf_default_seek
                0x0003b62c                psf_hexdump
                0x0003bae0                psf_log_SF_INFO
                0x0003bc00                psf_memset
                0x0003bca8                psf_cues_alloc
                0x0003bccc                psf_cues_dup
                0x0003bd00                psf_get_cues
                0x0003bd58                psf_instrument_alloc
                0x0003bd8c                psf_sanitize_string
                0x0003bdb8                psf_get_date_str
                0x0003be60                subformat_to_bytewidth
                0x0003be88                s_bitwidth_to_subformat
                0x0003bebc                u_bitwidth_to_subformat
                0x0003bef0                psf_rand_int32
                0x0003bfa0                append_snprintf
                0x0003bffc                psf_strlcpy_crlf
                0x0003c0a4                psf_decode_frame_count
                0x0003c1a0                str_of_major_format
                0x0003c400                str_of_minor_format
                0x0003c714                str_of_open_mode
                0x0003c76c                str_of_endianness
                0x0003c7c4                psf_f2s_array
                0x0003c814                psf_f2s_clip_array
                0x0003c8a0                psf_d2s_array
                0x0003c8f8                psf_d2s_clip_array
                0x0003c990                psf_f2i_array
                0x0003c9e4                psf_f2i_clip_array
                0x0003ca80                psf_d2i_array
                0x0003cad8                psf_d2i_clip_array
                0x0003cb70                psf_open_tmpfile
 .text          0x0003cc90      0x914 example-applications/libsndfile-1.0.28/src/.libs/libsndfile.a(dither.o)
                0x0003d344                dither_init
 *fill*         0x0003d5a4        0x4 
 .text          0x0003d5a8     0x2f10 example-applications/libsndfile-1.0.28/src/.libs/libsndfile.a(double64.o)
                0x0003e834                double64_init
                0x0003ef08                double64_be_read
                0x0003f008                double64_le_read
                0x0003f810                double64_be_write
                0x0003f938                double64_le_write
 .text          0x000404b8     0x20a8 example-applications/libsndfile-1.0.28/src/.libs/libsndfile.a(dwvw.o)
                0x000422d8                dwvw_init
 .text          0x00042560      0xf2c example-applications/libsndfile-1.0.28/src/.libs/libsndfile.a(file_io.o)
                0x000425b4                psf_fopen
                0x0004267c                psf_fclose
                0x00042710                psf_open_rsrc
                0x00042a3c                psf_get_filelen
                0x00042b88                psf_close_rsrc
                0x00042bd4                psf_set_stdio
                0x00042c38                psf_set_file
                0x00042c44                psf_file_valid
                0x00042c58                psf_fread
                0x00042de8                psf_fwrite
                0x00042f94                psf_ftell
                0x00043070                psf_fseek
                0x00043244                psf_fgets
                0x00043308                psf_is_pipe
                0x00043394                psf_ftruncate
                0x000433f8                psf_init_files
                0x00043418                psf_use_rsrc
                0x0004346c                psf_fsync
 *fill*         0x0004348c        0x4 
 .text          0x00043490     0x2df8 example-applications/libsndfile-1.0.28/src/.libs/libsndfile.a(float32.o)
                0x00044678                float32_init
                0x00044d54                float32_be_read
                0x00044e0c                float32_le_read
                0x00045588                float32_le_write
                0x0004618c                float32_be_write
 .text          0x00046288     0x15d0 example-applications/libsndfile-1.0.28/src/.libs/libsndfile.a(gsm610.o)
                0x000474f8                gsm610_init
 .text          0x00047858       0xf4 example-applications/libsndfile-1.0.28/src/.libs/libsndfile.a(id3.o)
                0x00047858                id3_skip
 *fill*         0x0004794c        0x4 
 .text          0x00047950     0x23f0 example-applications/libsndfile-1.0.28/src/.libs/libsndfile.a(ima_adpcm.o)
                0x000499c8                wavlike_ima_init
                0x00049b98                aiff_ima_init
 .text          0x00049d40     0x2100 example-applications/libsndfile-1.0.28/src/.libs/libsndfile.a(ms_adpcm.o)
                0x0004ba70                wavlike_msadpcm_init
                0x0004bd9c                wavlike_msadpcm_write_adapt_coeffs
 .text          0x0004be40       0x1c example-applications/libsndfile-1.0.28/src/.libs/libsndfile.a(ogg.o)
                0x0004be40                ogg_open
 *fill*         0x0004be5c        0x4 
 .text          0x0004be60     0x5b30 example-applications/libsndfile-1.0.28/src/.libs/libsndfile.a(pcm.o)
                0x00051264                pcm_init
 .text          0x00051990      0x43c example-applications/libsndfile-1.0.28/src/.libs/libsndfile.a(strings.o)
                0x00051990                psf_store_string
                0x00051d20                psf_set_string
                0x00051d3c                psf_get_string
                0x00051d94                psf_location_string_count
 *fill*         0x00051dcc        0x4 
 .text          0x00051dd0      0xc50 example-applications/libsndfile-1.0.28/src/.libs/libsndfile.a(ulaw.o)
                0x000528b0                ulaw_init
 .text          0x00052a20      0xf60 example-applications/libsndfile-1.0.28/src/.libs/libsndfile.a(vox_adpcm.o)
                0x00053794                vox_adpcm_init
 .text          0x00053980       0x58 example-applications/libsndfile-1.0.28/src/.libs/libsndfile.a(gsm_create.o)
                0x00053980                gsm_create
                0x000539b4                gsm_init
 .text          0x000539d8      0xcf8 example-applications/libsndfile-1.0.28/src/.libs/libsndfile.a(gsm_decode.o)
                0x000539d8                gsm_decode
 .text          0x000546d0        0xc example-applications/libsndfile-1.0.28/src/.libs/libsndfile.a(gsm_destroy.o)
                0x000546d0                gsm_destroy
 .text          0x000546dc      0xfa8 example-applications/libsndfile-1.0.28/src/.libs/libsndfile.a(gsm_encode.o)
                0x000546dc                gsm_encode
 .text          0x00055684       0xb0 example-applications/libsndfile-1.0.28/src/.libs/libsndfile.a(gsm_option.o)
                0x00055684                gsm_option
 .text          0x00055734      0x1c4 example-applications/libsndfile-1.0.28/src/.libs/libsndfile.a(g721.o)
                0x00055734                g721_encoder
                0x00055820                g721_decoder
 .text          0x000558f8      0x1ec example-applications/libsndfile-1.0.28/src/.libs/libsndfile.a(g723_16.o)
                0x000558f8                g723_16_encoder
                0x00055a10                g723_16_decoder
 .text          0x00055ae4      0x1c4 example-applications/libsndfile-1.0.28/src/.libs/libsndfile.a(g723_24.o)
                0x00055ae4                g723_24_encoder
                0x00055bd4                g723_24_decoder
 .text          0x00055ca8      0x1c4 example-applications/libsndfile-1.0.28/src/.libs/libsndfile.a(g723_40.o)
                0x00055ca8                g723_40_encoder
                0x00055d98                g723_40_decoder
 .text          0x00055e6c      0x2fc example-applications/libsndfile-1.0.28/src/.libs/libsndfile.a(ALACBitUtilities.o)
                0x00055e6c                BitBufferInit
                0x00055e88                BitBufferRead
                0x00055ed8                BitBufferReadSmall
                0x00055f20                BitBufferReadOne
                0x00055f58                BitBufferPeek
                0x00055f8c                BitBufferPeekOne
                0x00055fa8                BitBufferUnpackBERSize
                0x00055fd8                BitBufferGetPosition
                0x00055ff8                BitBufferAdvance
                0x00056020                BitBufferRewind
                0x0005608c                BitBufferWrite
                0x00056124                BitBufferByteAlign
                0x0005614c                BitBufferReset
 .text          0x00056168      0xfa4 example-applications/libsndfile-1.0.28/src/.libs/libsndfile.a(alac_decoder.o)
                0x00056168                alac_decoder_init
                0x00056350                alac_decode
 .text          0x0005710c     0x2ab4 example-applications/libsndfile-1.0.28/src/.libs/libsndfile.a(alac_encoder.o)
                0x00058c58                alac_set_fastmode
                0x00058c60                alac_encode
                0x000595f0                alac_get_magic_cookie_size
                0x00059600                alac_get_magic_cookie
                0x00059780                alac_encoder_init
                0x00059b64                alac_get_source_format
 .text          0x00059bc0      0xa88 example-applications/libsndfile-1.0.28/src/.libs/libsndfile.a(dp_dec.o)
                0x00059bc0                unpc_block
 .text          0x0005a648      0xdac example-applications/libsndfile-1.0.28/src/.libs/libsndfile.a(dp_enc.o)
                0x0005a648                init_coefs
                0x0005a744                copy_coefs
                0x0005a7ec                pc_block
 .text          0x0005b3f4      0x538 example-applications/libsndfile-1.0.28/src/.libs/libsndfile.a(matrix_dec.o)
                0x0005b3f4                unmix16
                0x0005b49c                unmix20
                0x0005b544                unmix24
                0x0005b6ec                unmix32
                0x0005b81c                copyPredictorTo24
                0x0005b844                copyPredictorTo24Shift
                0x0005b88c                copyPredictorTo20
                0x0005b8b4                copyPredictorTo32
                0x0005b8e8                copyPredictorTo32Shift
 .text          0x0005b92c      0x444 example-applications/libsndfile-1.0.28/src/.libs/libsndfile.a(matrix_enc.o)
                0x0005b92c                mix16
                0x0005b9cc                mix20
                0x0005ba78                mix24
                0x0005bc0c                mix32
 .text          0x0005bd70      0x294 example-applications/libsndfile-1.0.28/src/.libs/libsndfile.a(ima_oki_adpcm.o)
                0x0005bd70                ima_oki_adpcm_init
                0x0005bddc                adpcm_decode
                0x0005bea8                adpcm_encode
                0x0005bef8                ima_oki_adpcm_decode_block
                0x0005bf64                ima_oki_adpcm_encode_block
 .text          0x0005c004      0x14c example-applications/libsndfile-1.0.28/src/.libs/libsndfile.a(code.o)
                0x0005c004                Gsm_Coder
 .text          0x0005c150      0x2b4 example-applications/libsndfile-1.0.28/src/.libs/libsndfile.a(decode.o)
                0x0005c150                Gsm_Decoder
 *fill*         0x0005c404        0x4 
 .text          0x0005c408     0x30c8 example-applications/libsndfile-1.0.28/src/.libs/libsndfile.a(long_term.o)
                0x0005efcc                Gsm_Long_Term_Predictor
                0x0005f30c                Gsm_Long_Term_Synthesis_Filtering
 .text          0x0005f4d0     0x1950 example-applications/libsndfile-1.0.28/src/.libs/libsndfile.a(lpc.o)
                0x00060200                Gsm_LPC_Analysis
 .text          0x00060e20      0x244 example-applications/libsndfile-1.0.28/src/.libs/libsndfile.a(preprocess.o)
                0x00060e20                Gsm_Preprocess
 .text          0x00061064     0x161c example-applications/libsndfile-1.0.28/src/.libs/libsndfile.a(rpe.o)
                0x00061694                Gsm_RPE_Encoding
                0x00062434                Gsm_RPE_Decoding
 .text          0x00062680     0x4e3c example-applications/libsndfile-1.0.28/src/.libs/libsndfile.a(short_term.o)
                0x000637a0                Gsm_Short_Term_Analysis_Filter
                0x00065614                Gsm_Short_Term_Synthesis_Filter
 .text          0x000674bc        0x0 example-applications/libsndfile-1.0.28/src/.libs/libsndfile.a(table.o)
 .text          0x000674bc      0x534 example-applications/libsndfile-1.0.28/src/.libs/libsndfile.a(ag_dec.o)
                0x000674bc                set_ag_params
                0x00067504                set_standard_ag_params
                0x00067534                dyn_decomp
 .text          0x000679f0      0x5dc example-applications/libsndfile-1.0.28/src/.libs/libsndfile.a(ag_enc.o)
                0x000679f0                dyn_comp
 .text          0x00067fcc      0x5fc example-applications/libsndfile-1.0.28/src/.libs/libsndfile.a(add.o)
                0x00067fcc                gsm_add
                0x00067ff8                gsm_sub
                0x00068024                gsm_mult
                0x0006805c                gsm_mult_r
                0x0006807c                gsm_abs
                0x00068098                gsm_L_mult
                0x000680e0                gsm_L_add
                0x00068138                gsm_L_sub
                0x00068198                gsm_norm
                0x00068290                gsm_asr
                0x000682dc                gsm_asl
                0x00068324                gsm_L_asr
                0x0006836c                gsm_L_asl
                0x000683a4                gsm_div
 .text          0x000685c8       0xe8 /opt/ti-sdk-am335x-evm-07.00.00.00/linux-devkit/sysroots/i686-arago-linux/usr/bin/../arm-linux-gnueabihf/libc/usr/lib/arm-linux-gnueabihf/4.7.3/libm.a(s_floor.o)
                0x000685c8                floor
                0x000685c8                __floor
                0x000685c8                floorl
                0x000685c8                __floorl
 .text          0x000686b0     0x2eb8 /opt/ti-sdk-am335x-evm-07.00.00.00/linux-devkit/sysroots/i686-arago-linux/usr/bin/../arm-linux-gnueabihf/libc/usr/lib/arm-linux-gnueabihf/4.7.3/libm.a(s_sin.o)
                0x00069170                sinl
                0x00069170                __sinl
                0x00069170                sin
                0x00069170                __sin
                0x0006a6e8                cos
                0x0006a6e8                __cosl
                0x0006a6e8                cosl
                0x0006a6e8                __cos
 .text          0x0006b568       0x54 /opt/ti-sdk-am335x-evm-07.00.00.00/linux-devkit/sysroots/i686-arago-linux/usr/bin/../arm-linux-gnueabihf/libc/usr/lib/arm-linux-gnueabihf/4.7.3/libm.a(w_acos.o)
                0x0006b568                __acosl
                0x0006b568                __acos
                0x0006b568                acosl
                0x0006b568                acos
 .text          0x0006b5bc       0x3c /opt/ti-sdk-am335x-evm-07.00.00.00/linux-devkit/sysroots/i686-arago-linux/usr/bin/../arm-linux-gnueabihf/libc/usr/lib/arm-linux-gnueabihf/4.7.3/libm.a(w_atan2.o)
                0x0006b5bc                __atan2l
                0x0006b5bc                atan2l
                0x0006b5bc                __atan2
                0x0006b5bc                atan2
 .text          0x0006b5f8       0x6c /opt/ti-sdk-am335x-evm-07.00.00.00/linux-devkit/sysroots/i686-arago-linux/usr/bin/../arm-linux-gnueabihf/libc/usr/lib/arm-linux-gnueabihf/4.7.3/libm.a(w_fmod.o)
                0x0006b5f8                __fmod
                0x0006b5f8                __fmodl
                0x0006b5f8                fmod
                0x0006b5f8                fmodl
 .text          0x0006b664      0x16c /opt/ti-sdk-am335x-evm-07.00.00.00/linux-devkit/sysroots/i686-arago-linux/usr/bin/../arm-linux-gnueabihf/libc/usr/lib/arm-linux-gnueabihf/4.7.3/libm.a(w_pow.o)
                0x0006b664                __pow
                0x0006b664                pow
                0x0006b664                powl
                0x0006b664                __powl
 .text          0x0006b7d0       0x28 /opt/ti-sdk-am335x-evm-07.00.00.00/linux-devkit/sysroots/i686-arago-linux/usr/bin/../arm-linux-gnueabihf/libc/usr/lib/arm-linux-gnueabihf/4.7.3/libm.a(w_sqrt.o)
                0x0006b7d0                sqrt
                0x0006b7d0                sqrtl
                0x0006b7d0                __sqrt
                0x0006b7d0                __sqrtl
 .text          0x0006b7f8       0x4c /opt/ti-sdk-am335x-evm-07.00.00.00/linux-devkit/sysroots/i686-arago-linux/usr/bin/../arm-linux-gnueabihf/libc/usr/lib/arm-linux-gnueabihf/4.7.3/libm.a(s_sincos.o)
                0x0006b7f8                __sincos
                0x0006b7f8                sincos
                0x0006b7f8                __sincosl
                0x0006b7f8                sincosl
 .text          0x0006b844       0xc0 /opt/ti-sdk-am335x-evm-07.00.00.00/linux-devkit/sysroots/i686-arago-linux/usr/bin/../arm-linux-gnueabihf/libc/usr/lib/arm-linux-gnueabihf/4.7.3/libm.a(s_lrint.o)
                0x0006b844                __lrint
                0x0006b844                __lrintl
                0x0006b844                lrint
                0x0006b844                lrintl
 .text          0x0006b904       0x1c /opt/ti-sdk-am335x-evm-07.00.00.00/linux-devkit/sysroots/i686-arago-linux/usr/bin/../arm-linux-gnueabihf/libc/usr/lib/arm-linux-gnueabihf/4.7.3/libm.a(s_isinf_ns.o)
                0x0006b904                __isinf_ns
 .text          0x0006b920       0x1c /opt/ti-sdk-am335x-evm-07.00.00.00/linux-devkit/sysroots/i686-arago-linux/usr/bin/../arm-linux-gnueabihf/libc/usr/lib/arm-linux-gnueabihf/4.7.3/libm.a(m_isnan.o)
                0x0006b920                __isnanl
                0x0006b920                __isnan
                0x0006b920                isnan
                0x0006b920                isnanl
 .text          0x0006b93c       0x14 /opt/ti-sdk-am335x-evm-07.00.00.00/linux-devkit/sysroots/i686-arago-linux/usr/bin/../arm-linux-gnueabihf/libc/usr/lib/arm-linux-gnueabihf/4.7.3/libm.a(m_finite.o)
                0x0006b93c                __finite
                0x0006b93c                finitel
                0x0006b93c                finite
                0x0006b93c                __finitel
 .text          0x0006b950       0x70 /opt/ti-sdk-am335x-evm-07.00.00.00/linux-devkit/sysroots/i686-arago-linux/usr/bin/../arm-linux-gnueabihf/libc/usr/lib/arm-linux-gnueabihf/4.7.3/libm.a(m_frexp.o)
                0x0006b950                __frexp
                0x0006b950                __frexpl
                0x0006b950                frexpl
                0x0006b950                frexp
 .text          0x0006b9c0        0xc /opt/ti-sdk-am335x-evm-07.00.00.00/linux-devkit/sysroots/i686-arago-linux/usr/bin/../arm-linux-gnueabihf/libc/usr/lib/arm-linux-gnueabihf/4.7.3/libm.a(m_signbit.o)
                0x0006b9c0                __signbit
 .text          0x0006b9cc       0x84 /opt/ti-sdk-am335x-evm-07.00.00.00/linux-devkit/sysroots/i686-arago-linux/usr/bin/../arm-linux-gnueabihf/libc/usr/lib/arm-linux-gnueabihf/4.7.3/libm.a(s_lrintf.o)
                0x0006b9cc                __lrintf
                0x0006b9cc                lrintf
 .text          0x0006ba50      0x370 /opt/ti-sdk-am335x-evm-07.00.00.00/linux-devkit/sysroots/i686-arago-linux/usr/bin/../arm-linux-gnueabihf/libc/usr/lib/arm-linux-gnueabihf/4.7.3/libm.a(branred.o)
                0x0006ba50                __branred
 .text          0x0006bdc0     0x1148 /opt/ti-sdk-am335x-evm-07.00.00.00/linux-devkit/sysroots/i686-arago-linux/usr/bin/../arm-linux-gnueabihf/libc/usr/lib/arm-linux-gnueabihf/4.7.3/libm.a(dosincos.o)
                0x0006bdc0                __dubsin
                0x0006c5ec                __dubcos
                0x0006ce0c                __docos
 .text          0x0006cf08      0x840 /opt/ti-sdk-am335x-evm-07.00.00.00/linux-devkit/sysroots/i686-arago-linux/usr/bin/../arm-linux-gnueabihf/libc/usr/lib/arm-linux-gnueabihf/4.7.3/libm.a(sincos32.o)
                0x0006cf08                __c32
                0x0006d170                __sin32
                0x0006d244                __cos32
                0x0006d358                __mpsin
                0x0006d3e4                __mpcos
                0x0006d474                __mpranred
                0x0006d65c                __mpsin1
                0x0006d6d0                __mpcos1
 .text          0x0006d748        0x0 /opt/ti-sdk-am335x-evm-07.00.00.00/linux-devkit/sysroots/i686-arago-linux/usr/bin/../arm-linux-gnueabihf/libc/usr/lib/arm-linux-gnueabihf/4.7.3/libm.a(sincostab.o)
 .text          0x0006d748     0x2240 /opt/ti-sdk-am335x-evm-07.00.00.00/linux-devkit/sysroots/i686-arago-linux/usr/bin/../arm-linux-gnueabihf/libc/usr/lib/arm-linux-gnueabihf/4.7.3/libm.a(k_standard.o)
                0x0006d748                __kernel_standard
                0x0006f974                __kernel_standard_f
 .text          0x0006f988        0x0 /opt/ti-sdk-am335x-evm-07.00.00.00/linux-devkit/sysroots/i686-arago-linux/usr/bin/../arm-linux-gnueabihf/libc/usr/lib/arm-linux-gnueabihf/4.7.3/libm.a(s_lib_version.o)
 .text          0x0006f988        0x4 /opt/ti-sdk-am335x-evm-07.00.00.00/linux-devkit/sysroots/i686-arago-linux/usr/bin/../arm-linux-gnueabihf/libc/usr/lib/arm-linux-gnueabihf/4.7.3/libm.a(s_matherr.o)
                0x0006f988                __matherr
                0x0006f988                matherr
 .text          0x0006f98c       0xc0 /opt/ti-sdk-am335x-evm-07.00.00.00/linux-devkit/sysroots/i686-arago-linux/usr/bin/../arm-linux-gnueabihf/libc/usr/lib/arm-linux-gnueabihf/4.7.3/libm.a(fraiseexcpt.o)
                0x0006f98c                feraiseexcept
 *fill*         0x0006fa4c        0x4 
 .text          0x0006fa50     0x1d40 /opt/ti-sdk-am335x-evm-07.00.00.00/linux-devkit/sysroots/i686-arago-linux/usr/bin/../arm-linux-gnueabihf/libc/usr/lib/arm-linux-gnueabihf/4.7.3/libm.a(e_asin.o)
                0x0006fa50                __asin_finite
                0x0006fa50                __ieee754_asin
                0x000707dc                __acos_finite
                0x000707dc                __ieee754_acos
 .text          0x00071790     0x30b8 /opt/ti-sdk-am335x-evm-07.00.00.00/linux-devkit/sysroots/i686-arago-linux/usr/bin/../arm-linux-gnueabihf/libc/usr/lib/arm-linux-gnueabihf/4.7.3/libm.a(e_atan2.o)
                0x000718e8                __ieee754_atan2
                0x000718e8                __atan2_finite
 .text          0x00074848      0x2c4 /opt/ti-sdk-am335x-evm-07.00.00.00/linux-devkit/sysroots/i686-arago-linux/usr/bin/../arm-linux-gnueabihf/libc/usr/lib/arm-linux-gnueabihf/4.7.3/libm.a(e_fmod.o)
                0x00074848                __fmod_finite
                0x00074848                __ieee754_fmod
 *fill*         0x00074b0c        0x4 
 .text          0x00074b10      0xc18 /opt/ti-sdk-am335x-evm-07.00.00.00/linux-devkit/sysroots/i686-arago-linux/usr/bin/../arm-linux-gnueabihf/libc/usr/lib/arm-linux-gnueabihf/4.7.3/libm.a(e_pow.o)
                0x00074bb0                __pow_finite
                0x00074bb0                __ieee754_pow
 .text          0x00075728      0x1f8 /opt/ti-sdk-am335x-evm-07.00.00.00/linux-devkit/sysroots/i686-arago-linux/usr/bin/../arm-linux-gnueabihf/libc/usr/lib/arm-linux-gnueabihf/4.7.3/libm.a(e_sqrt.o)
                0x00075728                __sqrt_finite
                0x00075728                __ieee754_sqrt
 .text          0x00075920      0x104 /opt/ti-sdk-am335x-evm-07.00.00.00/linux-devkit/sysroots/i686-arago-linux/usr/bin/../arm-linux-gnueabihf/libc/usr/lib/arm-linux-gnueabihf/4.7.3/libm.a(s_rint.o)
                0x00075920                rintl
                0x00075920                rint
                0x00075920                __rintl
                0x00075920                __rint
 *fill*         0x00075a24        0x4 
 .text          0x00075a28      0x508 /opt/ti-sdk-am335x-evm-07.00.00.00/linux-devkit/sysroots/i686-arago-linux/usr/bin/../arm-linux-gnueabihf/libc/usr/lib/arm-linux-gnueabihf/4.7.3/libm.a(doasin.o)
                0x00075a28                __doasin
 .text          0x00075f30      0xda4 /opt/ti-sdk-am335x-evm-07.00.00.00/linux-devkit/sysroots/i686-arago-linux/usr/bin/../arm-linux-gnueabihf/libc/usr/lib/arm-linux-gnueabihf/4.7.3/libm.a(mpa.o)
                0x000764f0                __acr
                0x0007658c                __cpy
                0x000765ac                __mp_dbl
                0x0007677c                __dbl_mp
                0x000768a0                __add
                0x00076998                __sub
                0x00076aa4                __mul
                0x00076be0                __dvd
 .text          0x00076cd4       0xdc /opt/ti-sdk-am335x-evm-07.00.00.00/linux-devkit/sysroots/i686-arago-linux/usr/bin/../arm-linux-gnueabihf/libc/usr/lib/arm-linux-gnueabihf/4.7.3/libm.a(mpatan2.o)
                0x00076cd4                __mpatan2
 .text          0x00076db0      0x258 /opt/ti-sdk-am335x-evm-07.00.00.00/linux-devkit/sysroots/i686-arago-linux/usr/bin/../arm-linux-gnueabihf/libc/usr/lib/arm-linux-gnueabihf/4.7.3/libm.a(mpatan.o)
                0x00076db0                __mpatan
 .text          0x00077008      0x1d0 /opt/ti-sdk-am335x-evm-07.00.00.00/linux-devkit/sysroots/i686-arago-linux/usr/bin/../arm-linux-gnueabihf/libc/usr/lib/arm-linux-gnueabihf/4.7.3/libm.a(mpsqrt.o)
                0x00077008                __mpsqrt
 .text          0x000771d8      0x138 /opt/ti-sdk-am335x-evm-07.00.00.00/linux-devkit/sysroots/i686-arago-linux/usr/bin/../arm-linux-gnueabihf/libc/usr/lib/arm-linux-gnueabihf/4.7.3/libm.a(slowpow.o)
                0x000771d8                __slowpow
 .text          0x00077310      0x718 /opt/ti-sdk-am335x-evm-07.00.00.00/linux-devkit/sysroots/i686-arago-linux/usr/bin/../arm-linux-gnueabihf/libc/usr/lib/arm-linux-gnueabihf/4.7.3/libm.a(e_exp.o)
                0x00077310                __ieee754_exp
                0x00077310                __exp_finite
                0x0007767c                __exp1
 .text          0x00077a28      0x198 /opt/ti-sdk-am335x-evm-07.00.00.00/linux-devkit/sysroots/i686-arago-linux/usr/bin/../arm-linux-gnueabihf/libc/usr/lib/arm-linux-gnueabihf/4.7.3/libm.a(halfulp.o)
                0x00077a28                __halfulp
 .text          0x00077bc0      0x2d8 /opt/ti-sdk-am335x-evm-07.00.00.00/linux-devkit/sysroots/i686-arago-linux/usr/bin/../arm-linux-gnueabihf/libc/usr/lib/arm-linux-gnueabihf/4.7.3/libm.a(mpexp.o)
                0x00077bc0                __mpexp
 .text          0x00077e98       0x9c /opt/ti-sdk-am335x-evm-07.00.00.00/linux-devkit/sysroots/i686-arago-linux/usr/bin/../arm-linux-gnueabihf/libc/usr/lib/arm-linux-gnueabihf/4.7.3/libm.a(mplog.o)
                0x00077e98                __mplog
 *fill*         0x00077f34        0x4 
 .text          0x00077f38       0xd0 /opt/ti-sdk-am335x-evm-07.00.00.00/linux-devkit/sysroots/i686-arago-linux/usr/bin/../arm-linux-gnueabihf/libc/usr/lib/arm-linux-gnueabihf/4.7.3/libm.a(slowexp.o)
                0x00077f38                __slowexp
 .text          0x00078008      0x278 /opt/ti-sdk-am335x-evm-07.00.00.00/linux-devkit/sysroots/i686-arago-linux/usr/bin/../lib/gcc/arm-linux-gnueabihf/4.7.3/libgcc.a(_udivsi3.o)
                0x00078008                __udivsi3
                0x00078008                __aeabi_uidiv
                0x00078264                __aeabi_uidivmod
 .text          0x00078280      0x2b0 /opt/ti-sdk-am335x-evm-07.00.00.00/linux-devkit/sysroots/i686-arago-linux/usr/bin/../lib/gcc/arm-linux-gnueabihf/4.7.3/libgcc.a(_divsi3.o)
                0x00078280                __aeabi_idiv
                0x00078280                __divsi3
                0x00078514                __aeabi_idivmod
 .text          0x00078530      0x370 /opt/ti-sdk-am335x-evm-07.00.00.00/linux-devkit/sysroots/i686-arago-linux/usr/bin/../lib/gcc/arm-linux-gnueabihf/4.7.3/libgcc.a(_arm_addsubdf3.o)
                0x00078530                __aeabi_drsub
                0x00078538                __aeabi_dsub
                0x00078538                __subdf3
                0x0007853c                __adddf3
                0x0007853c                __aeabi_dadd
                0x000787b4                __aeabi_ui2d
                0x000787b4                __floatunsidf
                0x000787d4                __floatsidf
                0x000787d4                __aeabi_i2d
                0x000787f8                __extendsfdf2
                0x000787f8                __aeabi_f2d
                0x00078834                __aeabi_ul2d
                0x00078834                __floatundidf
                0x00078844                __floatdidf
                0x00078844                __aeabi_l2d
 .text          0x000788a0      0x21c /opt/ti-sdk-am335x-evm-07.00.00.00/linux-devkit/sysroots/i686-arago-linux/usr/bin/../lib/gcc/arm-linux-gnueabihf/4.7.3/libgcc.a(_arm_addsubsf3.o)
                0x000788a0                __aeabi_frsub
                0x000788a8                __subsf3
                0x000788a8                __aeabi_fsub
                0x000788ac                __aeabi_fadd
                0x000788ac                __addsf3
                0x00078a0c                __aeabi_ui2f
                0x00078a0c                __floatunsisf
                0x00078a14                __aeabi_i2f
                0x00078a14                __floatsisf
                0x00078a30                __floatundisf
                0x00078a30                __aeabi_ul2f
                0x00078a40                __floatdisf
                0x00078a40                __aeabi_l2f
 .text          0x00078abc       0x38 /opt/ti-sdk-am335x-evm-07.00.00.00/linux-devkit/sysroots/i686-arago-linux/usr/bin/../lib/gcc/arm-linux-gnueabihf/4.7.3/libgcc.a(_aeabi_ldivmod.o)
                0x00078abc                __aeabi_ldivmod
 .text          0x00078af4        0xc /opt/ti-sdk-am335x-evm-07.00.00.00/linux-devkit/sysroots/i686-arago-linux/usr/bin/../lib/gcc/arm-linux-gnueabihf/4.7.3/libgcc.a(_dvmd_lnx.o)
                0x00078af4                __aeabi_ldiv0
                0x00078af4                __aeabi_idiv0
 .text          0x00078b00       0x60 /opt/ti-sdk-am335x-evm-07.00.00.00/linux-devkit/sysroots/i686-arago-linux/usr/bin/../lib/gcc/arm-linux-gnueabihf/4.7.3/libgcc.a(bpabi.o)
                0x00078b00                __gnu_ldivmod_helper
                0x00078b30                __gnu_uldivmod_helper
 .text          0x00078b60      0x34c /opt/ti-sdk-am335x-evm-07.00.00.00/linux-devkit/sysroots/i686-arago-linux/usr/bin/../lib/gcc/arm-linux-gnueabihf/4.7.3/libgcc.a(_divdi3.o)
                0x00078b60                __divdi3
 .text          0x00078eac      0x2f8 /opt/ti-sdk-am335x-evm-07.00.00.00/linux-devkit/sysroots/i686-arago-linux/usr/bin/../lib/gcc/arm-linux-gnueabihf/4.7.3/libgcc.a(_udivdi3.o)
                0x00078eac                __udivdi3
 .text          0x000791a4      0xa4c /opt/ti-sdk-am335x-evm-07.00.00.00/linux-devkit/sysroots/i686-arago-linux/usr/bin/../lib/gcc/arm-linux-gnueabihf/4.7.3/libgcc_eh.a(unwind-arm.o)
                0x0007948c                _Unwind_GetCFA
                0x00079490                __gnu_Unwind_RaiseException
                0x000794f0                __gnu_Unwind_ForcedUnwind
                0x00079508                __gnu_Unwind_Resume
                0x0007954c                __gnu_Unwind_Resume_or_Rethrow
                0x00079564                _Unwind_Complete
                0x00079568                _Unwind_DeleteException
                0x00079578                _Unwind_VRS_Get
                0x000795c4                _Unwind_VRS_Set
                0x00079900                __aeabi_unwind_cpp_pr2
                0x00079908                __aeabi_unwind_cpp_pr1
                0x00079910                __aeabi_unwind_cpp_pr0
                0x00079918                __gnu_Unwind_Backtrace
                0x00079988                _Unwind_VRS_Pop
 .text          0x00079bf0      0x1ac /opt/ti-sdk-am335x-evm-07.00.00.00/linux-devkit/sysroots/i686-arago-linux/usr/bin/../lib/gcc/arm-linux-gnueabihf/4.7.3/libgcc_eh.a(libunwind.o)
                0x00079bf0                __restore_core_regs
                0x00079bf0                restore_core_regs
                0x00079c08                __gnu_Unwind_Restore_VFP
                0x00079c10                __gnu_Unwind_Save_VFP
                0x00079c18                __gnu_Unwind_Restore_VFP_D
                0x00079c20                __gnu_Unwind_Save_VFP_D
                0x00079c28                __gnu_Unwind_Restore_VFP_D_16_to_31
                0x00079c30                __gnu_Unwind_Save_VFP_D_16_to_31
                0x00079c38                __gnu_Unwind_Restore_WMMXD
                0x00079c7c                __gnu_Unwind_Save_WMMXD
                0x00079cc0                __gnu_Unwind_Restore_WMMXC
                0x00079cd4                __gnu_Unwind_Save_WMMXC
                0x00079ce8                ___Unwind_RaiseException
                0x00079ce8                _Unwind_RaiseException
                0x00079d0c                ___Unwind_Resume
                0x00079d0c                _Unwind_Resume
                0x00079d30                _Unwind_Resume_or_Rethrow
                0x00079d30                ___Unwind_Resume_or_Rethrow
                0x00079d54                ___Unwind_ForcedUnwind
                0x00079d54                _Unwind_ForcedUnwind
                0x00079d78                _Unwind_Backtrace
                0x00079d78                ___Unwind_Backtrace
 .text          0x00079d9c      0x3c0 /opt/ti-sdk-am335x-evm-07.00.00.00/linux-devkit/sysroots/i686-arago-linux/usr/bin/../lib/gcc/arm-linux-gnueabihf/4.7.3/libgcc_eh.a(pr-support.o)
                0x00079de8                __gnu_unwind_execute
                0x0007a100                __gnu_unwind_frame
                0x0007a12c                _Unwind_GetRegionStart
                0x0007a138                _Unwind_GetLanguageSpecificData
                0x0007a14c                _Unwind_GetDataRelBase
                0x0007a154                _Unwind_GetTextRelBase
 .text          0x0007a15c      0x190 /opt/ti-sdk-am335x-evm-07.00.00.00/linux-devkit/sysroots/i686-arago-linux/usr/bin/../arm-linux-gnueabihf/libc/usr/lib/arm-linux-gnueabihf/4.7.3/libc.a(libc-start.o)
                0x0007a15c                __libc_start_main
 .text          0x0007a2ec       0xc0 /opt/ti-sdk-am335x-evm-07.00.00.00/linux-devkit/sysroots/i686-arago-linux/usr/bin/../arm-linux-gnueabihf/libc/usr/lib/arm-linux-gnueabihf/4.7.3/libc.a(check_fds.o)
                0x0007a388                __libc_check_standard_fds
 .text          0x0007a3ac      0x230 /opt/ti-sdk-am335x-evm-07.00.00.00/linux-devkit/sysroots/i686-arago-linux/usr/bin/../arm-linux-gnueabihf/libc/usr/lib/arm-linux-gnueabihf/4.7.3/libc.a(libc-tls.o)
                0x0007a3ac                __libc_setup_tls
                0x0007a550                _dl_tls_setup
                0x0007a5c4                __pthread_initialize_minimal
                0x0007a5cc                __tls_get_addr
 .text          0x0007a5dc       0xa0 /opt/ti-sdk-am335x-evm-07.00.00.00/linux-devkit/sysroots/i686-arago-linux/usr/bin/../arm-linux-gnueabihf/libc/usr/lib/arm-linux-gnueabihf/4.7.3/libc.a(elf-init.o)
                0x0007a5dc                __libc_csu_irel
                0x0007a5e0                __libc_csu_init
                0x0007a650                __libc_csu_fini
 .text          0x0007a67c        0x0 /opt/ti-sdk-am335x-evm-07.00.00.00/linux-devkit/sysroots/i686-arago-linux/usr/bin/../arm-linux-gnueabihf/libc/usr/lib/arm-linux-gnueabihf/4.7.3/libc.a(errno.o)
 *fill*         0x0007a67c        0x4 
 .text          0x0007a680       0x10 /opt/ti-sdk-am335x-evm-07.00.00.00/linux-devkit/sysroots/i686-arago-linux/usr/bin/../arm-linux-gnueabihf/libc/usr/lib/arm-linux-gnueabihf/4.7.3/libc.a(libc-do-syscall.o)
                0x0007a680                __libc_do_syscall
 .text          0x0007a690      0x134 /opt/ti-sdk-am335x-evm-07.00.00.00/linux-devkit/sysroots/i686-arago-linux/usr/bin/../arm-linux-gnueabihf/libc/usr/lib/arm-linux-gnueabihf/4.7.3/libc.a(assert.o)
                0x0007a690                __assert_fail_base
                0x0007a794                __assert_fail
 .text          0x0007a7c4       0x80 /opt/ti-sdk-am335x-evm-07.00.00.00/linux-devkit/sysroots/i686-arago-linux/usr/bin/../arm-linux-gnueabihf/libc/usr/lib/arm-linux-gnueabihf/4.7.3/libc.a(ctype-info.o)
                0x0007a7c4                __ctype_b_loc
                0x0007a7d8                __ctype_toupper_loc
                0x0007a7ec                __ctype_tolower_loc
                0x0007a804                __ctype_init
 .text          0x0007a844       0x14 /opt/ti-sdk-am335x-evm-07.00.00.00/linux-devkit/sysroots/i686-arago-linux/usr/bin/../arm-linux-gnueabihf/libc/usr/lib/arm-linux-gnueabihf/4.7.3/libc.a(dcgettext.o)
                0x0007a844                __dcgettext
                0x0007a844                dcgettext
 .text          0x0007a858      0xea4 /opt/ti-sdk-am335x-evm-07.00.00.00/linux-devkit/sysroots/i686-arago-linux/usr/bin/../arm-linux-gnueabihf/libc/usr/lib/arm-linux-gnueabihf/4.7.3/libc.a(dcigettext.o)
                0x0007a9cc                _nl_find_msg
                0x0007b1c8                __dcigettext
 .text          0x0007b6fc      0x188 /opt/ti-sdk-am335x-evm-07.00.00.00/linux-devkit/sysroots/i686-arago-linux/usr/bin/../arm-linux-gnueabihf/libc/usr/lib/arm-linux-gnueabihf/4.7.3/libc.a(finddomain.o)
                0x0007b6fc                _nl_find_domain
 .text          0x0007b884      0xe44 /opt/ti-sdk-am335x-evm-07.00.00.00/linux-devkit/sysroots/i686-arago-linux/usr/bin/../arm-linux-gnueabihf/libc/usr/lib/arm-linux-gnueabihf/4.7.3/libc.a(loadmsgcat.o)
                0x0007b884                _nl_load_domain
 .text          0x0007c6c8      0x3f4 /opt/ti-sdk-am335x-evm-07.00.00.00/linux-devkit/sysroots/i686-arago-linux/usr/bin/../arm-linux-gnueabihf/libc/usr/lib/arm-linux-gnueabihf/4.7.3/libc.a(localealias.o)
                0x0007c9ac                _nl_expand_alias
 .text          0x0007cabc      0x3d0 /opt/ti-sdk-am335x-evm-07.00.00.00/linux-devkit/sysroots/i686-arago-linux/usr/bin/../arm-linux-gnueabihf/libc/usr/lib/arm-linux-gnueabihf/4.7.3/libc.a(l10nflist.o)
                0x0007cabc                _nl_make_l10nflist
                0x0007cde4                _nl_normalize_codeset
 .text          0x0007ce8c      0x150 /opt/ti-sdk-am335x-evm-07.00.00.00/linux-devkit/sysroots/i686-arago-linux/usr/bin/../arm-linux-gnueabihf/libc/usr/lib/arm-linux-gnueabihf/4.7.3/libc.a(explodename.o)
                0x0007ce8c                _nl_explode_name
 .text          0x0007cfdc      0x5a8 /opt/ti-sdk-am335x-evm-07.00.00.00/linux-devkit/sysroots/i686-arago-linux/usr/bin/../arm-linux-gnueabihf/libc/usr/lib/arm-linux-gnueabihf/4.7.3/libc.a(plural.o)
                0x0007cfdc                __gettext_free_exp
                0x0007d0a0                __gettextparse
 .text          0x0007d584       0x94 /opt/ti-sdk-am335x-evm-07.00.00.00/linux-devkit/sysroots/i686-arago-linux/usr/bin/../arm-linux-gnueabihf/libc/usr/lib/arm-linux-gnueabihf/4.7.3/libc.a(plural-exp.o)
                0x0007d584                __gettext_extract_plural
 .text          0x0007d618       0x24 /opt/ti-sdk-am335x-evm-07.00.00.00/linux-devkit/sysroots/i686-arago-linux/usr/bin/../arm-linux-gnueabihf/libc/usr/lib/arm-linux-gnueabihf/4.7.3/libc.a(hash-string.o)
                0x0007d618                __hash_string
 *fill*         0x0007d63c        0x4 
 .text          0x0007d640       0x10 /opt/ti-sdk-am335x-evm-07.00.00.00/linux-devkit/sysroots/i686-arago-linux/usr/bin/../arm-linux-gnueabihf/libc/usr/lib/arm-linux-gnueabihf/4.7.3/libc.a(bsd-_setjmp.o)
                0x0007d640                _setjmp
 .text          0x0007d650       0x2c /opt/ti-sdk-am335x-evm-07.00.00.00/linux-devkit/sysroots/i686-arago-linux/usr/bin/../arm-linux-gnueabihf/libc/usr/lib/arm-linux-gnueabihf/4.7.3/libc.a(longjmp.o)
                0x0007d650                longjmp
                0x0007d650                _longjmp
                0x0007d650                siglongjmp
                0x0007d650                __libc_longjmp
                0x0007d650                __libc_siglongjmp
 *fill*         0x0007d67c        0x4 
 .text          0x0007d680       0x60 /opt/ti-sdk-am335x-evm-07.00.00.00/linux-devkit/sysroots/i686-arago-linux/usr/bin/../arm-linux-gnueabihf/libc/usr/lib/arm-linux-gnueabihf/4.7.3/libc.a(__longjmp.o)
                0x0007d680                __longjmp
 .text          0x0007d6e0       0x20 /opt/ti-sdk-am335x-evm-07.00.00.00/linux-devkit/sysroots/i686-arago-linux/usr/bin/../arm-linux-gnueabihf/libc/usr/lib/arm-linux-gnueabihf/4.7.3/libc.a(jmp-unwind.o)
                0x0007d6e0                _longjmp_unwind
 .text          0x0007d700       0x7c /opt/ti-sdk-am335x-evm-07.00.00.00/linux-devkit/sysroots/i686-arago-linux/usr/bin/../arm-linux-gnueabihf/libc/usr/lib/arm-linux-gnueabihf/4.7.3/libc.a(raise.o)
                0x0007d700                gsignal
                0x0007d700                raise
 .text          0x0007d77c       0x64 /opt/ti-sdk-am335x-evm-07.00.00.00/linux-devkit/sysroots/i686-arago-linux/usr/bin/../arm-linux-gnueabihf/libc/usr/lib/arm-linux-gnueabihf/4.7.3/libc.a(sigprocmask.o)
                0x0007d77c                __sigprocmask
                0x0007d77c                sigprocmask
 .text          0x0007d7e0       0x28 /opt/ti-sdk-am335x-evm-07.00.00.00/linux-devkit/sysroots/i686-arago-linux/usr/bin/../arm-linux-gnueabihf/libc/usr/lib/arm-linux-gnueabihf/4.7.3/libc.a(sigempty.o)
                0x0007d7e0                sigemptyset
 *fill*         0x0007d808        0x8 
 .text          0x0007d810       0x50 /opt/ti-sdk-am335x-evm-07.00.00.00/linux-devkit/sysroots/i686-arago-linux/usr/bin/../arm-linux-gnueabihf/libc/usr/lib/arm-linux-gnueabihf/4.7.3/libc.a(sigrestorer.o)
                0x0007d820                __default_sa_restorer_v1
                0x0007d830                __default_sa_restorer_v2
                0x0007d840                __default_rt_sa_restorer_v1
                0x0007d850                __default_rt_sa_restorer_v2
 .text          0x0007d860      0x17c /opt/ti-sdk-am335x-evm-07.00.00.00/linux-devkit/sysroots/i686-arago-linux/usr/bin/../arm-linux-gnueabihf/libc/usr/lib/arm-linux-gnueabihf/4.7.3/libc.a(abort.o)
                0x0007d860                abort
 .text          0x0007d9dc       0x48 /opt/ti-sdk-am335x-evm-07.00.00.00/linux-devkit/sysroots/i686-arago-linux/usr/bin/../arm-linux-gnueabihf/libc/usr/lib/arm-linux-gnueabihf/4.7.3/libc.a(bsearch.o)
                0x0007d9dc                bsearch
 .text          0x0007da24      0x3f4 /opt/ti-sdk-am335x-evm-07.00.00.00/linux-devkit/sysroots/i686-arago-linux/usr/bin/../arm-linux-gnueabihf/libc/usr/lib/arm-linux-gnueabihf/4.7.3/libc.a(msort.o)
                0x0007dc1c                qsort_r
                0x0007de08                qsort
 .text          0x0007de18       0xbc /opt/ti-sdk-am335x-evm-07.00.00.00/linux-devkit/sysroots/i686-arago-linux/usr/bin/../arm-linux-gnueabihf/libc/usr/lib/arm-linux-gnueabihf/4.7.3/libc.a(getenv.o)
                0x0007de18                getenv
 .text          0x0007ded4       0x84 /opt/ti-sdk-am335x-evm-07.00.00.00/linux-devkit/sysroots/i686-arago-linux/usr/bin/../arm-linux-gnueabihf/libc/usr/lib/arm-linux-gnueabihf/4.7.3/libc.a(exit.o)
                0x0007ded4                __run_exit_handlers
                0x0007df48                exit
 .text          0x0007df58      0x168 /opt/ti-sdk-am335x-evm-07.00.00.00/linux-devkit/sysroots/i686-arago-linux/usr/bin/../arm-linux-gnueabihf/libc/usr/lib/arm-linux-gnueabihf/4.7.3/libc.a(cxa_atexit.o)
                0x0007df58                __new_exitfn
                0x0007e088                __internal_atexit
                0x0007e0b4                __cxa_atexit
 .text          0x0007e0c0       0x40 /opt/ti-sdk-am335x-evm-07.00.00.00/linux-devkit/sysroots/i686-arago-linux/usr/bin/../arm-linux-gnueabihf/libc/usr/lib/arm-linux-gnueabihf/4.7.3/libc.a(strtol.o)
                0x0007e0c0                __strtol_internal
                0x0007e0e0                strtol
 .text          0x0007e100       0x40 /opt/ti-sdk-am335x-evm-07.00.00.00/linux-devkit/sysroots/i686-arago-linux/usr/bin/../arm-linux-gnueabihf/libc/usr/lib/arm-linux-gnueabihf/4.7.3/libc.a(strtoul.o)
                0x0007e100                __strtoul_internal
                0x0007e120                strtoul
 .text          0x0007e140      0x310 /opt/ti-sdk-am335x-evm-07.00.00.00/linux-devkit/sysroots/i686-arago-linux/usr/bin/../arm-linux-gnueabihf/libc/usr/lib/arm-linux-gnueabihf/4.7.3/libc.a(strtol_l.o)
                0x0007e140                ____strtol_l_internal
                0x0007e440                strtol_l
                0x0007e440                __strtol_l
 .text          0x0007e450      0x2fc /opt/ti-sdk-am335x-evm-07.00.00.00/linux-devkit/sysroots/i686-arago-linux/usr/bin/../arm-linux-gnueabihf/libc/usr/lib/arm-linux-gnueabihf/4.7.3/libc.a(strtoul_l.o)
                0x0007e450                ____strtoul_l_internal
                0x0007e73c                strtoul_l
                0x0007e73c                __strtoul_l
 .text          0x0007e74c       0x34 /opt/ti-sdk-am335x-evm-07.00.00.00/linux-devkit/sysroots/i686-arago-linux/usr/bin/../arm-linux-gnueabihf/libc/usr/lib/arm-linux-gnueabihf/4.7.3/libc.a(strtod.o)
                0x0007e74c                __strtod_internal
                0x0007e764                strtod
 .text          0x0007e780     0x1888 /opt/ti-sdk-am335x-evm-07.00.00.00/linux-devkit/sysroots/i686-arago-linux/usr/bin/../arm-linux-gnueabihf/libc/usr/lib/arm-linux-gnueabihf/4.7.3/libc.a(strtod_l.o)
                0x0007eac8                ____strtod_l_internal
                0x0007fffc                __strtod_l
                0x0007fffc                strtod_l
 .text          0x00080008      0x17c /opt/ti-sdk-am335x-evm-07.00.00.00/linux-devkit/sysroots/i686-arago-linux/usr/bin/../arm-linux-gnueabihf/libc/usr/lib/arm-linux-gnueabihf/4.7.3/libc.a(grouping.o)
                0x00080008                __correctly_grouped_prefixmb
 .text          0x00080184        0x0 /opt/ti-sdk-am335x-evm-07.00.00.00/linux-devkit/sysroots/i686-arago-linux/usr/bin/../arm-linux-gnueabihf/libc/usr/lib/arm-linux-gnueabihf/4.7.3/libc.a(tens_in_limb.o)
 .text          0x00080184        0x0 /opt/ti-sdk-am335x-evm-07.00.00.00/linux-devkit/sysroots/i686-arago-linux/usr/bin/../arm-linux-gnueabihf/libc/usr/lib/arm-linux-gnueabihf/4.7.3/libc.a(fpioconst.o)
 .text          0x00080184       0x20 /opt/ti-sdk-am335x-evm-07.00.00.00/linux-devkit/sysroots/i686-arago-linux/usr/bin/../arm-linux-gnueabihf/libc/usr/lib/arm-linux-gnueabihf/4.7.3/libc.a(fprintf.o)
                0x00080184                fprintf
                0x00080184                _IO_fprintf
                0x00080184                __fprintf
 .text          0x000801a4       0x28 /opt/ti-sdk-am335x-evm-07.00.00.00/linux-devkit/sysroots/i686-arago-linux/usr/bin/../arm-linux-gnueabihf/libc/usr/lib/arm-linux-gnueabihf/4.7.3/libc.a(printf.o)
                0x000801a4                __printf
                0x000801a4                printf
                0x000801a4                _IO_printf
 .text          0x000801cc       0x20 /opt/ti-sdk-am335x-evm-07.00.00.00/linux-devkit/sysroots/i686-arago-linux/usr/bin/../arm-linux-gnueabihf/libc/usr/lib/arm-linux-gnueabihf/4.7.3/libc.a(snprintf.o)
                0x000801cc                snprintf
                0x000801cc                __snprintf
 .text          0x000801ec       0x20 /opt/ti-sdk-am335x-evm-07.00.00.00/linux-devkit/sysroots/i686-arago-linux/usr/bin/../arm-linux-gnueabihf/libc/usr/lib/arm-linux-gnueabihf/4.7.3/libc.a(sprintf.o)
                0x000801ec                sprintf
                0x000801ec                __sprintf
                0x000801ec                _IO_sprintf
 .text          0x0008020c       0x20 /opt/ti-sdk-am335x-evm-07.00.00.00/linux-devkit/sysroots/i686-arago-linux/usr/bin/../arm-linux-gnueabihf/libc/usr/lib/arm-linux-gnueabihf/4.7.3/libc.a(asprintf.o)
                0x0008020c                __asprintf
                0x0008020c                asprintf
                0x0008020c                ___asprintf
 .text          0x0008022c       0x20 /opt/ti-sdk-am335x-evm-07.00.00.00/linux-devkit/sysroots/i686-arago-linux/usr/bin/../arm-linux-gnueabihf/libc/usr/lib/arm-linux-gnueabihf/4.7.3/libc.a(sscanf.o)
                0x0008022c                __sscanf
                0x0008022c                sscanf
                0x0008022c                _IO_sscanf
 .text          0x0008024c       0xd8 /opt/ti-sdk-am335x-evm-07.00.00.00/linux-devkit/sysroots/i686-arago-linux/usr/bin/../arm-linux-gnueabihf/libc/usr/lib/arm-linux-gnueabihf/4.7.3/libc.a(perror.o)
                0x0008029c                perror
 .text          0x00080324       0x38 /opt/ti-sdk-am335x-evm-07.00.00.00/linux-devkit/sysroots/i686-arago-linux/usr/bin/../arm-linux-gnueabihf/libc/usr/lib/arm-linux-gnueabihf/4.7.3/libc.a(remove.o)
                0x00080324                remove
 .text          0x0008035c       0xa0 /opt/ti-sdk-am335x-evm-07.00.00.00/linux-devkit/sysroots/i686-arago-linux/usr/bin/../arm-linux-gnueabihf/libc/usr/lib/arm-linux-gnueabihf/4.7.3/libc.a(fxprintf.o)
                0x0008035c                __fxprintf
 .text          0x000803fc      0x1e8 /opt/ti-sdk-am335x-evm-07.00.00.00/linux-devkit/sysroots/i686-arago-linux/usr/bin/../arm-linux-gnueabihf/libc/usr/lib/arm-linux-gnueabihf/4.7.3/libc.a(iofclose.o)
                0x000803fc                _IO_fclose
                0x000803fc                _IO_new_fclose
                0x000803fc                fclose
                0x000803fc                __new_fclose
 .text          0x000805e4      0x168 /opt/ti-sdk-am335x-evm-07.00.00.00/linux-devkit/sysroots/i686-arago-linux/usr/bin/../arm-linux-gnueabihf/libc/usr/lib/arm-linux-gnueabihf/4.7.3/libc.a(iofdopen.o)
                0x000805e4                __new_fdopen
                0x000805e4                _IO_new_fdopen
                0x000805e4                _IO_fdopen
                0x000805e4                fdopen
 .text          0x0008074c      0x110 /opt/ti-sdk-am335x-evm-07.00.00.00/linux-devkit/sysroots/i686-arago-linux/usr/bin/../arm-linux-gnueabihf/libc/usr/lib/arm-linux-gnueabihf/4.7.3/libc.a(iofflush.o)
                0x0008074c                _IO_fflush
                0x0008074c                fflush
 .text          0x0008085c       0xd4 /opt/ti-sdk-am335x-evm-07.00.00.00/linux-devkit/sysroots/i686-arago-linux/usr/bin/../arm-linux-gnueabihf/libc/usr/lib/arm-linux-gnueabihf/4.7.3/libc.a(iofopen.o)
                0x0008085c                __fopen_maybe_mmap
                0x0008088c                __fopen_internal
                0x00080928                _IO_new_fopen
                0x00080928                fopen
                0x00080928                _IO_fopen
                0x00080928                __new_fopen
 .text          0x00080930      0x124 /opt/ti-sdk-am335x-evm-07.00.00.00/linux-devkit/sysroots/i686-arago-linux/usr/bin/../arm-linux-gnueabihf/libc/usr/lib/arm-linux-gnueabihf/4.7.3/libc.a(iofputs.o)
                0x00080930                _IO_fputs
                0x00080930                fputs
 .text          0x00080a54      0x124 /opt/ti-sdk-am335x-evm-07.00.00.00/linux-devkit/sysroots/i686-arago-linux/usr/bin/../arm-linux-gnueabihf/libc/usr/lib/arm-linux-gnueabihf/4.7.3/libc.a(iofread.o)
                0x00080a54                _IO_fread
                0x00080a54                fread
 .text          0x00080b78      0x154 /opt/ti-sdk-am335x-evm-07.00.00.00/linux-devkit/sysroots/i686-arago-linux/usr/bin/../arm-linux-gnueabihf/libc/usr/lib/arm-linux-gnueabihf/4.7.3/libc.a(iofwrite.o)
                0x00080b78                _IO_fwrite
                0x00080b78                fwrite
 .text          0x00080ccc      0x15c /opt/ti-sdk-am335x-evm-07.00.00.00/linux-devkit/sysroots/i686-arago-linux/usr/bin/../arm-linux-gnueabihf/libc/usr/lib/arm-linux-gnueabihf/4.7.3/libc.a(ioputs.o)
                0x00080ccc                puts
                0x00080ccc                _IO_puts
 .text          0x00080e28       0x60 /opt/ti-sdk-am335x-evm-07.00.00.00/linux-devkit/sysroots/i686-arago-linux/usr/bin/../arm-linux-gnueabihf/libc/usr/lib/arm-linux-gnueabihf/4.7.3/libc.a(iovsprintf.o)
                0x00080e28                vsprintf
                0x00080e28                _IO_vsprintf
                0x00080e28                __IO_vsprintf
 .text          0x00080e88       0x48 /opt/ti-sdk-am335x-evm-07.00.00.00/linux-devkit/sysroots/i686-arago-linux/usr/bin/../arm-linux-gnueabihf/libc/usr/lib/arm-linux-gnueabihf/4.7.3/libc.a(iovsscanf.o)
                0x00080e88                vsscanf
                0x00080e88                __vsscanf
                0x00080e88                _IO_vsscanf
 .text          0x00080ed0        0x8 /opt/ti-sdk-am335x-evm-07.00.00.00/linux-devkit/sysroots/i686-arago-linux/usr/bin/../arm-linux-gnueabihf/libc/usr/lib/arm-linux-gnueabihf/4.7.3/libc.a(iofopen64.o)
                0x00080ed0                _IO_fopen64
                0x00080ed0                fopen64
 .text          0x00080ed8      0x11c /opt/ti-sdk-am335x-evm-07.00.00.00/linux-devkit/sysroots/i686-arago-linux/usr/bin/../arm-linux-gnueabihf/libc/usr/lib/arm-linux-gnueabihf/4.7.3/libc.a(putchar.o)
                0x00080ed8                putchar
 .text          0x00080ff4       0x28 /opt/ti-sdk-am335x-evm-07.00.00.00/linux-devkit/sysroots/i686-arago-linux/usr/bin/../arm-linux-gnueabihf/libc/usr/lib/arm-linux-gnueabihf/4.7.3/libc.a(fileno.o)
                0x00080ff4                fileno_unlocked
                0x00080ff4                fileno
 .text          0x0008101c      0x110 /opt/ti-sdk-am335x-evm-07.00.00.00/linux-devkit/sysroots/i686-arago-linux/usr/bin/../arm-linux-gnueabihf/libc/usr/lib/arm-linux-gnueabihf/4.7.3/libc.a(fputc.o)
                0x0008101c                fputc
 .text          0x0008112c      0x118 /opt/ti-sdk-am335x-evm-07.00.00.00/linux-devkit/sysroots/i686-arago-linux/usr/bin/../arm-linux-gnueabihf/libc/usr/lib/arm-linux-gnueabihf/4.7.3/libc.a(fseek.o)
                0x0008112c                fseek
 .text          0x00081244      0x108 /opt/ti-sdk-am335x-evm-07.00.00.00/linux-devkit/sysroots/i686-arago-linux/usr/bin/../arm-linux-gnueabihf/libc/usr/lib/arm-linux-gnueabihf/4.7.3/libc.a(getc.o)
                0x00081244                getc
                0x00081244                _IO_getc
                0x00081244                fgetc
 .text          0x0008134c        0x8 /opt/ti-sdk-am335x-evm-07.00.00.00/linux-devkit/sysroots/i686-arago-linux/usr/bin/../arm-linux-gnueabihf/libc/usr/lib/arm-linux-gnueabihf/4.7.3/libc.a(setbuf.o)
                0x0008134c                setbuf
 .text          0x00081354       0xd4 /opt/ti-sdk-am335x-evm-07.00.00.00/linux-devkit/sysroots/i686-arago-linux/usr/bin/../arm-linux-gnueabihf/libc/usr/lib/arm-linux-gnueabihf/4.7.3/libc.a(vasprintf.o)
                0x00081354                _IO_vasprintf
                0x00081354                vasprintf
 .text          0x00081428       0x9c /opt/ti-sdk-am335x-evm-07.00.00.00/linux-devkit/sysroots/i686-arago-linux/usr/bin/../arm-linux-gnueabihf/libc/usr/lib/arm-linux-gnueabihf/4.7.3/libc.a(vsnprintf.o)
                0x00081464                vsnprintf
                0x00081464                _IO_vsnprintf
                0x00081464                __vsnprintf
 .text          0x000814c4        0x4 /opt/ti-sdk-am335x-evm-07.00.00.00/linux-devkit/sysroots/i686-arago-linux/usr/bin/../arm-linux-gnueabihf/libc/usr/lib/arm-linux-gnueabihf/4.7.3/libc.a(fcloseall.o)
                0x000814c4                __fcloseall
                0x000814c4                fcloseall
 .text          0x000814c8      0x32c /opt/ti-sdk-am335x-evm-07.00.00.00/linux-devkit/sysroots/i686-arago-linux/usr/bin/../arm-linux-gnueabihf/libc/usr/lib/arm-linux-gnueabihf/4.7.3/libc.a(libc_fatal.o)
                0x000814c8                __libc_message
                0x000817e0                __libc_fatal
 .text          0x000817f4       0x6c /opt/ti-sdk-am335x-evm-07.00.00.00/linux-devkit/sysroots/i686-arago-linux/usr/bin/../arm-linux-gnueabihf/libc/usr/lib/arm-linux-gnueabihf/4.7.3/libc.a(iofgets_u.o)
                0x000817f4                fgets_unlocked
 .text          0x00081860      0xce4 /opt/ti-sdk-am335x-evm-07.00.00.00/linux-devkit/sysroots/i686-arago-linux/usr/bin/../arm-linux-gnueabihf/libc/usr/lib/arm-linux-gnueabihf/4.7.3/libc.a(wfileops.o)
                0x00081860                _IO_wfile_seekoff
                0x00081c00                _IO_wfile_underflow
                0x00082120                _IO_wdo_write
                0x000821e0                _IO_wfile_xsputn
                0x000822c4                _IO_wfile_sync
                0x000823a0                _IO_wfile_overflow
 .text          0x00082544     0x15d4 /opt/ti-sdk-am335x-evm-07.00.00.00/linux-devkit/sysroots/i686-arago-linux/usr/bin/../arm-linux-gnueabihf/libc/usr/lib/arm-linux-gnueabihf/4.7.3/libc.a(fileops.o)
                0x000825c8                _IO_file_seek
                0x00082710                _IO_file_underflow_maybe_mmap
                0x00082724                _IO_file_close
                0x00082754                _IO_file_close_mmap
                0x0008298c                _IO_file_xsgetn
                0x00082b4c                _IO_file_write
                0x00082b4c                _IO_new_file_write
                0x00082bc4                _IO_file_stat
                0x00082bd0                _IO_file_seekoff
                0x00082bd0                _IO_new_file_seekoff
                0x00082eac                _IO_file_setbuf
                0x00082eac                _IO_new_file_setbuf
                0x00082ecc                _IO_file_setbuf_mmap
                0x00082f04                _IO_file_seekoff_mmap
                0x00082fd4                _IO_file_underflow_mmap
                0x0008300c                _IO_new_file_xsputn
                0x0008300c                _IO_file_xsputn
                0x0008311c                _IO_file_read
                0x00083158                _IO_new_file_init
                0x00083158                _IO_file_init
                0x00083180                _IO_file_open
                0x00083258                _IO_new_file_attach
                0x00083258                _IO_file_attach
                0x000832d0                _IO_new_do_write
                0x000832d0                _IO_do_write
                0x000832ec                _IO_file_sync
                0x000832ec                _IO_new_file_sync
                0x00083384                _IO_file_finish
                0x00083384                _IO_new_file_finish
                0x000833cc                _IO_new_file_close_it
                0x000833cc                _IO_file_close_it
                0x0008349c                _IO_new_file_fopen
                0x0008349c                _IO_file_fopen
                0x00083808                _IO_file_underflow
                0x00083808                _IO_new_file_underflow
                0x000839e0                _IO_file_overflow
                0x000839e0                _IO_new_file_overflow
 .text          0x00083b18     0x1254 /opt/ti-sdk-am335x-evm-07.00.00.00/linux-devkit/sysroots/i686-arago-linux/usr/bin/../arm-linux-gnueabihf/libc/usr/lib/arm-linux-gnueabihf/4.7.3/libc.a(genops.o)
                0x00083cd0                _IO_un_link
                0x00083e94                _IO_link_in
                0x00084038                _IO_least_marker
                0x00084050                _IO_switch_to_main_get_area
                0x00084070                _IO_switch_to_backup_area
                0x00084090                _IO_switch_to_get_mode
                0x000840d8                _IO_free_backup_area
                0x0008410c                __overflow
                0x00084124                __underflow
                0x000841b0                __uflow
                0x00084244                _IO_setb
                0x00084288                _IO_doallocbuf
                0x000842c0                _IO_default_underflow
                0x000842c8                _IO_default_uflow
                0x000842e4                _IO_default_xsputn
                0x00084354                _IO_sgetn
                0x00084360                _IO_default_xsgetn
                0x000843c0                _IO_default_setbuf
                0x00084424                _IO_default_seekpos
                0x0008443c                _IO_default_doallocate
                0x00084474                _IO_old_init
                0x000844ac                _IO_no_init
                0x000844e4                _IO_init
                0x000844fc                _IO_default_sync
                0x00084500                _IO_default_finish
                0x00084550                _IO_default_seekoff
                0x0008455c                _IO_sputbackc
                0x00084590                _IO_sungetc
                0x000845c0                _IO_adjust_column
                0x000845ec                _IO_flush_all_lockp
                0x000847d4                _IO_cleanup
                0x000848f0                _IO_flush_all
                0x000848f8                _IO_flush_all_linebuffered
                0x000848f8                _flushlbf
                0x00084ab4                _IO_init_marker
                0x00084ae4                _IO_remove_marker
                0x00084b08                _IO_marker_difference
                0x00084b10                _IO_marker_delta
                0x00084b30                _IO_seekmark
                0x00084b90                _IO_unsave_markers
                0x00084ba4                _IO_default_pbackfail
                0x00084c70                _IO_default_seek
                0x00084c7c                _IO_default_stat
                0x00084c84                _IO_default_read
                0x00084c8c                _IO_default_write
                0x00084c90                _IO_default_showmanyc
                0x00084c98                _IO_default_imbue
                0x00084c9c                _IO_iter_begin
                0x00084ca8                _IO_iter_end
                0x00084cac                _IO_iter_next
                0x00084cb0                _IO_iter_file
                0x00084cb4                _IO_list_lock
                0x00084d00                _IO_list_unlock
                0x00084d58                _IO_list_resetlock
 .text          0x00084d6c        0x0 /opt/ti-sdk-am335x-evm-07.00.00.00/linux-devkit/sysroots/i686-arago-linux/usr/bin/../arm-linux-gnueabihf/libc/usr/lib/arm-linux-gnueabihf/4.7.3/libc.a(stdfiles.o)
 .text          0x00084d6c        0x0 /opt/ti-sdk-am335x-evm-07.00.00.00/linux-devkit/sysroots/i686-arago-linux/usr/bin/../arm-linux-gnueabihf/libc/usr/lib/arm-linux-gnueabihf/4.7.3/libc.a(stdio.o)
 .text          0x00084d6c      0x44c /opt/ti-sdk-am335x-evm-07.00.00.00/linux-devkit/sysroots/i686-arago-linux/usr/bin/../arm-linux-gnueabihf/libc/usr/lib/arm-linux-gnueabihf/4.7.3/libc.a(strops.o)
                0x00084d6c                _IO_str_underflow
                0x00084da4                _IO_str_finish
                0x00084dc8                _IO_str_pbackfail
                0x00084de8                _IO_str_overflow
                0x00084fec                _IO_str_seekoff
                0x0008513c                _IO_str_init_static_internal
                0x00085184                _IO_str_init_static
                0x0008518c                _IO_str_init_readonly
                0x000851a4                _IO_str_count
 .text          0x000851b8     0x4e80 /opt/ti-sdk-am335x-evm-07.00.00.00/linux-devkit/sysroots/i686-arago-linux/usr/bin/../arm-linux-gnueabihf/libc/usr/lib/arm-linux-gnueabihf/4.7.3/libc.a(malloc.o)
                0x000882f8                __malloc_check_init
                0x00088708                malloc_set_state
                0x00088708                __malloc_set_state
                0x00088a8c                malloc
                0x00088a8c                __malloc
                0x00088a8c                __libc_malloc
                0x00088dc8                malloc_get_state
                0x00088dc8                __malloc_get_state
                0x00088f30                __cfree
                0x00088f30                __free
                0x00088f30                __libc_free
                0x00088f30                cfree
                0x00088f30                free
                0x00088fa0                __libc_realloc
                0x00088fa0                realloc
                0x00088fa0                __realloc
                0x000891b8                __libc_memalign
                0x000891b8                __memalign
                0x000891b8                memalign
                0x0008944c                __libc_valloc
                0x0008944c                valloc
                0x0008944c                __valloc
                0x00089654                pvalloc
                0x00089654                __libc_pvalloc
                0x00089654                __pvalloc
                0x0008986c                __calloc
                0x0008986c                calloc
                0x0008986c                __libc_calloc
                0x00089b90                __malloc_trim
                0x00089b90                malloc_trim
                0x00089d74                malloc_usable_size
                0x00089d74                __malloc_usable_size
                0x00089d9c                malloc_stats
                0x00089d9c                __malloc_stats
                0x00089ee4                __mallinfo
                0x00089ee4                __libc_mallinfo
                0x00089ee4                mallinfo
                0x00089f6c                __libc_mallopt
                0x00089f6c                mallopt
                0x00089f6c                __mallopt
                0x00089f70                __posix_memalign
                0x00089f70                posix_memalign
                0x00089fb8                malloc_info
 .text          0x0008a038       0x10 /opt/ti-sdk-am335x-evm-07.00.00.00/linux-devkit/sysroots/i686-arago-linux/usr/bin/../arm-linux-gnueabihf/libc/usr/lib/arm-linux-gnueabihf/4.7.3/libc.a(morecore.o)
                0x0008a038                __default_morecore
 *fill*         0x0008a048        0x8 
 .text          0x0008a050       0x20 /opt/ti-sdk-am335x-evm-07.00.00.00/linux-devkit/sysroots/i686-arago-linux/usr/bin/../arm-linux-gnueabihf/libc/usr/lib/arm-linux-gnueabihf/4.7.3/libc.a(strchr.o)
                0x0008a050                index
                0x0008a050                strchr
 .text          0x0008a070       0x18 /opt/ti-sdk-am335x-evm-07.00.00.00/linux-devkit/sysroots/i686-arago-linux/usr/bin/../arm-linux-gnueabihf/libc/usr/lib/arm-linux-gnueabihf/4.7.3/libc.a(strcmp.o)
                0x0008a070                strcmp
 .text          0x0008a088       0x10 /opt/ti-sdk-am335x-evm-07.00.00.00/linux-devkit/sysroots/i686-arago-linux/usr/bin/../arm-linux-gnueabihf/libc/usr/lib/arm-linux-gnueabihf/4.7.3/libc.a(strcpy.o)
                0x0008a088                strcpy
 .text          0x0008a098       0x20 /opt/ti-sdk-am335x-evm-07.00.00.00/linux-devkit/sysroots/i686-arago-linux/usr/bin/../arm-linux-gnueabihf/libc/usr/lib/arm-linux-gnueabihf/4.7.3/libc.a(strdup.o)
                0x0008a098                __strdup
                0x0008a098                strdup
 .text          0x0008a0b8       0x6c /opt/ti-sdk-am335x-evm-07.00.00.00/linux-devkit/sysroots/i686-arago-linux/usr/bin/../arm-linux-gnueabihf/libc/usr/lib/arm-linux-gnueabihf/4.7.3/libc.a(strerror.o)
                0x0008a0b8                strerror
 .text          0x0008a124       0xe8 /opt/ti-sdk-am335x-evm-07.00.00.00/linux-devkit/sysroots/i686-arago-linux/usr/bin/../arm-linux-gnueabihf/libc/usr/lib/arm-linux-gnueabihf/4.7.3/libc.a(_strerror.o)
                0x0008a124                __strerror_r
                0x0008a124                strerror_r
 *fill*         0x0008a20c        0x4 
 .text          0x0008a210       0x60 /opt/ti-sdk-am335x-evm-07.00.00.00/linux-devkit/sysroots/i686-arago-linux/usr/bin/../arm-linux-gnueabihf/libc/usr/lib/arm-linux-gnueabihf/4.7.3/libc.a(strlen.o)
                0x0008a210                strlen
 .text          0x0008a270       0x74 /opt/ti-sdk-am335x-evm-07.00.00.00/linux-devkit/sysroots/i686-arago-linux/usr/bin/../arm-linux-gnueabihf/libc/usr/lib/arm-linux-gnueabihf/4.7.3/libc.a(strncat.o)
                0x0008a270                strncat