Archive member included because of file (symbol)

/opt/ti-sdk-am335x-evm-07.00.00.00/linux-devkit/sysroots/i686-arago-linux/usr/bin/../lib/gcc/arm-linux-gnueabihf/4.7.3/libgcc.a(_udivsi3.o)
                              release/libaiff/libaiff.o (__aeabi_uidiv)
/opt/ti-sdk-am335x-evm-07.00.00.00/linux-devkit/sysroots/i686-arago-linux/usr/bin/../lib/gcc/arm-linux-gnueabihf/4.7.3/libgcc.a(_divsi3.o)
                              release/main.o (__aeabi_idiv)
/opt/ti-sdk-am335x-evm-07.00.00.00/linux-devkit/sysroots/i686-arago-linux/usr/bin/../lib/gcc/arm-linux-gnueabihf/4.7.3/libgcc.a(_dvmd_lnx.o)
                              /opt/ti-sdk-am335x-evm-07.00.00.00/linux-devkit/sysroots/i686-arago-linux/usr/bin/../lib/gcc/arm-linux-gnueabihf/4.7.3/libgcc.a(_udivsi3.o) (__aeabi_idiv0)
/opt/ti-sdk-am335x-evm-07.00.00.00/linux-devkit/sysroots/i686-arago-linux/usr/bin/../arm-linux-gnueabihf/libc/usr/lib/arm-linux-gnueabihf/4.7.3/./libc_nonshared.a(elf-init.oS)
                              /opt/ti-sdk-am335x-evm-07.00.00.00/linux-devkit/sysroots/i686-arago-linux/usr/bin/../arm-linux-gnueabihf/libc/usr/lib/arm-linux-gnueabihf/4.7.3/crt1.o (__libc_csu_init)

Allocating common symbols
Common symbol       size              file

inAIO               0x4               release/main.o
g_led_count         0x4               release/main.o
inBuffer            0x4               release/main.o
chanMask            0x4               release/main.o

Discarded input sections

 .note.GNU-stack
                0x00000000        0x0 /opt/ti-sdk-am335x-evm-07.00.00.00/linux-devkit/sysroots/i686-arago-linux/usr/bin/../arm-linux-gnueabihf/libc/usr/lib/arm-linux-gnueabihf/4.7.3/crt1.o
 .gnu_debuglink
                0x00000000        0xc /opt/ti-sdk-am335x-evm-07.00.00.00/linux-devkit/sysroots/i686-arago-linux/usr/bin/../arm-linux-gnueabihf/libc/usr/lib/arm-linux-gnueabihf/4.7.3/crt1.o
 .note.GNU-stack
                0x00000000        0x0 /opt/ti-sdk-am335x-evm-07.00.00.00/linux-devkit/sysroots/i686-arago-linux/usr/bin/../arm-linux-gnueabihf/libc/usr/lib/arm-linux-gnueabihf/4.7.3/crti.o
 .gnu_debuglink
                0x00000000        0xc /opt/ti-sdk-am335x-evm-07.00.00.00/linux-devkit/sysroots/i686-arago-linux/usr/bin/../arm-linux-gnueabihf/libc/usr/lib/arm-linux-gnueabihf/4.7.3/crti.o
 .note.GNU-stack
                0x00000000        0x0 /opt/ti-sdk-am335x-evm-07.00.00.00/linux-devkit/sysroots/i686-arago-linux/usr/bin/../lib/gcc/arm-linux-gnueabihf/4.7.3/crtbegin.o
 .note.GNU-stack
                0x00000000        0x0 release/main.o
 .note.GNU-stack
                0x00000000        0x0 release/recorder_helpers.o
 .note.GNU-stack
                0x00000000        0x0 release/dt78xx_aio.o
 .note.GNU-stack
                0x00000000        0x0 release/dt78xx_misc.o
 .note.GNU-stack
                0x00000000        0x0 release/libaiff/libaiff.o
 .note.GNU-stack
                0x00000000        0x0 release/libaiff/aifx.o
 .note.GNU-stack
                0x00000000        0x0 release/libaiff/extended.o
 .note.GNU-stack
                0x00000000        0x0 release/libaiff/float32.o
 .note.GNU-stack
                0x00000000        0x0 release/libaiff/g711.o
 .note.GNU-stack
                0x00000000        0x0 release/libaiff/iff.o
 .note.GNU-stack
                0x00000000        0x0 release/libaiff/lpcm.o
 .note.GNU-stack
                0x00000000        0x0 release/libaiff/pascal.o
 .note.GNU-stack
                0x00000000        0x0 release/RingBuf/RingBuf.o
 .note.GNU-stack
                0x00000000        0x0 release/sunriset/sunriset.o
 .note.GNU-stack
                0x00000000        0x0 /opt/ti-sdk-am335x-evm-07.00.00.00/linux-devkit/sysroots/i686-arago-linux/usr/bin/../lib/gcc/arm-linux-gnueabihf/4.7.3/libgcc.a(_udivsi3.o)
 .note.GNU-stack
                0x00000000        0x0 /opt/ti-sdk-am335x-evm-07.00.00.00/linux-devkit/sysroots/i686-arago-linux/usr/bin/../lib/gcc/arm-linux-gnueabihf/4.7.3/libgcc.a(_divsi3.o)
 .note.GNU-stack
                0x00000000        0x0 /opt/ti-sdk-am335x-evm-07.00.00.00/linux-devkit/sysroots/i686-arago-linux/usr/bin/../lib/gcc/arm-linux-gnueabihf/4.7.3/libgcc.a(_dvmd_lnx.o)
 .note.GNU-stack
                0x00000000        0x0 /opt/ti-sdk-am335x-evm-07.00.00.00/linux-devkit/sysroots/i686-arago-linux/usr/bin/../arm-linux-gnueabihf/libc/usr/lib/arm-linux-gnueabihf/4.7.3/./libc_nonshared.a(elf-init.oS)
 .note.GNU-stack
                0x00000000        0x0 /opt/ti-sdk-am335x-evm-07.00.00.00/linux-devkit/sysroots/i686-arago-linux/usr/bin/../lib/gcc/arm-linux-gnueabihf/4.7.3/crtend.o
 .note.GNU-stack
                0x00000000        0x0 /opt/ti-sdk-am335x-evm-07.00.00.00/linux-devkit/sysroots/i686-arago-linux/usr/bin/../arm-linux-gnueabihf/libc/usr/lib/arm-linux-gnueabihf/4.7.3/crtn.o
 .gnu_debuglink
                0x00000000        0xc /opt/ti-sdk-am335x-evm-07.00.00.00/linux-devkit/sysroots/i686-arago-linux/usr/bin/../arm-linux-gnueabihf/libc/usr/lib/arm-linux-gnueabihf/4.7.3/crtn.o

Memory Configuration

Name             Origin             Length             Attributes
*default*        0x00000000         0xffffffff

Linker script and memory map

LOAD /opt/ti-sdk-am335x-evm-07.00.00.00/linux-devkit/sysroots/i686-arago-linux/usr/bin/../arm-linux-gnueabihf/libc/usr/lib/arm-linux-gnueabihf/4.7.3/crt1.o
LOAD /opt/ti-sdk-am335x-evm-07.00.00.00/linux-devkit/sysroots/i686-arago-linux/usr/bin/../arm-linux-gnueabihf/libc/usr/lib/arm-linux-gnueabihf/4.7.3/crti.o
LOAD /opt/ti-sdk-am335x-evm-07.00.00.00/linux-devkit/sysroots/i686-arago-linux/usr/bin/../lib/gcc/arm-linux-gnueabihf/4.7.3/crtbegin.o
LOAD release/main.o
LOAD release/recorder_helpers.o
LOAD release/dt78xx_aio.o
LOAD release/dt78xx_misc.o
LOAD release/libaiff/libaiff.o
LOAD release/libaiff/aifx.o
LOAD release/libaiff/extended.o
LOAD release/libaiff/float32.o
LOAD release/libaiff/g711.o
LOAD release/libaiff/iff.o
LOAD release/libaiff/lpcm.o
LOAD release/libaiff/pascal.o
LOAD release/RingBuf/RingBuf.o
LOAD release/sunriset/sunriset.o
LOAD /opt/ti-sdk-am335x-evm-07.00.00.00/linux-devkit/sysroots/i686-arago-linux/usr/bin/../arm-linux-gnueabihf/libc/usr/lib/arm-linux-gnueabihf/4.7.3/libpthread.so
START GROUP
LOAD /opt/ti-sdk-am335x-evm-07.00.00.00/linux-devkit/sysroots/i686-arago-linux/usr/bin/../arm-linux-gnueabihf/libc/usr/lib/arm-linux-gnueabihf/4.7.3/../../lib/libpthread.so.0
LOAD /opt/ti-sdk-am335x-evm-07.00.00.00/linux-devkit/sysroots/i686-arago-linux/usr/bin/../arm-linux-gnueabihf/libc/usr/lib/arm-linux-gnueabihf/4.7.3/./libpthread_nonshared.a
END GROUP
LOAD /opt/ti-sdk-am335x-evm-07.00.00.00/linux-devkit/sysroots/i686-arago-linux/usr/bin/../arm-linux-gnueabihf/libc/usr/lib/arm-linux-gnueabihf/4.7.3/libm.so
LOAD /opt/ti-sdk-am335x-evm-07.00.00.00/linux-devkit/sysroots/i686-arago-linux/usr/bin/../lib/gcc/arm-linux-gnueabihf/4.7.3/libgcc.a
LOAD /opt/ti-sdk-am335x-evm-07.00.00.00/linux-devkit/sysroots/i686-arago-linux/usr/bin/../lib/gcc/arm-linux-gnueabihf/4.7.3/../../../../arm-linux-gnueabihf/lib/libgcc_s.so
START GROUP
LOAD /opt/ti-sdk-am335x-evm-07.00.00.00/linux-devkit/sysroots/i686-arago-linux/usr/bin/../lib/gcc/arm-linux-gnueabihf/4.7.3/../../../../arm-linux-gnueabihf/lib/libgcc_s.so.1
LOAD /opt/ti-sdk-am335x-evm-07.00.00.00/linux-devkit/sysroots/i686-arago-linux/usr/bin/../lib/gcc/arm-linux-gnueabihf/4.7.3/libgcc.a
END GROUP
LOAD /opt/ti-sdk-am335x-evm-07.00.00.00/linux-devkit/sysroots/i686-arago-linux/usr/bin/../arm-linux-gnueabihf/libc/usr/lib/arm-linux-gnueabihf/4.7.3/libc.so
START GROUP
LOAD /opt/ti-sdk-am335x-evm-07.00.00.00/linux-devkit/sysroots/i686-arago-linux/usr/bin/../arm-linux-gnueabihf/libc/usr/lib/arm-linux-gnueabihf/4.7.3/../../lib/libc.so.6
LOAD /opt/ti-sdk-am335x-evm-07.00.00.00/linux-devkit/sysroots/i686-arago-linux/usr/bin/../arm-linux-gnueabihf/libc/usr/lib/arm-linux-gnueabihf/4.7.3/./libc_nonshared.a
LOAD /opt/ti-sdk-am335x-evm-07.00.00.00/linux-devkit/sysroots/i686-arago-linux/usr/bin/../arm-linux-gnueabihf/libc/usr/lib/arm-linux-gnueabihf/4.7.3/../../lib/ld-linux-armhf.so.3
END GROUP
LOAD /opt/ti-sdk-am335x-evm-07.00.00.00/linux-devkit/sysroots/i686-arago-linux/usr/bin/../lib/gcc/arm-linux-gnueabihf/4.7.3/libgcc.a
LOAD /opt/ti-sdk-am335x-evm-07.00.00.00/linux-devkit/sysroots/i686-arago-linux/usr/bin/../lib/gcc/arm-linux-gnueabihf/4.7.3/../../../../arm-linux-gnueabihf/lib/libgcc_s.so
START GROUP
LOAD /opt/ti-sdk-am335x-evm-07.00.00.00/linux-devkit/sysroots/i686-arago-linux/usr/bin/../lib/gcc/arm-linux-gnueabihf/4.7.3/../../../../arm-linux-gnueabihf/lib/libgcc_s.so.1
LOAD /opt/ti-sdk-am335x-evm-07.00.00.00/linux-devkit/sysroots/i686-arago-linux/usr/bin/../lib/gcc/arm-linux-gnueabihf/4.7.3/libgcc.a
END GROUP
LOAD /opt/ti-sdk-am335x-evm-07.00.00.00/linux-devkit/sysroots/i686-arago-linux/usr/bin/../lib/gcc/arm-linux-gnueabihf/4.7.3/crtend.o
LOAD /opt/ti-sdk-am335x-evm-07.00.00.00/linux-devkit/sysroots/i686-arago-linux/usr/bin/../arm-linux-gnueabihf/libc/usr/lib/arm-linux-gnueabihf/4.7.3/crtn.o
                0x00008000                PROVIDE (__executable_start, 0x8000)
                0x00008134                . = (0x8000 + SIZEOF_HEADERS)

.interp         0x00008134       0x19
 *(.interp)
 .interp        0x00008134       0x19 /opt/ti-sdk-am335x-evm-07.00.00.00/linux-devkit/sysroots/i686-arago-linux/usr/bin/../arm-linux-gnueabihf/libc/usr/lib/arm-linux-gnueabihf/4.7.3/crt1.o

.note.ABI-tag   0x00008150       0x20
 .note.ABI-tag  0x00008150       0x20 /opt/ti-sdk-am335x-evm-07.00.00.00/linux-devkit/sysroots/i686-arago-linux/usr/bin/../arm-linux-gnueabihf/libc/usr/lib/arm-linux-gnueabihf/4.7.3/crt1.o

.note.gnu.build-id
                0x00008170       0x24
 *(.note.gnu.build-id)
 .note.gnu.build-id
                0x00008170       0x24 linker stubs

.hash
 *(.hash)

.gnu.hash       0x00008194      0x2fc
 *(.gnu.hash)
 .gnu.hash      0x00008194      0x2fc /opt/ti-sdk-am335x-evm-07.00.00.00/linux-devkit/sysroots/i686-arago-linux/usr/bin/../arm-linux-gnueabihf/libc/usr/lib/arm-linux-gnueabihf/4.7.3/crt1.o

.dynsym         0x00008490      0x3d0
 *(.dynsym)
 .dynsym        0x00008490      0x3d0 /opt/ti-sdk-am335x-evm-07.00.00.00/linux-devkit/sysroots/i686-arago-linux/usr/bin/../arm-linux-gnueabihf/libc/usr/lib/arm-linux-gnueabihf/4.7.3/crt1.o

.dynstr         0x00008860      0x1f3
 *(.dynstr)
 .dynstr        0x00008860      0x1f3 /opt/ti-sdk-am335x-evm-07.00.00.00/linux-devkit/sysroots/i686-arago-linux/usr/bin/../arm-linux-gnueabihf/libc/usr/lib/arm-linux-gnueabihf/4.7.3/crt1.o

.gnu.version    0x00008a54       0x7a
 *(.gnu.version)
 .gnu.version   0x00008a54       0x7a /opt/ti-sdk-am335x-evm-07.00.00.00/linux-devkit/sysroots/i686-arago-linux/usr/bin/../arm-linux-gnueabihf/libc/usr/lib/arm-linux-gnueabihf/4.7.3/crt1.o

.gnu.version_d  0x00008ad0        0x0
 *(.gnu.version_d)
 .gnu.version_d
                0x00000000        0x0 /opt/ti-sdk-am335x-evm-07.00.00.00/linux-devkit/sysroots/i686-arago-linux/usr/bin/../arm-linux-gnueabihf/libc/usr/lib/arm-linux-gnueabihf/4.7.3/crt1.o

.gnu.version_r  0x00008ad0       0x60
 *(.gnu.version_r)
 .gnu.version_r
                0x00008ad0       0x60 /opt/ti-sdk-am335x-evm-07.00.00.00/linux-devkit/sysroots/i686-arago-linux/usr/bin/../arm-linux-gnueabihf/libc/usr/lib/arm-linux-gnueabihf/4.7.3/crt1.o

.rel.dyn        0x00008b30       0x30
 *(.rel.init)
 *(.rel.text .rel.text.* .rel.gnu.linkonce.t.*)
 *(.rel.fini)
 *(.rel.rodata .rel.rodata.* .rel.gnu.linkonce.r.*)
 *(.rel.data.rel.ro .rel.data.rel.ro.* .rel.gnu.linkonce.d.rel.ro.*)
 *(.rel.data .rel.data.* .rel.gnu.linkonce.d.*)
 *(.rel.tdata .rel.tdata.* .rel.gnu.linkonce.td.*)
 *(.rel.tbss .rel.tbss.* .rel.gnu.linkonce.tb.*)
 *(.rel.ctors)
 *(.rel.dtors)
 *(.rel.got)
 .rel.got       0x00008b30        0x8 /opt/ti-sdk-am335x-evm-07.00.00.00/linux-devkit/sysroots/i686-arago-linux/usr/bin/../arm-linux-gnueabihf/libc/usr/lib/arm-linux-gnueabihf/4.7.3/crt1.o
 *(.rel.bss .rel.bss.* .rel.gnu.linkonce.b.*)
 .rel.bss       0x00008b38       0x28 /opt/ti-sdk-am335x-evm-07.00.00.00/linux-devkit/sysroots/i686-arago-linux/usr/bin/../arm-linux-gnueabihf/libc/usr/lib/arm-linux-gnueabihf/4.7.3/crt1.o
                0x00008b60                PROVIDE (__rel_iplt_start, .)
 *(.rel.iplt)
 .rel.iplt      0x00000000        0x0 /opt/ti-sdk-am335x-evm-07.00.00.00/linux-devkit/sysroots/i686-arago-linux/usr/bin/../arm-linux-gnueabihf/libc/usr/lib/arm-linux-gnueabihf/4.7.3/crt1.o
                0x00008b60                PROVIDE (__rel_iplt_end, .)
                0x00008b60                PROVIDE (__rela_iplt_start, .)
                0x00008b60                PROVIDE (__rela_iplt_end, .)

.rela.dyn       0x00008b60        0x0
 *(.rela.init)
 *(.rela.text .rela.text.* .rela.gnu.linkonce.t.*)
 *(.rela.fini)
 *(.rela.rodata .rela.rodata.* .rela.gnu.linkonce.r.*)
 *(.rela.data .rela.data.* .rela.gnu.linkonce.d.*)
 *(.rela.tdata .rela.tdata.* .rela.gnu.linkonce.td.*)
 *(.rela.tbss .rela.tbss.* .rela.gnu.linkonce.tb.*)
 *(.rela.ctors)
 *(.rela.dtors)
 *(.rela.got)
 *(.rela.bss .rela.bss.* .rela.gnu.linkonce.b.*)
                0x00008b60                PROVIDE (__rel_iplt_start, .)
                0x00008b60                PROVIDE (__rel_iplt_end, .)
                0x00008b60                PROVIDE (__rela_iplt_start, .)
 *(.rela.iplt)
                0x00008b60                PROVIDE (__rela_iplt_end, .)

.rel.plt        0x00008b60      0x1b0
 *(.rel.plt)
 .rel.plt       0x00008b60      0x1b0 /opt/ti-sdk-am335x-evm-07.00.00.00/linux-devkit/sysroots/i686-arago-linux/usr/bin/../arm-linux-gnueabihf/libc/usr/lib/arm-linux-gnueabihf/4.7.3/crt1.o

.rela.plt
 *(.rela.plt)

.init           0x00008d10        0xa
 *(SORT(.init))
 .init          0x00008d10        0x8 /opt/ti-sdk-am335x-evm-07.00.00.00/linux-devkit/sysroots/i686-arago-linux/usr/bin/../arm-linux-gnueabihf/libc/usr/lib/arm-linux-gnueabihf/4.7.3/crti.o
                0x00008d10                _init
 .init          0x00008d18        0x2 /opt/ti-sdk-am335x-evm-07.00.00.00/linux-devkit/sysroots/i686-arago-linux/usr/bin/../arm-linux-gnueabihf/libc/usr/lib/arm-linux-gnueabihf/4.7.3/crtn.o

.plt            0x00008d1c      0x2a0
 *(.plt)
 .plt           0x00008d1c      0x2a0 /opt/ti-sdk-am335x-evm-07.00.00.00/linux-devkit/sysroots/i686-arago-linux/usr/bin/../arm-linux-gnueabihf/libc/usr/lib/arm-linux-gnueabihf/4.7.3/crt1.o
                0x00008d30                raise@@GLIBC_2.4
                0x00008d3c                setbuf@@GLIBC_2.4
                0x00008d48                strtol@@GLIBC_2.4
                0x00008d54                memalign@@GLIBC_2.4
                0x00008d60                printf@@GLIBC_2.4
                0x00008d6c                fopen@@GLIBC_2.4
                0x00008d78                memmove@@GLIBC_2.4
                0x00008d84                free@@GLIBC_2.4
                0x00008d90                memcpy@@GLIBC_2.4
                0x00008d9c                _IO_getc@@GLIBC_2.4
                0x00008da8                sincos@@GLIBC_2.4
                0x00008db4                stpcpy@@GLIBC_2.4
                0x00008dc0                perror@@GLIBC_2.4
                0x00008dcc                sigaction@@GLIBC_2.4
                0x00008dd8                fwrite@@GLIBC_2.4
                0x00008de4                ioctl@@GLIBC_2.4
                0x00008df0                tcsetattr@@GLIBC_2.4
                0x00008dfc                gettimeofday@@GLIBC_2.4
                0x00008e08                fread@@GLIBC_2.4
                0x00008e14                floor@@GLIBC_2.4
                0x00008e20                acos@@GLIBC_2.4
                0x00008e2c                malloc@@GLIBC_2.4
                0x00008e38                __libc_start_main@@GLIBC_2.4
                0x00008e44                strerror@@GLIBC_2.4
                0x00008e60                open@@GLIBC_2.4
                0x00008e6c                getopt_long@@GLIBC_2.4
                0x00008e78                getpid@@GLIBC_2.4
                0x00008e84                exit@@GLIBC_2.4
                0x00008e90                syscall@@GLIBC_2.4
                0x00008e9c                sin@@GLIBC_2.4
                0x00008ea8                strtoul@@GLIBC_2.4
                0x00008eb4                strlen@@GLIBC_2.4
                0x00008ec0                fprintf@@GLIBC_2.4
                0x00008ecc                fcntl@@GLIBC_2.4
                0x00008ed8                sqrt@@GLIBC_2.4
                0x00008ee4                __errno_location@@GLIBC_2.4
                0x00008ef0                memset@@GLIBC_2.4
                0x00008efc                gmtime@@GLIBC_2.4
                0x00008f08                fgetc@@GLIBC_2.4
                0x00008f14                strtod@@GLIBC_2.4
                0x00008f20                fileno@@GLIBC_2.4
                0x00008f2c                fclose@@GLIBC_2.4
                0x00008f38                frexp@@GLIBC_2.4
                0x00008f44                sigemptyset@@GLIBC_2.4
                0x00008f50                fputc@@GLIBC_2.4
                0x00008f5c                sprintf@@GLIBC_2.4
                0x00008f68                timegm@@GLIBC_2.4
                0x00008f74                ldexp@@GLIBC_2.4
                0x00008f80                fseek@@GLIBC_2.4
                0x00008f8c                abort@@GLIBC_2.4
                0x00008f98                close@@GLIBC_2.4
                0x00008fa4                atan2@@GLIBC_2.4
                0x00008fb0                tcgetattr@@GLIBC_2.4

.iplt           0x00008fbc        0x0
 *(.iplt)
 .iplt          0x00000000        0x0 /opt/ti-sdk-am335x-evm-07.00.00.00/linux-devkit/sysroots/i686-arago-linux/usr/bin/../arm-linux-gnueabihf/libc/usr/lib/arm-linux-gnueabihf/4.7.3/crt1.o

.text           0x00008fc0     0x77d4
 *(.text.unlikely .text.*_unlikely)
 *(.text.exit .text.exit.*)
 *(.text.startup .text.startup.*)
 .text.startup  0x00008fc0      0xcec release/main.o
                0x00008fc0                main
 *(.text.hot .text.hot.*)
 *(.text .stub .text.* .gnu.linkonce.t.*)
 .text          0x00009cac       0x38 /opt/ti-sdk-am335x-evm-07.00.00.00/linux-devkit/sysroots/i686-arago-linux/usr/bin/../arm-linux-gnueabihf/libc/usr/lib/arm-linux-gnueabihf/4.7.3/crt1.o
                0x00009cac                _start
 .text          0x00009ce4       0x18 /opt/ti-sdk-am335x-evm-07.00.00.00/linux-devkit/sysroots/i686-arago-linux/usr/bin/../arm-linux-gnueabihf/libc/usr/lib/arm-linux-gnueabihf/4.7.3/crti.o
 .text          0x00009cfc       0x88 /opt/ti-sdk-am335x-evm-07.00.00.00/linux-devkit/sysroots/i686-arago-linux/usr/bin/../lib/gcc/arm-linux-gnueabihf/4.7.3/crtbegin.o
 .text          0x00009d84       0x14 release/main.o
 .text          0x00009d98     0x1080 release/recorder_helpers.o
                0x00009d98                isInStreamEmpty
                0x00009e30                isInAIODone
                0x00009eec                ledIndicators
                0x00009f1c                updateStatusLed
                0x00009fc0                getTime
                0x00009fe8                getTimeEpoch
                0x0000a030                timestamp
                0x0000a100                getPresentTime
                0x0000a128                createChanMask
                0x0000a350                configChan
                0x0000a4b4                initTrig
                0x0000a594                configTrig
                0x0000a5f4                calcSunUpDown
                0x0000a814                checkID
                0x0000a844                checkRate
                0x0000a888                openStream
                0x0000a920                openAIN
                0x0000a9c8                setFile
                0x0000aabc                getFileQueue
                0x0000ab00                writeFileQueue
                0x0000ada4                waitAIO
 .text          0x0000ae18      0x9d8 release/dt78xx_aio.o
                0x0000ae18                aio_wait
                0x0000b020                aio_start
                0x0000b0c0                aio_stop
                0x0000b1a8                aio_buff_free
                0x0000b244                aio_buff_alloc
                0x0000b554                aio_create
                0x0000b614                aio_destroy
                0x0000b6c8                aio_buff_size
 .text          0x0000b7f0      0x228 release/dt78xx_misc.o
                0x0000b7f0                sigaction_register
                0x0000b84c                file_sigaction_register
                0x0000b928                kbhit
                0x0000b9d8                kbfini
 .text          0x0000ba18     0x1e48 release/libaiff/libaiff.o
                0x0000ba18                AIFF_OpenFile
                0x0000bc98                AIFF_CloseFile
                0x0000bdf8                AIFF_GetAttribute
                0x0000be88                AIFF_ReadMarker
                0x0000bf2c                AIFF_GetInstrumentData
                0x0000bfc0                AIFF_GetAudioFormat
                0x0000c03c                AIFF_ReadSamples
                0x0000c134                AIFF_ReadSamplesFloat
                0x0000c244                AIFF_Seek
                0x0000c370                AIFF_ReadSamples32Bit
                0x0000c8a0                AIFF_SetAttribute
                0x0000c8c0                AIFF_SetAudioFormat
                0x0000ca84                AIFF_StartWritingSamples
                0x0000cb48                AIFF_WriteSamples
                0x0000cc8c                AIFF_WriteSamples32Bit
                0x0000d0d0                AIFF_EndWritingSamples
                0x0000d360                AIFF_StartWritingMarkers
                0x0000d420                AIFF_WriteMarker
                0x0000d53c                AIFF_EndWritingMarkers
                0x0000d64c                AIFF_CloneAttributes
                0x0000d804                AIFFAssertionFailed
 .text          0x0000d860      0x828 release/libaiff/aifx.o
                0x0000d860                init_aifx
                0x0000db80                read_aifx_marker
                0x0000dd18                get_aifx_instrument
                0x0000df14                do_aifx_prepare
                0x0000e004                get_aifx_enc_name
 .text          0x0000e088      0x2b0 release/libaiff/extended.o
                0x0000e088                ieee754_write_extended
                0x0000e220                ieee754_read_extended
 .text          0x0000e338      0x440 release/libaiff/float32.o
 .text          0x0000e778      0x2ec release/libaiff/g711.o
 .text          0x0000ea64      0x4b4 release/libaiff/iff.o
                0x0000ea64                find_iff_chunk
                0x0000eb94                get_iff_attribute
                0x0000ec1c                set_iff_attribute
                0x0000ece8                clone_iff_attributes
 .text          0x0000ef18      0x5b4 release/libaiff/lpcm.o
                0x0000ef78                lpcm_swap_samples
                0x0000f2ac                lpcm_dequant
 .text          0x0000f4cc      0x134 release/libaiff/pascal.o
                0x0000f4cc                PASCALInGetLength
                0x0000f4ec                PASCALInRead
                0x0000f57c                PASCALOutGetLength
                0x0000f5a0                PASCALOutWrite
 .text          0x0000f600      0x3c8 release/RingBuf/RingBuf.o
                0x0000f600                RingBufNextEndIndex
                0x0000f64c                RingBufIncrEnd
                0x0000f670                RingBufIncrStart
                0x0000f694                RingBufPeek
                0x0000f6e8                RingBufNumElements
                0x0000f6f0                RingBufIsFull
                0x0000f708                RingBufIsEmpty
                0x0000f718                RingBufPull
                0x0000f790                RingBufAdd
                0x0000f7fc                RingBuf_new
                0x0000f8e4                RingBuf_init
                0x0000f9a8                RingBuf_delete
 .text          0x0000f9c8      0x850 release/sunriset/sunriset.o
                0x0000f9c8                sunpos
                0x0000fb40                __daylen__
                0x0000fd20                day_astronomical_twilight_length
                0x0000fd2c                day_nautical_twilight_length
                0x0000fd38                day_civil_twilight_length
                0x0000fd44                day_length
                0x0000fd58                sun_RA_dec
                0x0000fe58                __sunriset__
                0x00010090                astronomical_twilight
                0x000100b8                nautical_twilight
                0x000100e0                civil_twilight
                0x00010108                sun_rise_set
                0x00010138                revolution
                0x00010178                rev180
                0x000101c0                GMST0
 .text          0x00010218      0x278 /opt/ti-sdk-am335x-evm-07.00.00.00/linux-devkit/sysroots/i686-arago-linux/usr/bin/../lib/gcc/arm-linux-gnueabihf/4.7.3/libgcc.a(_udivsi3.o)
                0x00010218                __aeabi_uidiv
                0x00010218                __udivsi3
                0x00010474                __aeabi_uidivmod
 .text          0x00010490      0x2b0 /opt/ti-sdk-am335x-evm-07.00.00.00/linux-devkit/sysroots/i686-arago-linux/usr/bin/../lib/gcc/arm-linux-gnueabihf/4.7.3/libgcc.a(_divsi3.o)
                0x00010490                __divsi3
                0x00010490                __aeabi_idiv
                0x00010724                __aeabi_idivmod
 .text          0x00010740        0xc /opt/ti-sdk-am335x-evm-07.00.00.00/linux-devkit/sysroots/i686-arago-linux/usr/bin/../lib/gcc/arm-linux-gnueabihf/4.7.3/libgcc.a(_dvmd_lnx.o)
                0x00010740                __aeabi_ldiv0
                0x00010740                __aeabi_idiv0
 .text          0x0001074c       0x48 /opt/ti-sdk-am335x-evm-07.00.00.00/linux-devkit/sysroots/i686-arago-linux/usr/bin/../arm-linux-gnueabihf/libc/usr/lib/arm-linux-gnueabihf/4.7.3/./libc_nonshared.a(elf-init.oS)
                0x0001074c                __libc_csu_init
                0x00010790                __libc_csu_fini
 .text          0x00010794        0x0 /opt/ti-sdk-am335x-evm-07.00.00.00/linux-devkit/sysroots/i686-arago-linux/usr/bin/../lib/gcc/arm-linux-gnueabihf/4.7.3/crtend.o
 .text          0x00010794        0x0 /opt/ti-sdk-am335x-evm-07.00.00.00/linux-devkit/sysroots/i686-arago-linux/usr/bin/../arm-linux-gnueabihf/libc/usr/lib/arm-linux-gnueabihf/4.7.3/crtn.o
 *(.gnu.warning)
 *(.glue_7t)
 .glue_7t       0x00000000        0x0 linker stubs
 *(.glue_7)
 .glue_7        0x00000000        0x0 linker stubs
 *(.vfp11_veneer)
 .vfp11_veneer  0x00000000        0x0 linker stubs
 *(.v4_bx)
 .v4_bx         0x00000000        0x0 linker stubs

.fini           0x00010794        0x6
 *(SORT(.fini))
 .fini          0x00010794        0x4 /opt/ti-sdk-am335x-evm-07.00.00.00/linux-devkit/sysroots/i686-arago-linux/usr/bin/../arm-linux-gnueabihf/libc/usr/lib/arm-linux-gnueabihf/4.7.3/crti.o
                0x00010794                _fini
 .fini          0x00010798        0x2 /opt/ti-sdk-am335x-evm-07.00.00.00/linux-devkit/sysroots/i686-arago-linux/usr/bin/../arm-linux-gnueabihf/libc/usr/lib/arm-linux-gnueabihf/4.7.3/crtn.o
                0x0001079a                PROVIDE (__etext, .)
                0x0001079a                PROVIDE (_etext, .)
                0x0001079a                PROVIDE (etext, .)

.rodata         0x000107a0     0x16a0
 *(.rodata .rodata.* .gnu.linkonce.r.*)
 .rodata.cst4   0x000107a0        0x4 /opt/ti-sdk-am335x-evm-07.00.00.00/linux-devkit/sysroots/i686-arago-linux/usr/bin/../arm-linux-gnueabihf/libc/usr/lib/arm-linux-gnueabihf/4.7.3/crt1.o
                0x000107a0                _IO_stdin_used
 *fill*         0x000107a4        0x4 
 .rodata        0x000107a8      0x7d0 release/main.o
 .rodata.str1.4
                0x00010f78      0x40b release/main.o
                                0x40c (size before relaxing)
 *fill*         0x00011383        0x5 
 .rodata        0x00011388      0x7d0 release/recorder_helpers.o
 .rodata.str1.4
                0x00011b58       0xbc release/recorder_helpers.o
                                 0xd4 (size before relaxing)
 *fill*         0x00011c14        0x4 
 .rodata        0x00011c18       0x10 release/dt78xx_aio.o
 .rodata.str1.4
                0x00011c28       0x85 release/dt78xx_aio.o
                                 0x88 (size before relaxing)
 *fill*         0x00011cad        0x3 
 .rodata.str1.4
                0x00011cb0       0x20 release/dt78xx_misc.o
 .rodata        0x00011cd0        0x4 release/libaiff/libaiff.o
 .rodata.str1.4
                0x00011cd4       0x6e release/libaiff/libaiff.o
                                 0x70 (size before relaxing)
 *fill*         0x00011d42        0x2 
 .rodata.str1.4
                0x00011d44       0xe8 release/libaiff/aifx.o
 *fill*         0x00011e2c        0x4 
 .rodata        0x00011e30       0x10 release/libaiff/iff.o

.rodata1
 *(.rodata1)

.ARM.extab      0x00011e40        0x0
 *(.ARM.extab* .gnu.linkonce.armextab.*)
 .ARM.extab     0x00011e40        0x0 /opt/ti-sdk-am335x-evm-07.00.00.00/linux-devkit/sysroots/i686-arago-linux/usr/bin/../arm-linux-gnueabihf/libc/usr/lib/arm-linux-gnueabihf/4.7.3/crt1.o
                0x00011e40                PROVIDE (__exidx_start, .)

.ARM.exidx      0x00011e40        0x8
 *(.ARM.exidx* .gnu.linkonce.armexidx.*)
 .ARM.exidx     0x00011e40        0x8 /opt/ti-sdk-am335x-evm-07.00.00.00/linux-devkit/sysroots/i686-arago-linux/usr/bin/../arm-linux-gnueabihf/libc/usr/lib/arm-linux-gnueabihf/4.7.3/crt1.o
                0x00011e48                PROVIDE (__exidx_end, .)

.eh_frame_hdr   0x00011e48        0x0
 *(.eh_frame_hdr)
 .eh_frame_hdr  0x00000000        0x0 /opt/ti-sdk-am335x-evm-07.00.00.00/linux-devkit/sysroots/i686-arago-linux/usr/bin/../arm-linux-gnueabihf/libc/usr/lib/arm-linux-gnueabihf/4.7.3/crtn.o

.eh_frame       0x00011e48        0x4
 *(.eh_frame)
 .eh_frame      0x00011e48        0x4 /opt/ti-sdk-am335x-evm-07.00.00.00/linux-devkit/sysroots/i686-arago-linux/usr/bin/../lib/gcc/arm-linux-gnueabihf/4.7.3/crtend.o

.gcc_except_table
 *(.gcc_except_table .gcc_except_table.*)

.exception_ranges
 *(.exception_ranges .exception_ranges*)
                0x00011e4c                . = (ALIGN (0x8000) - ((0x8000 - .) & 0x7fff))
                0x0001a000                . = DATA_SEGMENT_ALIGN (0x8000, 0x1000)

.eh_frame
 *(.eh_frame)

.gcc_except_table
 *(.gcc_except_table .gcc_except_table.*)

.exception_ranges
 *(.exception_ranges .exception_ranges*)

.tdata
 *(.tdata .tdata.* .gnu.linkonce.td.*)

.tbss
 *(.tbss .tbss.* .gnu.linkonce.tb.*)
 *(.tcommon)

.preinit_array  0x0001a000        0x0
                0x0001a000                PROVIDE (__preinit_array_start, .)
 *(.preinit_array)
                0x0001a000                PROVIDE (__preinit_array_end, .)

.init_array     0x0001a000        0x4
                0x0001a000                PROVIDE (__init_array_start, .)
 *(SORT(.init_array.*))
 *(.init_array)
 .init_array    0x0001a000        0x4 /opt/ti-sdk-am335x-evm-07.00.00.00/linux-devkit/sysroots/i686-arago-linux/usr/bin/../lib/gcc/arm-linux-gnueabihf/4.7.3/crtbegin.o
                0x0001a004                PROVIDE (__init_array_end, .)

.fini_array     0x0001a004        0x4
                0x0001a004                PROVIDE (__fini_array_start, .)
 *(SORT(.fini_array.*))
 *(.fini_array)
 .fini_array    0x0001a004        0x4 /opt/ti-sdk-am335x-evm-07.00.00.00/linux-devkit/sysroots/i686-arago-linux/usr/bin/../lib/gcc/arm-linux-gnueabihf/4.7.3/crtbegin.o
                0x0001a008                PROVIDE (__fini_array_end, .)

.ctors
 *crtbegin.o(.ctors)
 *crtbegin?.o(.ctors)
 *(EXCLUDE_FILE(*crtend?.o *crtend.o) .ctors)
 *(SORT(.ctors.*))
 *(.ctors)

.dtors
 *crtbegin.o(.dtors)
 *crtbegin?.o(.dtors)
 *(EXCLUDE_FILE(*crtend?.o *crtend.o) .dtors)
 *(SORT(.dtors.*))
 *(.dtors)

.jcr            0x0001a008        0x4
 *(.jcr)
 .jcr           0x0001a008        0x0 /opt/ti-sdk-am335x-evm-07.00.00.00/linux-devkit/sysroots/i686-arago-linux/usr/bin/../lib/gcc/arm-linux-gnueabihf/4.7.3/crtbegin.o
 .jcr           0x0001a008        0x4 /opt/ti-sdk-am335x-evm-07.00.00.00/linux-devkit/sysroots/i686-arago-linux/usr/bin/../lib/gcc/arm-linux-gnueabihf/4.7.3/crtend.o

.data.rel.ro
 *(.data.rel.ro.local* .gnu.linkonce.d.rel.ro.local.*)
 *(.data.rel.ro .data.rel.ro.* .gnu.linkonce.d.rel.ro.*)

.dynamic        0x0001a00c       0xf8
 *(.dynamic)
 .dynamic       0x0001a00c       0xf8 /opt/ti-sdk-am335x-evm-07.00.00.00/linux-devkit/sysroots/i686-arago-linux/usr/bin/../arm-linux-gnueabihf/libc/usr/lib/arm-linux-gnueabihf/4.7.3/crt1.o
                0x0001a00c                _DYNAMIC
                0x0001a104                . = DATA_SEGMENT_RELRO_END (., 0x0)

.got            0x0001a104       0xe8
 *(.got.plt)
 .got.plt       0x0001a104       0xe4 /opt/ti-sdk-am335x-evm-07.00.00.00/linux-devkit/sysroots/i686-arago-linux/usr/bin/../arm-linux-gnueabihf/libc/usr/lib/arm-linux-gnueabihf/4.7.3/crt1.o
                0x0001a104                _GLOBAL_OFFSET_TABLE_
 *(.igot.plt)
 .igot.plt      0x00000000        0x0 /opt/ti-sdk-am335x-evm-07.00.00.00/linux-devkit/sysroots/i686-arago-linux/usr/bin/../arm-linux-gnueabihf/libc/usr/lib/arm-linux-gnueabihf/4.7.3/crt1.o
 *(.got)
 .got           0x0001a1e8        0x4 /opt/ti-sdk-am335x-evm-07.00.00.00/linux-devkit/sysroots/i686-arago-linux/usr/bin/../arm-linux-gnueabihf/libc/usr/lib/arm-linux-gnueabihf/4.7.3/crt1.o
 *(.igot)

.data           0x0001a1f0      0x198
                0x0001a1f0                PROVIDE (__data_start, .)
 *(.data .data.* .gnu.linkonce.d.*)
 .data          0x0001a1f0        0x4 /opt/ti-sdk-am335x-evm-07.00.00.00/linux-devkit/sysroots/i686-arago-linux/usr/bin/../arm-linux-gnueabihf/libc/usr/lib/arm-linux-gnueabihf/4.7.3/crt1.o
                0x0001a1f0                data_start
                0x0001a1f0                __data_start
 .data          0x0001a1f4        0x0 /opt/ti-sdk-am335x-evm-07.00.00.00/linux-devkit/sysroots/i686-arago-linux/usr/bin/../arm-linux-gnueabihf/libc/usr/lib/arm-linux-gnueabihf/4.7.3/crti.o
 .data          0x0001a1f4        0x4 /opt/ti-sdk-am335x-evm-07.00.00.00/linux-devkit/sysroots/i686-arago-linux/usr/bin/../lib/gcc/arm-linux-gnueabihf/4.7.3/crtbegin.o
                0x0001a1f4                __dso_handle
 .data          0x0001a1f8       0xe8 release/main.o
                0x0001a1f8                fileSeconds
                0x0001a1fc                fileSamples
                0x0001a200                fileBuffers
                0x0001a204                bufferSamples
                0x0001a208                durationDays
                0x0001a20c                autoTrigger
                0x0001a210                numChannels
                0x0001a214                chanSamples
                0x0001a218                safetyMargin
                0x0001a220                lat
                0x0001a228                lon
                0x0001a2d0                inStream
                0x0001a2d4                aInput
                0x0001a2d8                outStream
 .data          0x0001a2e0        0x0 release/recorder_helpers.o
 .data          0x0001a2e0        0x0 release/dt78xx_aio.o
 .data          0x0001a2e0        0x0 release/dt78xx_misc.o
 .data          0x0001a2e0       0x18 release/libaiff/libaiff.o
 .data          0x0001a2f8       0x30 release/libaiff/aifx.o
 .data          0x0001a328        0x0 release/libaiff/extended.o
 .data          0x0001a328       0x18 release/libaiff/float32.o
                0x0001a328                float32
 .data          0x0001a340       0x30 release/libaiff/g711.o
                0x0001a340                alaw
                0x0001a358                ulaw
 .data          0x0001a370        0x0 release/libaiff/iff.o
 .data          0x0001a370       0x18 release/libaiff/lpcm.o
                0x0001a370                lpcm
 .data          0x0001a388        0x0 release/libaiff/pascal.o
 .data          0x0001a388        0x0 release/RingBuf/RingBuf.o
 .data          0x0001a388        0x0 release/sunriset/sunriset.o
 .data          0x0001a388        0x0 /opt/ti-sdk-am335x-evm-07.00.00.00/linux-devkit/sysroots/i686-arago-linux/usr/bin/../lib/gcc/arm-linux-gnueabihf/4.7.3/libgcc.a(_udivsi3.o)
 .data          0x0001a388        0x0 /opt/ti-sdk-am335x-evm-07.00.00.00/linux-devkit/sysroots/i686-arago-linux/usr/bin/../lib/gcc/arm-linux-gnueabihf/4.7.3/libgcc.a(_divsi3.o)
 .data          0x0001a388        0x0 /opt/ti-sdk-am335x-evm-07.00.00.00/linux-devkit/sysroots/i686-arago-linux/usr/bin/../lib/gcc/arm-linux-gnueabihf/4.7.3/libgcc.a(_dvmd_lnx.o)
 .data          0x0001a388        0x0 /opt/ti-sdk-am335x-evm-07.00.00.00/linux-devkit/sysroots/i686-arago-linux/usr/bin/../arm-linux-gnueabihf/libc/usr/lib/arm-linux-gnueabihf/4.7.3/./libc_nonshared.a(elf-init.oS)
 .data          0x0001a388        0x0 /opt/ti-sdk-am335x-evm-07.00.00.00/linux-devkit/sysroots/i686-arago-linux/usr/bin/../lib/gcc/arm-linux-gnueabihf/4.7.3/crtend.o
 .data          0x0001a388        0x0 /opt/ti-sdk-am335x-evm-07.00.00.00/linux-devkit/sysroots/i686-arago-linux/usr/bin/../arm-linux-gnueabihf/libc/usr/lib/arm-linux-gnueabihf/4.7.3/crtn.o

.tm_clone_table
                0x0001a388        0x0
 .tm_clone_table
                0x0001a388        0x0 /opt/ti-sdk-am335x-evm-07.00.00.00/linux-devkit/sysroots/i686-arago-linux/usr/bin/../lib/gcc/arm-linux-gnueabihf/4.7.3/crtbegin.o
 .tm_clone_table
                0x0001a388        0x0 /opt/ti-sdk-am335x-evm-07.00.00.00/linux-devkit/sysroots/i686-arago-linux/usr/bin/../lib/gcc/arm-linux-gnueabihf/4.7.3/crtend.o

.data1
 *(.data1)
                0x0001a388                _edata = .
                0x0001a388                PROVIDE (edata, .)
                0x0001a388                . = .
                0x0001a388                __bss_start = .
                0x0001a388                __bss_start__ = .

.bss            0x0001a388       0x88
 *(.dynbss)
 .dynbss        0x0001a388       0x1c /opt/ti-sdk-am335x-evm-07.00.00.00/linux-devkit/sysroots/i686-arago-linux/usr/bin/../arm-linux-gnueabihf/libc/usr/lib/arm-linux-gnueabihf/4.7.3/crt1.o
                0x0001a388                optind@@GLIBC_2.4
                0x0001a390                stderr@@GLIBC_2.4
                0x0001a398                stdin@@GLIBC_2.4
                0x0001a39c                stdout@@GLIBC_2.4
                0x0001a3a0                optarg@@GLIBC_2.4
 *(.bss .bss.* .gnu.linkonce.b.*)
 .bss           0x0001a3a4        0x0 /opt/ti-sdk-am335x-evm-07.00.00.00/linux-devkit/sysroots/i686-arago-linux/usr/bin/../arm-linux-gnueabihf/libc/usr/lib/arm-linux-gnueabihf/4.7.3/crt1.o
 .bss           0x0001a3a4        0x0 /opt/ti-sdk-am335x-evm-07.00.00.00/linux-devkit/sysroots/i686-arago-linux/usr/bin/../arm-linux-gnueabihf/libc/usr/lib/arm-linux-gnueabihf/4.7.3/crti.o
 .bss           0x0001a3a4        0x1 /opt/ti-sdk-am335x-evm-07.00.00.00/linux-devkit/sysroots/i686-arago-linux/usr/bin/../lib/gcc/arm-linux-gnueabihf/4.7.3/crtbegin.o
 *fill*         0x0001a3a5        0x3 
 .bss           0x0001a3a8        0xc release/main.o
                0x0001a3ac                nightCycle
                0x0001a3b0                fileBuffer
 .bss           0x0001a3b4        0xc release/recorder_helpers.o
 .bss           0x0001a3c0        0x0 release/dt78xx_aio.o
 .bss           0x0001a3c0       0x40 release/dt78xx_misc.o
 .bss           0x0001a400        0x0 release/libaiff/libaiff.o
 .bss           0x0001a400        0x0 release/libaiff/aifx.o
 .bss           0x0001a400        0x0 release/libaiff/extended.o
 .bss           0x0001a400        0x0 release/libaiff/float32.o
 .bss           0x0001a400        0x0 release/libaiff/g711.o
 .bss           0x0001a400        0x0 release/libaiff/iff.o
 .bss           0x0001a400        0x0 release/libaiff/lpcm.o
 .bss           0x0001a400        0x0 release/libaiff/pascal.o
 .bss           0x0001a400        0x0 release/RingBuf/RingBuf.o
 .bss           0x0001a400        0x0 release/sunriset/sunriset.o
 .bss           0x0001a400        0x0 /opt/ti-sdk-am335x-evm-07.00.00.00/linux-devkit/sysroots/i686-arago-linux/usr/bin/../lib/gcc/arm-linux-gnueabihf/4.7.3/libgcc.a(_udivsi3.o)
 .bss           0x0001a400        0x0 /opt/ti-sdk-am335x-evm-07.00.00.00/linux-devkit/sysroots/i686-arago-linux/usr/bin/../lib/gcc/arm-linux-gnueabihf/4.7.3/libgcc.a(_divsi3.o)
 .bss           0x0001a400        0x0 /opt/ti-sdk-am335x-evm-07.00.00.00/linux-devkit/sysroots/i686-arago-linux/usr/bin/../lib/gcc/arm-linux-gnueabihf/4.7.3/libgcc.a(_dvmd_lnx.o)
 .bss           0x0001a400        0x0 /opt/ti-sdk-am335x-evm-07.00.00.00/linux-devkit/sysroots/i686-arago-linux/usr/bin/../arm-linux-gnueabihf/libc/usr/lib/arm-linux-gnueabihf/4.7.3/./libc_nonshared.a(elf-init.oS)
 .bss           0x0001a400        0x0 /opt/ti-sdk-am335x-evm-07.00.00.00/linux-devkit/sysroots/i686-arago-linux/usr/bin/../lib/gcc/arm-linux-gnueabihf/4.7.3/crtend.o
 .bss           0x0001a400        0x0 /opt/ti-sdk-am335x-evm-07.00.00.00/linux-devkit/sysroots/i686-arago-linux/usr/bin/../arm-linux-gnueabihf/libc/usr/lib/arm-linux-gnueabihf/4.7.3/crtn.o
 *(COMMON)
 COMMON         0x0001a400       0x10 release/main.o
                0x0001a400                inAIO
                0x0001a404                g_led_count
                0x0001a408                inBuffer
                0x0001a40c                chanMask
                0x0001a410                . = ALIGN ((. != 0x0)?0x4:0x1)
                0x0001a410                _bss_end__ = .
                0x0001a410                __bss_end__ = .
                0x0001a410                . = ALIGN (0x4)
                0x0001a410                . = ALIGN (0x4)
                0x0001a410                __end__ = .
                0x0001a410                _end = .
                0x0001a410                PROVIDE (end, .)
                0x0001a410                . = DATA_SEGMENT_END (.)

.stab
 *(.stab)

.stabstr
 *(.stabstr)

.stab.excl
 *(.stab.excl)

.stab.exclstr
 *(.stab.exclstr)

.stab.index
 *(.stab.index)

.stab.indexstr
 *(.stab.indexstr)

.comment        0x00000000       0x68
 *(.comment)
 .comment       0x00000000       0x68 release/main.o
                                 0x69 (size before relaxing)
 .comment       0x00000000       0x69 release/recorder_helpers.o
 .comment       0x00000000       0x69 release/dt78xx_aio.o
 .comment       0x00000000       0x69 release/dt78xx_misc.o
 .comment       0x00000000       0x69 release/libaiff/libaiff.o
 .comment       0x00000000       0x69 release/libaiff/aifx.o
 .comment       0x00000000       0x69 release/libaiff/extended.o
 .comment       0x00000000       0x69 release/libaiff/float32.o
 .comment       0x00000000       0x69 release/libaiff/g711.o
 .comment       0x00000000       0x69 release/libaiff/iff.o
 .comment       0x00000000       0x69 release/libaiff/lpcm.o
 .comment       0x00000000       0x69 release/libaiff/pascal.o
 .comment       0x00000000       0x69 release/RingBuf/RingBuf.o
 .comment       0x00000000       0x69 release/sunriset/sunriset.o

.ARM.attributes
                0x00000000       0x37
 .ARM.attributes
                0x00000000       0x35 /opt/ti-sdk-am335x-evm-07.00.00.00/linux-devkit/sysroots/i686-arago-linux/usr/bin/../arm-linux-gnueabihf/libc/usr/lib/arm-linux-gnueabihf/4.7.3/crt1.o
 .ARM.attributes
                0x00000035       0x37 /opt/ti-sdk-am335x-evm-07.00.00.00/linux-devkit/sysroots/i686-arago-linux/usr/bin/../arm-linux-gnueabihf/libc/usr/lib/arm-linux-gnueabihf/4.7.3/crti.o
 .ARM.attributes
                0x0000006c       0x35 /opt/ti-sdk-am335x-evm-07.00.00.00/linux-devkit/sysroots/i686-arago-linux/usr/bin/../lib/gcc/arm-linux-gnueabihf/4.7.3/crtbegin.o
 .ARM.attributes
                0x000000a1       0x37 release/main.o
 .ARM.attributes
                0x000000d8       0x37 release/recorder_helpers.o
 .ARM.attributes
                0x0000010f       0x37 release/dt78xx_aio.o
 .ARM.attributes
                0x00000146       0x37 release/dt78xx_misc.o
 .ARM.attributes
                0x0000017d       0x37 release/libaiff/libaiff.o
 .ARM.attributes
                0x000001b4       0x37 release/libaiff/aifx.o
 .ARM.attributes
                0x000001eb       0x37 release/libaiff/extended.o
 .ARM.attributes
                0x00000222       0x37 release/libaiff/float32.o
 .ARM.attributes
                0x00000259       0x37 release/libaiff/g711.o
 .ARM.attributes
                0x00000290       0x37 release/libaiff/iff.o
 .ARM.attributes
                0x000002c7       0x37 release/libaiff/lpcm.o
 .ARM.attributes
                0x000002fe       0x37 release/libaiff/pascal.o
 .ARM.attributes
                0x00000335       0x37 release/RingBuf/RingBuf.o
 .ARM.attributes
                0x0000036c       0x37 release/sunriset/sunriset.o
 .ARM.attributes
                0x000003a3       0x21 /opt/ti-sdk-am335x-evm-07.00.00.00/linux-devkit/sysroots/i686-arago-linux/usr/bin/../lib/gcc/arm-linux-gnueabihf/4.7.3/libgcc.a(_udivsi3.o)
 .ARM.attributes
                0x000003c4       0x21 /opt/ti-sdk-am335x-evm-07.00.00.00/linux-devkit/sysroots/i686-arago-linux/usr/bin/../lib/gcc/arm-linux-gnueabihf/4.7.3/libgcc.a(_divsi3.o)
 .ARM.attributes
                0x000003e5       0x21 /opt/ti-sdk-am335x-evm-07.00.00.00/linux-devkit/sysroots/i686-arago-linux/usr/bin/../lib/gcc/arm-linux-gnueabihf/4.7.3/libgcc.a(_dvmd_lnx.o)
 .ARM.attributes
                0x00000406       0x37 /opt/ti-sdk-am335x-evm-07.00.00.00/linux-devkit/sysroots/i686-arago-linux/usr/bin/../arm-linux-gnueabihf/libc/usr/lib/arm-linux-gnueabihf/4.7.3/./libc_nonshared.a(elf-init.oS)
 .ARM.attributes
                0x0000043d       0x35 /opt/ti-sdk-am335x-evm-07.00.00.00/linux-devkit/sysroots/i686-arago-linux/usr/bin/../lib/gcc/arm-linux-gnueabihf/4.7.3/crtend.o
 .ARM.attributes
                0x00000472       0x37 /opt/ti-sdk-am335x-evm-07.00.00.00/linux-devkit/sysroots/i686-arago-linux/usr/bin/../arm-linux-gnueabihf/libc/usr/lib/arm-linux-gnueabihf/4.7.3/crtn.o

.debug
 *(.debug)

.line
 *(.line)

.debug_srcinfo
 *(.debug_srcinfo)

.debug_sfnames
 *(.debug_sfnames)

.debug_aranges
 *(.debug_aranges)

.debug_pubnames
 *(.debug_pubnames)

.debug_info
 *(.debug_info .gnu.linkonce.wi.*)

.debug_abbrev
 *(.debug_abbrev)

.debug_line
 *(.debug_line)

.debug_frame    0x00000000       0x40
 *(.debug_frame)
 .debug_frame   0x00000000       0x20 /opt/ti-sdk-am335x-evm-07.00.00.00/linux-devkit/sysroots/i686-arago-linux/usr/bin/../lib/gcc/arm-linux-gnueabihf/4.7.3/libgcc.a(_udivsi3.o)
 .debug_frame   0x00000020       0x20 /opt/ti-sdk-am335x-evm-07.00.00.00/linux-devkit/sysroots/i686-arago-linux/usr/bin/../lib/gcc/arm-linux-gnueabihf/4.7.3/libgcc.a(_divsi3.o)

.debug_str
 *(.debug_str)

.debug_loc
 *(.debug_loc)

.debug_macinfo
 *(.debug_macinfo)

.debug_weaknames
 *(.debug_weaknames)

.debug_funcnames
 *(.debug_funcnames)

.debug_typenames
 *(.debug_typenames)

.debug_varnames
 *(.debug_varnames)

.debug_pubtypes
 *(.debug_pubtypes)

.debug_ranges
 *(.debug_ranges)

.debug_macro
 *(.debug_macro)

.gnu.attributes
 *(.gnu.attributes)

.note.gnu.arm.ident
 *(.note.gnu.arm.ident)

/DISCARD/
 *(.note.GNU-stack)
 *(.gnu_debuglink)
 *(.gnu.lto_*)
OUTPUT(release/recorder elf32-littlearm)
